 ddraw

 Timestamp is 4f6349eb (Fri Mar 16 22:10:51 2012)

 Preferred load address is 10000000

 Start         Length     Name                   Class
 0001:00000000 0002f572H .text                   CODE
 0001:0002f580 00000fa6H .text$x                 CODE
 0001:00030530 00000000H .text$yc                CODE
 0001:00030530 00000014H .text$yd                CODE
 0002:00000000 0000020cH .idata$5                DATA
 0002:0000020c 00000004H .CRT$XCA                DATA
 0002:00000210 00000000H .CRT$XCU                DATA
 0002:00000210 00000004H .CRT$XCZ                DATA
 0002:00000214 00000004H .CRT$XIA                DATA
 0002:00000218 00000014H .CRT$XIC                DATA
 0002:0000022c 00000004H .CRT$XIZ                DATA
 0002:00000230 00000004H .CRT$XPA                DATA
 0002:00000234 00000004H .CRT$XPX                DATA
 0002:00000238 00000004H .CRT$XPXA               DATA
 0002:0000023c 00000004H .CRT$XPZ                DATA
 0002:00000240 00000004H .CRT$XTA                DATA
 0002:00000244 00000004H .CRT$XTZ                DATA
 0002:00000250 000047d8H .rdata                  DATA
 0002:00004a28 0000063cH .rdata$r                DATA
 0002:00005070 000000f0H .rdata$sxdata           DATA
 0002:00005160 00000004H .rtc$IAA                DATA
 0002:00005164 00000004H .rtc$IMZ                DATA
 0002:00005168 00000004H .rtc$IZZ                DATA
 0002:0000516c 00000004H .rtc$TAA                DATA
 0002:00005170 00000004H .rtc$TMZ                DATA
 0002:00005174 00000004H .rtc$TZZ                DATA
 0002:00005178 000016d4H .xdata$x                DATA
 0002:0000684c 00000064H .idata$2                DATA
 0002:000068b0 00000014H .idata$3                DATA
 0002:000068c4 0000020cH .idata$4                DATA
 0002:00006ad0 00000916H .idata$6                DATA
 0002:000073f0 0000004dH .edata                  DATA
 0003:00000000 00003a48H .data                   DATA
 0003:00003a60 000020a0H .bss                    DATA
 0004:00000000 00000310H .rsrc$01                DATA
 0004:00000310 0001d7a8H .rsrc$02                DATA

  Address         Publics by Value              Rva+Base       Lib:Object

 0000:00000000       __except_list              00000000     <absolute>
 0000:0000003c       ___safe_se_handler_count   0000003c     <absolute>
 0000:00000000       ___ImageBase               10000000     <linker-defined>
 0001:00000000       ?AddtionInit@@YGHPAUtagInlineX86StackBuffer@@@Z 10001000 f   ddraw.obj
 0001:00000190       ?AddtionRelease@@YGXXZ     10001190 f   ddraw.obj
 0001:00000300       _DllMain@12                10001300 f   ddraw.obj
 0001:00000440       ?GetSysDir@@YGXXZ          10001440 f   ddraw.obj
 0001:000004b0       ?DirectDrawCreate@@YGJPAU_GUID@@PAPAUIDirectDraw@@PAUIUnknown@@@Z 100014b0 f   ddraw.obj
 0001:000005a0       ?SetupFileMap@@YG_NXZ      100015a0 f   ddraw.obj
 0001:00000620       ?SetupLocalFileMap@@YG_NXZ 10001620 f   ddraw.obj
 0001:000006b0       ?ShutdownLocalFileMap@@YGXXZ 100016b0 f   ddraw.obj
 0001:000006e0       ?SetupTAHookFileMap@@YGXXZ 100016e0 f   ddraw.obj
 0001:00000740       ?ShutDownTAHookFileMap@@YGXXZ 10001740 f   ddraw.obj
 0001:00000770       ?EnableSound@@YGXXZ        10001770 f   ddraw.obj
 0001:000007a0       ??0ExternQuickKey@@QAE@XZ  100017a0 f   ExternQuickKey.obj
 0001:00000810       ??1ExternQuickKey@@QAE@XZ  10001810 f   ExternQuickKey.obj
 0001:00000860       ?Message@ExternQuickKey@@QAE_NPAUHWND__@@IIJ@Z 10001860 f   ExternQuickKey.obj
 0001:000009e0       ?SelectOnlyInScreenSameTypeUnit@ExternQuickKey@@AAEHH@Z 100019e0 f   ExternQuickKey.obj
 0001:00000c00       ?SelectOnlyInScreenWeaponUnit@ExternQuickKey@@AAEHI@Z 10001c00 f   ExternQuickKey.obj
 0001:00000d50       ?SetIDMaskInTypeAry@ExternQuickKey@@AAE_NGQAK@Z 10001d50 f   ExternQuickKey.obj
 0001:00000da0       ?MatchInTypeAry@ExternQuickKey@@AAE_NGQAK@Z 10001da0 f   ExternQuickKey.obj
 0001:00000de0       ?FilterSelectedUnit@ExternQuickKey@@QAEHW4TAUnitType@@@Z 10001de0 f   ExternQuickKey.obj
 0001:00001120       ?AddtionRoutine_CircleSelect@@YGHPAUtagInlineX86StackBuffer@@@Z 10002120 f   ExternQuickKey.obj
 0001:00001260       ?CreateSurfByGafFrame@@YGPAUIDirectDrawSurface@@PAU_GAFFrame@@_N@Z 10002260 f   gaf.obj
 0001:000013e0       ?ViewPlayerLos_Replay@@YGHH@Z 100023e0 f   HardCodeFunctions.obj
 0001:00001560       ?UpdateTAProcess@@YGHXZ    10002560 f   HardCodeFunctions.obj
 0001:000015a0       ?GetUnitIDMaskAryByCategory@@YGPAKPAD@Z 100025a0 f   HardCodeFunctions.obj
 0001:00001630       ?freeTAMem@@YGXPAX@Z       10002630 f   HardCodeFunctions.obj
 0001:000016b0       ?UpdateSelectUnitEffect@@YGXXZ 100026b0 f   HardCodeFunctions.obj
 0001:000016f0       ?ApplySelectUnitMenu_Wapper@@YGXXZ 100026f0 f   HardCodeFunctions.obj
 0001:00001720       ?DeselectUnits@@YGXXZ      10002720 f   HardCodeFunctions.obj
 0001:000017a0       ??0ModifyHook@@QAE@IHKPAEKK@Z 100027a0 f   ModifyHook.obj
 0001:000017a0       ??0ModifyHook@@QAE@PAEHK0KK@Z 100027a0 f   ModifyHook.obj
 0001:00001860       ??1ModifyHook@@QAE@XZ      10002860 f   ModifyHook.obj
 0001:00001930       ?InitHookClass@ModifyHook@@AAEXPAEHK0KK@Z 10002930 f   ModifyHook.obj
 0001:00001b70       ?Hook@ModifyHook@@UAEXXZ   10002b70 f   ModifyHook.obj
 0001:00001c90       ??0_TAHPI@@QAE@H@Z         10002c90 f   HPIfunc.obj
 0001:00001cb0       ?readfile@_TAHPI@@QAEPADPADPAI@Z 10002cb0 f   HPIfunc.obj
 0001:00001cd0       ?free_readfile@_TAHPI@@QAEXPAD@Z 10002cd0 f   HPIfunc.obj
 0001:00001cf0       ??0IDDraw@@QAE@PAUIDirectDraw@@_N@Z 10002cf0 f   iddraw.obj
 0001:00001d90       ?QueryInterface@IDDraw@@UAGJABU_GUID@@PAPAX@Z 10002d90 f   iddraw.obj
 0001:00001dc0       ?AddRef@IDDraw@@UAGKXZ     10002dc0 f   iddraw.obj
 0001:00001df0       ?Release@IDDraw@@UAGKXZ    10002df0 f   iddraw.obj
 0001:00001e40       ?Compact@IDDraw@@UAGJXZ    10002e40 f   iddraw.obj
 0001:00001e70       ?CreateClipper@IDDraw@@UAGJKPAPAUIDirectDrawClipper@@PAUIUnknown@@@Z 10002e70 f   iddraw.obj
 0001:00001eb0       ?CreatePalette@IDDraw@@UAGJKPAUtagPALETTEENTRY@@PAPAUIDirectDrawPalette@@PAUIUnknown@@@Z 10002eb0 f   iddraw.obj
 0001:00001ef0       ?CreateSurface@IDDraw@@UAGJPAU_DDSURFACEDESC@@PAPAUIDirectDrawSurface@@PAUIUnknown@@@Z 10002ef0 f   iddraw.obj
 0001:00001fd0       ?DuplicateSurface@IDDraw@@UAGJPAUIDirectDrawSurface@@PAPAU2@@Z 10002fd0 f   iddraw.obj
 0001:00002000       ?EnumDisplayModes@IDDraw@@UAGJKPAU_DDSURFACEDESC@@PAXP6GJ01@Z@Z 10003000 f   iddraw.obj
 0001:00002040       ?EnumSurfaces@IDDraw@@UAGJKPAU_DDSURFACEDESC@@PAXP6GJPAUIDirectDrawSurface@@01@Z@Z 10003040 f   iddraw.obj
 0001:00002080       ?FlipToGDISurface@IDDraw@@UAGJXZ 10003080 f   iddraw.obj
 0001:000020b0       ?GetCaps@IDDraw@@UAGJPAU_DDCAPS_DX7@@0@Z 100030b0 f   iddraw.obj
 0001:000020e0       ?GetDisplayMode@IDDraw@@UAGJPAU_DDSURFACEDESC@@@Z 100030e0 f   iddraw.obj
 0001:00002110       ?GetFourCCCodes@IDDraw@@UAGJPAK0@Z 10003110 f   iddraw.obj
 0001:00002140       ?GetGDISurface@IDDraw@@UAGJPAPAUIDirectDrawSurface@@@Z 10003140 f   iddraw.obj
 0001:00002170       ?GetMonitorFrequency@IDDraw@@UAGJPAK@Z 10003170 f   iddraw.obj
 0001:000021a0       ?GetScanLine@IDDraw@@UAGJPAK@Z 100031a0 f   iddraw.obj
 0001:000021d0       ?GetVerticalBlankStatus@IDDraw@@UAGJPAH@Z 100031d0 f   iddraw.obj
 0001:00002200       ?Initialize@IDDraw@@UAGJPAU_GUID@@@Z 10003200 f   iddraw.obj
 0001:00002230       ?RestoreDisplayMode@IDDraw@@UAGJXZ 10003230 f   iddraw.obj
 0001:00002260       ?SetCooperativeLevel@IDDraw@@UAGJPAUHWND__@@K@Z 10003260 f   iddraw.obj
 0001:000022c0       ?SetDisplayMode@IDDraw@@UAGJKKK@Z 100032c0 f   iddraw.obj
 0001:00002330       ?WaitForVerticalBlank@IDDraw@@UAGJKPAX@Z 10003330 f   iddraw.obj
 0001:00002360       ??0IDDrawSurface@@QAE@PAUIDirectDrawSurface@@_NHH@Z 10003360 f   iddrawsurface.obj
 0001:000027f0       ?QueryInterface@IDDrawSurface@@UAGJABU_GUID@@PAPAX@Z 100037f0 f   iddrawsurface.obj
 0001:00002820       ?AddRef@IDDrawSurface@@UAGKXZ 10003820 f   iddrawsurface.obj
 0001:00002850       ?Release@IDDrawSurface@@UAGKXZ 10003850 f   iddrawsurface.obj
 0001:00002bb0       ?AddOverlayDirtyRect@IDDrawSurface@@UAGJPAUtagRECT@@@Z 10003bb0 f   iddrawsurface.obj
 0001:00002be0       ?AddAttachedSurface@IDDrawSurface@@UAGJPAUIDirectDrawSurface@@@Z 10003be0 f   iddrawsurface.obj
 0001:00002c10       ?Blt@IDDrawSurface@@UAGJPAUtagRECT@@PAUIDirectDrawSurface@@0KPAU_DDBLTFX@@@Z 10003c10 f   iddrawsurface.obj
 0001:00002c50       ?BltBatch@IDDrawSurface@@UAGJPAU_DDBLTBATCH@@KK@Z 10003c50 f   iddrawsurface.obj
 0001:00002c90       ?BltFast@IDDrawSurface@@UAGJKKPAUIDirectDrawSurface@@PAUtagRECT@@K@Z 10003c90 f   iddrawsurface.obj
 0001:00002cd0       ?DeleteAttachedSurface@IDDrawSurface@@UAGJKPAUIDirectDrawSurface@@@Z 10003cd0 f   iddrawsurface.obj
 0001:00002d00       ?EnumAttachedSurfaces@IDDrawSurface@@UAGJPAXP6GJPAUIDirectDrawSurface@@PAU_DDSURFACEDESC@@0@Z@Z 10003d00 f   iddrawsurface.obj
 0001:00002d30       ?EnumOverlayZOrders@IDDrawSurface@@UAGJKPAXP6GJPAUIDirectDrawSurface@@PAU_DDSURFACEDESC@@0@Z@Z 10003d30 f   iddrawsurface.obj
 0001:00002d70       ?Flip@IDDrawSurface@@UAGJPAUIDirectDrawSurface@@K@Z 10003d70 f   iddrawsurface.obj
 0001:00002da0       ?GetAttachedSurface@IDDrawSurface@@UAGJPAU_DDSCAPS@@PAPAUIDirectDrawSurface@@@Z 10003da0 f   iddrawsurface.obj
 0001:00002e00       ?GetBltStatus@IDDrawSurface@@UAGJK@Z 10003e00 f   iddrawsurface.obj
 0001:00002e30       ?GetCaps@IDDrawSurface@@UAGJPAU_DDSCAPS@@@Z 10003e30 f   iddrawsurface.obj
 0001:00002e60       ?GetClipper@IDDrawSurface@@UAGJPAPAUIDirectDrawClipper@@@Z 10003e60 f   iddrawsurface.obj
 0001:00002e90       ?GetColorKey@IDDrawSurface@@UAGJKPAU_DDCOLORKEY@@@Z 10003e90 f   iddrawsurface.obj
 0001:00002ec0       ?GetDC@IDDrawSurface@@UAGJPAPAUHDC__@@@Z 10003ec0 f   iddrawsurface.obj
 0001:00002ef0       ?GetFlipStatus@IDDrawSurface@@UAGJK@Z 10003ef0 f   iddrawsurface.obj
 0001:00002f20       ?GetOverlayPosition@IDDrawSurface@@UAGJPAJ0@Z 10003f20 f   iddrawsurface.obj
 0001:00002f50       ?GetPalette@IDDrawSurface@@UAGJPAPAUIDirectDrawPalette@@@Z 10003f50 f   iddrawsurface.obj
 0001:00002f80       ?GetPixelFormat@IDDrawSurface@@UAGJPAU_DDPIXELFORMAT@@@Z 10003f80 f   iddrawsurface.obj
 0001:00002fb0       ?GetSurfaceDesc@IDDrawSurface@@UAGJPAU_DDSURFACEDESC@@@Z 10003fb0 f   iddrawsurface.obj
 0001:00002fe0       ?Initialize@IDDrawSurface@@UAGJPAUIDirectDraw@@PAU_DDSURFACEDESC@@@Z 10003fe0 f   iddrawsurface.obj
 0001:00003010       ?IsLost@IDDrawSurface@@UAGJXZ 10004010 f   iddrawsurface.obj
 0001:00003040       ?Lock@IDDrawSurface@@UAGJPAUtagRECT@@PAU_DDSURFACEDESC@@KPAX@Z 10004040 f   iddrawsurface.obj
 0001:000030b0       ?ReleaseDC@IDDrawSurface@@UAGJPAUHDC__@@@Z 100040b0 f   iddrawsurface.obj
 0001:000030e0       ?Restore@IDDrawSurface@@UAGJXZ 100040e0 f   iddrawsurface.obj
 0001:00003110       ?SetClipper@IDDrawSurface@@UAGJPAUIDirectDrawClipper@@@Z 10004110 f   iddrawsurface.obj
 0001:00003140       ?SetColorKey@IDDrawSurface@@UAGJKPAU_DDCOLORKEY@@@Z 10004140 f   iddrawsurface.obj
 0001:00003170       ?SetOverlayPosition@IDDrawSurface@@UAGJJJ@Z 10004170 f   iddrawsurface.obj
 0001:000031a0       ?SetPalette@IDDrawSurface@@UAGJPAUIDirectDrawPalette@@@Z 100041a0 f   iddrawsurface.obj
 0001:000031e0       ?Unlock@IDDrawSurface@@UAGJPAX@Z 100041e0 f   iddrawsurface.obj
 0001:00003530       ?UpdateOverlay@IDDrawSurface@@UAGJPAUtagRECT@@PAUIDirectDrawSurface@@0KPAU_DDOVERLAYFX@@@Z 10004530 f   iddrawsurface.obj
 0001:00003570       ?UpdateOverlayDisplay@IDDrawSurface@@UAGJK@Z 10004570 f   iddrawsurface.obj
 0001:000035a0       ?UpdateOverlayZOrder@IDDrawSurface@@UAGJKPAUIDirectDrawSurface@@@Z 100045a0 f   iddrawsurface.obj
 0001:000035d0       ?OutptTxt@IDDrawSurface@@SGXPAD@Z 100045d0 f   iddrawsurface.obj
 0001:00003660       ?OutptInt@IDDrawSurface@@SGXH@Z 10004660 f   iddrawsurface.obj
 0001:000036a0       ?ReplaceTAProc@IDDrawSurface@@AAEXXZ 100046a0 f   iddrawsurface.obj
 0001:000036d0       ?Set@IDDrawSurface@@QAEX_N@Z 100046d0 f   iddrawsurface.obj
 0001:000036f0       ?CreateClipplist@IDDrawSurface@@QAEXXZ 100046f0 f   iddrawsurface.obj
 0001:000038d0       ?ScreenShot@IDDrawSurface@@QAEXXZ 100048d0 f   iddrawsurface.obj
 0001:00003b50       ?CreateFileName@IDDrawSurface@@AAEXPADH@Z 10004b50 f   iddrawsurface.obj
 0001:00003dd0       ?CreateDir@IDDrawSurface@@QAEXPAD@Z 10004dd0 f   iddrawsurface.obj
 0001:00003e90       ?CorrectName@IDDrawSurface@@QAEXPAD@Z 10004e90 f   iddrawsurface.obj
 0001:00003ef0       ?DeInterlace@IDDrawSurface@@AAEXXZ 10004ef0 f   iddrawsurface.obj
 0001:00003fa0       ?WinProc@@YGJPAUHWND__@@IIJ@Z 10004fa0 f   iddrawsurface.obj
 0001:00004350       ??0ModifyWeaponPacket@@QAE@H@Z 10005350 f   MultiGameWeaponID.obj
 0001:00004390       ?ModifyRoutine@ModifyWeaponPacket@@AAEXH@Z 10005390 f   MultiGameWeaponID.obj
 0001:000044a0       ?EnsureDplayx@ModifyWeaponPacket@@AAEXH@Z 100054a0 f   MultiGameWeaponID.obj
 0001:00004a60       ?FeaturePacket@ModifyWeaponPacket@@AAEXH@Z 10005a60 f   MultiGameWeaponID.obj
 0001:00004c20       ??1ModifyWeaponPacket@@QAE@XZ 10005c20 f   MultiGameWeaponID.obj
 0001:00004e60       ??0CDDDTA@@QAE@XZ          10005e60 f   dddta.obj
 0001:00004f50       ??1CDDDTA@@QAE@XZ          10005f50 f   dddta.obj
 0001:00004fe0       ?DeInitDDDTA@CDDDTA@@QAEXXZ 10005fe0 f   dddta.obj
 0001:00005080       ?Blit@CDDDTA@@QAEXPAUIDirectDrawSurface@@@Z 10006080 f   dddta.obj
 0001:000051d0       ?InitDDDTA@CDDDTA@@AAEXXZ  100061d0 f   dddta.obj
 0001:00005570       ?Message@CDDDTA@@QAE_NPAUHWND__@@IIJ@Z 10006570 f   dddta.obj
 0001:00005640       ?FrameUpdate@CDDDTA@@QAEXXZ 10006640 f   dddta.obj
 0001:00005790       ?WriteUnits@CDDDTA@@AAEXXZ 10006790 f   dddta.obj
 0001:000058a0       ?WriteProjectiles@CDDDTA@@AAEXXZ 100068a0 f   dddta.obj
 0001:00005aa0       ?WriteExplosion@CDDDTA@@AAEXXZ 10006aa0 f   dddta.obj
 0001:00005e10       ?WriteSmoke@CDDDTA@@AAEXXZ 10006e10 f   dddta.obj
 0001:000060b0       ?SetActiveUnit@CDDDTA@@AAEXPAUOwnUnitBegin@@PAUUnitStruct@@@Z 100070b0 f i dddta.obj
 0001:000061b0       ?WriteSubPart@CDDDTA@@AAEXPAUSubPart@@PAUPrimitiveStruct@@@Z 100071b0 f   dddta.obj
 0001:000062b0       ?CheckMessages@CDDDTA@@AAEXXZ 100072b0 f   dddta.obj
 0001:00006400       ?CreateSharedTAMem@CDDDTA@@AAEXHHPAD@Z 10007400 f   dddta.obj
 0001:00006530       ?RestoreAllSharedTAMem@CDDDTA@@AAEXXZ 10007530 f   dddta.obj
 0001:00006890       ?SendTextToSpring@CDDDTA@@QAEXPBD@Z 10007890 f   dddta.obj
 0001:00006930       ?ChatStrnCpy@@YAPADPADPBDI@Z 10007930 f   dddta.obj
 0001:00006970       ?DeleteMem@@YAXPAX@Z       10007970 f   dddta.obj
 0001:000069a0       ??1?$deque@UTAShareMemStruct@CDDDTA@@V?$allocator@UTAShareMemStruct@CDDDTA@@@std@@@std@@QAE@XZ 100079a0 f i dddta.obj
 0001:00006a20       ?push_front@?$deque@UTAShareMemStruct@CDDDTA@@V?$allocator@UTAShareMemStruct@CDDDTA@@@std@@@std@@QAEXABUTAShareMemStruct@CDDDTA@@@Z 10007a20 f i dddta.obj
 0001:00006b40       ?begin@?$deque@PAVGraphicElement@@V?$allocator@PAVGraphicElement@@@std@@@std@@QAE?AV?$_Deque_iterator@PAVGraphicElement@@V?$allocator@PAVGraphicElement@@@std@@@2@XZ 10007b40 f i whiteboard.obj
 0001:00006b40       ?begin@?$deque@UTAShareMemStruct@CDDDTA@@V?$allocator@UTAShareMemStruct@CDDDTA@@@std@@@std@@QAE?AV?$_Deque_iterator@UTAShareMemStruct@CDDDTA@@V?$allocator@UTAShareMemStruct@CDDDTA@@@std@@@2@XZ 10007b40 f i dddta.obj
 0001:00006b40       ?begin@?$deque@UMMHS@AlliesWhiteboard@@V?$allocator@UMMHS@AlliesWhiteboard@@@std@@@std@@QAE?AV?$_Deque_iterator@UMMHS@AlliesWhiteboard@@V?$allocator@UMMHS@AlliesWhiteboard@@@std@@@2@XZ 10007b40 f i whiteboard.obj
 0001:00006ba0       ?_Growmap@?$deque@UTAShareMemStruct@CDDDTA@@V?$allocator@UTAShareMemStruct@CDDDTA@@@std@@@std@@IAEXI@Z 10007ba0 f i dddta.obj
 0001:00006f40       ?_Tidy@?$deque@UTAShareMemStruct@CDDDTA@@V?$allocator@UTAShareMemStruct@CDDDTA@@@std@@@std@@IAEXXZ 10007f40 f i dddta.obj
 0001:00007010       ??0?$_Deque_val@UMMHS@AlliesWhiteboard@@V?$allocator@UMMHS@AlliesWhiteboard@@@std@@@std@@QAE@V?$allocator@UMMHS@AlliesWhiteboard@@@1@@Z 10008010 f i whiteboard.obj
 0001:00007010       ??0?$_Deque_val@PAVGraphicElement@@V?$allocator@PAVGraphicElement@@@std@@@std@@QAE@V?$allocator@PAVGraphicElement@@@1@@Z 10008010 f i whiteboard.obj
 0001:00007010       ??0?$_Deque_val@UTAShareMemStruct@CDDDTA@@V?$allocator@UTAShareMemStruct@CDDDTA@@@std@@@std@@QAE@V?$allocator@UTAShareMemStruct@CDDDTA@@@1@@Z 10008010 f i dddta.obj
 0001:000070d0       ?pop_back@?$deque@UTAShareMemStruct@CDDDTA@@V?$allocator@UTAShareMemStruct@CDDDTA@@@std@@@std@@QAEXXZ 100080d0 f i dddta.obj
 0001:00007180       ??D?$_Deque_const_iterator@UTAShareMemStruct@CDDDTA@@V?$allocator@UTAShareMemStruct@CDDDTA@@@std@@@std@@QBEABUTAShareMemStruct@CDDDTA@@XZ 10008180 f i dddta.obj
 0001:00007200       ??$_Cons_val@V?$allocator@UTAShareMemStruct@CDDDTA@@@std@@UTAShareMemStruct@CDDDTA@@ABU34@@std@@YGXAAV?$allocator@UTAShareMemStruct@CDDDTA@@@0@PAUTAShareMemStruct@CDDDTA@@ABU23@@Z 10008200 f i dddta.obj
 0001:00007260       ??$_Cons_val@V?$allocator@U_Container_proxy@std@@@std@@U_Container_proxy@2@U32@@std@@YGXAAV?$allocator@U_Container_proxy@std@@@0@PAU_Container_proxy@0@$$QAU20@@Z 10008260 f i dddta.obj
 0001:000072a0       ??$_Dest_val@V?$allocator@UTAShareMemStruct@CDDDTA@@@std@@UTAShareMemStruct@CDDDTA@@@std@@YGXAAV?$allocator@UTAShareMemStruct@CDDDTA@@@0@PAUTAShareMemStruct@CDDDTA@@@Z 100082a0 f i dddta.obj
 0001:000072a0       ??$_Dest_val@V?$allocator@PAD@std@@PAD@std@@YGXAAV?$allocator@PAD@0@PAPAD@Z 100082a0 f i UnicodeSupport.obj
 0001:000072a0       ??$_Dest_val@V?$allocator@PAVRegString@@@std@@PAVRegString@@@std@@YGXAAV?$allocator@PAVRegString@@@0@PAPAVRegString@@@Z 100082a0 f i TAConfig.obj
 0001:000072a0       ??$_Dest_val@V?$allocator@PAVRegDword@@@std@@PAVRegDword@@@std@@YGXAAV?$allocator@PAVRegDword@@@0@PAPAVRegDword@@@Z 100082a0 f i TAConfig.obj
 0001:000072a0       ??$_Dest_val@V?$allocator@U_Node@?$_List_nod@PAVGraphicElement@@V?$allocator@PAVGraphicElement@@@std@@@std@@@std@@U_Node@?$_List_nod@PAVGraphicElement@@V?$allocator@PAVGraphicElement@@@std@@@2@@std@@YGXAAV?$allocator@U_Node@?$_List_nod@PAVGraphicElement@@V?$allocator@PAVGraphicElement@@@std@@@std@@@0@PAU_Node@?$_List_nod@PAVGraphicElement@@V?$allocator@PAVGraphicElement@@@std@@@0@@Z 100082a0 f i ElementHandler.obj
 0001:000072a0       ??$_Dest_val@V?$allocator@PAVGraphicElement@@@std@@PAVGraphicElement@@@std@@YGXAAV?$allocator@PAVGraphicElement@@@0@PAPAVGraphicElement@@@Z 100082a0 f i whiteboard.obj
 0001:000072a0       ??$_Dest_val@V?$allocator@PAUTAShareMemStruct@CDDDTA@@@std@@PAUTAShareMemStruct@CDDDTA@@@std@@YGXAAV?$allocator@PAUTAShareMemStruct@CDDDTA@@@0@PAPAUTAShareMemStruct@CDDDTA@@@Z 100082a0 f i dddta.obj
 0001:000072a0       ??$_Dest_val@V?$allocator@PAPAVGraphicElement@@@std@@PAPAVGraphicElement@@@std@@YGXAAV?$allocator@PAPAVGraphicElement@@@0@PAPAPAVGraphicElement@@@Z 100082a0 f i whiteboard.obj
 0001:000072a0       ??$_Dest_val@V?$allocator@UMMHS@AlliesWhiteboard@@@std@@UMMHS@AlliesWhiteboard@@@std@@YGXAAV?$allocator@UMMHS@AlliesWhiteboard@@@0@PAUMMHS@AlliesWhiteboard@@@Z 100082a0 f i whiteboard.obj
 0001:000072a0       ??$_Dest_val@V?$allocator@U_Container_proxy@std@@@std@@U_Container_proxy@2@@std@@YGXAAV?$allocator@U_Container_proxy@std@@@0@PAU_Container_proxy@0@@Z 100082a0 f i dddta.obj
 0001:000072a0       ??$_Dest_val@V?$allocator@PAUMMHS@AlliesWhiteboard@@@std@@PAUMMHS@AlliesWhiteboard@@@std@@YGXAAV?$allocator@PAUMMHS@AlliesWhiteboard@@@0@PAPAUMMHS@AlliesWhiteboard@@@Z 100082a0 f i whiteboard.obj
 0001:000072b0       ??$_Allocate@UTAShareMemStruct@CDDDTA@@@std@@YGPAUTAShareMemStruct@CDDDTA@@IPAU12@@Z 100082b0 f i dddta.obj
 0001:00007320       ??1bad_alloc@std@@UAE@XZ   10008320 f i dddta.obj
 0001:00007340       ??_Gbad_alloc@std@@UAEPAXI@Z 10008340 f i dddta.obj
 0001:00007340       ??_Ebad_alloc@std@@UAEPAXI@Z 10008340 f i dddta.obj
 0001:00007380       ??$_Allocate@U_Container_proxy@std@@@std@@YGPAU_Container_proxy@0@IPAU10@@Z 10008380 f i dddta.obj
 0001:000073f0       ??0bad_alloc@std@@QAE@ABV01@@Z 100083f0 f i dddta.obj
 0001:00007420       ??0CChangeQueue@@QAE@XZ    10008420 f   changequeue.obj
 0001:00007460       ??0CIncome@@QAE@XZ         10008460 f   cinomce.obj
 0001:00007520       ??1CIncome@@QAE@XZ         10008520 f   cinomce.obj
 0001:00007550       ?BlitIncome@CIncome@@QAEXPAUIDirectDrawSurface@@@Z 10008550 f   cinomce.obj
 0001:00007850       ?ShowAllIncome@CIncome@@AAEHXZ 10008850 f   cinomce.obj
 0001:00007940       ?ShowAllyIncome@CIncome@@AAEHXZ 10008940 f   cinomce.obj
 0001:00007a10       ?ShowMyViewIncome@CIncome@@AAEXHH@Z 10008a10 f   cinomce.obj
 0001:00007ae0       ?ShowPlayerIncome@CIncome@@AAEXHHH@Z 10008ae0 f   cinomce.obj
 0001:00007de0       ?DrawStorageText@CIncome@@AAEHMHH@Z 10008de0 f   cinomce.obj
 0001:00007ef0       ?DrawTextA@CIncome@@AAEXPADHHD@Z 10008ef0 f   cinomce.obj
 0001:00008050       ?PaintStoragebar@CIncome@@AAEXHHHH@Z 10009050 f   cinomce.obj
 0001:00008220       ?FillRect@CIncome@@AAEXD@Z 10009220 f   cinomce.obj
 0001:00008290       ?Set@CIncome@@QAEXH@Z      10009290 f   cinomce.obj
 0001:000082b0       ?ReadPos@CIncome@@AAEXXZ   100092b0 f   cinomce.obj
 0001:00008360       ?WritePos@CIncome@@AAEXXZ  10009360 f   cinomce.obj
 0001:000083e0       ?Message@CIncome@@QAE_NPAUHWND__@@IIJ@Z 100093e0 f   cinomce.obj
 0001:00008910       ?CorrectPos@CIncome@@AAEXXZ 10009910 f   cinomce.obj
 0001:000089a0       ?GetPlayerColor@CIncome@@AAEEH@Z 100099a0 f   cinomce.obj
 0001:00008a30       ?DrawPlayerRect@CIncome@@AAEXHHD@Z 10009a30 f   cinomce.obj
 0001:00008a90       ??$sprintf_s@$0GE@@@YAHAAY0GE@DPBDZZ 10009a90 f i cinomce.obj
 0001:00008ac0       ??0CWarp@@QAE@XZ           10009ac0 f   commanderwarp.obj
 0001:00008b50       ??1CWarp@@QAE@XZ           10009b50 f   commanderwarp.obj
 0001:00008b80       ?SetPos@CWarp@@AAEXHH@Z    10009b80 f   commanderwarp.obj
 0001:00008be0       ?Message@CWarp@@QAE_NPAUHWND__@@IIJ@Z 10009be0 f   commanderwarp.obj
 0001:00008e40       ?Blit@CWarp@@QAEXPAUIDirectDrawSurface@@@Z 10009e40 f   commanderwarp.obj
 0001:00008f70       ?WithinButton@CWarp@@AAE_NHH@Z 10009f70 f   commanderwarp.obj
 0001:00008fc0       ?BlitBtn@CWarp@@AAEXPAUIDirectDrawSurface@@@Z 10009fc0 f   commanderwarp.obj
 0001:000090d0       ??0Dialog@@QAE@XZ          1000a0d0 f   dialog.obj
 0001:00009450       ??1Dialog@@QAE@XZ          1000a450 f   dialog.obj
 0001:00009670       ?ShowDialog@Dialog@@QAEXXZ 1000a670 f   dialog.obj
 0001:000096c0       ?HideDialog@Dialog@@QAEXXZ 1000a6c0 f   dialog.obj
 0001:000096f0       ?BlitDialog@Dialog@@QAEXPAUIDirectDrawSurface@@@Z 1000a6f0 f   dialog.obj
 0001:00009800       ?RestoreCursor@Dialog@@AAEXXZ 1000a800 f   dialog.obj
 0001:000098a0       ?RestoreAll@Dialog@@AAEXXZ 1000a8a0 f   dialog.obj
 0001:00009a30       ?Message@Dialog@@QAE_NPAUHWND__@@IIJ@Z 1000aa30 f   dialog.obj
 0001:0000a8a0       ?RenderDialog@Dialog@@AAEXXZ 1000b8a0 f   dialog.obj
 0001:0000a9f0       ?Inside@Dialog@@AAE_NHHH@Z 1000b9f0 f   dialog.obj
 0001:0000ac30       ?DrawTextA@Dialog@@QAEXPAUIDirectDrawSurface@@HHPAD@Z 1000bc30 f   dialog.obj
 0001:0000aef0       ?DrawSmallText@Dialog@@QAEXPAUIDirectDrawSurface@@HHPAD@Z 1000bef0 f   dialog.obj
 0001:0000b1b0       ?SetAll@Dialog@@AAEXXZ     1000c1b0 f   dialog.obj
 0001:0000b270       ?ReadPos@Dialog@@AAEXXZ    1000c270 f   dialog.obj
 0001:0000b300       ?WriteSettings@Dialog@@AAEXXZ 1000c300 f   dialog.obj
 0001:0000b450       ?ReadSettings@Dialog@@AAEXXZ 1000c450 f   dialog.obj
 0001:0000b670       ?WritePos@Dialog@@AAEXXZ   1000c670 f   dialog.obj
 0001:0000b6f0       ?CorrectPos@Dialog@@AAEXXZ 1000c6f0 f   dialog.obj
 0001:0000b780       ?DrawTinyText@Dialog@@AAEXPADHHD@Z 1000c780 f   dialog.obj
 0001:0000b870       ?FillRect@Dialog@@AAEXHHHHD@Z 1000c870 f   dialog.obj
 0001:0000b8e0       ?DrawBackgroundButton@Dialog@@AAEXXZ 1000c8e0 f   dialog.obj
 0001:0000ba70       ?DrawKeyCode@Dialog@@AAEXXZ 1000ca70 f   dialog.obj
 0001:0000bbc0       ?DrawShareBox@Dialog@@AAEXXZ 1000cbc0 f   dialog.obj
 0001:0000bee0       ?DrawOptimizeDT@Dialog@@AAEXXZ 1000cee0 f   dialog.obj
 0001:0000bfc0       ?DrawVSync@Dialog@@AAEXXZ  1000cfc0 f   dialog.obj
 0001:0000c140       ?DrawFullRings@Dialog@@AAEXXZ 1000d140 f   dialog.obj
 0001:0000c220       ?DrawWhiteboardKey@Dialog@@AAEXXZ 1000d220 f   dialog.obj
 0001:0000c370       ?BlitCursor@Dialog@@QAEXPAUIDirectDrawSurface@@HH@Z 1000d370 f   dialog.obj
 0001:0000c4f0       ?EnterOption@@YGHPAUtagInlineX86StackBuffer@@@Z 1000d4f0 f   dialog.obj
 0001:0000c510       ?PressInOption@@YGHPAUtagInlineX86StackBuffer@@@Z 1000d510 f   dialog.obj
 0001:0000c530       ??0CIdleUnits@@QAE@XZ      1000d530 f   idlevillager.obj
 0001:0000c570       ??1CIdleUnits@@QAE@XZ      1000d570 f   idlevillager.obj
 0001:0000c590       ?FindIdleConst@CIdleUnits@@AAEXXZ 1000d590 f   idlevillager.obj
 0001:0000c7c0       ?Message@CIdleUnits@@QAE_NPAUHWND__@@IIJ@Z 1000d7c0 f   idlevillager.obj
 0001:0000c8a0       ??0CMapRect@@QAE@XZ        1000d8a0 f   maprect.obj
 0001:0000ccf0       ??1CMapRect@@QAE@XZ        1000dcf0 f   maprect.obj
 0001:0000cd20       ?LockBlit@CMapRect@@QAEXPADH@Z 1000dd20 f   maprect.obj
 0001:0000d0a0       ?GetMapMaxX@CMapRect@@AAEHXZ 1000e0a0 f   maprect.obj
 0001:0000d0c0       ?GetMapMaxY@CMapRect@@AAEHXZ 1000e0c0 f   maprect.obj
 0001:0000d0e0       ?PaintRect@CMapRect@@AAEXXZ 1000e0e0 f   maprect.obj
 0001:0000d2e0       ?WorldToMiniX@CMapRect@@QAEHH@Z 1000e2e0 f   maprect.obj
 0001:0000d310       ?WorldToMiniY@CMapRect@@QAEHH@Z 1000e310 f   maprect.obj
 0001:0000d340       ??0CMinimapHandler@@QAE@XZ 1000e340 f   MinimapHandler.obj
 0001:0000d380       ??_GCMinimapHandler@@UAEPAXI@Z 1000e380 f i MinimapHandler.obj
 0001:0000d380       ??_ECMinimapHandler@@UAEPAXI@Z 1000e380 f i MinimapHandler.obj
 0001:0000d3b0       ??1CMinimapHandler@@UAE@XZ 1000e3b0 f   MinimapHandler.obj
 0001:0000d3d0       ??0TADRConfig@@QAE@XZ      1000e3d0 f   TAConfig.obj
 0001:0000d740       ??1TADRConfig@@QAE@XZ      1000e740 f   TAConfig.obj
 0001:0000d910       ?GetIniBool@TADRConfig@@QAEHPBDH@Z 1000e910 f   TAConfig.obj
 0001:0000d9c0       ?GetIniInt@TADRConfig@@QAEHPBDH@Z 1000e9c0 f   TAConfig.obj
 0001:0000d9f0       ?GetIniStr@TADRConfig@@QAEHPBDPADK1@Z 1000e9f0 f   TAConfig.obj
 0001:0000da20       ?TARegPath_HKEY@TADRConfig@@AAEPAUHKEY__@@XZ 1000ea20 f   TAConfig.obj
 0001:0000da80       ?WriteTAReg_Dword@TADRConfig@@QAEJPADK@Z 1000ea80 f   TAConfig.obj
 0001:0000dac0       ?WriteTAReg_Str@TADRConfig@@QAEJPADPBDK@Z 1000eac0 f   TAConfig.obj
 0001:0000db10       ?LoadIniRegSetting@TADRConfig@@AAEXPAE@Z 1000eb10 f   TAConfig.obj
 0001:0000e0c0       ?strlwr_s@Checked@ATL@@YAXPADI@Z 1000f0c0 f i TAConfig.obj
 0001:0000e190       ?AtlThrowImpl@ATL@@YGXJ@Z  1000f190 f i TAConfig.obj
 0001:0000e1c0       ?strupr_s@Checked@ATL@@YAXPADI@Z 1000f1c0 f i TAConfig.obj
 0001:0000e290       ?EnumIniRegInfo_Begin@TADRConfig@@QAEHPAPAU_EnumRegInfo@@PAPBDPAPBX@Z 1000f290 f   TAConfig.obj
 0001:0000e360       ?EnumIniRegInfo_Next@TADRConfig@@QAEHPAPAU_EnumRegInfo@@PAPBDPAPBX@Z 1000f360 f   TAConfig.obj
 0001:0000e4c0       ?EnumIniRegInfo_End@TADRConfig@@QAEHPAPAU_EnumRegInfo@@@Z 1000f4c0 f   TAConfig.obj
 0001:0000e530       ?GetIniCrc@TADRConfig@@QAEIXZ 1000f530 f   TAConfig.obj
 0001:0000e610       ??0RegDword@@QAE@PADHK@Z   1000f610 f   TAConfig.obj
 0001:0000e680       ??1RegDword@@QAE@XZ        1000f680 f   TAConfig.obj
 0001:0000e6b0       ?Name@RegDword@@QAEPBDXZ   1000f6b0 f   TAConfig.obj
 0001:0000e6b0       ?Name@RegString@@QAEPBDXZ  1000f6b0 f   TAConfig.obj
 0001:0000e6c0       ??0RegString@@QAE@PADH0H@Z 1000f6c0 f   TAConfig.obj
 0001:0000e760       ??1RegString@@QAE@XZ       1000f760 f   TAConfig.obj
 0001:0000e7b0       ?Str@RegString@@QAEPBDXZ   1000f7b0 f   TAConfig.obj
 0001:0000e7b0       ?AddrToHook@SingleHook@@UAEQAXXZ 1000f7b0 f   Hook.obj
 0001:0000e7b0       ?Value@RegDword@@QAEKXZ    1000f7b0 f   TAConfig.obj
 0001:0000e7d0       ?push_back@?$vector@PAVRegString@@V?$allocator@PAVRegString@@@std@@@std@@QAEXABQAVRegString@@@Z 1000f7d0 f i TAConfig.obj
 0001:0000e7d0       ?push_back@?$vector@PAVRegDword@@V?$allocator@PAVRegDword@@@std@@@std@@QAEXABQAVRegDword@@@Z 1000f7d0 f i TAConfig.obj
 0001:0000e7d0       ?push_back@?$vector@PAVGraphicElement@@V?$allocator@PAVGraphicElement@@@std@@@std@@QAEXABQAVGraphicElement@@@Z 1000f7d0 f i ElementHandler.obj
 0001:0000e8b0       ?back@?$vector@PAVRegString@@V?$allocator@PAVRegString@@@std@@@std@@QAEAAPAVRegString@@XZ 1000f8b0 f i TAConfig.obj
 0001:0000e8f0       ?_Tidy@?$vector@PAVRegString@@V?$allocator@PAVRegString@@@std@@@std@@IAEXXZ 1000f8f0 f i TAConfig.obj
 0001:0000e8f0       ?_Tidy@?$vector@PAVRegDword@@V?$allocator@PAVRegDword@@@std@@@std@@IAEXXZ 1000f8f0 f i TAConfig.obj
 0001:0000e8f0       ?_Tidy@?$vector@PADV?$allocator@PAD@std@@@std@@IAEXXZ 1000f8f0 f i UnicodeSupport.obj
 0001:0000e8f0       ?_Tidy@?$vector@PAVGraphicElement@@V?$allocator@PAVGraphicElement@@@std@@@std@@IAEXXZ 1000f8f0 f i whiteboard.obj
 0001:0000e950       ?_Grow_to@?$vector@PADV?$allocator@PAD@std@@@std@@IBEII@Z 1000f950 f i UnicodeSupport.obj
 0001:0000e950       ?_Grow_to@?$vector@PAVRegDword@@V?$allocator@PAVRegDword@@@std@@@std@@IBEII@Z 1000f950 f i TAConfig.obj
 0001:0000e950       ?_Grow_to@?$vector@PAVRegString@@V?$allocator@PAVRegString@@@std@@@std@@IBEII@Z 1000f950 f i TAConfig.obj
 0001:0000e950       ?_Grow_to@?$vector@PAVGraphicElement@@V?$allocator@PAVGraphicElement@@@std@@@std@@IBEII@Z 1000f950 f i whiteboard.obj
 0001:0000e9d0       ??0CTAHook@@QAE@XZ         1000f9d0 f   tahook.obj
 0001:0000ec90       ??1CTAHook@@QAE@XZ         1000fc90 f   tahook.obj
 0001:0000ed20       ?Message@CTAHook@@QAE_NPAUHWND__@@IIJ@Z 1000fd20 f   tahook.obj
 0001:0000f680       ?Set@CTAHook@@QAEXHPAD_N1H@Z 10010680 f   tahook.obj
 0001:0000f6d0       ?WriteShareMacro@CTAHook@@QAEXXZ 100106d0 f   tahook.obj
 0001:0000f820       ?Blit@CTAHook@@QAEXPAUIDirectDrawSurface@@@Z 10010820 f   tahook.obj
 0001:0000f830       ?TABlit@CTAHook@@QAEXXZ    10010830 f   tahook.obj
 0001:0000f880       ?WriteDTLine@CTAHook@@AAEXXZ 10010880 f   tahook.obj
 0001:0000f920       ?CalculateLine@CTAHook@@AAEXXZ 10010920 f   tahook.obj
 0001:0000fbd0       ?UpdateSpacing@CTAHook@@AAEXXZ 10010bd0 f   tahook.obj
 0001:0000fc10       ?OptimizeDTRows@CTAHook@@AAEXXZ 10010c10 f   tahook.obj
 0001:0000ff80       ?VisualizeRow@CTAHook@@AAEXXZ 10010f80 f   tahook.obj
 0001:000100b0       ?GetMaxScrollX@CTAHook@@SGHXZ 100110b0 f   tahook.obj
 0001:000100f0       ?GetMaxScrollY@CTAHook@@SGHXZ 100110f0 f   tahook.obj
 0001:00010130       ?CalculateRing@CTAHook@@AAEXXZ 10011130 f   tahook.obj
 0001:00010230       ?CalculateRing@CTAHook@@AAEXHHHH@Z 10011230 f   tahook.obj
 0001:000105c0       ?ClickBuilding@CTAHook@@AAEXHH@Z 100115c0 f   tahook.obj
 0001:00010630       ?GetFootX@CTAHook@@AAEFXZ  10011630 f   tahook.obj
 0001:00010660       ?GetFootY@CTAHook@@AAEFXZ  10011660 f   tahook.obj
 0001:00010690       ?DrawBuildRect@CTAHook@@AAEXHHHHH@Z 10011690 f   tahook.obj
 0001:00010880       ?EnableTABuildRect@CTAHook@@AAEXXZ 10011880 f   tahook.obj
 0001:000108b0       ?DisableTABuildRect@CTAHook@@AAEXXZ 100118b0 f   tahook.obj
 0001:000108e0       ?PaintMinimapRect@CTAHook@@AAEXXZ 100118e0 f   tahook.obj
 0001:00010910       ??0UnicodeSupport@@QAE@PBD@Z 10011910 f   UnicodeSupport.obj
 0001:00010d80       ?CreateSurfaceFromContextScreen@UnicodeSupport@@QAEPAUIDirectDrawSurface@@PAU_OFFSCREEN@@PAUIDirectDraw@@PAPAU2@@Z 10011d80 f   UnicodeSupport.obj
 0001:00010e30       ?NewSpecScreenSurface@UnicodeSupport@@AAEPAUtagSpecScreenSurface@@PAU_OFFSCREEN@@@Z 10011e30 f   UnicodeSupport.obj
 0001:00010f20       ?FreeSpecScreenSurface@UnicodeSupport@@AAEXPAUtagSpecScreenSurface@@@Z 10011f20 f   UnicodeSupport.obj
 0001:00010ff0       ?GetSpecScreenSurface@UnicodeSupport@@AAEPAUtagSpecScreenSurface@@PAU_OFFSCREEN@@@Z 10011ff0 f   UnicodeSupport.obj
 0001:000110c0       ?UnicodeDrawTextA@UnicodeSupport@@QAEHPAU_OFFSCREEN@@PADPAUIDirectDraw@@HH@Z 100120c0 f   UnicodeSupport.obj
 0001:000113b0       ?IsIDDrawLost@UnicodeSupport@@AAEHXZ 100123b0 f   UnicodeSupport.obj
 0001:000113e0       ?RestoreLocalSurf@UnicodeSupport@@AAEXXZ 100123e0 f   UnicodeSupport.obj
 0001:000114e0       ?Blt@UnicodeSupport@@QAE_NPAUIDirectDrawSurface@@@Z 100124e0 f   UnicodeSupport.obj
 0001:00011680       ?ReleaseCandidateList@UnicodeSupport@@AAEXXZ 10012680 f   UnicodeSupport.obj
 0001:00011770       ?DrawSeparator@UnicodeSupport@@AAEHPAUHDC__@@HPAH1@Z 10012770 f   UnicodeSupport.obj
 0001:000117d0       ?DrawALine_Ime@UnicodeSupport@@AAEXPAUHDC__@@PADPAH2@Z 100127d0 f   UnicodeSupport.obj
 0001:00011870       ?UpdateImeFrame@UnicodeSupport@@AAE_NXZ 10012870 f   UnicodeSupport.obj
 0001:00011c40       ?Message@UnicodeSupport@@QAE_NPAUHWND__@@IIJ@Z 10012c40 f   UnicodeSupport.obj
 0001:00012200       ?CopyToContextScreenMem@@YGXPAU_OFFSCREEN@@PAUtagSpecScreenSurface@@@Z 10013200 f   UnicodeSupport.obj
 0001:00012280       ?CopyToSpecSurfaceMem@@YGXPAUtagSpecScreenSurface@@PAU_OFFSCREEN@@@Z 10013280 f   UnicodeSupport.obj
 0001:00012300       ?USDrawTextInScreen_HookRouter@@YGHPAUtagInlineX86StackBuffer@@@Z 10013300 f   UnicodeSupport.obj
 0001:00012430       ?myValidChar@@YGHPAUtagInlineX86StackBuffer@@@Z 10013430 f   UnicodeSupport.obj
 0001:00012590       ?myDeleteChar@@YGHPAUtagInlineX86StackBuffer@@@Z 10013590 f   UnicodeSupport.obj
 0001:00012670       ?Blt_BottomState0_Text@@YGHPAUtagInlineX86StackBuffer@@@Z 10013670 f   UnicodeSupport.obj
 0001:000127a0       ?Blt_BottomState1_Text@@YGHPAUtagInlineX86StackBuffer@@@Z 100137a0 f   UnicodeSupport.obj
 0001:000128d0       ?PopadState@@YGHPAUtagInlineX86StackBuffer@@@Z 100138d0 f   UnicodeSupport.obj
 0001:00012980       ?push_back@?$vector@PADV?$allocator@PAD@std@@@std@@QAEX$$QAPAD@Z 10013980 f i UnicodeSupport.obj
 0001:00012980       ?push_back@?$vector@PAVGraphicElement@@V?$allocator@PAVGraphicElement@@@std@@@std@@QAEX$$QAPAVGraphicElement@@@Z 10013980 f i whiteboard.obj
 0001:00012a60       ?pop_back@?$vector@PAVGraphicElement@@V?$allocator@PAVGraphicElement@@@std@@@std@@QAEXXZ 10013a60 f i ElementHandler.obj
 0001:00012a60       ?pop_back@?$vector@PAVRegString@@V?$allocator@PAVRegString@@@std@@@std@@QAEXXZ 10013a60 f i TAConfig.obj
 0001:00012a60       ?pop_back@?$vector@PAVRegDword@@V?$allocator@PAVRegDword@@@std@@@std@@QAEXXZ 10013a60 f i TAConfig.obj
 0001:00012a60       ?pop_back@?$vector@PADV?$allocator@PAD@std@@@std@@QAEXXZ 10013a60 f i UnicodeSupport.obj
 0001:00012ab0       ?_Reserve@?$vector@PAVGraphicElement@@V?$allocator@PAVGraphicElement@@@std@@@std@@IAEXI@Z 10013ab0 f i whiteboard.obj
 0001:00012ab0       ?_Reserve@?$vector@PAVRegString@@V?$allocator@PAVRegString@@@std@@@std@@IAEXI@Z 10013ab0 f i TAConfig.obj
 0001:00012ab0       ?_Reserve@?$vector@PAVRegDword@@V?$allocator@PAVRegDword@@@std@@@std@@IAEXI@Z 10013ab0 f i TAConfig.obj
 0001:00012ab0       ?_Reserve@?$vector@PADV?$allocator@PAD@std@@@std@@IAEXI@Z 10013ab0 f i UnicodeSupport.obj
 0001:00012b40       ?reserve@?$vector@PAVRegDword@@V?$allocator@PAVRegDword@@@std@@@std@@QAEXI@Z 10013b40 f i TAConfig.obj
 0001:00012b40       ?reserve@?$vector@PAVRegString@@V?$allocator@PAVRegString@@@std@@@std@@QAEXI@Z 10013b40 f i TAConfig.obj
 0001:00012b40       ?reserve@?$vector@PADV?$allocator@PAD@std@@@std@@QAEXI@Z 10013b40 f i UnicodeSupport.obj
 0001:00012b40       ?reserve@?$vector@PAVGraphicElement@@V?$allocator@PAVGraphicElement@@@std@@@std@@QAEXI@Z 10013b40 f i whiteboard.obj
 0001:00012cc0       ??0LimitCrack@@QAE@XZ      10013cc0 f   LimitCrack.obj
 0001:000131b0       ??1LimitCrack@@QAE@XZ      100141b0 f   LimitCrack.obj
 0001:00013350       ??0IncreaseAISearchMapEntriesLimit@@QAE@K@Z 10014350 f   LimitCrack.obj
 0001:000133f0       ??1IncreaseAISearchMapEntriesLimit@@QAE@XZ 100143f0 f   LimitCrack.obj
 0001:00013440       ??0IncreaseWeaponTypeLimit@@QAE@K@Z 10014440 f   LimitCrack.obj
 0001:00013470       ?WeaponType_IdLimit@IncreaseWeaponTypeLimit@@AAEXXZ 10014470 f   LimitCrack.obj
 0001:000135c0       ?NewLimit@IncreaseWeaponTypeLimit@@AAEXK@Z 100145c0 f   LimitCrack.obj
 0001:00013700       ??1IncreaseWeaponTypeLimit@@QAE@XZ 10014700 f   LimitCrack.obj
 0001:00013900       ?WriteWeaponAryPtr@IncreaseWeaponTypeLimit@@AAEPAXPAPAX@Z 10014900 f   LimitCrack.obj
 0001:00013a70       ?WriteWeaponAryLen@IncreaseWeaponTypeLimit@@AAEKK@Z 10014a70 f   LimitCrack.obj
 0001:00013b40       ??0IncreaseUnitTypeLimit@@QAE@H@Z 10014b40 f   LimitCrack.obj
 0001:00013b60       ??1IncreaseUnitTypeLimit@@QAE@XZ 10014b60 f   LimitCrack.obj
 0001:00013ec0       ?WriteNewLimit@IncreaseUnitTypeLimit@@AAEXK@Z 10014ec0 f   LimitCrack.obj
 0001:00014630       ??0IncreaseCompositeBuf@@QAE@KK@Z 10015630 f   LimitCrack.obj
 0001:00014650       ??1IncreaseCompositeBuf@@QAE@XZ 10015650 f   LimitCrack.obj
 0001:000146b0       ?WriteNewLimit@IncreaseCompositeBuf@@AAEXKK@Z 100156b0 f   LimitCrack.obj
 0001:000147a0       ?Sfx_mallocBufSizeRouter@@YGHPAUtagInlineX86StackBuffer@@@Z 100157a0 f   LimitCrack.obj
 0001:000147c0       ??0IncreaseSfxLimit@@QAE@K@Z 100157c0 f   LimitCrack.obj
 0001:000147f0       ??1IncreaseSfxLimit@@QAE@XZ 100157f0 f   LimitCrack.obj
 0001:000148c0       ?SetNewLimit@IncreaseSfxLimit@@AAEXKK@Z 100158c0 f   LimitCrack.obj
 0001:00014a20       ??0AlliesWhiteboard@@QAE@XZ 10015a20 f   whiteboard.obj
 0001:00014c30       ??1AlliesWhiteboard@@QAE@XZ 10015c30 f   whiteboard.obj
 0001:00014d00       ?Blit@AlliesWhiteboard@@QAEXPAUIDirectDrawSurface@@@Z 10015d00 f   whiteboard.obj
 0001:00014d70       ?LockBlit@AlliesWhiteboard@@QAEXPADH@Z 10015d70 f   whiteboard.obj
 0001:00014fa0       ?Message@AlliesWhiteboard@@QAE_NPAUHWND__@@IIJ@Z 10015fa0 f   whiteboard.obj
 0001:00015a20       ??0GraphicText@@QAE@HHPADD@Z 10016a20 f i whiteboard.obj
 0001:00015af0       ??1GraphicElement@@UAE@XZ  10016af0 f i whiteboard.obj
 0001:00015b10       ??_GGraphicText@@UAEPAXI@Z 10016b10 f i whiteboard.obj
 0001:00015b10       ??_EGraphicText@@UAEPAXI@Z 10016b10 f i whiteboard.obj
 0001:00015b60       ??_GGraphicElement@@UAEPAXI@Z 10016b60 f i whiteboard.obj
 0001:00015b60       ??_EDeleteGraphic@@UAEPAXI@Z 10016b60 f i whiteboard.obj
 0001:00015b60       ??_EGraphicMoveText@@UAEPAXI@Z 10016b60 f i whiteboard.obj
 0001:00015b60       ??_EGraphicLine@@UAEPAXI@Z 10016b60 f i whiteboard.obj
 0001:00015b60       ??_GGraphicMoveText@@UAEPAXI@Z 10016b60 f i whiteboard.obj
 0001:00015b60       ??_GGraphicLine@@UAEPAXI@Z 10016b60 f i whiteboard.obj
 0001:00015b60       ??_EGraphicElement@@UAEPAXI@Z 10016b60 f i whiteboard.obj
 0001:00015b60       ??_GDeleteGraphic@@UAEPAXI@Z 10016b60 f i whiteboard.obj
 0001:00015b90       ?Set@AlliesWhiteboard@@QAEXH@Z 10016b90 f   whiteboard.obj
 0001:00015bb0       ?DrawTextInput@AlliesWhiteboard@@AAEXPAUIDirectDrawSurface@@@Z 10016bb0 f   whiteboard.obj
 0001:00015dd0       ?TextInputKeyDown@AlliesWhiteboard@@AAEXH@Z 10016dd0 f   whiteboard.obj
 0001:00015f90       ??0GraphicTextEdited@@QAE@HHPADD@Z 10016f90 f i whiteboard.obj
 0001:00016060       ??_EGraphicTextEdited@@UAEPAXI@Z 10017060 f i whiteboard.obj
 0001:00016060       ??_GGraphicTextEdited@@UAEPAXI@Z 10017060 f i whiteboard.obj
 0001:000160b0       ?TextInputChar@AlliesWhiteboard@@AAEXD@Z 100170b0 f   whiteboard.obj
 0001:00016130       ?AddTextMarker@AlliesWhiteboard@@AAEXXZ 10017130 f   whiteboard.obj
 0001:00016280       ?RestoreAll@AlliesWhiteboard@@AAEXXZ 10017280 f   whiteboard.obj
 0001:000162f0       ?DrawMarkers@AlliesWhiteboard@@AAEXPAUIDirectDrawSurface@@@Z 100172f0 f   whiteboard.obj
 0001:00016470       ?DrawMinimapMarkers@AlliesWhiteboard@@QAEXPADH_N@Z 10017470 f   whiteboard.obj
 0001:00016c40       ?GetMarkers@AlliesWhiteboard@@QAEXPAUMarkerArray@@@Z 10017c40 f   whiteboard.obj
 0001:00016e20       ?DrawTextMarker@AlliesWhiteboard@@AAEXPAUIDirectDrawSurface@@HHPADD@Z 10017e20 f   whiteboard.obj
 0001:00016f90       ?DeleteMarker@AlliesWhiteboard@@AAEXHH@Z 10017f90 f   whiteboard.obj
 0001:00017030       ?EreaseArea@AlliesWhiteboard@@AAEXHH@Z 10018030 f   whiteboard.obj
 0001:00017100       ?MouseMove@AlliesWhiteboard@@AAEXHHHH@Z 10018100 f   whiteboard.obj
 0001:000172c0       ?ReceiveMarkers@AlliesWhiteboard@@AAEXXZ 100182c0 f   whiteboard.obj
 0001:00017750       ?SendMarkers@AlliesWhiteboard@@AAEXXZ 10018750 f   whiteboard.obj
 0001:00018040       ?DrawLine@AlliesWhiteboard@@QAEXHHHHDPADH@Z 10019040 f   whiteboard.obj
 0001:00018150       ?DrawFreeLine@AlliesWhiteboard@@QAEXHHHHDPADH@Z 10019150 f   whiteboard.obj
 0001:000181a0       ?EchoMarker@AlliesWhiteboard@@AAEXPAD@Z 100191a0 f   whiteboard.obj
 0001:00018200       ?GetTextElementAt@AlliesWhiteboard@@AAEPAVGraphicElement@@HHH@Z 10019200 f   whiteboard.obj
 0001:00018320       ?ScrollToCenter@CIdleUnits@@AAEXHH@Z 10019320 f   idlevillager.obj
 0001:00018320       ?ScrollToCenter@AlliesWhiteboard@@QAEXHH@Z 10019320 f   whiteboard.obj
 0001:000183e0       ?DrawRotateRect@AlliesWhiteboard@@AAEXHHHPADH@Z 100193e0 f   whiteboard.obj
 0001:00018650       ?Clip_Line@AlliesWhiteboard@@QAEHAAH000@Z 10019650 f   whiteboard.obj
 0001:00019120       ?Draw_Line@AlliesWhiteboard@@QAEHHHHHEPAEH@Z 1001a120 f   whiteboard.obj
 0001:00019260       ?GenerateLookupTables@AlliesWhiteboard@@AAEXXZ 1001a260 f   whiteboard.obj
 0001:000192f0       ?push_back@?$deque@PAVGraphicElement@@V?$allocator@PAVGraphicElement@@@std@@@std@@QAEX$$QAPAVGraphicElement@@@Z 1001a2f0 f i whiteboard.obj
 0001:000193d0       ??1?$deque@PAVGraphicElement@@V?$allocator@PAVGraphicElement@@@std@@@std@@QAE@XZ 1001a3d0 f i whiteboard.obj
 0001:00019450       ?pop_front@?$deque@PAVGraphicElement@@V?$allocator@PAVGraphicElement@@@std@@@std@@QAEXXZ 1001a450 f i whiteboard.obj
 0001:00019510       ??1?$deque@UMMHS@AlliesWhiteboard@@V?$allocator@UMMHS@AlliesWhiteboard@@@std@@@std@@QAE@XZ 1001a510 f i whiteboard.obj
 0001:00019590       ?back@?$deque@UMMHS@AlliesWhiteboard@@V?$allocator@UMMHS@AlliesWhiteboard@@@std@@@std@@QAEAAUMMHS@AlliesWhiteboard@@XZ 1001a590 f i whiteboard.obj
 0001:00019620       ?push_front@?$deque@UMMHS@AlliesWhiteboard@@V?$allocator@UMMHS@AlliesWhiteboard@@@std@@@std@@QAEXABUMMHS@AlliesWhiteboard@@@Z 1001a620 f i whiteboard.obj
 0001:00019740       ?pop_back@?$deque@UMMHS@AlliesWhiteboard@@V?$allocator@UMMHS@AlliesWhiteboard@@@std@@@std@@QAEXXZ 1001a740 f i whiteboard.obj
 0001:000197f0       ??1?$vector@PAVRegDword@@V?$allocator@PAVRegDword@@@std@@@std@@QAE@XZ 1001a7f0 f i TAConfig.obj
 0001:000197f0       ??1?$vector@PAVRegString@@V?$allocator@PAVRegString@@@std@@@std@@QAE@XZ 1001a7f0 f i TAConfig.obj
 0001:000197f0       ??1?$vector@PADV?$allocator@PAD@std@@@std@@QAE@XZ 1001a7f0 f i UnicodeSupport.obj
 0001:000197f0       ??1?$vector@PAVGraphicElement@@V?$allocator@PAVGraphicElement@@@std@@@std@@QAE@XZ 1001a7f0 f i whiteboard.obj
 0001:00019840       ?_Growmap@?$deque@PAVGraphicElement@@V?$allocator@PAVGraphicElement@@@std@@@std@@IAEXI@Z 1001a840 f i whiteboard.obj
 0001:00019bf0       ?_Tidy@?$deque@PAVGraphicElement@@V?$allocator@PAVGraphicElement@@@std@@@std@@IAEXXZ 1001abf0 f i whiteboard.obj
 0001:00019cc0       ?end@?$deque@UMMHS@AlliesWhiteboard@@V?$allocator@UMMHS@AlliesWhiteboard@@@std@@@std@@QAE?AV?$_Deque_iterator@UMMHS@AlliesWhiteboard@@V?$allocator@UMMHS@AlliesWhiteboard@@@std@@@2@XZ 1001acc0 f i whiteboard.obj
 0001:00019d30       ?_Growmap@?$deque@UMMHS@AlliesWhiteboard@@V?$allocator@UMMHS@AlliesWhiteboard@@@std@@@std@@IAEXI@Z 1001ad30 f i whiteboard.obj
 0001:0001a0d0       ?_Tidy@?$deque@UMMHS@AlliesWhiteboard@@V?$allocator@UMMHS@AlliesWhiteboard@@@std@@@std@@IAEXXZ 1001b0d0 f i whiteboard.obj
 0001:0001a1a0       ??1?$_Deque_val@UMMHS@AlliesWhiteboard@@V?$allocator@UMMHS@AlliesWhiteboard@@@std@@@std@@QAE@XZ 1001b1a0 f i whiteboard.obj
 0001:0001a1a0       ??1?$_Deque_val@PAVGraphicElement@@V?$allocator@PAVGraphicElement@@@std@@@std@@QAE@XZ 1001b1a0 f i whiteboard.obj
 0001:0001a1a0       ??1?$_Deque_val@UTAShareMemStruct@CDDDTA@@V?$allocator@UTAShareMemStruct@CDDDTA@@@std@@@std@@QAE@XZ 1001b1a0 f i dddta.obj
 0001:0001a220       ?_Assign_rv@?$vector@PAVGraphicElement@@V?$allocator@PAVGraphicElement@@@std@@@std@@QAEX$$QAV12@@Z 1001b220 f i whiteboard.obj
 0001:0001a310       ?Draw@GraphicText@@UAEXXZ  1001b310 f i whiteboard.obj
 0001:0001a310       ??1CChangeQueue@@QAE@XZ    1001b310 f i changequeue.obj
 0001:0001a310       ??1?$_Deque_iterator@UMMHS@AlliesWhiteboard@@V?$allocator@UMMHS@AlliesWhiteboard@@@std@@@std@@QAE@XZ 1001b310 f i whiteboard.obj
 0001:0001a310       ??1?$_Deque_iterator@UTAShareMemStruct@CDDDTA@@V?$allocator@UTAShareMemStruct@CDDDTA@@@std@@@std@@QAE@XZ 1001b310 f i dddta.obj
 0001:0001a310       ??1?$_Vector_val@PADV?$allocator@PAD@std@@@std@@QAE@XZ 1001b310 f i UnicodeSupport.obj
 0001:0001a310       ?Erase@PCX@@QAEXXZ         1001b310 f i PCX.obj
 0001:0001a310       ??1_TAHPI@@QAE@XZ          1001b310 f i HPIfunc.obj
 0001:0001a310       ?SetVisibleList@Dialog@@AAEXXZ 1001b310 f i dialog.obj
 0001:0001a310       ??1?$_Vector_val@PAVRegDword@@V?$allocator@PAVRegDword@@@std@@@std@@QAE@XZ 1001b310 f i TAConfig.obj
 0001:0001a310       ?Draw@GraphicElement@@UAEXXZ 1001b310 f i whiteboard.obj
 0001:0001a310       ??1_Container_base12@std@@QAE@XZ 1001b310 f i dddta.obj
 0001:0001a310       ??1?$_Deque_iterator@PAVGraphicElement@@V?$allocator@PAVGraphicElement@@@std@@@std@@QAE@XZ 1001b310 f i whiteboard.obj
 0001:0001a310       ??1?$_Vector_val@PAVRegString@@V?$allocator@PAVRegString@@@std@@@std@@QAE@XZ 1001b310 f i TAConfig.obj
 0001:0001a310       ?Draw@GraphicLine@@UAEXXZ  1001b310 f i whiteboard.obj
 0001:0001a310       ??1?$_Vector_val@PAVGraphicElement@@V?$allocator@PAVGraphicElement@@@std@@@std@@QAE@XZ 1001b310 f i whiteboard.obj
 0001:0001a320       ??H?$_Deque_iterator@UTAShareMemStruct@CDDDTA@@V?$allocator@UTAShareMemStruct@CDDDTA@@@std@@@std@@QBE?AV01@H@Z 1001b320 f i dddta.obj
 0001:0001a320       ??H?$_Deque_iterator@UMMHS@AlliesWhiteboard@@V?$allocator@UMMHS@AlliesWhiteboard@@@std@@@std@@QBE?AV01@H@Z 1001b320 f i whiteboard.obj
 0001:0001a3d0       ??G?$_Deque_iterator@UMMHS@AlliesWhiteboard@@V?$allocator@UMMHS@AlliesWhiteboard@@@std@@@std@@QBE?AV01@H@Z 1001b3d0 f i whiteboard.obj
 0001:0001a480       ?pop_back@?$deque@PAVGraphicElement@@V?$allocator@PAVGraphicElement@@@std@@@std@@QAEXXZ 1001b480 f i whiteboard.obj
 0001:0001a530       ?clear@?$vector@PAVGraphicElement@@V?$allocator@PAVGraphicElement@@@std@@@std@@QAEXXZ 1001b530 f i whiteboard.obj
 0001:0001a580       ??D?$_Deque_const_iterator@PAVGraphicElement@@V?$allocator@PAVGraphicElement@@@std@@@std@@QBEABQAVGraphicElement@@XZ 1001b580 f i whiteboard.obj
 0001:0001a600       ??D?$_Deque_const_iterator@UMMHS@AlliesWhiteboard@@V?$allocator@UMMHS@AlliesWhiteboard@@@std@@@std@@QBEABUMMHS@AlliesWhiteboard@@XZ 1001b600 f i whiteboard.obj
 0001:0001a680       ?erase@?$vector@PAVGraphicElement@@V?$allocator@PAVGraphicElement@@@std@@@std@@QAE?AV?$_Vector_iterator@V?$_Vector_val@PAVGraphicElement@@V?$allocator@PAVGraphicElement@@@std@@@std@@@2@V?$_Vector_const_iterator@V?$_Vector_val@PAVGraphicElement@@V?$allocator@PAVGraphicElement@@@std@@@std@@@2@0@Z 1001b680 f i whiteboard.obj
 0001:0001a730       ??$_Cons_val@V?$allocator@UMMHS@AlliesWhiteboard@@@std@@UMMHS@AlliesWhiteboard@@ABU34@@std@@YGXAAV?$allocator@UMMHS@AlliesWhiteboard@@@0@PAUMMHS@AlliesWhiteboard@@ABU23@@Z 1001b730 f i whiteboard.obj
 0001:0001a780       ??$_Allocate@PAUTAShareMemStruct@CDDDTA@@@std@@YGPAPAUTAShareMemStruct@CDDDTA@@IPAPAU12@@Z 1001b780 f i dddta.obj
 0001:0001a780       ??$_Allocate@PAPAVGraphicElement@@@std@@YGPAPAPAVGraphicElement@@IPAPAPAV1@@Z 1001b780 f i whiteboard.obj
 0001:0001a780       ??$_Allocate@PAVGraphicElement@@@std@@YGPAPAVGraphicElement@@IPAPAV1@@Z 1001b780 f i whiteboard.obj
 0001:0001a780       ??$_Allocate@PAVRegString@@@std@@YGPAPAVRegString@@IPAPAV1@@Z 1001b780 f i TAConfig.obj
 0001:0001a780       ??$_Allocate@PAVRegDword@@@std@@YGPAPAVRegDword@@IPAPAV1@@Z 1001b780 f i TAConfig.obj
 0001:0001a780       ??$_Allocate@PAUMMHS@AlliesWhiteboard@@@std@@YGPAPAUMMHS@AlliesWhiteboard@@IPAPAU12@@Z 1001b780 f i whiteboard.obj
 0001:0001a780       ??$_Allocate@PAD@std@@YGPAPADIPAPAD@Z 1001b780 f i UnicodeSupport.obj
 0001:0001a7f0       ??0PCX@@QAE@XZ             1001b7f0 f   PCX.obj
 0001:0001a830       ??1PCX@@QAE@XZ             1001b830 f   PCX.obj
 0001:0001a870       ?SetBuffer@PCX@@QAEPAEPAE@Z 1001b870 f   PCX.obj
 0001:0001a8a0       ?WriteLine@PCX@@AAEPAEPAEK@Z 1001b8a0 f   PCX.obj
 0001:0001aa20       ?Save@PCX@@QAEHPBD@Z       1001ba20 f   PCX.obj
 0001:0001ad10       ?NewBuffer@PCX@@QAEPAEFF@Z 1001bd10 f   PCX.obj
 0001:0001ad80       ?CreateSurfPCXResource@@YGPAUIDirectDrawSurface@@G_N@Z 1001bd80 f   pcxread.obj
 0001:0001afd0       ?RestoreFromPCX@@YGXGPAUIDirectDrawSurface@@@Z 1001bfd0 f   pcxread.obj
 0001:0001b190       ?PCX2BitMap@@YGXPAEPAUpcx_picture_typ@@J@Z 1001c190 f   pcxread.obj
 0001:0001b390       _X86ShallToRedirect@20     1001c390 f   etc.obj
 0001:0001b610       _X86RedirectOpcodeToNewBase@16 1001c610 f   etc.obj
 0001:0001b9b0       _GetMinValidLenWithMatchOpcode@8 1001c9b0 f   etc.obj
 0001:0001b9f0       _MemWriteWithBackup@16     1001c9f0 f   etc.obj
 0001:0001bae0       _GetOpCodeSize@4           1001cae0 f   etc.obj
 0001:0001bd90       _trim_crlf_@4              1001cd90 f   etc.obj
 0001:0001be80       _RegWriteData@24           1001ce80 f   etc.obj
 0001:0001bf20       _RegWriteDword@16          1001cf20 f   etc.obj
 0001:0001bf40       _RegWriteStr@20            1001cf40 f   etc.obj
 0001:0001bf70       _CalcCRC@8                 1001cf70 f   etc.obj
 0001:0001c030       _duplicate_str@4           1001d030 f   etc.obj
 0001:0001c090       ??0SingleHook@@QAE@XZ      1001d090 f   Hook.obj
 0001:0001c0c0       ??0SingleHook@@QAE@PAEKH0@Z 1001d0c0 f   Hook.obj
 0001:0001c0c0       ??0SingleHook@@QAE@IKHPAE@Z 1001d0c0 f   Hook.obj
 0001:0001c100       ??1SingleHook@@QAE@XZ      1001d100 f   Hook.obj
 0001:0001c170       ?Hook@SingleHook@@UAEXXZ   1001d170 f   Hook.obj
 0001:0001c1b0       ?UnHook@SingleHook@@UAEXXZ 1001d1b0 f   Hook.obj
 0001:0001c1f0       ?AddrToHook@SingleHook@@UAEPAXPAX@Z 1001d1f0 f   Hook.obj
 0001:0001c210       ?ThisHookMode@SingleHook@@UAEHH@Z 1001d210 f   Hook.obj
 0001:0001c230       ?ThisHookMode@SingleHook@@UAE?BHXZ 1001d230 f   Hook.obj
 0001:0001c250       ?LenToHook@SingleHook@@UAEKK@Z 1001d250 f   Hook.obj
 0001:0001c270       ?InitHookClass@SingleHook@@UAEXPAEKH0@Z 1001d270 f   Hook.obj
 0001:0001c3e0       ?X86InlineHookRouter@@YGXXZ 1001d3e0 f   InlineHook.obj
 0001:0001c4b0       ?X86CurrentThreadStackBufferFixRtnAddr@@YGPAUtagInlineX86StackBuffer@@PAPAU1@@Z 1001d4b0 f   InlineHook.obj
 0001:0001c560       ?X86CurrentThreadStackBuffer@@YGPAUtagInlineX86StackBuffer@@PAPAU1@@Z 1001d560 f   InlineHook.obj
 0001:0001c5f0       ??0InlineSingleHook@@QAE@IKHP6GHPAUtagInlineX86StackBuffer@@@Z@Z 1001d5f0 f   InlineHook.obj
 0001:0001c680       ??1InlineSingleHook@@QAE@XZ 1001d680 f   InlineHook.obj
 0001:0001c790       ?InitHookClass@InlineSingleHook@@AAEXQAEKHPAX1@Z 1001d790 f   InlineHook.obj
 0001:0001ca70       ?Hook@InlineSingleHook@@UAEXXZ 1001da70 f   InlineHook.obj
 0001:0001cb50       ?RtnAddrOfHook@InlineSingleHook@@QAEQAXXZ 1001db50 f   InlineHook.obj
 0001:0001cb70       ??0CElementHandler@@QAE@XZ 1001db70 f   ElementHandler.obj
 0001:0001cbb0       ??_GCElementHandler@@UAEPAXI@Z 1001dbb0 f i ElementHandler.obj
 0001:0001cbb0       ??_ECElementHandler@@UAEPAXI@Z 1001dbb0 f i ElementHandler.obj
 0001:0001cbe0       ??1CElementHandler@@UAE@XZ 1001dbe0 f   ElementHandler.obj
 0001:0001cd60       ?AddElement@CElementHandler@@QAEXPAVGraphicElement@@@Z 1001dd60 f   ElementHandler.obj
 0001:0001cdd0       ?DeleteOn@CElementHandler@@QAEXHH@Z 1001ddd0 f   ElementHandler.obj
 0001:0001ce10       ?DeleteBetween@CElementHandler@@QAEXHHHH@Z 1001de10 f   ElementHandler.obj
 0001:0001d080       ?GetArea@CElementHandler@@QAE?AV?$vector@PAVGraphicElement@@V?$allocator@PAVGraphicElement@@@std@@@std@@HHHH@Z 1001e080 f   ElementHandler.obj
 0001:0001d330       ?MoveTextElement@CElementHandler@@QAEPAVGraphicElement@@PAV2@HH@Z 1001e330 f   ElementHandler.obj
 0001:0001d4a0       ??0?$list@PAVGraphicElement@@V?$allocator@PAVGraphicElement@@@std@@@std@@QAE@XZ 1001e4a0 f i ElementHandler.obj
 0001:0001d500       ??1?$list@PAVGraphicElement@@V?$allocator@PAVGraphicElement@@@std@@@std@@QAE@XZ 1001e500 f i ElementHandler.obj
 0001:0001d570       ?erase@?$list@PAVGraphicElement@@V?$allocator@PAVGraphicElement@@@std@@@std@@QAE?AV?$_List_iterator@V?$_List_val@PAVGraphicElement@@V?$allocator@PAVGraphicElement@@@std@@@std@@@2@V?$_List_const_iterator@V?$_List_val@PAVGraphicElement@@V?$allocator@PAVGraphicElement@@@std@@@std@@@2@@Z 1001e570 f i ElementHandler.obj
 0001:0001d600       ?remove@?$list@PAVGraphicElement@@V?$allocator@PAVGraphicElement@@@std@@@std@@QAEXABQAVGraphicElement@@@Z 1001e600 f i ElementHandler.obj
 0001:0001d6a0       ?back@?$vector@PAVGraphicElement@@V?$allocator@PAVGraphicElement@@@std@@@std@@QAEAAPAVGraphicElement@@XZ 1001e6a0 f i ElementHandler.obj
 0001:0001d6e0       ?_Insert@?$list@PAVGraphicElement@@V?$allocator@PAVGraphicElement@@@std@@@std@@QAEXV?$_List_const_iterator@V?$_List_val@PAVGraphicElement@@V?$allocator@PAVGraphicElement@@@std@@@std@@@2@ABQAVGraphicElement@@@Z 1001e6e0 f i ElementHandler.obj
 0001:0001d770       ??1?$_List_val@PAVGraphicElement@@V?$allocator@PAVGraphicElement@@@std@@@std@@QAE@XZ 1001e770 f i ElementHandler.obj
 0001:0001d7a0       ?clear@?$list@PAVGraphicElement@@V?$allocator@PAVGraphicElement@@@std@@@std@@QAEXXZ 1001e7a0 f i ElementHandler.obj
 0001:0001d820       ?_Buynode@?$_List_val@PAVGraphicElement@@V?$allocator@PAVGraphicElement@@@std@@@std@@QAEPAU_Node@?$_List_nod@PAVGraphicElement@@V?$allocator@PAVGraphicElement@@@std@@@2@PAU342@0ABQAVGraphicElement@@@Z 1001e820 f i ElementHandler.obj
 0001:0001d8d0       ??$_Cons_val@V?$allocator@PAVRegDword@@@std@@PAVRegDword@@AAPAV3@@std@@YGXAAV?$allocator@PAVRegDword@@@0@PAPAVRegDword@@AAPAV2@@Z 1001e8d0 f i TAConfig.obj
 0001:0001d8d0       ??$_Cons_val@V?$allocator@PAVGraphicElement@@@std@@PAVGraphicElement@@PAV3@@std@@YGXAAV?$allocator@PAVGraphicElement@@@0@PAPAVGraphicElement@@$$QAPAV2@@Z 1001e8d0 f i whiteboard.obj
 0001:0001d8d0       ??$_Cons_val@V?$allocator@PAVGraphicElement@@@std@@PAVGraphicElement@@AAPAV3@@std@@YGXAAV?$allocator@PAVGraphicElement@@@0@PAPAVGraphicElement@@AAPAV2@@Z 1001e8d0 f i ElementHandler.obj
 0001:0001d8d0       ??$_Cons_val@V?$allocator@PAVRegString@@@std@@PAVRegString@@AAPAV3@@std@@YGXAAV?$allocator@PAVRegString@@@0@PAPAVRegString@@AAPAV2@@Z 1001e8d0 f i TAConfig.obj
 0001:0001d8d0       ??$_Cons_val@V?$allocator@PAD@std@@PADPAD@std@@YGXAAV?$allocator@PAD@0@PAPAD$$QAPAD@Z 1001e8d0 f i UnicodeSupport.obj
 0001:0001d910       ??$_Cons_val@V?$allocator@PAVRegDword@@@std@@PAVRegDword@@ABQAV3@@std@@YGXAAV?$allocator@PAVRegDword@@@0@PAPAVRegDword@@ABQAV2@@Z 1001e910 f i TAConfig.obj
 0001:0001d910       ??$_Cons_val@V?$allocator@PAVRegString@@@std@@PAVRegString@@ABQAV3@@std@@YGXAAV?$allocator@PAVRegString@@@0@PAPAVRegString@@ABQAV2@@Z 1001e910 f i TAConfig.obj
 0001:0001d910       ??$_Cons_val@V?$allocator@PAVGraphicElement@@@std@@PAVGraphicElement@@ABQAV3@@std@@YGXAAV?$allocator@PAVGraphicElement@@@0@PAPAVGraphicElement@@ABQAV2@@Z 1001e910 f i ElementHandler.obj
 0001:0001d950       ??$_Allocate@U_Node@?$_List_nod@PAVGraphicElement@@V?$allocator@PAVGraphicElement@@@std@@@std@@@std@@YGPAU_Node@?$_List_nod@PAVGraphicElement@@V?$allocator@PAVGraphicElement@@@std@@@0@IPAU120@@Z 1001e950 f i ElementHandler.obj
 0001:0001d950       ??$_Allocate@UMMHS@AlliesWhiteboard@@@std@@YGPAUMMHS@AlliesWhiteboard@@IPAU12@@Z 1001e950 f i whiteboard.obj
 0001:0001d9c0       ??0logic_error@std@@QAE@ABV01@@Z 1001e9c0 f i xthrow.obj
 0001:0001d9f0       ?_Xlength_error@std@@YAXPBD@Z 1001e9f0 f   xthrow.obj
 0001:0001da30       ??_Glogic_error@std@@UAEPAXI@Z 1001ea30 f i xthrow.obj
 0001:0001da30       ??_Elogic_error@std@@UAEPAXI@Z 1001ea30 f i xthrow.obj
 0001:0001da30       ??_Elength_error@std@@UAEPAXI@Z 1001ea30 f i xthrow.obj
 0001:0001da30       ??_Glength_error@std@@UAEPAXI@Z 1001ea30 f i xthrow.obj
 0001:0001da60       ??1length_error@std@@UAE@XZ 1001ea60 f i xthrow.obj
 0001:0001da80       ??0length_error@std@@QAE@ABV01@@Z 1001ea80 f i xthrow.obj
 0001:0001daae       _ImmAssociateContext@8     1001eaae f   imm32:IMM32.dll
 0001:0001dab4       _ImmEscapeA@16             1001eab4 f   imm32:IMM32.dll
 0001:0001daba       _ImmIsIME@4                1001eaba f   imm32:IMM32.dll
 0001:0001dac0       _ImmGetCandidateListA@16   1001eac0 f   imm32:IMM32.dll
 0001:0001dac6       _ImmGetCompositionStringA@16 1001eac6 f   imm32:IMM32.dll
 0001:0001dacc       ??_U@YAPAXI@Z              1001eacc f   libcpmt:newaop.obj
 0001:0001dad7       ??3@YAXPAX@Z               1001ead7 f   LIBCMT:delete.obj
 0001:0001dae2       ??2@YAPAXI@Z               1001eae2 f   LIBCMT:new.obj
 0001:0001db62       ?_JumpToContinuation@@YGXPAXPAUEHRegistrationNode@@@Z 1001eb62 f   LIBCMT:_trnsctrl_.obj
 0001:0001db94       ?_CallMemberFunction2@@YGXPAX00H@Z 1001eb94 f   LIBCMT:_trnsctrl_.obj
 0001:0001db94       ?_CallMemberFunction1@@YGXPAX00@Z 1001eb94 f   LIBCMT:_trnsctrl_.obj
 0001:0001db94       ?_CallMemberFunction0@@YGXPAX0@Z 1001eb94 f   LIBCMT:_trnsctrl_.obj
 0001:0001db9b       ?_UnwindNestedFrames@@YGXPAUEHRegistrationNode@@PAUEHExceptionRecord@@@Z 1001eb9b f   LIBCMT:_trnsctrl_.obj
 0001:0001dbef       ___CxxFrameHandler3        1001ebef f   LIBCMT:_trnsctrl_.obj
 0001:0001dc58       ?_CallSETranslator@@YAHPAUEHExceptionRecord@@PAUEHRegistrationNode@@PAX2PBU_s_FuncInfo@@H1@Z 1001ec58 f   LIBCMT:_trnsctrl_.obj
 0001:0001ddce       ?_GetRangeOfTrysToCheck@@YAPBU_s_TryBlockMapEntry@@PBU_s_FuncInfo@@HHPAI1@Z 1001edce f   LIBCMT:_trnsctrl_.obj
 0001:0001de41       __CreateFrameInfo          1001ee41 f   LIBCMT:_trnsctrl_.obj
 0001:0001de6d       __IsExceptionObjectToBeDestroyed 1001ee6d f   LIBCMT:_trnsctrl_.obj
 0001:0001de94       __FindAndUnlinkFrame       1001ee94 f   LIBCMT:_trnsctrl_.obj
 0001:0001dee6       ?_CallCatchBlock2@@YAPAXPAUEHRegistrationNode@@PBU_s_FuncInfo@@PAXHK@Z 1001eee6 f   LIBCMT:_trnsctrl_.obj
 0001:0001df46       @__security_check_cookie@4 1001ef46 f   LIBCMT:secchk.obj
 0001:0001df55       __RTC_InitBase             1001ef55 f   LIBCMT:_init_.obj
 0001:0001df7b       __RTC_Shutdown             1001ef7b f   LIBCMT:_init_.obj
 0001:0001df90       _memset                    1001ef90 f   LIBCMT:memset.obj
 0001:0001e00a       @_RTC_Check_4_to_1@4       1001f00a f   LIBCMT:_convert_.obj
 0001:0001e032       @_RTC_Check_4_to_2@4       1001f032 f   LIBCMT:_convert_.obj
 0001:0001e060       __except_handler4          1001f060 f   LIBCMT:chandler4.obj
 0001:0001e1ef       __cfltcvt_init             1001f1ef f   LIBCMT:_fpinit_.obj
 0001:0001e24f       __fpmath                   1001f24f f   LIBCMT:_fpinit_.obj
 0001:0001e270       _memcpy                    1001f270 f   LIBCMT:memcpy.obj
 0001:0001e5d1       _sprintf_s                 1001f5d1 f   LIBCMT:sprintf.obj
 0001:0001e5ef       ??1type_info@@UAE@XZ       1001f5ef f   LIBCMT:typinfo.obj
 0001:0001e5ff       ??_Gtype_info@@UAEPAXI@Z   1001f5ff f i LIBCMT:typinfo.obj
 0001:0001e5ff       ??_Etype_info@@UAEPAXI@Z   1001f5ff f i LIBCMT:typinfo.obj
 0001:0001e620       ??8type_info@@QBE_NABV0@@Z 1001f620 f   LIBCMT:typinfo.obj
 0001:0001e640       _strlen                    1001f640 f   LIBCMT:strlen.obj
 0001:0001e6cb       ??0_LocaleUpdate@@QAE@PAUlocaleinfo_struct@@@Z 1001f6cb f i LIBCMT:strftime.obj
 0001:0001e752       __freea                    1001f752 f i LIBCMT:strftime.obj
 0001:0001f01f       __Strftime_l               1002001f f   LIBCMT:strftime.obj
 0001:0001f1ab       _strftime                  100201ab f   LIBCMT:strftime.obj
 0001:0001f1ca       __localtime64_s            100201ca f   LIBCMT:loctim64.obj
 0001:0001f452       __time64                   10020452 f   LIBCMT:time64.obj
 0001:0001f4b0       _strstr                    100204b0 f   LIBCMT:strstr.obj
 0001:0001f550       _strchr                    10020550 f   LIBCMT:strchr.obj
 0001:0001f556       ___from_strstr_to_strchr   10020556     LIBCMT:strchr.obj
 0001:0001f60e       _memcmp                    1002060e f   LIBCMT:memcmp.obj
 0001:00020b62       __CxxThrowException@8      10021b62 f   LIBCMT:throw.obj
 0001:00020bb0       __ftol2_sse                10021bb0 f   LIBCMT:ftol2.obj
 0001:00020bb9       __ftol2_pentium4           10021bb9 f   LIBCMT:ftol2.obj
 0001:00020bcc       __ftol2_sse_excpt          10021bcc f   LIBCMT:ftol2.obj
 0001:00020be6       __ftol2                    10021be6 f   LIBCMT:ftol2.obj
 0001:00020c60       _memmove                   10021c60 f   LIBCMT:memmove.obj
 0001:00020fc1       ??0exception@std@@QAE@ABQBDH@Z 10021fc1 f   LIBCMT:stdexcpt.obj
 0001:00020fde       ?what@exception@std@@UBEPBDXZ 10021fde f   LIBCMT:stdexcpt.obj
 0001:00020feb       ?_Copy_str@exception@std@@AAEXPBD@Z 10021feb f   LIBCMT:stdexcpt.obj
 0001:0002102b       ?_Tidy@exception@std@@AAEXXZ 1002202b f   LIBCMT:stdexcpt.obj
 0001:00021049       ??0exception@std@@QAE@ABQBD@Z 10022049 f   LIBCMT:stdexcpt.obj
 0001:00021070       ??4exception@std@@QAEAAV01@ABV01@@Z 10022070 f   LIBCMT:stdexcpt.obj
 0001:000210a5       ??1exception@std@@UAE@XZ   100220a5 f   LIBCMT:stdexcpt.obj
 0001:000210b0       ??_Eexception@std@@UAEPAXI@Z 100220b0 f i LIBCMT:stdexcpt.obj
 0001:000210b0       ??_Gexception@std@@UAEPAXI@Z 100220b0 f i LIBCMT:stdexcpt.obj
 0001:000210d7       ??0exception@std@@QAE@ABV01@@Z 100220d7 f   LIBCMT:stdexcpt.obj
 0001:000210fc       __vsnprintf_helper         100220fc f   LIBCMT:vsnprnc.obj
 0001:000211c6       __vsprintf_s_l             100221c6 f   LIBCMT:vsnprnc.obj
 0001:0002123d       _vsprintf_s                1002223d f   LIBCMT:vsnprnc.obj
 0001:0002125a       _atol                      1002225a f   LIBCMT:atox.obj
 0001:00021270       _atoi                      10022270 f   LIBCMT:atox.obj
 0001:0002127b       _strcpy_s                  1002227b f   LIBCMT:strcpy_s.obj
 0001:000212da       _strcat_s                  100222da f   LIBCMT:strcat_s.obj
 0001:00021347       __splitpath_s              10022347 f   LIBCMT:splitpath_s.obj
 0001:00021544       ?_strlwr_s_l_stat@@YAHPADIPAUlocaleinfo_struct@@@Z 10022544 f   LIBCMT:strlwr.obj
 0001:000216c2       __strlwr_s_l               100226c2 f   LIBCMT:strlwr.obj
 0001:000216f6       __strlwr_s                 100226f6 f   LIBCMT:strlwr.obj
 0001:00021938       _strtol                    10022938 f   LIBCMT:strtol.obj
 0001:00021963       __strtol_l                 10022963 f   LIBCMT:strtol.obj
 0001:00021980       _strncmp                   10022980 f   LIBCMT:strncmp.obj
 0001:00021bb4       __strupr_s_l               10022bb4 f   LIBCMT:strupr.obj
 0001:00021be9       __strupr_s                 10022be9 f   LIBCMT:strupr.obj
 0001:00021c00       _strcmp                    10022c00 f   LIBCMT:strcmp.obj
 0001:00021c88       _free                      10022c88 f   LIBCMT:free.obj
 0001:00021cc2       _malloc                    10022cc2 f   LIBCMT:malloc.obj
 0001:00021d56       _memcpy_s                  10022d56 f   LIBCMT:memcpy_s.obj
 0001:00021dcb       _strnlen                   10022dcb f   LIBCMT:strlen_s.obj
 0001:00021de8       ??_V@YAXPAX@Z              10022de8 f   LIBCMT:delete2.obj
 0001:00021df3       _abs                       10022df3 f   LIBCMT:abs.obj
 0001:00021e10       _sin                       10022e10 f   LIBCMT:_sin_.obj
 0001:00021e50       __CIsin                    10022e50 f   LIBCMT:_sin_.obj
 0001:00021e8b       __CIsin_default            10022e8b f   LIBCMT:_sin_.obj
 0001:00021e9f       __sin_default              10022e9f     LIBCMT:_sin_.obj
 0001:00021f40       _cos                       10022f40 f   LIBCMT:_cos_.obj
 0001:00021f80       __CIcos                    10022f80 f   LIBCMT:_cos_.obj
 0001:00021fbb       __CIcos_default            10022fbb f   LIBCMT:_cos_.obj
 0001:00021fcf       __cos_default              10022fcf     LIBCMT:_cos_.obj
 0001:00022069       ??_L@YGXPAXIHP6EX0@Z1@Z    10023069 f   LIBCMT:ehvecctr.obj
 0001:000220ce       ?__ArrayUnwind@@YGXPAXIHP6EX0@Z@Z 100230ce f   LIBCMT:ehvecdtr.obj
 0001:0002212c       ??_M@YGXPAXIHP6EX0@Z@Z     1002312c f   LIBCMT:ehvecdtr.obj
 0001:0002218f       __CRT_INIT@12              1002318f f   LIBCMT:dllcrt0.obj
 0001:000223e9       __DllMainCRTStartup@12     100233e9 f   LIBCMT:dllcrt0.obj
 0001:000224c2       ___onexitinit              100234c2 f   LIBCMT:onexit.obj
 0001:000224f3       __onexit                   100234f3 f   LIBCMT:onexit.obj
 0001:0002252f       _atexit                    1002352f f   LIBCMT:onexit.obj
 0001:00022546       __initp_heap_handler       10023546 f   LIBCMT:handler.obj
 0001:00022555       __callnewh                 10023555 f   LIBCMT:handler.obj
 0001:0002257d       ??1bad_exception@std@@UAE@XZ 1002357d f i LIBCMT:frame.obj
 0001:00022588       ??_Ebad_exception@std@@UAEPAXI@Z 10023588 f i LIBCMT:frame.obj
 0001:00022588       ??_Gbad_exception@std@@UAEPAXI@Z 10023588 f i LIBCMT:frame.obj
 0001:000225af       ___TypeMatch               100235af f   LIBCMT:frame.obj
 0001:0002260e       ___FrameUnwindFilter       1002360e f   LIBCMT:frame.obj
 0001:0002265d       ___FrameUnwindToState      1002365d f   LIBCMT:frame.obj
 0001:0002277e       ___DestructExceptionObject 1002377e f   LIBCMT:frame.obj
 0001:000227d3       ___AdjustPointer           100237d3 f   LIBCMT:frame.obj
 0001:00022a5c       ___BuildCatchObjectHelper  10023a5c f   LIBCMT:frame.obj
 0001:00022bdb       ___BuildCatchObject        10023bdb f   LIBCMT:frame.obj
 0001:00023157       ??0bad_exception@std@@QAE@ABV01@@Z 10024157 f i LIBCMT:frame.obj
 0001:00023174       ___InternalCxxFrameHandler 10024174 f   LIBCMT:frame.obj
 0001:0002325a       __encoded_null             1002425a f   LIBCMT:tidtable.obj
 0001:00023263       ___crtTlsAlloc@4           10024263 f   LIBCMT:tidtable.obj
 0001:0002326c       ___set_flsgetvalue         1002426c f   LIBCMT:tidtable.obj
 0001:000232a0       __mtterm                   100242a0 f   LIBCMT:tidtable.obj
 0001:000232dd       __initptd                  100242dd f   LIBCMT:tidtable.obj
 0001:00023391       __getptd_noexit            10024391 f   LIBCMT:tidtable.obj
 0001:0002340a       __getptd                   1002440a f   LIBCMT:tidtable.obj
 0001:00023424       __freefls@4                10024424 f   LIBCMT:tidtable.obj
 0001:00023553       __freeptd                  10024553 f   LIBCMT:tidtable.obj
 0001:000235c1       __mtinit                   100245c1 f   LIBCMT:tidtable.obj
 0001:0002373c       ?terminate@@YAXXZ          1002473c f   LIBCMT:hooks.obj
 0001:00023775       ?unexpected@@YAXXZ         10024775 f   LIBCMT:hooks.obj
 0001:00023788       ?_inconsistency@@YAXXZ     10024788 f   LIBCMT:hooks.obj
 0001:000237c0       __initp_eh_hooks           100247c0 f   LIBCMT:hooks.obj
 0001:000237e0       __CallSettingFrame@12      100247e0 f   LIBCMT:lowhelpr.obj
 0001:00023807       __NLG_Return               10024807     LIBCMT:lowhelpr.obj
 0001:0002382c       ___report_gsfailure        1002482c f   LIBCMT:gs_report.obj
 0001:00023932       __RTC_SetErrorFuncW        10024932 f   LIBCMT:_userapi_.obj
 0001:0002394e       ?_RTC_GetErrorFunc@@YAP6AHHPBDH00ZZPBX@Z 1002494e f   LIBCMT:_userapi_.obj
 0001:00023954       ?_RTC_GetErrorFuncW@@YAP6AHHPB_WH00ZZPBX@Z 10024954 f   LIBCMT:_userapi_.obj
 0001:0002395a       __VEC_memzero              1002495a f   LIBCMT:p4_memset.obj
 0001:00023a14       ___sse2_available_init     10024a14 f   LIBCMT:cpu_disp.obj
 0001:00023cdc       ?_RTC_Failure@@YAXPAXH@Z   10024cdc f   LIBCMT:_error_.obj
 0001:00023d20       __local_unwind4            10024d20 f   LIBCMT:exsup4.obj
 0001:00023df6       __seh_longjmp_unwind4@4    10024df6 f   LIBCMT:exsup4.obj
 0001:00023e12       @_EH4_CallFilterFunc@8     10024e12 f   LIBCMT:exsup4.obj
 0001:00023e29       @_EH4_TransferToHandler@8  10024e29 f   LIBCMT:exsup4.obj
 0001:00023e42       @_EH4_GlobalUnwind2@8      10024e42 f   LIBCMT:exsup4.obj
 0001:00023e5b       @_EH4_LocalUnwind@16       10024e5b f   LIBCMT:exsup4.obj
 0001:00023e80       __ValidateImageBase        10024e80 f   LIBCMT:pesect.obj
 0001:00023ec0       __FindPESection            10024ec0 f   LIBCMT:pesect.obj
 0001:00023f10       __IsNonwritableInCurrentImage 10024f10 f   LIBCMT:pesect.obj
 0001:00023fcc       __forcdecpt_l              10024fcc f   LIBCMT:cvt.obj
 0001:00024040       __cropzeros_l              10025040 f   LIBCMT:cvt.obj
 0001:000240c2       __positive                 100250c2 f   LIBCMT:cvt.obj
 0001:000240de       __fassign_l                100250de f   LIBCMT:cvt.obj
 0001:00024120       __fassign                  10025120 f   LIBCMT:cvt.obj
 0001:00024159       __forcdecpt                10025159 f   LIBCMT:cvt.obj
 0001:0002416c       __cropzeros                1002516c f   LIBCMT:cvt.obj
 0001:000242e0       __cftoe_l                  100252e0 f   LIBCMT:cvt.obj
 0001:000243a7       __cftoe                    100253a7 f   LIBCMT:cvt.obj
 0001:000243c7       __cftoa_l                  100253c7 f   LIBCMT:cvt.obj
 0001:00024840       __cftof_l                  10025840 f   LIBCMT:cvt.obj
 0001:00024901       __cftog_l                  10025901 f   LIBCMT:cvt.obj
 0001:000249ee       __cfltcvt_l                100259ee f   LIBCMT:cvt.obj
 0001:00024a76       __cfltcvt                  10025a76 f   LIBCMT:cvt.obj
 0001:00024a99       __initp_misc_cfltcvt_tab   10025a99 f   LIBCMT:cmiscdat.obj
 0001:00024abc       __setdefaultprecision      10025abc f   LIBCMT:fp8.obj
 0001:00024ae4       __VEC_memcpy               10025ae4 f   LIBCMT:p4_memcpy.obj
 0001:00024be7       __flsbuf                   10025be7 f   LIBCMT:_flsbuf.obj
 0001:00024d4b       __initp_misc_invarg        10025d4b f   LIBCMT:invarg.obj
 0001:00024d5a       __call_reportfault         10025d5a f   LIBCMT:invarg.obj
 0001:00024e83       __invoke_watson            10025e83 f   LIBCMT:invarg.obj
 0001:00024ea8       __invalid_parameter        10025ea8 f   LIBCMT:invarg.obj
 0001:00024ed5       __invalid_parameter_noinfo 10025ed5 f   LIBCMT:invarg.obj
 0001:00024ee5       __get_errno_from_oserr     10025ee5 f   LIBCMT:dosmap.obj
 0001:00024f27       __errno                    10025f27 f   LIBCMT:dosmap.obj
 0001:00024f3a       ___doserrno                10025f3a f   LIBCMT:dosmap.obj
 0001:00024f4d       __dosmaperr                10025f4d f   LIBCMT:dosmap.obj
 0001:00024f70       ?_Type_info_dtor@type_info@@CAXPAV1@@Z 10025f70 f   LIBCMT:typname.obj
 0001:00025203       ___updatetmbcinfo          10026203 f   LIBCMT:mbctype.obj
 0001:00025323       __setmbcp_nolock           10026323 f   LIBCMT:mbctype.obj
 0001:0002550c       __setmbcp                  1002650c f   LIBCMT:mbctype.obj
 0001:000256a6       ___initmbctable            100266a6 f   LIBCMT:mbctype.obj
 0001:000256c4       ___addlocaleref            100266c4 f   LIBCMT:localref.obj
 0001:00025753       ___removelocaleref         10026753 f   LIBCMT:localref.obj
 0001:000257ec       ___freetlocinfo            100267ec f   LIBCMT:localref.obj
 0001:00025937       __updatetlocinfoEx_nolock  10026937 f   LIBCMT:localref.obj
 0001:00025984       ___updatetlocinfo          10026984 f   LIBCMT:localref.obj
 0001:000259fd       __malloc_crt               100269fd f   LIBCMT:crtheap.obj
 0001:00025a42       __calloc_crt               10026a42 f   LIBCMT:crtheap.obj
 0001:00025a8e       __realloc_crt              10026a8e f   LIBCMT:crtheap.obj
 0001:00025adc       __recalloc_crt             10026adc f   LIBCMT:crtheap.obj
 0001:00025b2e       __get_daylight             10026b2e f   LIBCMT:timeset.obj
 0001:00025b5b       __get_dstbias              10026b5b f   LIBCMT:timeset.obj
 0001:00025b88       __get_timezone             10026b88 f   LIBCMT:timeset.obj
 0001:00025bb5       ___daylight                10026bb5 f   LIBCMT:timeset.obj
 0001:00025bbb       ___dstbias                 10026bbb f   LIBCMT:timeset.obj
 0001:00025bc1       ___timezone                10026bc1 f   LIBCMT:timeset.obj
 0001:00025bc7       ___tzname                  10026bc7 f   LIBCMT:timeset.obj
 0001:000262ae       ___tzset                   100272ae f   LIBCMT:tzset.obj
 0001:000262fd       __isindst                  100272fd f   LIBCMT:tzset.obj
 0001:0002633e       ___ascii_stricmp           1002733e f   LIBCMT:stricmp.obj
 0001:00026377       __isleadbyte_l             10027377 f i LIBCMT:_wctype.obj
 0001:000263af       _isleadbyte                100273af f i LIBCMT:_wctype.obj
 0001:000263d0       __alloca_probe_16          100273d0 f   LIBCMT:alloca16.obj
 0001:000263e6       __alloca_probe_8           100273e6     LIBCMT:alloca16.obj
 0001:000263fc       __gmtime64_s               100273fc f   LIBCMT:gmtime64.obj
 0001:00026640       __alldiv                   10027640 f   LIBCMT:lldiv.obj
 0001:000266f0       __allrem                   100276f0 f   LIBCMT:llrem.obj
 0001:000267b0       __aulldiv                  100277b0 f   LIBCMT:ulldiv.obj
 0001:000268bf       __output_s_l               100278bf f   LIBCMT:outputs.obj
 0001:000274e2       __ismbblead                100284e2 f   LIBCMT:ismbbyte.obj
 0001:000274fa       _strncpy_s                 100284fa f   LIBCMT:strncpy_s.obj
 0001:00027796       ___crtLCMapStringA         10028796 f   LIBCMT:a_map.obj
 0001:000277dc       __isctype_l                100287dc f   LIBCMT:isctype.obj
 0001:00027894       __heap_init                10028894 f   LIBCMT:heapinit.obj
 0001:000278b2       __heap_term                100288b2 f   LIBCMT:heapinit.obj
 0001:000278c6       ___crtCorExitProcess       100288c6 f   LIBCMT:crt0dat.obj
 0001:000278f1       ___crtExitProcess          100288f1 f   LIBCMT:crt0dat.obj
 0001:00027909       __lockexit                 10028909 f   LIBCMT:crt0dat.obj
 0001:00027912       __unlockexit               10028912 f   LIBCMT:crt0dat.obj
 0001:0002791b       __init_pointers            1002891b f   LIBCMT:crt0dat.obj
 0001:0002794e       __initterm_e               1002894e f   LIBCMT:crt0dat.obj
 0001:00027972       __cinit                    10028972 f   LIBCMT:crt0dat.obj
 0001:00027b49       __exit                     10028b49 f   LIBCMT:crt0dat.obj
 0001:00027b5f       __cexit                    10028b5f f   LIBCMT:crt0dat.obj
 0001:00027b6e       __amsg_exit                10028b6e f   LIBCMT:crt0dat.obj
 0001:00027b8c       __GET_RTERRMSG             10028b8c f   LIBCMT:crt0msg.obj
 0001:00027bb2       __NMSG_WRITE               10028bb2 f   LIBCMT:crt0msg.obj
 0001:00027d61       __FF_MSGBANNER             10028d61 f   LIBCMT:crt0msg.obj
 0001:00027d9a       __sse2_mathfcns_init       10028d9a f   LIBCMT:_mathfcns_.obj
 0001:00027db0       __CIsin_pentium4           10028db0 f   LIBCMT:_sin_pentium4_.obj
 0001:00027dc8       __sin_pentium4             10028dc8     LIBCMT:_sin_pentium4_.obj
 0001:00027f80       __trandisp1                10028f80 f   LIBCMT:_87disp_.obj
 0001:00027fe7       __trandisp2                10028fe7 f   LIBCMT:_87disp_.obj
 0001:00028073       __rttospopde               10029073     LIBCMT:_87disp_.obj
 0001:00028078       __rttospop                 10029078     LIBCMT:_87disp_.obj
 0001:0002807a       __rtnospop                 1002907a     LIBCMT:_87disp_.obj
 0001:0002807c       __rttosnpop                1002907c     LIBCMT:_87disp_.obj
 0001:0002807d       __rtnospopde               1002907d     LIBCMT:_87disp_.obj
 0001:00028084       __rtzeropop                10029084     LIBCMT:_87disp_.obj
 0001:00028086       __rtzeronpop               10029086     LIBCMT:_87disp_.obj
 0001:0002808b       __rtonepop                 1002908b     LIBCMT:_87disp_.obj
 0001:0002808d       __rtonenpop                1002908d     LIBCMT:_87disp_.obj
 0001:00028092       __tosnan1                  10029092     LIBCMT:_87disp_.obj
 0001:000280bd       __nosnan2                  100290bd     LIBCMT:_87disp_.obj
 0001:000280bf       __tosnan2                  100290bf     LIBCMT:_87disp_.obj
 0001:000280e7       __nan2                     100290e7     LIBCMT:_87disp_.obj
 0001:00028126       __rtindfpop                10029126     LIBCMT:_87disp_.obj
 0001:00028128       __rtindfnpop               10029128     LIBCMT:_87disp_.obj
 0001:00028139       __rttosnpopde              10029139     LIBCMT:_87disp_.obj
 0001:00028143       __rtchsifneg               10029143     LIBCMT:_87disp_.obj
 0001:00028150       __twoToTOS                 10029150 f   LIBCMT:_common_.obj
 0001:00028165       __load_CW                  10029165 f   LIBCMT:_common_.obj
 0001:0002817c       __convertTOStoQNaN         1002917c f   LIBCMT:_common_.obj
 0001:00028195       __fload_withFB             10029195 f   LIBCMT:_common_.obj
 0001:000281d8       __checkTOS_withFB          100291d8 f   LIBCMT:_common_.obj
 0001:000281ee       __fast_exit                100291ee f   LIBCMT:_common_.obj
 0001:000281fb       __math_exit                100291fb f   LIBCMT:_common_.obj
 0001:00028225       __check_overflow_exit      10029225 f   LIBCMT:_common_.obj
 0001:00028239       __check_range_exit         10029239 f   LIBCMT:_common_.obj
 0001:000282e0       __startTwoArgErrorHandling 100292e0 f   LIBCMT:_genexcep_.obj
 0001:000282f7       __startOneArgErrorHandling 100292f7 f   LIBCMT:_genexcep_.obj
 0001:00028340       __CIcos_pentium4           10029340 f   LIBCMT:_cos_pentium4_.obj
 0001:00028358       __cos_pentium4             10029358     LIBCMT:_cos_pentium4_.obj
 0001:000284f0       __SEH_prolog4              100294f0 f   LIBCMT:sehprolg4.obj
 0001:00028535       __SEH_epilog4              10029535 f   LIBCMT:sehprolg4.obj
 0001:00028549       __ioinit                   10029549 f   LIBCMT:ioinit.obj
 0001:0002878e       __ioterm                   1002978e f   LIBCMT:ioinit.obj
 0001:000287e1       __setenvp                  100297e1 f   LIBCMT:stdenvp.obj
 0001:00028a57       __setargv                  10029a57 f   LIBCMT:stdargv.obj
 0001:00028b12       ___crtGetEnvironmentStringsA 10029b12 f   LIBCMT:a_env.obj
 0001:00028ba9       __RTC_Initialize           10029ba9 f   LIBCMT:_initsect_.obj
 0001:00028bcf       __RTC_Terminate            10029bcf f   LIBCMT:_initsect_.obj
 0001:00028bf5       __XcptFilter               10029bf5 f   LIBCMT:winxfltr.obj
 0001:00028d3f       ___CppXcptFilter           10029d3f f   LIBCMT:winxfltr.obj
 0001:00028d5f       ___security_init_cookie    10029d5f f   LIBCMT:gs_support.obj
 0001:00028dfa       __msize                    10029dfa f   LIBCMT:msize.obj
 0001:00028e2d       __mtinitlocks              10029e2d f   LIBCMT:mlock.obj
 0001:00028e77       __mtdeletelocks            10029e77 f   LIBCMT:mlock.obj
 0001:00028ece       __unlock                   10029ece f   LIBCMT:mlock.obj
 0001:00028ee5       __mtinitlocknum            10029ee5 f   LIBCMT:mlock.obj
 0001:00028fa7       __lock                     10029fa7 f   LIBCMT:mlock.obj
[...]
 0001:0002fb90       __ehhandler$?reserve@?$vector@PADV?$allocator@PAD@std@@@std@@QAEXI@Z 10030b90 f   UnicodeSupport.obj
 0001:0002fb90       __ehhandler$?reserve@?$vector@PAVRegString@@V?$allocator@PAVRegString@@@std@@@std@@QAEXI@Z 10030b90 f   UnicodeSupport.obj
 0001:0002fb90       __ehhandler$?reserve@?$vector@PAVRegDword@@V?$allocator@PAVRegDword@@@std@@@std@@QAEXI@Z 10030b90 f   UnicodeSupport.obj
 0001:0002fbb0       __unwindfunclet$??0LimitCrack@@QAE@XZ$0 10030bb0 f   LimitCrack.obj
 0001:0002fbbe       __unwindfunclet$??0LimitCrack@@QAE@XZ$1 10030bbe f   LimitCrack.obj
 0001:0002fbcc       __unwindfunclet$??0LimitCrack@@QAE@XZ$2 10030bcc f   LimitCrack.obj
 0001:0002fbda       __unwindfunclet$??0LimitCrack@@QAE@XZ$3 10030bda f   LimitCrack.obj
 0001:0002fbe8       __unwindfunclet$??0LimitCrack@@QAE@XZ$4 10030be8 f   LimitCrack.obj
 0001:0002fbf6       __unwindfunclet$??0LimitCrack@@QAE@XZ$5 10030bf6 f   LimitCrack.obj
 0001:0002fc04       __unwindfunclet$??0LimitCrack@@QAE@XZ$6 10030c04 f   LimitCrack.obj
 0001:0002fc12       __ehhandler$??0LimitCrack@@QAE@XZ 10030c12 f   LimitCrack.obj
 0001:0002fc40       __unwindfunclet$??0IncreaseAISearchMapEntriesLimit@@QAE@K@Z$0 10030c40 f   LimitCrack.obj
 0001:0002fc4b       __ehhandler$??0IncreaseAISearchMapEntriesLimit@@QAE@K@Z 10030c4b f   LimitCrack.obj
 0001:0002fc70       __unwindfunclet$?WeaponType_IdLimit@IncreaseWeaponTypeLimit@@AAEXXZ$0 10030c70 f   LimitCrack.obj
 0001:0002fc7b       __unwindfunclet$?WeaponType_IdLimit@IncreaseWeaponTypeLimit@@AAEXXZ$1 10030c7b f   LimitCrack.obj
 0001:0002fc86       __ehhandler$?WeaponType_IdLimit@IncreaseWeaponTypeLimit@@AAEXXZ 10030c86 f   LimitCrack.obj
 0001:0002fcb0       __unwindfunclet$?WriteWeaponAryPtr@IncreaseWeaponTypeLimit@@AAEPAXPAPAX@Z$0 10030cb0 f   LimitCrack.obj
 0001:0002fcbb       __unwindfunclet$?WriteWeaponAryPtr@IncreaseWeaponTypeLimit@@AAEPAXPAPAX@Z$1 10030cbb f   LimitCrack.obj
 0001:0002fcc6       __ehhandler$?WriteWeaponAryPtr@IncreaseWeaponTypeLimit@@AAEPAXPAPAX@Z 10030cc6 f   LimitCrack.obj
 0001:0002fcf0       __unwindfunclet$?WriteWeaponAryLen@IncreaseWeaponTypeLimit@@AAEKK@Z$0 10030cf0 f   LimitCrack.obj
 0001:0002fcfb       __ehhandler$?WriteWeaponAryLen@IncreaseWeaponTypeLimit@@AAEKK@Z 10030cfb f   LimitCrack.obj
 0001:0002fd20       __unwindfunclet$?WriteNewLimit@IncreaseUnitTypeLimit@@AAEXK@Z$0 10030d20 f   LimitCrack.obj
 0001:0002fd2b       __unwindfunclet$?WriteNewLimit@IncreaseUnitTypeLimit@@AAEXK@Z$1 10030d2b f   LimitCrack.obj
 0001:0002fd39       __unwindfunclet$?WriteNewLimit@IncreaseUnitTypeLimit@@AAEXK@Z$2 10030d39 f   LimitCrack.obj
 0001:0002fd47       __unwindfunclet$?WriteNewLimit@IncreaseUnitTypeLimit@@AAEXK@Z$3 10030d47 f   LimitCrack.obj
 0001:0002fd55       __unwindfunclet$?WriteNewLimit@IncreaseUnitTypeLimit@@AAEXK@Z$4 10030d55 f   LimitCrack.obj
 0001:0002fd63       __unwindfunclet$?WriteNewLimit@IncreaseUnitTypeLimit@@AAEXK@Z$5 10030d63 f   LimitCrack.obj
 0001:0002fd71       __unwindfunclet$?WriteNewLimit@IncreaseUnitTypeLimit@@AAEXK@Z$6 10030d71 f   LimitCrack.obj
 0001:0002fd7f       __unwindfunclet$?WriteNewLimit@IncreaseUnitTypeLimit@@AAEXK@Z$7 10030d7f f   LimitCrack.obj
 0001:0002fd8d       __unwindfunclet$?WriteNewLimit@IncreaseUnitTypeLimit@@AAEXK@Z$8 10030d8d f   LimitCrack.obj
 0001:0002fd9b       __unwindfunclet$?WriteNewLimit@IncreaseUnitTypeLimit@@AAEXK@Z$9 10030d9b f   LimitCrack.obj
 0001:0002fda9       __unwindfunclet$?WriteNewLimit@IncreaseUnitTypeLimit@@AAEXK@Z$10 10030da9 f   LimitCrack.obj
 0001:0002fdb7       __ehhandler$?WriteNewLimit@IncreaseUnitTypeLimit@@AAEXK@Z 10030db7 f   LimitCrack.obj
 0001:0002fde0       __unwindfunclet$?WriteNewLimit@IncreaseCompositeBuf@@AAEXKK@Z$0 10030de0 f   LimitCrack.obj
 0001:0002fdeb       __ehhandler$?WriteNewLimit@IncreaseCompositeBuf@@AAEXKK@Z 10030deb f   LimitCrack.obj
 0001:0002fe10       __unwindfunclet$?SetNewLimit@IncreaseSfxLimit@@AAEXKK@Z$0 10030e10 f   LimitCrack.obj
 0001:0002fe1b       __unwindfunclet$?SetNewLimit@IncreaseSfxLimit@@AAEXKK@Z$1 10030e1b f   LimitCrack.obj
 0001:0002fe26       __ehhandler$?SetNewLimit@IncreaseSfxLimit@@AAEXKK@Z 10030e26 f   LimitCrack.obj
 0001:0002fe50       __unwindfunclet$??0AlliesWhiteboard@@QAE@XZ$0 10030e50 f   whiteboard.obj
 0001:0002fe5e       __unwindfunclet$??0AlliesWhiteboard@@QAE@XZ$1 10030e5e f   whiteboard.obj
 0001:0002fe6c       __unwindfunclet$??0AlliesWhiteboard@@QAE@XZ$2 10030e6c f   whiteboard.obj
 0001:0002fe7a       __ehhandler$??0AlliesWhiteboard@@QAE@XZ 10030e7a f   whiteboard.obj
 0001:0002fea0       __unwindfunclet$??1AlliesWhiteboard@@QAE@XZ$0 10030ea0 f   whiteboard.obj
 0001:0002feae       __unwindfunclet$??1AlliesWhiteboard@@QAE@XZ$1 10030eae f   whiteboard.obj
 0001:0002febc       __unwindfunclet$??1AlliesWhiteboard@@QAE@XZ$2 10030ebc f   whiteboard.obj
 0001:0002feca       __ehhandler$??1AlliesWhiteboard@@QAE@XZ 10030eca f   whiteboard.obj
 0001:0002fef0       __unwindfunclet$?LockBlit@AlliesWhiteboard@@QAEXPADH@Z$0 10030ef0 f   whiteboard.obj
 0001:0002fef8       __unwindfunclet$?LockBlit@AlliesWhiteboard@@QAEXPADH@Z$1 10030ef8 f   whiteboard.obj
 0001:0002ff00       __unwindfunclet$?LockBlit@AlliesWhiteboard@@QAEXPADH@Z$3 10030f00 f   whiteboard.obj
 0001:0002ff08       __unwindfunclet$?LockBlit@AlliesWhiteboard@@QAEXPADH@Z$4 10030f08 f   whiteboard.obj
 0001:0002ff10       __ehhandler$?LockBlit@AlliesWhiteboard@@QAEXPADH@Z 10030f10 f   whiteboard.obj
 0001:0002ff30       __unwindfunclet$?Message@AlliesWhiteboard@@QAE_NPAUHWND__@@IIJ@Z$0 10030f30 f   whiteboard.obj
 0001:0002ff3b       __unwindfunclet$?Message@AlliesWhiteboard@@QAE_NPAUHWND__@@IIJ@Z$1 10030f3b f   whiteboard.obj
 0001:0002ff46       __ehhandler$?Message@AlliesWhiteboard@@QAE_NPAUHWND__@@IIJ@Z 10030f46 f   whiteboard.obj
 0001:0002ff70       __unwindfunclet$?TextInputKeyDown@AlliesWhiteboard@@AAEXH@Z$0 10030f70 f   whiteboard.obj
 0001:0002ff7b       __ehhandler$?TextInputKeyDown@AlliesWhiteboard@@AAEXH@Z 10030f7b f   whiteboard.obj
 0001:0002ffa0       __unwindfunclet$??0GraphicTextEdited@@QAE@HHPADD@Z$0 10030fa0 f   whiteboard.obj
 0001:0002ffa0       __unwindfunclet$??0GraphicText@@QAE@HHPADD@Z$0 10030fa0 f   whiteboard.obj
 0001:0002ffa8       __ehhandler$??0GraphicTextEdited@@QAE@HHPADD@Z 10030fa8 f   whiteboard.obj
 0001:0002ffa8       __ehhandler$??0GraphicText@@QAE@HHPADD@Z 10030fa8 f   whiteboard.obj
 0001:0002ffd0       __unwindfunclet$?AddTextMarker@AlliesWhiteboard@@AAEXXZ$0 10030fd0 f   whiteboard.obj
 0001:0002ffdb       __unwindfunclet$?AddTextMarker@AlliesWhiteboard@@AAEXXZ$1 10030fdb f   whiteboard.obj
 0001:0002ffe6       __ehhandler$?AddTextMarker@AlliesWhiteboard@@AAEXXZ 10030fe6 f   whiteboard.obj
 0001:00030010       __unwindfunclet$?DrawMarkers@AlliesWhiteboard@@AAEXPAUIDirectDrawSurface@@@Z$0 10031010 f   whiteboard.obj
 0001:00030018       __unwindfunclet$?DrawMarkers@AlliesWhiteboard@@AAEXPAUIDirectDrawSurface@@@Z$1 10031018 f   whiteboard.obj
 0001:00030020       __unwindfunclet$?DrawMarkers@AlliesWhiteboard@@AAEXPAUIDirectDrawSurface@@@Z$3 10031020 f   whiteboard.obj
 0001:00030028       __unwindfunclet$?DrawMarkers@AlliesWhiteboard@@AAEXPAUIDirectDrawSurface@@@Z$4 10031028 f   whiteboard.obj
 0001:00030030       __ehhandler$?DrawMarkers@AlliesWhiteboard@@AAEXPAUIDirectDrawSurface@@@Z 10031030 f   whiteboard.obj
 0001:00030050       __unwindfunclet$?DrawMinimapMarkers@AlliesWhiteboard@@QAEXPADH_N@Z$0 10031050 f   whiteboard.obj
 0001:00030058       __unwindfunclet$?DrawMinimapMarkers@AlliesWhiteboard@@QAEXPADH_N@Z$1 10031058 f   whiteboard.obj
 0001:00030060       __unwindfunclet$?DrawMinimapMarkers@AlliesWhiteboard@@QAEXPADH_N@Z$6 10031060 f   whiteboard.obj
 0001:00030068       __unwindfunclet$?DrawMinimapMarkers@AlliesWhiteboard@@QAEXPADH_N@Z$7 10031068 f   whiteboard.obj
 0001:00030070       __unwindfunclet$?DrawMinimapMarkers@AlliesWhiteboard@@QAEXPADH_N@Z$12 10031070 f   whiteboard.obj
 0001:00030078       __unwindfunclet$?DrawMinimapMarkers@AlliesWhiteboard@@QAEXPADH_N@Z$13 10031078 f   whiteboard.obj
 0001:00030080       __unwindfunclet$?DrawMinimapMarkers@AlliesWhiteboard@@QAEXPADH_N@Z$18 10031080 f   whiteboard.obj
 0001:0003008b       __unwindfunclet$?DrawMinimapMarkers@AlliesWhiteboard@@QAEXPADH_N@Z$19 1003108b f   whiteboard.obj
 0001:00030096       __unwindfunclet$?DrawMinimapMarkers@AlliesWhiteboard@@QAEXPADH_N@Z$24 10031096 f   whiteboard.obj
 0001:000300a1       __unwindfunclet$?DrawMinimapMarkers@AlliesWhiteboard@@QAEXPADH_N@Z$25 100310a1 f   whiteboard.obj
 0001:000300ac       __unwindfunclet$?DrawMinimapMarkers@AlliesWhiteboard@@QAEXPADH_N@Z$30 100310ac f   whiteboard.obj
 0001:000300b7       __unwindfunclet$?DrawMinimapMarkers@AlliesWhiteboard@@QAEXPADH_N@Z$31 100310b7 f   whiteboard.obj
 0001:000300c2       __unwindfunclet$?DrawMinimapMarkers@AlliesWhiteboard@@QAEXPADH_N@Z$36 100310c2 f   whiteboard.obj
 0001:000300cd       __unwindfunclet$?DrawMinimapMarkers@AlliesWhiteboard@@QAEXPADH_N@Z$37 100310cd f   whiteboard.obj
 0001:000300d8       __unwindfunclet$?DrawMinimapMarkers@AlliesWhiteboard@@QAEXPADH_N@Z$42 100310d8 f   whiteboard.obj
 0001:000300e3       __unwindfunclet$?DrawMinimapMarkers@AlliesWhiteboard@@QAEXPADH_N@Z$43 100310e3 f   whiteboard.obj
 0001:000300ee       __unwindfunclet$?DrawMinimapMarkers@AlliesWhiteboard@@QAEXPADH_N@Z$48 100310ee f   whiteboard.obj
 0001:000300f9       __unwindfunclet$?DrawMinimapMarkers@AlliesWhiteboard@@QAEXPADH_N@Z$49 100310f9 f   whiteboard.obj
 0001:00030104       __unwindfunclet$?DrawMinimapMarkers@AlliesWhiteboard@@QAEXPADH_N@Z$54 10031104 f   whiteboard.obj
 0001:0003010f       __unwindfunclet$?DrawMinimapMarkers@AlliesWhiteboard@@QAEXPADH_N@Z$55 1003110f f   whiteboard.obj
 0001:0003011a       __unwindfunclet$?DrawMinimapMarkers@AlliesWhiteboard@@QAEXPADH_N@Z$60 1003111a f   whiteboard.obj
 0001:00030125       __unwindfunclet$?DrawMinimapMarkers@AlliesWhiteboard@@QAEXPADH_N@Z$61 10031125 f   whiteboard.obj
 0001:00030130       __unwindfunclet$?DrawMinimapMarkers@AlliesWhiteboard@@QAEXPADH_N@Z$66 10031130 f   whiteboard.obj
 0001:0003013b       __unwindfunclet$?DrawMinimapMarkers@AlliesWhiteboard@@QAEXPADH_N@Z$67 1003113b f   whiteboard.obj
 0001:00030146       __ehhandler$?DrawMinimapMarkers@AlliesWhiteboard@@QAEXPADH_N@Z 10031146 f   whiteboard.obj
 0001:00030170       __unwindfunclet$?GetMarkers@AlliesWhiteboard@@QAEXPAUMarkerArray@@@Z$0 10031170 f   whiteboard.obj
 0001:00030178       __unwindfunclet$?GetMarkers@AlliesWhiteboard@@QAEXPAUMarkerArray@@@Z$1 10031178 f   whiteboard.obj
 0001:00030180       __unwindfunclet$?GetMarkers@AlliesWhiteboard@@QAEXPAUMarkerArray@@@Z$6 10031180 f   whiteboard.obj
 0001:00030188       __unwindfunclet$?GetMarkers@AlliesWhiteboard@@QAEXPAUMarkerArray@@@Z$7 10031188 f   whiteboard.obj
 0001:00030190       __ehhandler$?GetMarkers@AlliesWhiteboard@@QAEXPAUMarkerArray@@@Z 10031190 f   whiteboard.obj
 0001:000301b0       __unwindfunclet$?ReceiveMarkers@AlliesWhiteboard@@AAEXXZ$0 100311b0 f   whiteboard.obj
 0001:000301bb       __ehhandler$?ReceiveMarkers@AlliesWhiteboard@@AAEXXZ 100311bb f   whiteboard.obj
 0001:000301f0       __unwindfunclet$?SendMarkers@AlliesWhiteboard@@AAEXXZ$0 100311f0 f   whiteboard.obj
 0001:000301fb       __unwindfunclet$?SendMarkers@AlliesWhiteboard@@AAEXXZ$3 100311fb f   whiteboard.obj
 0001:00030206       __unwindfunclet$?SendMarkers@AlliesWhiteboard@@AAEXXZ$6 10031206 f   whiteboard.obj
 0001:00030211       __unwindfunclet$?SendMarkers@AlliesWhiteboard@@AAEXXZ$9 10031211 f   whiteboard.obj
 0001:0003021c       __unwindfunclet$?SendMarkers@AlliesWhiteboard@@AAEXXZ$12 1003121c f   whiteboard.obj
 0001:00030227       __unwindfunclet$?SendMarkers@AlliesWhiteboard@@AAEXXZ$15 10031227 f   whiteboard.obj
 0001:00030232       __unwindfunclet$?SendMarkers@AlliesWhiteboard@@AAEXXZ$18 10031232 f   whiteboard.obj
 0001:0003023d       __unwindfunclet$?SendMarkers@AlliesWhiteboard@@AAEXXZ$21 1003123d f   whiteboard.obj
 0001:00030248       __unwindfunclet$?SendMarkers@AlliesWhiteboard@@AAEXXZ$24 10031248 f   whiteboard.obj
 0001:00030253       __unwindfunclet$?SendMarkers@AlliesWhiteboard@@AAEXXZ$27 10031253 f   whiteboard.obj
 0001:0003025e       __unwindfunclet$?SendMarkers@AlliesWhiteboard@@AAEXXZ$30 1003125e f   whiteboard.obj
 0001:00030269       __unwindfunclet$?SendMarkers@AlliesWhiteboard@@AAEXXZ$33 10031269 f   whiteboard.obj
 0001:00030274       __ehhandler$?SendMarkers@AlliesWhiteboard@@AAEXXZ 10031274 f   whiteboard.obj
 0001:000302a0       __unwindfunclet$?GetTextElementAt@AlliesWhiteboard@@AAEPAVGraphicElement@@HHH@Z$0 100312a0 f   whiteboard.obj
 0001:000302a8       __unwindfunclet$?GetTextElementAt@AlliesWhiteboard@@AAEPAVGraphicElement@@HHH@Z$1 100312a8 f   whiteboard.obj
 0001:000302b0       __unwindfunclet$?GetTextElementAt@AlliesWhiteboard@@AAEPAVGraphicElement@@HHH@Z$3 100312b0 f   whiteboard.obj
 0001:000302b8       __unwindfunclet$?GetTextElementAt@AlliesWhiteboard@@AAEPAVGraphicElement@@HHH@Z$4 100312b8 f   whiteboard.obj
 0001:000302c0       __ehhandler$?GetTextElementAt@AlliesWhiteboard@@AAEPAVGraphicElement@@HHH@Z 100312c0 f   whiteboard.obj
 0001:000302e0       __unwindfunclet$??1?$deque@UMMHS@AlliesWhiteboard@@V?$allocator@UMMHS@AlliesWhiteboard@@@std@@@std@@QAE@XZ$0 100312e0 f   whiteboard.obj
 0001:000302e0       __unwindfunclet$??1?$deque@UTAShareMemStruct@CDDDTA@@V?$allocator@UTAShareMemStruct@CDDDTA@@@std@@@std@@QAE@XZ$0 100312e0 f   whiteboard.obj
 0001:000302e0       __unwindfunclet$??1?$deque@PAVGraphicElement@@V?$allocator@PAVGraphicElement@@@std@@@std@@QAE@XZ$0 100312e0 f   whiteboard.obj
 0001:000302e8       __unwindfunclet$??1?$deque@PAVGraphicElement@@V?$allocator@PAVGraphicElement@@@std@@@std@@QAE@XZ$1 100312e8 f   whiteboard.obj
 0001:000302e8       __unwindfunclet$??1?$deque@UMMHS@AlliesWhiteboard@@V?$allocator@UMMHS@AlliesWhiteboard@@@std@@@std@@QAE@XZ$1 100312e8 f   whiteboard.obj
 0001:000302e8       __unwindfunclet$??1?$deque@UTAShareMemStruct@CDDDTA@@V?$allocator@UTAShareMemStruct@CDDDTA@@@std@@@std@@QAE@XZ$1 100312e8 f   whiteboard.obj
 0001:000302f0       __ehhandler$??1?$deque@UMMHS@AlliesWhiteboard@@V?$allocator@UMMHS@AlliesWhiteboard@@@std@@@std@@QAE@XZ 100312f0 f   whiteboard.obj
 0001:000302f0       __ehhandler$??1?$deque@UTAShareMemStruct@CDDDTA@@V?$allocator@UTAShareMemStruct@CDDDTA@@@std@@@std@@QAE@XZ 100312f0 f   whiteboard.obj
 0001:000302f0       __ehhandler$??1?$deque@PAVGraphicElement@@V?$allocator@PAVGraphicElement@@@std@@@std@@QAE@XZ 100312f0 f   whiteboard.obj
 0001:00030310       __unwindfunclet$?back@?$deque@UMMHS@AlliesWhiteboard@@V?$allocator@UMMHS@AlliesWhiteboard@@@std@@@std@@QAEAAUMMHS@AlliesWhiteboard@@XZ$0 10031310 f   whiteboard.obj
 0001:00030318       __unwindfunclet$?back@?$deque@UMMHS@AlliesWhiteboard@@V?$allocator@UMMHS@AlliesWhiteboard@@@std@@@std@@QAEAAUMMHS@AlliesWhiteboard@@XZ$1 10031318 f   whiteboard.obj
 0001:00030320       __ehhandler$?back@?$deque@UMMHS@AlliesWhiteboard@@V?$allocator@UMMHS@AlliesWhiteboard@@@std@@@std@@QAEAAUMMHS@AlliesWhiteboard@@XZ 10031320 f   whiteboard.obj
 0001:00030340       __unwindfunclet$??1?$vector@PADV?$allocator@PAD@std@@@std@@QAE@XZ$0 10031340 f   whiteboard.obj
 0001:00030340       __unwindfunclet$??1?$vector@PAVGraphicElement@@V?$allocator@PAVGraphicElement@@@std@@@std@@QAE@XZ$0 10031340 f   whiteboard.obj
 0001:00030340       __unwindfunclet$??1?$vector@PAVRegString@@V?$allocator@PAVRegString@@@std@@@std@@QAE@XZ$0 10031340 f   whiteboard.obj
 0001:00030340       __unwindfunclet$??1?$vector@PAVRegDword@@V?$allocator@PAVRegDword@@@std@@@std@@QAE@XZ$0 10031340 f   whiteboard.obj
 0001:00030348       __ehhandler$??1?$vector@PAVRegDword@@V?$allocator@PAVRegDword@@@std@@@std@@QAE@XZ 10031348 f   whiteboard.obj
 0001:00030348       __ehhandler$??1?$vector@PAVGraphicElement@@V?$allocator@PAVGraphicElement@@@std@@@std@@QAE@XZ 10031348 f   whiteboard.obj
 0001:00030348       __ehhandler$??1?$vector@PAVRegString@@V?$allocator@PAVRegString@@@std@@@std@@QAE@XZ 10031348 f   whiteboard.obj
 0001:00030348       __ehhandler$??1?$vector@PADV?$allocator@PAD@std@@@std@@QAE@XZ 10031348 f   whiteboard.obj
 0001:00030370       __unwindfunclet$??1?$_Deque_val@UTAShareMemStruct@CDDDTA@@V?$allocator@UTAShareMemStruct@CDDDTA@@@std@@@std@@QAE@XZ$0 10031370 f   whiteboard.obj
 0001:00030370       __unwindfunclet$??1?$_Deque_val@PAVGraphicElement@@V?$allocator@PAVGraphicElement@@@std@@@std@@QAE@XZ$0 10031370 f   whiteboard.obj
 0001:00030370       __unwindfunclet$??1?$_Deque_val@UMMHS@AlliesWhiteboard@@V?$allocator@UMMHS@AlliesWhiteboard@@@std@@@std@@QAE@XZ$0 10031370 f   whiteboard.obj
 0001:00030378       __ehhandler$??1?$_Deque_val@PAVGraphicElement@@V?$allocator@PAVGraphicElement@@@std@@@std@@QAE@XZ 10031378 f   whiteboard.obj
 0001:00030378       __ehhandler$??1?$_Deque_val@UTAShareMemStruct@CDDDTA@@V?$allocator@UTAShareMemStruct@CDDDTA@@@std@@@std@@QAE@XZ 10031378 f   whiteboard.obj
 0001:00030378       __ehhandler$??1?$_Deque_val@UMMHS@AlliesWhiteboard@@V?$allocator@UMMHS@AlliesWhiteboard@@@std@@@std@@QAE@XZ 10031378 f   whiteboard.obj
 0001:000303a0       __unwindfunclet$??1InlineSingleHook@@QAE@XZ$0 100313a0 f   InlineHook.obj
 0001:000303a8       __ehhandler$??1InlineSingleHook@@QAE@XZ 100313a8 f   InlineHook.obj
 0001:000303d0       __unwindfunclet$??1CElementHandler@@UAE@XZ$0 100313d0 f   ElementHandler.obj
 0001:000303e9       __ehhandler$??1CElementHandler@@UAE@XZ 100313e9 f   ElementHandler.obj
 0001:00030410       __unwindfunclet$?DeleteBetween@CElementHandler@@QAEXHHHH@Z$0 10031410 f   ElementHandler.obj
 0001:00030418       __unwindfunclet$?DeleteBetween@CElementHandler@@QAEXHHHH@Z$2 10031418 f   ElementHandler.obj
 0001:00030420       __ehhandler$?DeleteBetween@CElementHandler@@QAEXHHHH@Z 10031420 f   ElementHandler.obj
 0001:00030440       __unwindfunclet$?GetArea@CElementHandler@@QAE?AV?$vector@PAVGraphicElement@@V?$allocator@PAVGraphicElement@@@std@@@std@@HHHH@Z$0 10031440 f   ElementHandler.obj
 0001:00030448       __unwindfunclet$?GetArea@CElementHandler@@QAE?AV?$vector@PAVGraphicElement@@V?$allocator@PAVGraphicElement@@@std@@@std@@HHHH@Z$3 10031448 f   ElementHandler.obj
 0001:00030450       __unwindfunclet$?GetArea@CElementHandler@@QAE?AV?$vector@PAVGraphicElement@@V?$allocator@PAVGraphicElement@@@std@@@std@@HHHH@Z$1 10031450 f   ElementHandler.obj
 0001:00030469       __unwindfunclet$?GetArea@CElementHandler@@QAE?AV?$vector@PAVGraphicElement@@V?$allocator@PAVGraphicElement@@@std@@@std@@HHHH@Z$4 10031469 f   ElementHandler.obj
 0001:00030471       __ehhandler$?GetArea@CElementHandler@@QAE?AV?$vector@PAVGraphicElement@@V?$allocator@PAVGraphicElement@@@std@@@std@@HHHH@Z 10031471 f   ElementHandler.obj
 0001:00030490       __unwindfunclet$?MoveTextElement@CElementHandler@@QAEPAVGraphicElement@@PAV2@HH@Z$2 10031490 f   ElementHandler.obj
 0001:0003049b       __ehhandler$?MoveTextElement@CElementHandler@@QAEPAVGraphicElement@@PAV2@HH@Z 1003149b f   ElementHandler.obj
 0001:000304c0       __unwindfunclet$??1?$list@PAVGraphicElement@@V?$allocator@PAVGraphicElement@@@std@@@std@@QAE@XZ$0 100314c0 f   ElementHandler.obj
 0001:000304c8       __ehhandler$??1?$list@PAVGraphicElement@@V?$allocator@PAVGraphicElement@@@std@@@std@@QAE@XZ 100314c8 f   ElementHandler.obj
 0001:000304f0       __ehhandler$?_Buynode@?$_List_val@PAVGraphicElement@@V?$allocator@PAVGraphicElement@@@std@@@std@@QAEPAU_Node@?$_List_nod@PAVGraphicElement@@V?$allocator@PAVGraphicElement@@@std@@@2@PAU342@0ABQAVGraphicElement@@@Z 100314f0 f   ElementHandler.obj
 0001:0003050b       __ehhandler$?CallUnexpected@@YAXPBU_s_ESTypeList@@@Z 1003150b f   LIBCMT:frame.obj
 0001:00030530       ??__Fnomem@?5???2@YAPAXI@Z@YAXXZ 10031530 f   LIBCMT:new.obj
