 ddraw

 Timestamp is 4f6f0534 (Sun Mar 25 19:44:52 2012)

 Preferred load address is 10000000

 Start         Length     Name                   Class
 0001:00000000 000308b2H .text                   CODE
 0001:000308c0 00001086H .text$x                 CODE
 0001:00031950 00000000H .text$yc                CODE
 0001:00031950 00000014H .text$yd                CODE
 0002:00000000 00000210H .idata$5                DATA
 0002:00000210 00000004H .CRT$XCA                DATA
 0002:00000214 00000000H .CRT$XCU                DATA
 0002:00000214 00000004H .CRT$XCZ                DATA
 0002:00000218 00000004H .CRT$XIA                DATA
 0002:0000021c 00000014H .CRT$XIC                DATA
 0002:00000230 00000004H .CRT$XIZ                DATA
 0002:00000234 00000004H .CRT$XPA                DATA
 0002:00000238 00000004H .CRT$XPX                DATA
 0002:0000023c 00000004H .CRT$XPXA               DATA
 0002:00000240 00000004H .CRT$XPZ                DATA
 0002:00000244 00000004H .CRT$XTA                DATA
 0002:00000248 00000004H .CRT$XTZ                DATA
 0002:00000250 00004888H .rdata                  DATA
 0002:00004ad8 0000063cH .rdata$r                DATA
 0002:00005120 000000f8H .rdata$sxdata           DATA
 0002:00005218 00000004H .rtc$IAA                DATA
 0002:0000521c 00000004H .rtc$IMZ                DATA
 0002:00005220 00000004H .rtc$IZZ                DATA
 0002:00005224 00000004H .rtc$TAA                DATA
 0002:00005228 00000004H .rtc$TMZ                DATA
 0002:0000522c 00000004H .rtc$TZZ                DATA
 0002:00005230 000017a4H .xdata$x                DATA
 0002:000069d4 00000064H .idata$2                DATA
 0002:00006a38 00000014H .idata$3                DATA
 0002:00006a4c 00000210H .idata$4                DATA
 0002:00006c5c 00000926H .idata$6                DATA
 0002:00007590 0000004dH .edata                  DATA
 0003:00000000 00003ae8H .data                   DATA
 0003:00003b00 000020a0H .bss                    DATA
 0004:00000000 00000310H .rsrc$01                DATA
 0004:00000310 0001d7a8H .rsrc$02                DATA

  Address         Publics by Value              Rva+Base       Lib:Object

 0000:00000000       __except_list              00000000     <absolute>
 0000:0000003e       ___safe_se_handler_count   0000003e     <absolute>
 0000:00000000       ___ImageBase               10000000     <linker-defined>
 0001:00000000       ?AddtionInit@@YGHPAUtagInlineX86StackBuffer@@@Z 10001000 f   ddraw.obj
 0001:00000140       ?AddtionRelease@@YGXXZ     10001140 f   ddraw.obj
 0001:00000270       _DllMain@12                10001270 f   ddraw.obj
 0001:000003b0       ?GetSysDir@@YGXXZ          100013b0 f   ddraw.obj
 0001:00000420       ?DirectDrawCreate@@YGJPAU_GUID@@PAPAUIDirectDraw@@PAUIUnknown@@@Z 10001420 f   ddraw.obj
 0001:00000510       ?SetupFileMap@@YG_NXZ      10001510 f   ddraw.obj
 0001:00000590       ?SetupLocalFileMap@@YG_NXZ 10001590 f   ddraw.obj
 0001:00000620       ?ShutdownLocalFileMap@@YGXXZ 10001620 f   ddraw.obj
 0001:00000650       ?SetupTAHookFileMap@@YGXXZ 10001650 f   ddraw.obj
 0001:000006b0       ?ShutDownTAHookFileMap@@YGXXZ 100016b0 f   ddraw.obj
 0001:000006e0       ?EnableSound@@YGXXZ        100016e0 f   ddraw.obj
 0001:00000710       ??0ExternQuickKey@@QAE@XZ  10001710 f   ExternQuickKey.obj
 0001:00000800       ??1ExternQuickKey@@QAE@XZ  10001800 f   ExternQuickKey.obj
 0001:000008a0       ?Message@ExternQuickKey@@QAE_NPAUHWND__@@IIJ@Z 100018a0 f   ExternQuickKey.obj
 0001:00000a20       ?SelectOnlyInScreenSameTypeUnit@ExternQuickKey@@AAEHH@Z 10001a20 f   ExternQuickKey.obj
 0001:00000c40       ?SelectOnlyInScreenWeaponUnit@ExternQuickKey@@AAEHI@Z 10001c40 f   ExternQuickKey.obj
 0001:00000d90       ?SetIDMaskInTypeAry@ExternQuickKey@@AAE_NGQAK@Z 10001d90 f   ExternQuickKey.obj
 0001:00000de0       ?MatchInTypeAry@ExternQuickKey@@AAE_NGQAK@Z 10001de0 f   ExternQuickKey.obj
 0001:00000e20       ?FilterSelectedUnit@ExternQuickKey@@QAEHW4TAUnitType@@@Z 10001e20 f   ExternQuickKey.obj
 0001:00001160       ?AddtionRoutine_CircleSelect@@YGHPAUtagInlineX86StackBuffer@@@Z 10002160 f   ExternQuickKey.obj
 0001:000012a0       ?CreateSurfByGafFrame@@YGPAUIDirectDrawSurface@@PAU_GAFFrame@@_N@Z 100022a0 f   gaf.obj
 0001:00001420       ?ViewPlayerLos_Replay@@YGHH@Z 10002420 f   HardCodeFunctions.obj
 0001:000015b0       ?UpdateTAProcess@@YGHXZ    100025b0 f   HardCodeFunctions.obj
 0001:000015f0       ?GetUnitIDMaskAryByCategory@@YGPAKPAD@Z 100025f0 f   HardCodeFunctions.obj
 0001:00001680       ?freeTAMem@@YGXPAX@Z       10002680 f   HardCodeFunctions.obj
 0001:00001700       ?UpdateSelectUnitEffect@@YGXXZ 10002700 f   HardCodeFunctions.obj
 0001:00001740       ?ApplySelectUnitMenu_Wapper@@YGXXZ 10002740 f   HardCodeFunctions.obj
 0001:00001770       ?DeselectUnits@@YGXXZ      10002770 f   HardCodeFunctions.obj
 0001:000017f0       ??0ModifyHook@@QAE@PAEHK0KK@Z 100027f0 f   ModifyHook.obj
 0001:000017f0       ??0ModifyHook@@QAE@IHKPAEKK@Z 100027f0 f   ModifyHook.obj
 0001:000018b0       ??1ModifyHook@@QAE@XZ      100028b0 f   ModifyHook.obj
 0001:00001980       ?InitHookClass@ModifyHook@@AAEXPAEHK0KK@Z 10002980 f   ModifyHook.obj
 0001:00001be0       ?Hook@ModifyHook@@UAEXXZ   10002be0 f   ModifyHook.obj
 0001:00001d00       ??0_TAHPI@@QAE@H@Z         10002d00 f   HPIfunc.obj
 0001:00001de0       ??1_TAHPI@@QAE@XZ          10002de0 f   HPIfunc.obj
 0001:00001e40       ?readfile@_TAHPI@@QAEPADPADPAI@Z 10002e40 f   HPIfunc.obj
 0001:00001e60       ?free_readfile@_TAHPI@@QAEXPAD@Z 10002e60 f   HPIfunc.obj
 0001:00001e80       ?TADontInit@@YGHPAUtagInlineX86StackBuffer@@@Z 10002e80 f   HPIfunc.obj
 0001:00001ea0       ??0IDDraw@@QAE@PAUIDirectDraw@@_N@Z 10002ea0 f   iddraw.obj
 0001:00001f40       ?QueryInterface@IDDraw@@UAGJABU_GUID@@PAPAX@Z 10002f40 f   iddraw.obj
 0001:00001f70       ?AddRef@IDDraw@@UAGKXZ     10002f70 f   iddraw.obj
 0001:00001fa0       ?Release@IDDraw@@UAGKXZ    10002fa0 f   iddraw.obj
 0001:00001ff0       ?Compact@IDDraw@@UAGJXZ    10002ff0 f   iddraw.obj
 0001:00002020       ?CreateClipper@IDDraw@@UAGJKPAPAUIDirectDrawClipper@@PAUIUnknown@@@Z 10003020 f   iddraw.obj
 0001:00002060       ?CreatePalette@IDDraw@@UAGJKPAUtagPALETTEENTRY@@PAPAUIDirectDrawPalette@@PAUIUnknown@@@Z 10003060 f   iddraw.obj
 0001:000020a0       ?CreateSurface@IDDraw@@UAGJPAU_DDSURFACEDESC@@PAPAUIDirectDrawSurface@@PAUIUnknown@@@Z 100030a0 f   iddraw.obj
 0001:00002180       ?DuplicateSurface@IDDraw@@UAGJPAUIDirectDrawSurface@@PAPAU2@@Z 10003180 f   iddraw.obj
 0001:000021b0       ?EnumDisplayModes@IDDraw@@UAGJKPAU_DDSURFACEDESC@@PAXP6GJ01@Z@Z 100031b0 f   iddraw.obj
 0001:000021f0       ?EnumSurfaces@IDDraw@@UAGJKPAU_DDSURFACEDESC@@PAXP6GJPAUIDirectDrawSurface@@01@Z@Z 100031f0 f   iddraw.obj
 0001:00002230       ?FlipToGDISurface@IDDraw@@UAGJXZ 10003230 f   iddraw.obj
 0001:00002260       ?GetCaps@IDDraw@@UAGJPAU_DDCAPS_DX7@@0@Z 10003260 f   iddraw.obj
 0001:00002290       ?GetDisplayMode@IDDraw@@UAGJPAU_DDSURFACEDESC@@@Z 10003290 f   iddraw.obj
 0001:000022c0       ?GetFourCCCodes@IDDraw@@UAGJPAK0@Z 100032c0 f   iddraw.obj
 0001:000022f0       ?GetGDISurface@IDDraw@@UAGJPAPAUIDirectDrawSurface@@@Z 100032f0 f   iddraw.obj
 0001:00002320       ?GetMonitorFrequency@IDDraw@@UAGJPAK@Z 10003320 f   iddraw.obj
 0001:00002350       ?GetScanLine@IDDraw@@UAGJPAK@Z 10003350 f   iddraw.obj
 0001:00002380       ?GetVerticalBlankStatus@IDDraw@@UAGJPAH@Z 10003380 f   iddraw.obj
 0001:000023b0       ?Initialize@IDDraw@@UAGJPAU_GUID@@@Z 100033b0 f   iddraw.obj
 0001:000023e0       ?RestoreDisplayMode@IDDraw@@UAGJXZ 100033e0 f   iddraw.obj
 0001:00002410       ?SetCooperativeLevel@IDDraw@@UAGJPAUHWND__@@K@Z 10003410 f   iddraw.obj
 0001:00002470       ?SetDisplayMode@IDDraw@@UAGJKKK@Z 10003470 f   iddraw.obj
 0001:000024e0       ?WaitForVerticalBlank@IDDraw@@UAGJKPAX@Z 100034e0 f   iddraw.obj
 0001:00002510       ??0IDDrawSurface@@QAE@PAUIDirectDrawSurface@@_NHH@Z 10003510 f   iddrawsurface.obj
 0001:00002960       ?QueryInterface@IDDrawSurface@@UAGJABU_GUID@@PAPAX@Z 10003960 f   iddrawsurface.obj
 0001:00002990       ?AddRef@IDDrawSurface@@UAGKXZ 10003990 f   iddrawsurface.obj
 0001:000029c0       ?Release@IDDrawSurface@@UAGKXZ 100039c0 f   iddrawsurface.obj
 0001:00002cd0       ?AddOverlayDirtyRect@IDDrawSurface@@UAGJPAUtagRECT@@@Z 10003cd0 f   iddrawsurface.obj
 0001:00002d00       ?AddAttachedSurface@IDDrawSurface@@UAGJPAUIDirectDrawSurface@@@Z 10003d00 f   iddrawsurface.obj
 0001:00002d30       ?Blt@IDDrawSurface@@UAGJPAUtagRECT@@PAUIDirectDrawSurface@@0KPAU_DDBLTFX@@@Z 10003d30 f   iddrawsurface.obj
 0001:00002d70       ?BltBatch@IDDrawSurface@@UAGJPAU_DDBLTBATCH@@KK@Z 10003d70 f   iddrawsurface.obj
 0001:00002db0       ?BltFast@IDDrawSurface@@UAGJKKPAUIDirectDrawSurface@@PAUtagRECT@@K@Z 10003db0 f   iddrawsurface.obj
 0001:00002df0       ?DeleteAttachedSurface@IDDrawSurface@@UAGJKPAUIDirectDrawSurface@@@Z 10003df0 f   iddrawsurface.obj
 0001:00002e20       ?EnumAttachedSurfaces@IDDrawSurface@@UAGJPAXP6GJPAUIDirectDrawSurface@@PAU_DDSURFACEDESC@@0@Z@Z 10003e20 f   iddrawsurface.obj
 0001:00002e50       ?EnumOverlayZOrders@IDDrawSurface@@UAGJKPAXP6GJPAUIDirectDrawSurface@@PAU_DDSURFACEDESC@@0@Z@Z 10003e50 f   iddrawsurface.obj
 0001:00002e90       ?Flip@IDDrawSurface@@UAGJPAUIDirectDrawSurface@@K@Z 10003e90 f   iddrawsurface.obj
 0001:00002ec0       ?GetAttachedSurface@IDDrawSurface@@UAGJPAU_DDSCAPS@@PAPAUIDirectDrawSurface@@@Z 10003ec0 f   iddrawsurface.obj
 0001:00002f20       ?GetBltStatus@IDDrawSurface@@UAGJK@Z 10003f20 f   iddrawsurface.obj
 0001:00002f50       ?GetCaps@IDDrawSurface@@UAGJPAU_DDSCAPS@@@Z 10003f50 f   iddrawsurface.obj
 0001:00002f80       ?GetClipper@IDDrawSurface@@UAGJPAPAUIDirectDrawClipper@@@Z 10003f80 f   iddrawsurface.obj
 0001:00002fb0       ?GetColorKey@IDDrawSurface@@UAGJKPAU_DDCOLORKEY@@@Z 10003fb0 f   iddrawsurface.obj
 0001:00002fe0       ?GetDC@IDDrawSurface@@UAGJPAPAUHDC__@@@Z 10003fe0 f   iddrawsurface.obj
 0001:00003010       ?GetFlipStatus@IDDrawSurface@@UAGJK@Z 10004010 f   iddrawsurface.obj
 0001:00003040       ?GetOverlayPosition@IDDrawSurface@@UAGJPAJ0@Z 10004040 f   iddrawsurface.obj
 0001:00003070       ?GetPalette@IDDrawSurface@@UAGJPAPAUIDirectDrawPalette@@@Z 10004070 f   iddrawsurface.obj
 0001:000030a0       ?GetPixelFormat@IDDrawSurface@@UAGJPAU_DDPIXELFORMAT@@@Z 100040a0 f   iddrawsurface.obj
 0001:000030d0       ?GetSurfaceDesc@IDDrawSurface@@UAGJPAU_DDSURFACEDESC@@@Z 100040d0 f   iddrawsurface.obj
 0001:00003100       ?Initialize@IDDrawSurface@@UAGJPAUIDirectDraw@@PAU_DDSURFACEDESC@@@Z 10004100 f   iddrawsurface.obj
 0001:00003130       ?IsLost@IDDrawSurface@@UAGJXZ 10004130 f   iddrawsurface.obj
 0001:00003160       ?Lock@IDDrawSurface@@UAGJPAUtagRECT@@PAU_DDSURFACEDESC@@KPAX@Z 10004160 f   iddrawsurface.obj
 0001:000031d0       ?ReleaseDC@IDDrawSurface@@UAGJPAUHDC__@@@Z 100041d0 f   iddrawsurface.obj
 0001:00003200       ?Restore@IDDrawSurface@@UAGJXZ 10004200 f   iddrawsurface.obj
 0001:00003230       ?SetClipper@IDDrawSurface@@UAGJPAUIDirectDrawClipper@@@Z 10004230 f   iddrawsurface.obj
 0001:00003260       ?SetColorKey@IDDrawSurface@@UAGJKPAU_DDCOLORKEY@@@Z 10004260 f   iddrawsurface.obj
 0001:00003290       ?SetOverlayPosition@IDDrawSurface@@UAGJJJ@Z 10004290 f   iddrawsurface.obj
 0001:000032c0       ?SetPalette@IDDrawSurface@@UAGJPAUIDirectDrawPalette@@@Z 100042c0 f   iddrawsurface.obj
 0001:00003300       ?Unlock@IDDrawSurface@@UAGJPAX@Z 10004300 f   iddrawsurface.obj
 0001:00003650       ?UpdateOverlay@IDDrawSurface@@UAGJPAUtagRECT@@PAUIDirectDrawSurface@@0KPAU_DDOVERLAYFX@@@Z 10004650 f   iddrawsurface.obj
 0001:00003690       ?UpdateOverlayDisplay@IDDrawSurface@@UAGJK@Z 10004690 f   iddrawsurface.obj
 0001:000036c0       ?UpdateOverlayZOrder@IDDrawSurface@@UAGJKPAUIDirectDrawSurface@@@Z 100046c0 f   iddrawsurface.obj
 0001:000036f0       ?OutptTxt@IDDrawSurface@@SGXPAD@Z 100046f0 f   iddrawsurface.obj
 0001:000036f0       ?OutptInt@IDDrawSurface@@SGXH@Z 100046f0 f   iddrawsurface.obj
 0001:00003700       ?ReplaceTAProc@IDDrawSurface@@AAEXXZ 10004700 f   iddrawsurface.obj
 0001:00003730       ?Set@IDDrawSurface@@QAEX_N@Z 10004730 f   iddrawsurface.obj
 0001:00003750       ?CreateClipplist@IDDrawSurface@@QAEXXZ 10004750 f   iddrawsurface.obj
 0001:00003930       ?ScreenShot@IDDrawSurface@@QAEXXZ 10004930 f   iddrawsurface.obj
 0001:00003bb0       ?CreateFileName@IDDrawSurface@@AAEXPADH@Z 10004bb0 f   iddrawsurface.obj
 0001:00003e30       ?CreateDir@IDDrawSurface@@QAEXPAD@Z 10004e30 f   iddrawsurface.obj
 0001:00003ef0       ?CorrectName@IDDrawSurface@@QAEXPAD@Z 10004ef0 f   iddrawsurface.obj
 0001:00003f50       ?DeInterlace@IDDrawSurface@@AAEXXZ 10004f50 f   iddrawsurface.obj
 0001:00004000       ?WinProc@@YGJPAUHWND__@@IIJ@Z 10005000 f   iddrawsurface.obj
 0001:000043b0       ??0MenuResolution@@QAE@H@Z 100053b0 f   MenuResolution.obj
 0001:00004410       ??1MenuResolution@@QAE@XZ  10005410 f   MenuResolution.obj
 0001:00004430       ?InstallHook@MenuResolution@@AAEXXZ 10005430 f   MenuResolution.obj
 0001:00004670       ?UninstallHook@MenuResolution@@AAEXXZ 10005670 f   MenuResolution.obj
 0001:00004880       ?sub_0049E91C@@YGHPAUtagInlineX86StackBuffer@@@Z 10005880 f   MenuResolution.obj
 0001:000048e0       ?sub_0049E93B@@YGHPAUtagInlineX86StackBuffer@@@Z 100058e0 f   MenuResolution.obj
 0001:00004940       ?sub_00491A75@@YGHPAUtagInlineX86StackBuffer@@@Z 10005940 f   MenuResolution.obj
 0001:000049d0       ?sub_00491B01@@YGHPAUtagInlineX86StackBuffer@@@Z 100059d0 f   MenuResolution.obj
 0001:00004a50       ??0ModifyWeaponPacket@@QAE@H@Z 10005a50 f   MultiGameWeaponID.obj
 0001:00004a90       ?ModifyRoutine@ModifyWeaponPacket@@AAEXH@Z 10005a90 f   MultiGameWeaponID.obj
 0001:00004ba0       ?EnsureDplayx@ModifyWeaponPacket@@AAEXH@Z 10005ba0 f   MultiGameWeaponID.obj
 0001:00005160       ?FeaturePacket@ModifyWeaponPacket@@AAEXH@Z 10006160 f   MultiGameWeaponID.obj
 0001:00005320       ??1ModifyWeaponPacket@@QAE@XZ 10006320 f   MultiGameWeaponID.obj
 0001:00005560       ??0CDDDTA@@QAE@XZ          10006560 f   dddta.obj
 0001:00005650       ??1CDDDTA@@QAE@XZ          10006650 f   dddta.obj
 0001:000056e0       ?DeInitDDDTA@CDDDTA@@QAEXXZ 100066e0 f   dddta.obj
 0001:00005780       ?Blit@CDDDTA@@QAEXPAUIDirectDrawSurface@@@Z 10006780 f   dddta.obj
 0001:000058d0       ?InitDDDTA@CDDDTA@@AAEXXZ  100068d0 f   dddta.obj
 0001:00005c70       ?Message@CDDDTA@@QAE_NPAUHWND__@@IIJ@Z 10006c70 f   dddta.obj
 0001:00005d40       ?FrameUpdate@CDDDTA@@QAEXXZ 10006d40 f   dddta.obj
 0001:00005e90       ?WriteUnits@CDDDTA@@AAEXXZ 10006e90 f   dddta.obj
 0001:00005fa0       ?WriteProjectiles@CDDDTA@@AAEXXZ 10006fa0 f   dddta.obj
 0001:000061a0       ?WriteExplosion@CDDDTA@@AAEXXZ 100071a0 f   dddta.obj
 0001:00006510       ?WriteSmoke@CDDDTA@@AAEXXZ 10007510 f   dddta.obj
 0001:000067b0       ?SetActiveUnit@CDDDTA@@AAEXPAUOwnUnitBegin@@PAUUnitStruct@@@Z 100077b0 f i dddta.obj
 0001:000068b0       ?WriteSubPart@CDDDTA@@AAEXPAUSubPart@@PAUPrimitiveStruct@@@Z 100078b0 f   dddta.obj
 0001:000069b0       ?CheckMessages@CDDDTA@@AAEXXZ 100079b0 f   dddta.obj
 0001:00006b00       ?CreateSharedTAMem@CDDDTA@@AAEXHHPAD@Z 10007b00 f   dddta.obj
 0001:00006c30       ?RestoreAllSharedTAMem@CDDDTA@@AAEXXZ 10007c30 f   dddta.obj
 0001:00006f90       ?SendTextToSpring@CDDDTA@@QAEXPBD@Z 10007f90 f   dddta.obj
 0001:00007030       ?ChatStrnCpy@@YAPADPADPBDI@Z 10008030 f   dddta.obj
 0001:00007070       ?DeleteMem@@YAXPAX@Z       10008070 f   dddta.obj
 0001:000070a0       ??1?$deque@UTAShareMemStruct@CDDDTA@@V?$allocator@UTAShareMemStruct@CDDDTA@@@std@@@std@@QAE@XZ 100080a0 f i dddta.obj
 0001:00007120       ?push_front@?$deque@UTAShareMemStruct@CDDDTA@@V?$allocator@UTAShareMemStruct@CDDDTA@@@std@@@std@@QAEXABUTAShareMemStruct@CDDDTA@@@Z 10008120 f i dddta.obj
 0001:00007240       ?_Growmap@?$deque@UTAShareMemStruct@CDDDTA@@V?$allocator@UTAShareMemStruct@CDDDTA@@@std@@@std@@IAEXI@Z 10008240 f i dddta.obj
 0001:000075e0       ?_Tidy@?$deque@UTAShareMemStruct@CDDDTA@@V?$allocator@UTAShareMemStruct@CDDDTA@@@std@@@std@@IAEXXZ 100085e0 f i dddta.obj
 0001:000076b0       ??0?$_Deque_val@UTAShareMemStruct@CDDDTA@@V?$allocator@UTAShareMemStruct@CDDDTA@@@std@@@std@@QAE@V?$allocator@UTAShareMemStruct@CDDDTA@@@1@@Z 100086b0 f i dddta.obj
 0001:000076b0       ??0?$_Deque_val@UMMHS@AlliesWhiteboard@@V?$allocator@UMMHS@AlliesWhiteboard@@@std@@@std@@QAE@V?$allocator@UMMHS@AlliesWhiteboard@@@1@@Z 100086b0 f i whiteboard.obj
 0001:000076b0       ??0?$_Deque_val@PAVGraphicElement@@V?$allocator@PAVGraphicElement@@@std@@@std@@QAE@V?$allocator@PAVGraphicElement@@@1@@Z 100086b0 f i whiteboard.obj
 0001:00007770       ??H?$_Deque_iterator@UMMHS@AlliesWhiteboard@@V?$allocator@UMMHS@AlliesWhiteboard@@@std@@@std@@QBE?AV01@H@Z 10008770 f i whiteboard.obj
 0001:00007770       ??H?$_Deque_iterator@UTAShareMemStruct@CDDDTA@@V?$allocator@UTAShareMemStruct@CDDDTA@@@std@@@std@@QBE?AV01@H@Z 10008770 f i dddta.obj
 0001:00007820       ?pop_back@?$deque@UTAShareMemStruct@CDDDTA@@V?$allocator@UTAShareMemStruct@CDDDTA@@@std@@@std@@QAEXXZ 10008820 f i dddta.obj
 0001:000078d0       ??D?$_Deque_const_iterator@UTAShareMemStruct@CDDDTA@@V?$allocator@UTAShareMemStruct@CDDDTA@@@std@@@std@@QBEABUTAShareMemStruct@CDDDTA@@XZ 100088d0 f i dddta.obj
 0001:00007950       ??$_Cons_val@V?$allocator@UTAShareMemStruct@CDDDTA@@@std@@UTAShareMemStruct@CDDDTA@@ABU34@@std@@YGXAAV?$allocator@UTAShareMemStruct@CDDDTA@@@0@PAUTAShareMemStruct@CDDDTA@@ABU23@@Z 10008950 f i dddta.obj
 0001:000079b0       ??$_Cons_val@V?$allocator@U_Container_proxy@std@@@std@@U_Container_proxy@2@U32@@std@@YGXAAV?$allocator@U_Container_proxy@std@@@0@PAU_Container_proxy@0@$$QAU20@@Z 100089b0 f i dddta.obj
 0001:000079f0       ??$_Allocate@UTAShareMemStruct@CDDDTA@@@std@@YGPAUTAShareMemStruct@CDDDTA@@IPAU12@@Z 100089f0 f i dddta.obj
 0001:00007a60       ??1bad_alloc@std@@UAE@XZ   10008a60 f i dddta.obj
 0001:00007a80       ??_Ebad_alloc@std@@UAEPAXI@Z 10008a80 f i dddta.obj
 0001:00007a80       ??_Gbad_alloc@std@@UAEPAXI@Z 10008a80 f i dddta.obj
 0001:00007ac0       ??$_Allocate@U_Container_proxy@std@@@std@@YGPAU_Container_proxy@0@IPAU10@@Z 10008ac0 f i dddta.obj
 0001:00007b30       ??0bad_alloc@std@@QAE@ABV01@@Z 10008b30 f i dddta.obj
 0001:00007b60       ??0CChangeQueue@@QAE@XZ    10008b60 f   changequeue.obj
 0001:00007ba0       ??0CIncome@@QAE@XZ         10008ba0 f   cinomce.obj
 0001:00007c60       ??1CIncome@@QAE@XZ         10008c60 f   cinomce.obj
 0001:00007c90       ?BlitIncome@CIncome@@QAEXPAUIDirectDrawSurface@@@Z 10008c90 f   cinomce.obj
 0001:00007f80       ?ShowAllIncome@CIncome@@AAEHXZ 10008f80 f   cinomce.obj
 0001:00008070       ?ShowAllyIncome@CIncome@@AAEHXZ 10009070 f   cinomce.obj
 0001:00008140       ?ShowMyViewIncome@CIncome@@AAEXHH@Z 10009140 f   cinomce.obj
 0001:00008210       ?ShowPlayerIncome@CIncome@@AAEXHHH@Z 10009210 f   cinomce.obj
 0001:00008510       ?DrawStorageText@CIncome@@AAEHMHH@Z 10009510 f   cinomce.obj
 0001:00008620       ?DrawTextA@CIncome@@AAEXPADHHD@Z 10009620 f   cinomce.obj
 0001:00008780       ?PaintStoragebar@CIncome@@AAEXHHHH@Z 10009780 f   cinomce.obj
 0001:00008950       ?FillRect@CIncome@@AAEXD@Z 10009950 f   cinomce.obj
 0001:000089c0       ?Set@CIncome@@QAEXH@Z      100099c0 f   cinomce.obj
 0001:000089e0       ?ReadPos@CIncome@@AAEXXZ   100099e0 f   cinomce.obj
 0001:00008a90       ?WritePos@CIncome@@AAEXXZ  10009a90 f   cinomce.obj
 0001:00008b10       ?Message@CIncome@@QAE_NPAUHWND__@@IIJ@Z 10009b10 f   cinomce.obj
 0001:00009030       ?CorrectPos@CIncome@@AAEXXZ 1000a030 f   cinomce.obj
 0001:000090c0       ?GetPlayerColor@CIncome@@AAEEH@Z 1000a0c0 f   cinomce.obj
 0001:00009150       ?DrawPlayerRect@CIncome@@AAEXHHD@Z 1000a150 f   cinomce.obj
 0001:000091b0       ??$sprintf_s@$0GE@@@YAHAAY0GE@DPBDZZ 1000a1b0 f i cinomce.obj
 0001:000091e0       ??0CWarp@@QAE@XZ           1000a1e0 f   commanderwarp.obj
 0001:00009270       ??1CWarp@@QAE@XZ           1000a270 f   commanderwarp.obj
 0001:000092a0       ?SetPos@CWarp@@AAEXHH@Z    1000a2a0 f   commanderwarp.obj
 0001:00009300       ?Message@CWarp@@QAE_NPAUHWND__@@IIJ@Z 1000a300 f   commanderwarp.obj
 0001:00009560       ?Blit@CWarp@@QAEXPAUIDirectDrawSurface@@@Z 1000a560 f   commanderwarp.obj
 0001:00009690       ?WithinButton@CWarp@@AAE_NHH@Z 1000a690 f   commanderwarp.obj
 0001:000096e0       ?BlitBtn@CWarp@@AAEXPAUIDirectDrawSurface@@@Z 1000a6e0 f   commanderwarp.obj
 0001:000097f0       ??0Dialog@@QAE@XZ          1000a7f0 f   dialog.obj
 0001:00009b70       ??1Dialog@@QAE@XZ          1000ab70 f   dialog.obj
 0001:00009d90       ?ShowDialog@Dialog@@QAEXXZ 1000ad90 f   dialog.obj
 0001:00009df0       ?HideDialog@Dialog@@QAEXXZ 1000adf0 f   dialog.obj
 0001:00009e20       ?BlitDialog@Dialog@@QAEXPAUIDirectDrawSurface@@@Z 1000ae20 f   dialog.obj
 0001:00009f30       ?RestoreCursor@Dialog@@AAEXXZ 1000af30 f   dialog.obj
 0001:00009fd0       ?RestoreAll@Dialog@@AAEXXZ 1000afd0 f   dialog.obj
 0001:0000a160       ?Message@Dialog@@QAE_NPAUHWND__@@IIJ@Z 1000b160 f   dialog.obj
 0001:0000afd0       ?RenderDialog@Dialog@@AAEXXZ 1000bfd0 f   dialog.obj
 0001:0000b120       ?Inside@Dialog@@AAE_NHHH@Z 1000c120 f   dialog.obj
 0001:0000b360       ?DrawTextA@Dialog@@QAEXPAUIDirectDrawSurface@@HHPAD@Z 1000c360 f   dialog.obj
 0001:0000b620       ?DrawSmallText@Dialog@@QAEXPAUIDirectDrawSurface@@HHPAD@Z 1000c620 f   dialog.obj
 0001:0000b8e0       ?SetAll@Dialog@@AAEXXZ     1000c8e0 f   dialog.obj
 0001:0000b9a0       ?ReadPos@Dialog@@AAEXXZ    1000c9a0 f   dialog.obj
 0001:0000ba30       ?WriteSettings@Dialog@@AAEXXZ 1000ca30 f   dialog.obj
 0001:0000bb80       ?ReadSettings@Dialog@@AAEXXZ 1000cb80 f   dialog.obj
 0001:0000bda0       ?WritePos@Dialog@@AAEXXZ   1000cda0 f   dialog.obj
 0001:0000be20       ?CorrectPos@Dialog@@AAEXXZ 1000ce20 f   dialog.obj
 0001:0000beb0       ?DrawTinyText@Dialog@@AAEXPADHHD@Z 1000ceb0 f   dialog.obj
 0001:0000bfa0       ?FillRect@Dialog@@AAEXHHHHD@Z 1000cfa0 f   dialog.obj
 0001:0000c010       ?DrawBackgroundButton@Dialog@@AAEXXZ 1000d010 f   dialog.obj
 0001:0000c1a0       ?DrawKeyCode@Dialog@@AAEXXZ 1000d1a0 f   dialog.obj
 0001:0000c2f0       ?DrawShareBox@Dialog@@AAEXXZ 1000d2f0 f   dialog.obj
 0001:0000c610       ?DrawOptimizeDT@Dialog@@AAEXXZ 1000d610 f   dialog.obj
 0001:0000c6f0       ?DrawVSync@Dialog@@AAEXXZ  1000d6f0 f   dialog.obj
 0001:0000c870       ?DrawFullRings@Dialog@@AAEXXZ 1000d870 f   dialog.obj
 0001:0000c950       ?DrawWhiteboardKey@Dialog@@AAEXXZ 1000d950 f   dialog.obj
 0001:0000caa0       ?BlitCursor@Dialog@@QAEXPAUIDirectDrawSurface@@HH@Z 1000daa0 f   dialog.obj
 0001:0000cc20       ?EnterOption@@YGHPAUtagInlineX86StackBuffer@@@Z 1000dc20 f   dialog.obj
 0001:0000cc40       ?PressInOption@@YGHPAUtagInlineX86StackBuffer@@@Z 1000dc40 f   dialog.obj
 0001:0000cc60       ??0CIdleUnits@@QAE@XZ      1000dc60 f   idlevillager.obj
 0001:0000cca0       ??1CIdleUnits@@QAE@XZ      1000dca0 f   idlevillager.obj
 0001:0000ccc0       ?FindIdleConst@CIdleUnits@@AAEXXZ 1000dcc0 f   idlevillager.obj
 0001:0000cef0       ?ScrollToCenter@AlliesWhiteboard@@QAEXHH@Z 1000def0 f   whiteboard.obj
 0001:0000cef0       ?ScrollToCenter@CIdleUnits@@AAEXHH@Z 1000def0 f   idlevillager.obj
 0001:0000cfb0       ?Message@CIdleUnits@@QAE_NPAUHWND__@@IIJ@Z 1000dfb0 f   idlevillager.obj
 0001:0000d090       ??0CMapRect@@QAE@XZ        1000e090 f   maprect.obj
 0001:0000d4e0       ??1CMapRect@@QAE@XZ        1000e4e0 f   maprect.obj
 0001:0000d510       ?LockBlit@CMapRect@@QAEXPADH@Z 1000e510 f   maprect.obj
 0001:0000d890       ?GetMapMaxX@CMapRect@@AAEHXZ 1000e890 f   maprect.obj
 0001:0000d8b0       ?GetMapMaxY@CMapRect@@AAEHXZ 1000e8b0 f   maprect.obj
 0001:0000d8d0       ?PaintRect@CMapRect@@AAEXXZ 1000e8d0 f   maprect.obj
 0001:0000dad0       ?WorldToMiniX@CMapRect@@QAEHH@Z 1000ead0 f   maprect.obj
 0001:0000db00       ?WorldToMiniY@CMapRect@@QAEHH@Z 1000eb00 f   maprect.obj
 0001:0000db30       ??0CMinimapHandler@@QAE@XZ 1000eb30 f   MinimapHandler.obj
 0001:0000db70       ??_ECMinimapHandler@@UAEPAXI@Z 1000eb70 f i MinimapHandler.obj
 0001:0000db70       ??_GCMinimapHandler@@UAEPAXI@Z 1000eb70 f i MinimapHandler.obj
 0001:0000dba0       ??1CMinimapHandler@@UAE@XZ 1000eba0 f   MinimapHandler.obj
 0001:0000dbc0       ??0TADRConfig@@QAE@XZ      1000ebc0 f   TAConfig.obj
 0001:0000df30       ??1TADRConfig@@QAE@XZ      1000ef30 f   TAConfig.obj
 0001:0000e100       ?GetIniBool@TADRConfig@@QAEHPBDH@Z 1000f100 f   TAConfig.obj
 0001:0000e1b0       ?GetIniInt@TADRConfig@@QAEHPBDH@Z 1000f1b0 f   TAConfig.obj
 0001:0000e1e0       ?GetIniStr@TADRConfig@@QAEHPBDPADK1@Z 1000f1e0 f   TAConfig.obj
 0001:0000e210       ?TARegPath_HKEY@TADRConfig@@AAEPAUHKEY__@@XZ 1000f210 f   TAConfig.obj
 0001:0000e270       ?WriteTAReg_Dword@TADRConfig@@QAEJPADK@Z 1000f270 f   TAConfig.obj
 0001:0000e2b0       ?WriteTAReg_Str@TADRConfig@@QAEJPADPBDK@Z 1000f2b0 f   TAConfig.obj
 0001:0000e300       ?ReadTAReg_Dword@TADRConfig@@QAEJPADPAK@Z 1000f300 f   TAConfig.obj
 0001:0000e340       ?LoadIniRegSetting@TADRConfig@@AAEXPAE@Z 1000f340 f   TAConfig.obj
 0001:0000e8f0       ?strlwr_s@Checked@ATL@@YAXPADI@Z 1000f8f0 f i TAConfig.obj
 0001:0000e9c0       ?AtlThrowImpl@ATL@@YGXJ@Z  1000f9c0 f i TAConfig.obj
 0001:0000e9f0       ?strupr_s@Checked@ATL@@YAXPADI@Z 1000f9f0 f i TAConfig.obj
 0001:0000eac0       ?EnumIniRegInfo_Begin@TADRConfig@@QAEHPAPAU_EnumRegInfo@@PAPBDPAPBX@Z 1000fac0 f   TAConfig.obj
 0001:0000eb90       ?EnumIniRegInfo_Next@TADRConfig@@QAEHPAPAU_EnumRegInfo@@PAPBDPAPBX@Z 1000fb90 f   TAConfig.obj
 0001:0000ecf0       ?EnumIniRegInfo_End@TADRConfig@@QAEHPAPAU_EnumRegInfo@@@Z 1000fcf0 f   TAConfig.obj
 0001:0000ed60       ?FindRegDword@TADRConfig@@QAEKPADK@Z 1000fd60 f   TAConfig.obj
 0001:0000edf0       ?GetIniCrc@TADRConfig@@QAEIXZ 1000fdf0 f   TAConfig.obj
 0001:0000eed0       ??0RegDword@@QAE@PADHK@Z   1000fed0 f   TAConfig.obj
 0001:0000ef40       ??1RegDword@@QAE@XZ        1000ff40 f   TAConfig.obj
 0001:0000ef70       ?Name@RegString@@QAEPBDXZ  1000ff70 f   TAConfig.obj
 0001:0000ef70       ?Name@RegDword@@QAEPBDXZ   1000ff70 f   TAConfig.obj
 0001:0000ef80       ?AddrToHook@SingleHook@@UAEQAXXZ 1000ff80 f   Hook.obj
 0001:0000ef80       ?Str@RegString@@QAEPBDXZ   1000ff80 f   TAConfig.obj
 0001:0000ef80       ?Value@RegDword@@QAEKXZ    1000ff80 f   TAConfig.obj
 0001:0000efa0       ??0RegString@@QAE@PADH0H@Z 1000ffa0 f   TAConfig.obj
 0001:0000f040       ??1RegString@@QAE@XZ       10010040 f   TAConfig.obj
 0001:0000f090       ??1?$vector@PAVRegString@@V?$allocator@PAVRegString@@@std@@@std@@QAE@XZ 10010090 f i TAConfig.obj
 0001:0000f090       ??1?$vector@PAVGraphicElement@@V?$allocator@PAVGraphicElement@@@std@@@std@@QAE@XZ 10010090 f i whiteboard.obj
 0001:0000f090       ??1?$vector@PADV?$allocator@PAD@std@@@std@@QAE@XZ 10010090 f i UnicodeSupport.obj
 0001:0000f090       ??1?$vector@PAVRegDword@@V?$allocator@PAVRegDword@@@std@@@std@@QAE@XZ 10010090 f i TAConfig.obj
 0001:0000f0e0       ?push_back@?$vector@PAVRegString@@V?$allocator@PAVRegString@@@std@@@std@@QAEXABQAVRegString@@@Z 100100e0 f i TAConfig.obj
 0001:0000f0e0       ?push_back@?$vector@PAVRegDword@@V?$allocator@PAVRegDword@@@std@@@std@@QAEXABQAVRegDword@@@Z 100100e0 f i TAConfig.obj
 0001:0000f0e0       ?push_back@?$vector@PAVGraphicElement@@V?$allocator@PAVGraphicElement@@@std@@@std@@QAEXABQAVGraphicElement@@@Z 100100e0 f i ElementHandler.obj
 0001:0000f1c0       ?back@?$vector@PAVRegString@@V?$allocator@PAVRegString@@@std@@@std@@QAEAAPAVRegString@@XZ 100101c0 f i TAConfig.obj
 0001:0000f200       ?_Reserve@?$vector@PAVRegDword@@V?$allocator@PAVRegDword@@@std@@@std@@IAEXI@Z 10010200 f i TAConfig.obj
 0001:0000f200       ?_Reserve@?$vector@PAVRegString@@V?$allocator@PAVRegString@@@std@@@std@@IAEXI@Z 10010200 f i TAConfig.obj
 0001:0000f200       ?_Reserve@?$vector@PADV?$allocator@PAD@std@@@std@@IAEXI@Z 10010200 f i UnicodeSupport.obj
 0001:0000f200       ?_Reserve@?$vector@PAVGraphicElement@@V?$allocator@PAVGraphicElement@@@std@@@std@@IAEXI@Z 10010200 f i whiteboard.obj
 0001:0000f290       ?reserve@?$vector@PADV?$allocator@PAD@std@@@std@@QAEXI@Z 10010290 f i UnicodeSupport.obj
 0001:0000f290       ?reserve@?$vector@PAVRegDword@@V?$allocator@PAVRegDword@@@std@@@std@@QAEXI@Z 10010290 f i TAConfig.obj
 0001:0000f290       ?reserve@?$vector@PAVRegString@@V?$allocator@PAVRegString@@@std@@@std@@QAEXI@Z 10010290 f i TAConfig.obj
 0001:0000f290       ?reserve@?$vector@PAVGraphicElement@@V?$allocator@PAVGraphicElement@@@std@@@std@@QAEXI@Z 10010290 f i whiteboard.obj
 0001:0000f410       ?_Grow_to@?$vector@PADV?$allocator@PAD@std@@@std@@IBEII@Z 10010410 f i UnicodeSupport.obj
 0001:0000f410       ?_Grow_to@?$vector@PAVGraphicElement@@V?$allocator@PAVGraphicElement@@@std@@@std@@IBEII@Z 10010410 f i whiteboard.obj
 0001:0000f410       ?_Grow_to@?$vector@PAVRegString@@V?$allocator@PAVRegString@@@std@@@std@@IBEII@Z 10010410 f i TAConfig.obj
 0001:0000f410       ?_Grow_to@?$vector@PAVRegDword@@V?$allocator@PAVRegDword@@@std@@@std@@IBEII@Z 10010410 f i TAConfig.obj
 0001:0000f490       ??$_Allocate@PAUTAShareMemStruct@CDDDTA@@@std@@YGPAPAUTAShareMemStruct@CDDDTA@@IPAPAU12@@Z 10010490 f i dddta.obj
 0001:0000f490       ??$_Allocate@PAVRegString@@@std@@YGPAPAVRegString@@IPAPAV1@@Z 10010490 f i TAConfig.obj
 0001:0000f490       ??$_Allocate@PAD@std@@YGPAPADIPAPAD@Z 10010490 f i UnicodeSupport.obj
 0001:0000f490       ??$_Allocate@PAPAVGraphicElement@@@std@@YGPAPAPAVGraphicElement@@IPAPAPAV1@@Z 10010490 f i whiteboard.obj
 0001:0000f490       ??$_Allocate@PAVGraphicElement@@@std@@YGPAPAVGraphicElement@@IPAPAV1@@Z 10010490 f i whiteboard.obj
 0001:0000f490       ??$_Allocate@PAVRegDword@@@std@@YGPAPAVRegDword@@IPAPAV1@@Z 10010490 f i TAConfig.obj
 0001:0000f490       ??$_Allocate@PAUMMHS@AlliesWhiteboard@@@std@@YGPAPAUMMHS@AlliesWhiteboard@@IPAPAU12@@Z 10010490 f i whiteboard.obj
 0001:0000f500       ??0CTAHook@@QAE@XZ         10010500 f   tahook.obj
 0001:0000f7c0       ??1CTAHook@@QAE@XZ         100107c0 f   tahook.obj
 0001:0000f850       ?Message@CTAHook@@QAE_NPAUHWND__@@IIJ@Z 10010850 f   tahook.obj
 0001:000101b0       ?Set@CTAHook@@QAEXHPAD_N1H@Z 100111b0 f   tahook.obj
 0001:00010200       ?WriteShareMacro@CTAHook@@QAEXXZ 10011200 f   tahook.obj
 0001:00010350       ?Blit@CTAHook@@QAEXPAUIDirectDrawSurface@@@Z 10011350 f   tahook.obj
 0001:00010360       ?TABlit@CTAHook@@QAEXXZ    10011360 f   tahook.obj
 0001:000103b0       ?WriteDTLine@CTAHook@@AAEXXZ 100113b0 f   tahook.obj
 0001:00010450       ?CalculateLine@CTAHook@@AAEXXZ 10011450 f   tahook.obj
 0001:00010700       ?UpdateSpacing@CTAHook@@AAEXXZ 10011700 f   tahook.obj
 0001:00010740       ?OptimizeDTRows@CTAHook@@AAEXXZ 10011740 f   tahook.obj
 0001:00010ab0       ?VisualizeRow@CTAHook@@AAEXXZ 10011ab0 f   tahook.obj
 0001:00010be0       ?GetMaxScrollX@CTAHook@@SGHXZ 10011be0 f   tahook.obj
 0001:00010c20       ?GetMaxScrollY@CTAHook@@SGHXZ 10011c20 f   tahook.obj
 0001:00010c60       ?CalculateRing@CTAHook@@AAEXXZ 10011c60 f   tahook.obj
 0001:00010d60       ?CalculateRing@CTAHook@@AAEXHHHH@Z 10011d60 f   tahook.obj
 0001:000110f0       ?ClickBuilding@CTAHook@@AAEXHH@Z 100120f0 f   tahook.obj
 0001:00011160       ?GetFootX@CTAHook@@AAEFXZ  10012160 f   tahook.obj
 0001:00011190       ?GetFootY@CTAHook@@AAEFXZ  10012190 f   tahook.obj
 0001:000111c0       ?DrawBuildRect@CTAHook@@AAEXHHHHH@Z 100121c0 f   tahook.obj
 0001:000113b0       ?EnableTABuildRect@CTAHook@@AAEXXZ 100123b0 f   tahook.obj
 0001:000113e0       ?DisableTABuildRect@CTAHook@@AAEXXZ 100123e0 f   tahook.obj
 0001:00011410       ?PaintMinimapRect@CTAHook@@AAEXXZ 10012410 f   tahook.obj
 0001:00011440       ??0UnicodeSupport@@QAE@PBDKK@Z 10012440 f   UnicodeSupport.obj
 0001:00011a80       ?CreateSurfaceFromContextScreen@UnicodeSupport@@QAEPAUIDirectDrawSurface@@PAU_OFFSCREEN@@PAUIDirectDraw@@PAPAU2@@Z 10012a80 f   UnicodeSupport.obj
 0001:00011b30       ?NewSpecScreenSurface@UnicodeSupport@@AAEPAUtagSpecScreenSurface@@PAU_OFFSCREEN@@@Z 10012b30 f   UnicodeSupport.obj
 0001:00011c20       ?FreeSpecScreenSurface@UnicodeSupport@@AAEXPAUtagSpecScreenSurface@@@Z 10012c20 f   UnicodeSupport.obj
 0001:00011d00       ?GetSpecScreenSurface@UnicodeSupport@@AAEPAUtagSpecScreenSurface@@PAU_OFFSCREEN@@@Z 10012d00 f   UnicodeSupport.obj
 0001:00011dd0       ?UnicodeDrawTextA@UnicodeSupport@@QAEHPAU_OFFSCREEN@@PADPAUIDirectDraw@@HH@Z 10012dd0 f   UnicodeSupport.obj
 0001:000120b0       ?IsIDDrawLost@UnicodeSupport@@AAEHXZ 100130b0 f   UnicodeSupport.obj
 0001:000120e0       ?RestoreLocalSurf@UnicodeSupport@@AAEXXZ 100130e0 f   UnicodeSupport.obj
 0001:000121e0       ?Blt@UnicodeSupport@@QAE_NPAUIDirectDrawSurface@@@Z 100131e0 f   UnicodeSupport.obj
 0001:00012480       ?ReleaseCandidateList@UnicodeSupport@@AAEXXZ 10013480 f   UnicodeSupport.obj
 0001:00012570       ?DrawSeparator@UnicodeSupport@@AAEHPAUHDC__@@HPAH1PAUHBRUSH__@@@Z 10013570 f   UnicodeSupport.obj
 0001:000125e0       ?DrawALine_Ime@UnicodeSupport@@AAEXPAUHDC__@@PADPAH2@Z 100135e0 f   UnicodeSupport.obj
 0001:00012680       ?UpdateImeInput@UnicodeSupport@@AAE_NXZ 10013680 f   UnicodeSupport.obj
 0001:000128a0       ?UpdateImeFrame@UnicodeSupport@@AAE_NXZ 100138a0 f   UnicodeSupport.obj
 0001:00012ca0       ?SetHDCFont@UnicodeSupport@@AAEXPAUHDC__@@PAUHFONT__@@@Z 10013ca0 f   UnicodeSupport.obj
 0001:00012ce0       ?SendStr@UnicodeSupport@@AAEXPAD@Z 10013ce0 f   UnicodeSupport.obj
 0001:00012d30       ?Message@UnicodeSupport@@QAE_NPAUHWND__@@IIJ@Z 10013d30 f   UnicodeSupport.obj
 0001:00013290       ?CopyToContextScreenMem@@YGXPAU_OFFSCREEN@@PAUtagSpecScreenSurface@@@Z 10014290 f   UnicodeSupport.obj
 0001:00013310       ?CopyToSpecSurfaceMem@@YGXPAUtagSpecScreenSurface@@PAU_OFFSCREEN@@@Z 10014310 f   UnicodeSupport.obj
 0001:00013390       ?USDrawTextInScreen_HookRouter@@YGHPAUtagInlineX86StackBuffer@@@Z 10014390 f   UnicodeSupport.obj
 0001:000134c0       ?myValidChar@@YGHPAUtagInlineX86StackBuffer@@@Z 100144c0 f   UnicodeSupport.obj
 0001:00013620       ?myDeleteChar@@YGHPAUtagInlineX86StackBuffer@@@Z 10014620 f   UnicodeSupport.obj
 0001:00013700       ?Blt_BottomState0_Text@@YGHPAUtagInlineX86StackBuffer@@@Z 10014700 f   UnicodeSupport.obj
 0001:00013830       ?Blt_BottomState1_Text@@YGHPAUtagInlineX86StackBuffer@@@Z 10014830 f   UnicodeSupport.obj
 0001:00013960       ?PopadState@@YGHPAUtagInlineX86StackBuffer@@@Z 10014960 f   UnicodeSupport.obj
 0001:00013a10       ?GetStrExtent@@YGHPAUtagInlineX86StackBuffer@@@Z 10014a10 f   UnicodeSupport.obj
 0001:00013a70       ?GetTextExtent_AssignCharLen@@YGHPAUtagInlineX86StackBuffer@@@Z 10014a70 f   UnicodeSupport.obj
 0001:00013ad0       ?pop_back@?$vector@PAVRegDword@@V?$allocator@PAVRegDword@@@std@@@std@@QAEXXZ 10014ad0 f i TAConfig.obj
 0001:00013ad0       ?pop_back@?$vector@PADV?$allocator@PAD@std@@@std@@QAEXXZ 10014ad0 f i UnicodeSupport.obj
 0001:00013ad0       ?pop_back@?$vector@PAVRegString@@V?$allocator@PAVRegString@@@std@@@std@@QAEXXZ 10014ad0 f i TAConfig.obj
 0001:00013ad0       ?pop_back@?$vector@PAVGraphicElement@@V?$allocator@PAVGraphicElement@@@std@@@std@@QAEXXZ 10014ad0 f i ElementHandler.obj
 0001:00013b20       ?_Tidy@?$vector@PADV?$allocator@PAD@std@@@std@@IAEXXZ 10014b20 f i UnicodeSupport.obj
 0001:00013b20       ?_Tidy@?$vector@PAVGraphicElement@@V?$allocator@PAVGraphicElement@@@std@@@std@@IAEXXZ 10014b20 f i whiteboard.obj
 0001:00013b20       ?_Tidy@?$vector@PAVRegString@@V?$allocator@PAVRegString@@@std@@@std@@IAEXXZ 10014b20 f i TAConfig.obj
 0001:00013b20       ?_Tidy@?$vector@PAVRegDword@@V?$allocator@PAVRegDword@@@std@@@std@@IAEXXZ 10014b20 f i TAConfig.obj
 0001:00013b80       ??0LimitCrack@@QAE@XZ      10014b80 f   LimitCrack.obj
 0001:000141e0       ??1LimitCrack@@QAE@XZ      100151e0 f   LimitCrack.obj
 0001:00014400       ??0IncreaseAISearchMapEntriesLimit@@QAE@K@Z 10015400 f   LimitCrack.obj
 0001:000144a0       ??1IncreaseAISearchMapEntriesLimit@@QAE@XZ 100154a0 f   LimitCrack.obj
 0001:000144f0       ??0IncreaseWeaponTypeLimit@@QAE@K@Z 100154f0 f   LimitCrack.obj
 0001:00014520       ?NewLimit@IncreaseWeaponTypeLimit@@AAEXK@Z 10015520 f   LimitCrack.obj
 0001:00014660       ??1IncreaseWeaponTypeLimit@@QAE@XZ 10015660 f   LimitCrack.obj
 0001:00014880       ?WriteWeaponAryPtr@IncreaseWeaponTypeLimit@@AAEPAXPAPAX@Z 10015880 f   LimitCrack.obj
 0001:000149f0       ?WriteWeaponAryLen@IncreaseWeaponTypeLimit@@AAEKK@Z 100159f0 f   LimitCrack.obj
 0001:00014ac0       ?WeaponType_IdLimit@IncreaseWeaponTypeLimit@@AAEXXZ 10015ac0 f   LimitCrack.obj
 0001:00014c20       ??0IncreaseUnitTypeLimit@@QAE@H@Z 10015c20 f   LimitCrack.obj
 0001:00014c40       ??1IncreaseUnitTypeLimit@@QAE@XZ 10015c40 f   LimitCrack.obj
 0001:00014fa0       ?WriteNewLimit@IncreaseUnitTypeLimit@@AAEXK@Z 10015fa0 f   LimitCrack.obj
 0001:00015710       ??0IncreaseCompositeBuf@@QAE@KK@Z 10016710 f   LimitCrack.obj
 0001:00015730       ??1IncreaseCompositeBuf@@QAE@XZ 10016730 f   LimitCrack.obj
 0001:00015790       ?WriteNewLimit@IncreaseCompositeBuf@@AAEXKK@Z 10016790 f   LimitCrack.obj
 0001:00015880       ?Sfx_mallocBufSizeRouter@@YGHPAUtagInlineX86StackBuffer@@@Z 10016880 f   LimitCrack.obj
 0001:000158a0       ??0IncreaseSfxLimit@@QAE@K@Z 100168a0 f   LimitCrack.obj
 0001:000158d0       ??1IncreaseSfxLimit@@QAE@XZ 100168d0 f   LimitCrack.obj
 0001:000159a0       ?SetNewLimit@IncreaseSfxLimit@@AAEXKK@Z 100169a0 f   LimitCrack.obj
 0001:00015b00       ??0UnitLimit@@QAE@K@Z      10016b00 f   LimitCrack.obj
 0001:00015b50       ?NewUnitLimit@UnitLimit@@AAEXK@Z 10016b50 f   LimitCrack.obj
 0001:00015ce0       ??0AlliesWhiteboard@@QAE@XZ 10016ce0 f   whiteboard.obj
 0001:00015ef0       ??1AlliesWhiteboard@@QAE@XZ 10016ef0 f   whiteboard.obj
 0001:00015fc0       ?Blit@AlliesWhiteboard@@QAEXPAUIDirectDrawSurface@@@Z 10016fc0 f   whiteboard.obj
 0001:00016030       ?LockBlit@AlliesWhiteboard@@QAEXPADH@Z 10017030 f   whiteboard.obj
 0001:00016260       ?Message@AlliesWhiteboard@@QAE_NPAUHWND__@@IIJ@Z 10017260 f   whiteboard.obj
 0001:00016ce0       ??0GraphicText@@QAE@HHPADD@Z 10017ce0 f i whiteboard.obj
 0001:00016db0       ??1GraphicElement@@UAE@XZ  10017db0 f i whiteboard.obj
 0001:00016dd0       ?SetVisibleList@Dialog@@AAEXXZ 10017dd0 f i dialog.obj
 0001:00016dd0       ??1?$_Deque_iterator@PAVGraphicElement@@V?$allocator@PAVGraphicElement@@@std@@@std@@QAE@XZ 10017dd0 f i whiteboard.obj
 0001:00016dd0       ??1?$_Vector_val@PAVGraphicElement@@V?$allocator@PAVGraphicElement@@@std@@@std@@QAE@XZ 10017dd0 f i whiteboard.obj
 0001:00016dd0       ??1?$_Vector_val@PADV?$allocator@PAD@std@@@std@@QAE@XZ 10017dd0 f i UnicodeSupport.obj
 0001:00016dd0       ??1?$_Vector_val@PAVRegString@@V?$allocator@PAVRegString@@@std@@@std@@QAE@XZ 10017dd0 f i TAConfig.obj
 0001:00016dd0       ??1?$_Vector_val@PAVRegDword@@V?$allocator@PAVRegDword@@@std@@@std@@QAE@XZ 10017dd0 f i TAConfig.obj
 0001:00016dd0       ??1CChangeQueue@@QAE@XZ    10017dd0 f i changequeue.obj
 0001:00016dd0       ??1?$_Deque_iterator@UMMHS@AlliesWhiteboard@@V?$allocator@UMMHS@AlliesWhiteboard@@@std@@@std@@QAE@XZ 10017dd0 f i whiteboard.obj
 0001:00016dd0       ?Erase@PCX@@QAEXXZ         10017dd0 f i PCX.obj
 0001:00016dd0       ??1_Container_base12@std@@QAE@XZ 10017dd0 f i dddta.obj
 0001:00016dd0       ?Draw@GraphicText@@UAEXXZ  10017dd0 f i whiteboard.obj
 0001:00016dd0       ??1?$_Deque_iterator@UTAShareMemStruct@CDDDTA@@V?$allocator@UTAShareMemStruct@CDDDTA@@@std@@@std@@QAE@XZ 10017dd0 f i dddta.obj
 0001:00016dd0       ?Draw@GraphicLine@@UAEXXZ  10017dd0 f i whiteboard.obj
 0001:00016dd0       ?Draw@GraphicElement@@UAEXXZ 10017dd0 f i whiteboard.obj
 0001:00016de0       ??_EGraphicText@@UAEPAXI@Z 10017de0 f i whiteboard.obj
 0001:00016de0       ??_GGraphicText@@UAEPAXI@Z 10017de0 f i whiteboard.obj
 0001:00016e30       ??_EGraphicLine@@UAEPAXI@Z 10017e30 f i whiteboard.obj
 0001:00016e30       ??_EGraphicElement@@UAEPAXI@Z 10017e30 f i whiteboard.obj
 0001:00016e30       ??_GGraphicLine@@UAEPAXI@Z 10017e30 f i whiteboard.obj
 0001:00016e30       ??_EGraphicMoveText@@UAEPAXI@Z 10017e30 f i whiteboard.obj
 0001:00016e30       ??_GGraphicMoveText@@UAEPAXI@Z 10017e30 f i whiteboard.obj
 0001:00016e30       ??_EDeleteGraphic@@UAEPAXI@Z 10017e30 f i whiteboard.obj
 0001:00016e30       ??_GDeleteGraphic@@UAEPAXI@Z 10017e30 f i whiteboard.obj
 0001:00016e30       ??_GGraphicElement@@UAEPAXI@Z 10017e30 f i whiteboard.obj
 0001:00016e60       ?Set@AlliesWhiteboard@@QAEXH@Z 10017e60 f   whiteboard.obj
 0001:00016e80       ?DrawTextInput@AlliesWhiteboard@@AAEXPAUIDirectDrawSurface@@@Z 10017e80 f   whiteboard.obj
 0001:000170a0       ?TextInputKeyDown@AlliesWhiteboard@@AAEXH@Z 100180a0 f   whiteboard.obj
 0001:00017260       ??0GraphicTextEdited@@QAE@HHPADD@Z 10018260 f i whiteboard.obj
 0001:00017330       ??_EGraphicTextEdited@@UAEPAXI@Z 10018330 f i whiteboard.obj
 0001:00017330       ??_GGraphicTextEdited@@UAEPAXI@Z 10018330 f i whiteboard.obj
 0001:00017380       ?TextInputChar@AlliesWhiteboard@@AAEXD@Z 10018380 f   whiteboard.obj
 0001:00017400       ?AddTextMarker@AlliesWhiteboard@@AAEXXZ 10018400 f   whiteboard.obj
 0001:00017550       ?RestoreAll@AlliesWhiteboard@@AAEXXZ 10018550 f   whiteboard.obj
 0001:000175c0       ?DrawMarkers@AlliesWhiteboard@@AAEXPAUIDirectDrawSurface@@@Z 100185c0 f   whiteboard.obj
 0001:00017740       ?DrawMinimapMarkers@AlliesWhiteboard@@QAEXPADH_N@Z 10018740 f   whiteboard.obj
 0001:00017f10       ?GetMarkers@AlliesWhiteboard@@QAEXPAUMarkerArray@@@Z 10018f10 f   whiteboard.obj
 0001:000180f0       ?DrawTextMarker@AlliesWhiteboard@@AAEXPAUIDirectDrawSurface@@HHPADD@Z 100190f0 f   whiteboard.obj
 0001:00018260       ?DeleteMarker@AlliesWhiteboard@@AAEXHH@Z 10019260 f   whiteboard.obj
 0001:00018300       ?EreaseArea@AlliesWhiteboard@@AAEXHH@Z 10019300 f   whiteboard.obj
 0001:000183d0       ?MouseMove@AlliesWhiteboard@@AAEXHHHH@Z 100193d0 f   whiteboard.obj
 0001:00018590       ?ReceiveMarkers@AlliesWhiteboard@@AAEXXZ 10019590 f   whiteboard.obj
 0001:00018a20       ?SendMarkers@AlliesWhiteboard@@AAEXXZ 10019a20 f   whiteboard.obj
 0001:00019310       ?DrawLine@AlliesWhiteboard@@QAEXHHHHDPADH@Z 1001a310 f   whiteboard.obj
 0001:00019420       ?DrawFreeLine@AlliesWhiteboard@@QAEXHHHHDPADH@Z 1001a420 f   whiteboard.obj
 0001:00019470       ?EchoMarker@AlliesWhiteboard@@AAEXPAD@Z 1001a470 f   whiteboard.obj
 0001:000194d0       ?GetTextElementAt@AlliesWhiteboard@@AAEPAVGraphicElement@@HHH@Z 1001a4d0 f   whiteboard.obj
 0001:000195f0       ?DrawRotateRect@AlliesWhiteboard@@AAEXHHHPADH@Z 1001a5f0 f   whiteboard.obj
 0001:00019860       ?Clip_Line@AlliesWhiteboard@@QAEHAAH000@Z 1001a860 f   whiteboard.obj
 0001:0001a330       ?Draw_Line@AlliesWhiteboard@@QAEHHHHHEPAEH@Z 1001b330 f   whiteboard.obj
 0001:0001a470       ?GenerateLookupTables@AlliesWhiteboard@@AAEXXZ 1001b470 f   whiteboard.obj
 0001:0001a500       ?push_back@?$deque@PAVGraphicElement@@V?$allocator@PAVGraphicElement@@@std@@@std@@QAEX$$QAPAVGraphicElement@@@Z 1001b500 f i whiteboard.obj
 0001:0001a5e0       ??1?$deque@PAVGraphicElement@@V?$allocator@PAVGraphicElement@@@std@@@std@@QAE@XZ 1001b5e0 f i whiteboard.obj
 0001:0001a660       ?pop_front@?$deque@PAVGraphicElement@@V?$allocator@PAVGraphicElement@@@std@@@std@@QAEXXZ 1001b660 f i whiteboard.obj
 0001:0001a720       ??1?$deque@UMMHS@AlliesWhiteboard@@V?$allocator@UMMHS@AlliesWhiteboard@@@std@@@std@@QAE@XZ 1001b720 f i whiteboard.obj
 0001:0001a7a0       ?back@?$deque@UMMHS@AlliesWhiteboard@@V?$allocator@UMMHS@AlliesWhiteboard@@@std@@@std@@QAEAAUMMHS@AlliesWhiteboard@@XZ 1001b7a0 f i whiteboard.obj
 0001:0001a830       ?push_front@?$deque@UMMHS@AlliesWhiteboard@@V?$allocator@UMMHS@AlliesWhiteboard@@@std@@@std@@QAEXABUMMHS@AlliesWhiteboard@@@Z 1001b830 f i whiteboard.obj
 0001:0001a950       ?pop_back@?$deque@UMMHS@AlliesWhiteboard@@V?$allocator@UMMHS@AlliesWhiteboard@@@std@@@std@@QAEXXZ 1001b950 f i whiteboard.obj
 0001:0001aa00       ?begin@?$deque@UMMHS@AlliesWhiteboard@@V?$allocator@UMMHS@AlliesWhiteboard@@@std@@@std@@QAE?AV?$_Deque_iterator@UMMHS@AlliesWhiteboard@@V?$allocator@UMMHS@AlliesWhiteboard@@@std@@@2@XZ 1001ba00 f i whiteboard.obj
 0001:0001aa00       ?begin@?$deque@PAVGraphicElement@@V?$allocator@PAVGraphicElement@@@std@@@std@@QAE?AV?$_Deque_iterator@PAVGraphicElement@@V?$allocator@PAVGraphicElement@@@std@@@2@XZ 1001ba00 f i whiteboard.obj
 0001:0001aa00       ?begin@?$deque@UTAShareMemStruct@CDDDTA@@V?$allocator@UTAShareMemStruct@CDDDTA@@@std@@@std@@QAE?AV?$_Deque_iterator@UTAShareMemStruct@CDDDTA@@V?$allocator@UTAShareMemStruct@CDDDTA@@@std@@@2@XZ 1001ba00 f i dddta.obj
 0001:0001aa60       ?_Growmap@?$deque@PAVGraphicElement@@V?$allocator@PAVGraphicElement@@@std@@@std@@IAEXI@Z 1001ba60 f i whiteboard.obj
 0001:0001ae10       ?_Tidy@?$deque@PAVGraphicElement@@V?$allocator@PAVGraphicElement@@@std@@@std@@IAEXXZ 1001be10 f i whiteboard.obj
 0001:0001aee0       ??1?$_Deque_val@PAVGraphicElement@@V?$allocator@PAVGraphicElement@@@std@@@std@@QAE@XZ 1001bee0 f i whiteboard.obj
 0001:0001aee0       ??1?$_Deque_val@UTAShareMemStruct@CDDDTA@@V?$allocator@UTAShareMemStruct@CDDDTA@@@std@@@std@@QAE@XZ 1001bee0 f i dddta.obj
 0001:0001aee0       ??1?$_Deque_val@UMMHS@AlliesWhiteboard@@V?$allocator@UMMHS@AlliesWhiteboard@@@std@@@std@@QAE@XZ 1001bee0 f i whiteboard.obj
 0001:0001af60       ?end@?$deque@UMMHS@AlliesWhiteboard@@V?$allocator@UMMHS@AlliesWhiteboard@@@std@@@std@@QAE?AV?$_Deque_iterator@UMMHS@AlliesWhiteboard@@V?$allocator@UMMHS@AlliesWhiteboard@@@std@@@2@XZ 1001bf60 f i whiteboard.obj
 0001:0001afd0       ?_Growmap@?$deque@UMMHS@AlliesWhiteboard@@V?$allocator@UMMHS@AlliesWhiteboard@@@std@@@std@@IAEXI@Z 1001bfd0 f i whiteboard.obj
 0001:0001b370       ?_Tidy@?$deque@UMMHS@AlliesWhiteboard@@V?$allocator@UMMHS@AlliesWhiteboard@@@std@@@std@@IAEXXZ 1001c370 f i whiteboard.obj
 0001:0001b440       ?_Assign_rv@?$vector@PAVGraphicElement@@V?$allocator@PAVGraphicElement@@@std@@@std@@QAEX$$QAV12@@Z 1001c440 f i whiteboard.obj
 0001:0001b530       ??G?$_Deque_iterator@UMMHS@AlliesWhiteboard@@V?$allocator@UMMHS@AlliesWhiteboard@@@std@@@std@@QBE?AV01@H@Z 1001c530 f i whiteboard.obj
 0001:0001b5e0       ?pop_back@?$deque@PAVGraphicElement@@V?$allocator@PAVGraphicElement@@@std@@@std@@QAEXXZ 1001c5e0 f i whiteboard.obj
 0001:0001b690       ?push_back@?$vector@PAVGraphicElement@@V?$allocator@PAVGraphicElement@@@std@@@std@@QAEX$$QAPAVGraphicElement@@@Z 1001c690 f i whiteboard.obj
 0001:0001b690       ?push_back@?$vector@PADV?$allocator@PAD@std@@@std@@QAEX$$QAPAD@Z 1001c690 f i UnicodeSupport.obj
 0001:0001b770       ?clear@?$vector@PAVGraphicElement@@V?$allocator@PAVGraphicElement@@@std@@@std@@QAEXXZ 1001c770 f i whiteboard.obj
 0001:0001b7c0       ??D?$_Deque_const_iterator@PAVGraphicElement@@V?$allocator@PAVGraphicElement@@@std@@@std@@QBEABQAVGraphicElement@@XZ 1001c7c0 f i whiteboard.obj
 0001:0001b840       ??D?$_Deque_const_iterator@UMMHS@AlliesWhiteboard@@V?$allocator@UMMHS@AlliesWhiteboard@@@std@@@std@@QBEABUMMHS@AlliesWhiteboard@@XZ 1001c840 f i whiteboard.obj
 0001:0001b8c0       ?erase@?$vector@PAVGraphicElement@@V?$allocator@PAVGraphicElement@@@std@@@std@@QAE?AV?$_Vector_iterator@V?$_Vector_val@PAVGraphicElement@@V?$allocator@PAVGraphicElement@@@std@@@std@@@2@V?$_Vector_const_iterator@V?$_Vector_val@PAVGraphicElement@@V?$allocator@PAVGraphicElement@@@std@@@std@@@2@0@Z 1001c8c0 f i whiteboard.obj
 0001:0001b970       ??$_Cons_val@V?$allocator@PAVGraphicElement@@@std@@PAVGraphicElement@@PAV3@@std@@YGXAAV?$allocator@PAVGraphicElement@@@0@PAPAVGraphicElement@@$$QAPAV2@@Z 1001c970 f i whiteboard.obj
 0001:0001b970       ??$_Cons_val@V?$allocator@PAVRegDword@@@std@@PAVRegDword@@AAPAV3@@std@@YGXAAV?$allocator@PAVRegDword@@@0@PAPAVRegDword@@AAPAV2@@Z 1001c970 f i TAConfig.obj
 0001:0001b970       ??$_Cons_val@V?$allocator@PAVRegString@@@std@@PAVRegString@@AAPAV3@@std@@YGXAAV?$allocator@PAVRegString@@@0@PAPAVRegString@@AAPAV2@@Z 1001c970 f i TAConfig.obj
 0001:0001b970       ??$_Cons_val@V?$allocator@PAD@std@@PADPAD@std@@YGXAAV?$allocator@PAD@0@PAPAD$$QAPAD@Z 1001c970 f i UnicodeSupport.obj
 0001:0001b970       ??$_Cons_val@V?$allocator@PAVGraphicElement@@@std@@PAVGraphicElement@@AAPAV3@@std@@YGXAAV?$allocator@PAVGraphicElement@@@0@PAPAVGraphicElement@@AAPAV2@@Z 1001c970 f i ElementHandler.obj
 0001:0001b9b0       ??$_Cons_val@V?$allocator@UMMHS@AlliesWhiteboard@@@std@@UMMHS@AlliesWhiteboard@@ABU34@@std@@YGXAAV?$allocator@UMMHS@AlliesWhiteboard@@@0@PAUMMHS@AlliesWhiteboard@@ABU23@@Z 1001c9b0 f i whiteboard.obj
 0001:0001ba00       ??$_Dest_val@V?$allocator@PAVRegString@@@std@@PAVRegString@@@std@@YGXAAV?$allocator@PAVRegString@@@0@PAPAVRegString@@@Z 1001ca00 f i TAConfig.obj
 0001:0001ba00       ??$_Dest_val@V?$allocator@PAPAVGraphicElement@@@std@@PAPAVGraphicElement@@@std@@YGXAAV?$allocator@PAPAVGraphicElement@@@0@PAPAPAVGraphicElement@@@Z 1001ca00 f i whiteboard.obj
 0001:0001ba00       ??$_Dest_val@V?$allocator@PAVGraphicElement@@@std@@PAVGraphicElement@@@std@@YGXAAV?$allocator@PAVGraphicElement@@@0@PAPAVGraphicElement@@@Z 1001ca00 f i whiteboard.obj
 0001:0001ba00       ??$_Dest_val@V?$allocator@UTAShareMemStruct@CDDDTA@@@std@@UTAShareMemStruct@CDDDTA@@@std@@YGXAAV?$allocator@UTAShareMemStruct@CDDDTA@@@0@PAUTAShareMemStruct@CDDDTA@@@Z 1001ca00 f i dddta.obj
 0001:0001ba00       ??$_Dest_val@V?$allocator@PAUMMHS@AlliesWhiteboard@@@std@@PAUMMHS@AlliesWhiteboard@@@std@@YGXAAV?$allocator@PAUMMHS@AlliesWhiteboard@@@0@PAPAUMMHS@AlliesWhiteboard@@@Z 1001ca00 f i whiteboard.obj
 0001:0001ba00       ??$_Dest_val@V?$allocator@PAD@std@@PAD@std@@YGXAAV?$allocator@PAD@0@PAPAD@Z 1001ca00 f i UnicodeSupport.obj
 0001:0001ba00       ??$_Dest_val@V?$allocator@UMMHS@AlliesWhiteboard@@@std@@UMMHS@AlliesWhiteboard@@@std@@YGXAAV?$allocator@UMMHS@AlliesWhiteboard@@@0@PAUMMHS@AlliesWhiteboard@@@Z 1001ca00 f i whiteboard.obj
 0001:0001ba00       ??$_Dest_val@V?$allocator@U_Container_proxy@std@@@std@@U_Container_proxy@2@@std@@YGXAAV?$allocator@U_Container_proxy@std@@@0@PAU_Container_proxy@0@@Z 1001ca00 f i dddta.obj
 0001:0001ba00       ??$_Dest_val@V?$allocator@PAVRegDword@@@std@@PAVRegDword@@@std@@YGXAAV?$allocator@PAVRegDword@@@0@PAPAVRegDword@@@Z 1001ca00 f i TAConfig.obj
 0001:0001ba00       ??$_Dest_val@V?$allocator@PAUTAShareMemStruct@CDDDTA@@@std@@PAUTAShareMemStruct@CDDDTA@@@std@@YGXAAV?$allocator@PAUTAShareMemStruct@CDDDTA@@@0@PAPAUTAShareMemStruct@CDDDTA@@@Z 1001ca00 f i dddta.obj
 0001:0001ba00       ??$_Dest_val@V?$allocator@U_Node@?$_List_nod@PAVGraphicElement@@V?$allocator@PAVGraphicElement@@@std@@@std@@@std@@U_Node@?$_List_nod@PAVGraphicElement@@V?$allocator@PAVGraphicElement@@@std@@@2@@std@@YGXAAV?$allocator@U_Node@?$_List_nod@PAVGraphicElement@@V?$allocator@PAVGraphicElement@@@std@@@std@@@0@PAU_Node@?$_List_nod@PAVGraphicElement@@V?$allocator@PAVGraphicElement@@@std@@@0@@Z 1001ca00 f i ElementHandler.obj
 0001:0001ba10       ??0PCX@@QAE@XZ             1001ca10 f   PCX.obj
 0001:0001ba50       ??1PCX@@QAE@XZ             1001ca50 f   PCX.obj
 0001:0001ba90       ?SetBuffer@PCX@@QAEPAEPAE@Z 1001ca90 f   PCX.obj
 0001:0001bac0       ?WriteLine@PCX@@AAEPAEPAEK@Z 1001cac0 f   PCX.obj
 0001:0001bc40       ?Save@PCX@@QAEHPBD@Z       1001cc40 f   PCX.obj
 0001:0001bf30       ?NewBuffer@PCX@@QAEPAEFF@Z 1001cf30 f   PCX.obj
 0001:0001bfa0       ?CreateSurfPCXResource@@YGPAUIDirectDrawSurface@@G_N@Z 1001cfa0 f   pcxread.obj
 0001:0001c200       ?RestoreFromPCX@@YGXGPAUIDirectDrawSurface@@@Z 1001d200 f   pcxread.obj
 0001:0001c3c0       ?PCX2BitMap@@YGXPAEPAUpcx_picture_typ@@J@Z 1001d3c0 f   pcxread.obj
 0001:0001c5c0       _X86ShallToRedirect@20     1001d5c0 f   etc.obj
 0001:0001c840       _X86RedirectOpcodeToNewBase@16 1001d840 f   etc.obj
 0001:0001cbe0       _GetMinValidLenWithMatchOpcode@8 1001dbe0 f   etc.obj
 0001:0001cc20       _MemWriteWithBackup@16     1001dc20 f   etc.obj
 0001:0001cd10       _GetOpCodeSize@4           1001dd10 f   etc.obj
 0001:0001cfc0       _trim_crlf_@4              1001dfc0 f   etc.obj
 0001:0001d0b0       _RegReadData@24            1001e0b0 f   etc.obj
 0001:0001d150       _RegWriteData@24           1001e150 f   etc.obj
 0001:0001d1f0       _RegWriteDword@16          1001e1f0 f   etc.obj
 0001:0001d210       _RegWriteStr@20            1001e210 f   etc.obj
 0001:0001d240       _RegReadDword@16           1001e240 f   etc.obj
 0001:0001d260       _CalcCRC@8                 1001e260 f   etc.obj
 0001:0001d320       _duplicate_str@4           1001e320 f   etc.obj
 0001:0001d380       _getDBCSlen@4              1001e380 f   etc.obj
 0001:0001d3f0       ??0SingleHook@@QAE@XZ      1001e3f0 f   Hook.obj
 0001:0001d420       ??0SingleHook@@QAE@IKHPAE@Z 1001e420 f   Hook.obj
 0001:0001d420       ??0SingleHook@@QAE@PAEKH0@Z 1001e420 f   Hook.obj
 0001:0001d460       ??1SingleHook@@QAE@XZ      1001e460 f   Hook.obj
 0001:0001d4d0       ?Hook@SingleHook@@UAEXXZ   1001e4d0 f   Hook.obj
 0001:0001d510       ?UnHook@SingleHook@@UAEXXZ 1001e510 f   Hook.obj
 0001:0001d550       ?AddrToHook@SingleHook@@UAEPAXPAX@Z 1001e550 f   Hook.obj
 0001:0001d570       ?ThisHookMode@SingleHook@@UAEHH@Z 1001e570 f   Hook.obj
 0001:0001d590       ?ThisHookMode@SingleHook@@UAE?BHXZ 1001e590 f   Hook.obj
 0001:0001d5b0       ?LenToHook@SingleHook@@UAEKK@Z 1001e5b0 f   Hook.obj
 0001:0001d5d0       ?InitHookClass@SingleHook@@UAEXPAEKH0@Z 1001e5d0 f   Hook.obj
 0001:0001d750       ?X86InlineHookRouter@@YGXXZ 1001e750 f   InlineHook.obj
 0001:0001d820       ?X86CurrentThreadStackBufferFixRtnAddr@@YGPAUtagInlineX86StackBuffer@@PAPAU1@@Z 1001e820 f   InlineHook.obj
 0001:0001d8d0       ?X86CurrentThreadStackBuffer@@YGPAUtagInlineX86StackBuffer@@PAPAU1@@Z 1001e8d0 f   InlineHook.obj
 0001:0001d960       ??0InlineSingleHook@@QAE@IKHP6GHPAUtagInlineX86StackBuffer@@@Z@Z 1001e960 f   InlineHook.obj
 0001:0001d9f0       ??1InlineSingleHook@@QAE@XZ 1001e9f0 f   InlineHook.obj
 0001:0001db00       ?InitHookClass@InlineSingleHook@@AAEXQAEKHPAX1@Z 1001eb00 f   InlineHook.obj
 0001:0001dde0       ?Hook@InlineSingleHook@@UAEXXZ 1001ede0 f   InlineHook.obj
 0001:0001dec0       ?RtnAddrOfHook@InlineSingleHook@@QAEQAXXZ 1001eec0 f   InlineHook.obj
 0001:0001dee0       ??0CElementHandler@@QAE@XZ 1001eee0 f   ElementHandler.obj
 0001:0001df20       ??_ECElementHandler@@UAEPAXI@Z 1001ef20 f i ElementHandler.obj
 0001:0001df20       ??_GCElementHandler@@UAEPAXI@Z 1001ef20 f i ElementHandler.obj
 0001:0001df50       ??1CElementHandler@@UAE@XZ 1001ef50 f   ElementHandler.obj
 0001:0001e0d0       ?AddElement@CElementHandler@@QAEXPAVGraphicElement@@@Z 1001f0d0 f   ElementHandler.obj
 0001:0001e140       ?DeleteOn@CElementHandler@@QAEXHH@Z 1001f140 f   ElementHandler.obj
 0001:0001e180       ?DeleteBetween@CElementHandler@@QAEXHHHH@Z 1001f180 f   ElementHandler.obj
 0001:0001e3f0       ?GetArea@CElementHandler@@QAE?AV?$vector@PAVGraphicElement@@V?$allocator@PAVGraphicElement@@@std@@@std@@HHHH@Z 1001f3f0 f   ElementHandler.obj
 0001:0001e6a0       ?MoveTextElement@CElementHandler@@QAEPAVGraphicElement@@PAV2@HH@Z 1001f6a0 f   ElementHandler.obj
 0001:0001e810       ??0?$list@PAVGraphicElement@@V?$allocator@PAVGraphicElement@@@std@@@std@@QAE@XZ 1001f810 f i ElementHandler.obj
 0001:0001e870       ??1?$list@PAVGraphicElement@@V?$allocator@PAVGraphicElement@@@std@@@std@@QAE@XZ 1001f870 f i ElementHandler.obj
 0001:0001e8e0       ?erase@?$list@PAVGraphicElement@@V?$allocator@PAVGraphicElement@@@std@@@std@@QAE?AV?$_List_iterator@V?$_List_val@PAVGraphicElement@@V?$allocator@PAVGraphicElement@@@std@@@std@@@2@V?$_List_const_iterator@V?$_List_val@PAVGraphicElement@@V?$allocator@PAVGraphicElement@@@std@@@std@@@2@@Z 1001f8e0 f i ElementHandler.obj
 0001:0001e970       ?remove@?$list@PAVGraphicElement@@V?$allocator@PAVGraphicElement@@@std@@@std@@QAEXABQAVGraphicElement@@@Z 1001f970 f i ElementHandler.obj
 0001:0001ea10       ?back@?$vector@PAVGraphicElement@@V?$allocator@PAVGraphicElement@@@std@@@std@@QAEAAPAVGraphicElement@@XZ 1001fa10 f i ElementHandler.obj
 0001:0001ea50       ?_Insert@?$list@PAVGraphicElement@@V?$allocator@PAVGraphicElement@@@std@@@std@@QAEXV?$_List_const_iterator@V?$_List_val@PAVGraphicElement@@V?$allocator@PAVGraphicElement@@@std@@@std@@@2@ABQAVGraphicElement@@@Z 1001fa50 f i ElementHandler.obj
 0001:0001eae0       ??1?$_List_val@PAVGraphicElement@@V?$allocator@PAVGraphicElement@@@std@@@std@@QAE@XZ 1001fae0 f i ElementHandler.obj
 0001:0001eb10       ?clear@?$list@PAVGraphicElement@@V?$allocator@PAVGraphicElement@@@std@@@std@@QAEXXZ 1001fb10 f i ElementHandler.obj
 0001:0001eb90       ?_Buynode@?$_List_val@PAVGraphicElement@@V?$allocator@PAVGraphicElement@@@std@@@std@@QAEPAU_Node@?$_List_nod@PAVGraphicElement@@V?$allocator@PAVGraphicElement@@@std@@@2@PAU342@0ABQAVGraphicElement@@@Z 1001fb90 f i ElementHandler.obj
 0001:0001ec40       ??$_Cons_val@V?$allocator@PAVRegString@@@std@@PAVRegString@@ABQAV3@@std@@YGXAAV?$allocator@PAVRegString@@@0@PAPAVRegString@@ABQAV2@@Z 1001fc40 f i TAConfig.obj
 0001:0001ec40       ??$_Cons_val@V?$allocator@PAVGraphicElement@@@std@@PAVGraphicElement@@ABQAV3@@std@@YGXAAV?$allocator@PAVGraphicElement@@@0@PAPAVGraphicElement@@ABQAV2@@Z 1001fc40 f i ElementHandler.obj
 0001:0001ec40       ??$_Cons_val@V?$allocator@PAVRegDword@@@std@@PAVRegDword@@ABQAV3@@std@@YGXAAV?$allocator@PAVRegDword@@@0@PAPAVRegDword@@ABQAV2@@Z 1001fc40 f i TAConfig.obj
 0001:0001ec80       ??$_Allocate@UMMHS@AlliesWhiteboard@@@std@@YGPAUMMHS@AlliesWhiteboard@@IPAU12@@Z 1001fc80 f i whiteboard.obj
 0001:0001ec80       ??$_Allocate@U_Node@?$_List_nod@PAVGraphicElement@@V?$allocator@PAVGraphicElement@@@std@@@std@@@std@@YGPAU_Node@?$_List_nod@PAVGraphicElement@@V?$allocator@PAVGraphicElement@@@std@@@0@IPAU120@@Z 1001fc80 f i ElementHandler.obj
 0001:0001ecf0       ??0logic_error@std@@QAE@ABV01@@Z 1001fcf0 f i xthrow.obj
 0001:0001ed20       ?_Xlength_error@std@@YAXPBD@Z 1001fd20 f   xthrow.obj
 0001:0001ed60       ??_Elength_error@std@@UAEPAXI@Z 1001fd60 f i xthrow.obj
 0001:0001ed60       ??_Elogic_error@std@@UAEPAXI@Z 1001fd60 f i xthrow.obj
 0001:0001ed60       ??_Glogic_error@std@@UAEPAXI@Z 1001fd60 f i xthrow.obj
 0001:0001ed60       ??_Glength_error@std@@UAEPAXI@Z 1001fd60 f i xthrow.obj
 0001:0001ed90       ??1length_error@std@@UAE@XZ 1001fd90 f i xthrow.obj
 0001:0001edb0       ??0length_error@std@@QAE@ABV01@@Z 1001fdb0 f i xthrow.obj
 0001:0001edde       _ImmAssociateContext@8     1001fdde f   imm32:IMM32.dll
 0001:0001ede4       _ImmGetCandidateListA@16   1001fde4 f   imm32:IMM32.dll
 0001:0001edea       _ImmGetCompositionStringA@16 1001fdea f   imm32:IMM32.dll
 0001:0001edf0       _ImmEscapeA@16             1001fdf0 f   imm32:IMM32.dll
 0001:0001edf6       _ImmIsIME@4                1001fdf6 f   imm32:IMM32.dll
 0001:0001edfc       _ImmNotifyIME@16           1001fdfc f   imm32:IMM32.dll
 0001:0001ee02       ??_U@YAPAXI@Z              1001fe02 f   libcpmt:newaop.obj
 0001:0001ee0d       ??3@YAXPAX@Z               1001fe0d f   LIBCMT:delete.obj
 0001:0001ee18       ??2@YAPAXI@Z               1001fe18 f   LIBCMT:new.obj
 0001:0001ee98       ?_JumpToContinuation@@YGXPAXPAUEHRegistrationNode@@@Z 1001fe98 f   LIBCMT:_trnsctrl_.obj
 0001:0001eeca       ?_CallMemberFunction1@@YGXPAX00@Z 1001feca f   LIBCMT:_trnsctrl_.obj
 0001:0001eeca       ?_CallMemberFunction2@@YGXPAX00H@Z 1001feca f   LIBCMT:_trnsctrl_.obj
 0001:0001eeca       ?_CallMemberFunction0@@YGXPAX0@Z 1001feca f   LIBCMT:_trnsctrl_.obj
 0001:0001eed1       ?_UnwindNestedFrames@@YGXPAUEHRegistrationNode@@PAUEHExceptionRecord@@@Z 1001fed1 f   LIBCMT:_trnsctrl_.obj
 0001:0001ef25       ___CxxFrameHandler3        1001ff25 f   LIBCMT:_trnsctrl_.obj
 0001:0001ef8e       ?_CallSETranslator@@YAHPAUEHExceptionRecord@@PAUEHRegistrationNode@@PAX2PBU_s_FuncInfo@@H1@Z 1001ff8e f   LIBCMT:_trnsctrl_.obj
 0001:0001f104       ?_GetRangeOfTrysToCheck@@YAPBU_s_TryBlockMapEntry@@PBU_s_FuncInfo@@HHPAI1@Z 10020104 f   LIBCMT:_trnsctrl_.obj
 0001:0001f177       __CreateFrameInfo          10020177 f   LIBCMT:_trnsctrl_.obj
 0001:0001f1a3       __IsExceptionObjectToBeDestroyed 100201a3 f   LIBCMT:_trnsctrl_.obj
 0001:0001f1ca       __FindAndUnlinkFrame       100201ca f   LIBCMT:_trnsctrl_.obj
 0001:0001f21c       ?_CallCatchBlock2@@YAPAXPAUEHRegistrationNode@@PBU_s_FuncInfo@@PAXHK@Z 1002021c f   LIBCMT:_trnsctrl_.obj
 0001:0001f27c       @__security_check_cookie@4 1002027c f   LIBCMT:secchk.obj
 0001:0001f28b       __RTC_InitBase             1002028b f   LIBCMT:_init_.obj
 0001:0001f2b1       __RTC_Shutdown             100202b1 f   LIBCMT:_init_.obj
 0001:0001f2d0       _memset                    100202d0 f   LIBCMT:memset.obj
 0001:0001f34a       @_RTC_Check_4_to_1@4       1002034a f   LIBCMT:_convert_.obj
 0001:0001f372       @_RTC_Check_4_to_2@4       10020372 f   LIBCMT:_convert_.obj
 0001:0001f3a0       __except_handler4          100203a0 f   LIBCMT:chandler4.obj
 0001:0001f52f       __cfltcvt_init             1002052f f   LIBCMT:_fpinit_.obj
 0001:0001f58f       __fpmath                   1002058f f   LIBCMT:_fpinit_.obj
 0001:0001f5b0       _memcpy                    100205b0 f   LIBCMT:memcpy.obj
 0001:0001f911       _sprintf_s                 10020911 f   LIBCMT:sprintf.obj
 0001:0001f92f       ??1type_info@@UAE@XZ       1002092f f   LIBCMT:typinfo.obj
 0001:0001f93f       ??_Etype_info@@UAEPAXI@Z   1002093f f i LIBCMT:typinfo.obj
 0001:0001f93f       ??_Gtype_info@@UAEPAXI@Z   1002093f f i LIBCMT:typinfo.obj
 0001:0001f960       ??8type_info@@QBE_NABV0@@Z 10020960 f   LIBCMT:typinfo.obj
 0001:0001f980       _strlen                    10020980 f   LIBCMT:strlen.obj
 0001:0001fa0b       ??0_LocaleUpdate@@QAE@PAUlocaleinfo_struct@@@Z 10020a0b f i LIBCMT:strftime.obj
 0001:0001fa92       __freea                    10020a92 f i LIBCMT:strftime.obj
 0001:0002035f       __Strftime_l               1002135f f   LIBCMT:strftime.obj
 0001:000204eb       _strftime                  100214eb f   LIBCMT:strftime.obj
 0001:0002050a       __localtime64_s            1002150a f   LIBCMT:loctim64.obj
 0001:00020792       __time64                   10021792 f   LIBCMT:time64.obj
 0001:000207f0       _strstr                    100217f0 f   LIBCMT:strstr.obj
 0001:00020890       _strchr                    10021890 f   LIBCMT:strchr.obj
 0001:00020896       ___from_strstr_to_strchr   10021896     LIBCMT:strchr.obj
 0001:0002094e       _memcmp                    1002194e f   LIBCMT:memcmp.obj
 0001:00021ea2       __CxxThrowException@8      10022ea2 f   LIBCMT:throw.obj
 0001:00021ef0       __ftol2_sse                10022ef0 f   LIBCMT:ftol2.obj
 0001:00021ef9       __ftol2_pentium4           10022ef9 f   LIBCMT:ftol2.obj
 0001:00021f0c       __ftol2_sse_excpt          10022f0c f   LIBCMT:ftol2.obj
 0001:00021f26       __ftol2                    10022f26 f   LIBCMT:ftol2.obj
 0001:00021fa0       _memmove                   10022fa0 f   LIBCMT:memmove.obj
 0001:00022301       ??0exception@std@@QAE@ABQBDH@Z 10023301 f   LIBCMT:stdexcpt.obj
 0001:0002231e       ?what@exception@std@@UBEPBDXZ 1002331e f   LIBCMT:stdexcpt.obj
 0001:0002232b       ?_Copy_str@exception@std@@AAEXPBD@Z 1002332b f   LIBCMT:stdexcpt.obj
 0001:0002236b       ?_Tidy@exception@std@@AAEXXZ 1002336b f   LIBCMT:stdexcpt.obj
 0001:00022389       ??0exception@std@@QAE@ABQBD@Z 10023389 f   LIBCMT:stdexcpt.obj
 0001:000223b0       ??4exception@std@@QAEAAV01@ABV01@@Z 100233b0 f   LIBCMT:stdexcpt.obj
 0001:000223e5       ??1exception@std@@UAE@XZ   100233e5 f   LIBCMT:stdexcpt.obj
 0001:000223f0       ??_Eexception@std@@UAEPAXI@Z 100233f0 f i LIBCMT:stdexcpt.obj
 0001:000223f0       ??_Gexception@std@@UAEPAXI@Z 100233f0 f i LIBCMT:stdexcpt.obj
 0001:00022417       ??0exception@std@@QAE@ABV01@@Z 10023417 f   LIBCMT:stdexcpt.obj
 0001:0002243c       __vsnprintf_helper         1002343c f   LIBCMT:vsnprnc.obj
 0001:00022506       __vsprintf_s_l             10023506 f   LIBCMT:vsnprnc.obj
 0001:0002257d       _vsprintf_s                1002357d f   LIBCMT:vsnprnc.obj
 0001:0002259a       _atol                      1002359a f   LIBCMT:atox.obj
 0001:000225b0       _atoi                      100235b0 f   LIBCMT:atox.obj
 0001:000225bb       _strcpy_s                  100235bb f   LIBCMT:strcpy_s.obj
 0001:0002261a       _strcat_s                  1002361a f   LIBCMT:strcat_s.obj
 0001:00022687       __splitpath_s              10023687 f   LIBCMT:splitpath_s.obj
 0001:00022884       ?_strlwr_s_l_stat@@YAHPADIPAUlocaleinfo_struct@@@Z 10023884 f   LIBCMT:strlwr.obj
 0001:00022a02       __strlwr_s_l               10023a02 f   LIBCMT:strlwr.obj
 0001:00022a36       __strlwr_s                 10023a36 f   LIBCMT:strlwr.obj
 0001:00022c78       _strtol                    10023c78 f   LIBCMT:strtol.obj
 0001:00022ca3       __strtol_l                 10023ca3 f   LIBCMT:strtol.obj
 0001:00022cc0       _strncmp                   10023cc0 f   LIBCMT:strncmp.obj
 0001:00022ef4       __strupr_s_l               10023ef4 f   LIBCMT:strupr.obj
 0001:00022f29       __strupr_s                 10023f29 f   LIBCMT:strupr.obj
 0001:00022f40       _strcmp                    10023f40 f   LIBCMT:strcmp.obj
 0001:00022fc8       _free                      10023fc8 f   LIBCMT:free.obj
 0001:00023002       _malloc                    10024002 f   LIBCMT:malloc.obj
 0001:00023096       _memcpy_s                  10024096 f   LIBCMT:memcpy_s.obj
 0001:0002310b       _strnlen                   1002410b f   LIBCMT:strlen_s.obj
 0001:00023128       ??_V@YAXPAX@Z              10024128 f   LIBCMT:delete2.obj
 0001:00023133       _abs                       10024133 f   LIBCMT:abs.obj
 0001:00023150       _sin                       10024150 f   LIBCMT:_sin_.obj
 0001:00023190       __CIsin                    10024190 f   LIBCMT:_sin_.obj
 0001:000231cb       __CIsin_default            100241cb f   LIBCMT:_sin_.obj
 0001:000231df       __sin_default              100241df     LIBCMT:_sin_.obj
 0001:00023280       _cos                       10024280 f   LIBCMT:_cos_.obj
 0001:000232c0       __CIcos                    100242c0 f   LIBCMT:_cos_.obj
 0001:000232fb       __CIcos_default            100242fb f   LIBCMT:_cos_.obj
 0001:0002330f       __cos_default              1002430f     LIBCMT:_cos_.obj
 0001:000233a9       ??_L@YGXPAXIHP6EX0@Z1@Z    100243a9 f   LIBCMT:ehvecctr.obj
 0001:0002340e       ?__ArrayUnwind@@YGXPAXIHP6EX0@Z@Z 1002440e f   LIBCMT:ehvecdtr.obj
 0001:0002346c       ??_M@YGXPAXIHP6EX0@Z@Z     1002446c f   LIBCMT:ehvecdtr.obj
 0001:000234cf       __CRT_INIT@12              100244cf f   LIBCMT:dllcrt0.obj
 0001:00023729       __DllMainCRTStartup@12     10024729 f   LIBCMT:dllcrt0.obj
 0001:00023802       ___onexitinit              10024802 f   LIBCMT:onexit.obj
 0001:00023833       __onexit                   10024833 f   LIBCMT:onexit.obj
 0001:0002386f       _atexit                    1002486f f   LIBCMT:onexit.obj
 0001:00023886       __initp_heap_handler       10024886 f   LIBCMT:handler.obj
 0001:00023895       __callnewh                 10024895 f   LIBCMT:handler.obj
 0001:000238bd       ??1bad_exception@std@@UAE@XZ 100248bd f i LIBCMT:frame.obj
 0001:000238c8       ??_Ebad_exception@std@@UAEPAXI@Z 100248c8 f i LIBCMT:frame.obj
 0001:000238c8       ??_Gbad_exception@std@@UAEPAXI@Z 100248c8 f i LIBCMT:frame.obj
 0001:000238ef       ___TypeMatch               100248ef f   LIBCMT:frame.obj
 0001:0002394e       ___FrameUnwindFilter       1002494e f   LIBCMT:frame.obj
 0001:0002399d       ___FrameUnwindToState      1002499d f   LIBCMT:frame.obj
 0001:00023abe       ___DestructExceptionObject 10024abe f   LIBCMT:frame.obj
 0001:00023b13       ___AdjustPointer           10024b13 f   LIBCMT:frame.obj
 0001:00023d9c       ___BuildCatchObjectHelper  10024d9c f   LIBCMT:frame.obj
 0001:00023f1b       ___BuildCatchObject        10024f1b f   LIBCMT:frame.obj
 0001:00024497       ??0bad_exception@std@@QAE@ABV01@@Z 10025497 f i LIBCMT:frame.obj
 0001:000244b4       ___InternalCxxFrameHandler 100254b4 f   LIBCMT:frame.obj
 0001:0002459a       __encoded_null             1002559a f   LIBCMT:tidtable.obj
 0001:000245a3       ___crtTlsAlloc@4           100255a3 f   LIBCMT:tidtable.obj
 0001:000245ac       ___set_flsgetvalue         100255ac f   LIBCMT:tidtable.obj
 0001:000245e0       __mtterm                   100255e0 f   LIBCMT:tidtable.obj
 0001:0002461d       __initptd                  1002561d f   LIBCMT:tidtable.obj
 0001:000246d1       __getptd_noexit            100256d1 f   LIBCMT:tidtable.obj
 0001:0002474a       __getptd                   1002574a f   LIBCMT:tidtable.obj
 0001:00024764       __freefls@4                10025764 f   LIBCMT:tidtable.obj
 0001:00024893       __freeptd                  10025893 f   LIBCMT:tidtable.obj
 0001:00024901       __mtinit                   10025901 f   LIBCMT:tidtable.obj
 0001:00024a7c       ?terminate@@YAXXZ          10025a7c f   LIBCMT:hooks.obj
 0001:00024ab5       ?unexpected@@YAXXZ         10025ab5 f   LIBCMT:hooks.obj
 0001:00024ac8       ?_inconsistency@@YAXXZ     10025ac8 f   LIBCMT:hooks.obj
 0001:00024b00       __initp_eh_hooks           10025b00 f   LIBCMT:hooks.obj
 0001:00024b20       __CallSettingFrame@12      10025b20 f   LIBCMT:lowhelpr.obj
 0001:00024b47       __NLG_Return               10025b47     LIBCMT:lowhelpr.obj
 0001:00024b6c       ___report_gsfailure        10025b6c f   LIBCMT:gs_report.obj
 0001:00024c72       __RTC_SetErrorFuncW        10025c72 f   LIBCMT:_userapi_.obj
 0001:00024c8e       ?_RTC_GetErrorFunc@@YAP6AHHPBDH00ZZPBX@Z 10025c8e f   LIBCMT:_userapi_.obj
 0001:00024c94       ?_RTC_GetErrorFuncW@@YAP6AHHPB_WH00ZZPBX@Z 10025c94 f   LIBCMT:_userapi_.obj
 0001:00024c9a       __VEC_memzero              10025c9a f   LIBCMT:p4_memset.obj
 0001:00024d54       ___sse2_available_init     10025d54 f   LIBCMT:cpu_disp.obj
 0001:0002501c       ?_RTC_Failure@@YAXPAXH@Z   1002601c f   LIBCMT:_error_.obj
 0001:00025060       __local_unwind4            10026060 f   LIBCMT:exsup4.obj
 0001:00025136       __seh_longjmp_unwind4@4    10026136 f   LIBCMT:exsup4.obj
 0001:00025152       @_EH4_CallFilterFunc@8     10026152 f   LIBCMT:exsup4.obj
 0001:00025169       @_EH4_TransferToHandler@8  10026169 f   LIBCMT:exsup4.obj
 0001:00025182       @_EH4_GlobalUnwind2@8      10026182 f   LIBCMT:exsup4.obj
 0001:0002519b       @_EH4_LocalUnwind@16       1002619b f   LIBCMT:exsup4.obj
 0001:000251c0       __ValidateImageBase        100261c0 f   LIBCMT:pesect.obj
 0001:00025200       __FindPESection            10026200 f   LIBCMT:pesect.obj
 0001:00025250       __IsNonwritableInCurrentImage 10026250 f   LIBCMT:pesect.obj
 0001:0002530c       __forcdecpt_l              1002630c f   LIBCMT:cvt.obj
 0001:00025380       __cropzeros_l              10026380 f   LIBCMT:cvt.obj
 0001:00025402       __positive                 10026402 f   LIBCMT:cvt.obj
 0001:0002541e       __fassign_l                1002641e f   LIBCMT:cvt.obj
 0001:00025460       __fassign                  10026460 f   LIBCMT:cvt.obj
 0001:00025499       __forcdecpt                10026499 f   LIBCMT:cvt.obj
 0001:000254ac       __cropzeros                100264ac f   LIBCMT:cvt.obj
 0001:00025620       __cftoe_l                  10026620 f   LIBCMT:cvt.obj
 0001:000256e7       __cftoe                    100266e7 f   LIBCMT:cvt.obj
 0001:00025707       __cftoa_l                  10026707 f   LIBCMT:cvt.obj
 0001:00025b80       __cftof_l                  10026b80 f   LIBCMT:cvt.obj
 0001:00025c41       __cftog_l                  10026c41 f   LIBCMT:cvt.obj
 0001:00025d2e       __cfltcvt_l                10026d2e f   LIBCMT:cvt.obj
 0001:00025db6       __cfltcvt                  10026db6 f   LIBCMT:cvt.obj
 0001:00025dd9       __initp_misc_cfltcvt_tab   10026dd9 f   LIBCMT:cmiscdat.obj
 0001:00025dfc       __setdefaultprecision      10026dfc f   LIBCMT:fp8.obj
 0001:00025e24       __VEC_memcpy               10026e24 f   LIBCMT:p4_memcpy.obj
 0001:00025f27       __flsbuf                   10026f27 f   LIBCMT:_flsbuf.obj
 0001:0002608b       __initp_misc_invarg        1002708b f   LIBCMT:invarg.obj
 0001:0002609a       __call_reportfault         1002709a f   LIBCMT:invarg.obj
 0001:000261c3       __invoke_watson            100271c3 f   LIBCMT:invarg.obj
 0001:000261e8       __invalid_parameter        100271e8 f   LIBCMT:invarg.obj
 0001:00026215       __invalid_parameter_noinfo 10027215 f   LIBCMT:invarg.obj
 0001:00026225       __get_errno_from_oserr     10027225 f   LIBCMT:dosmap.obj
 0001:00026267       __errno                    10027267 f   LIBCMT:dosmap.obj
 0001:0002627a       ___doserrno                1002727a f   LIBCMT:dosmap.obj
 0001:0002628d       __dosmaperr                1002728d f   LIBCMT:dosmap.obj
 0001:000262b0       ?_Type_info_dtor@type_info@@CAXPAV1@@Z 100272b0 f   LIBCMT:typname.obj
 0001:00026543       ___updatetmbcinfo          10027543 f   LIBCMT:mbctype.obj
 0001:00026663       __setmbcp_nolock           10027663 f   LIBCMT:mbctype.obj
 0001:0002684c       __setmbcp                  1002784c f   LIBCMT:mbctype.obj
 0001:000269e6       ___initmbctable            100279e6 f   LIBCMT:mbctype.obj
 0001:00026a04       ___addlocaleref            10027a04 f   LIBCMT:localref.obj
 0001:00026a93       ___removelocaleref         10027a93 f   LIBCMT:localref.obj
 0001:00026b2c       ___freetlocinfo            10027b2c f   LIBCMT:localref.obj
 0001:00026c77       __updatetlocinfoEx_nolock  10027c77 f   LIBCMT:localref.obj
 0001:00026cc4       ___updatetlocinfo          10027cc4 f   LIBCMT:localref.obj
 0001:00026d3d       __malloc_crt               10027d3d f   LIBCMT:crtheap.obj
 0001:00026d82       __calloc_crt               10027d82 f   LIBCMT:crtheap.obj
 0001:00026dce       __realloc_crt              10027dce f   LIBCMT:crtheap.obj
 0001:00026e1c       __recalloc_crt             10027e1c f   LIBCMT:crtheap.obj
 0001:00026e6e       __get_daylight             10027e6e f   LIBCMT:timeset.obj
 0001:00026e9b       __get_dstbias              10027e9b f   LIBCMT:timeset.obj
 0001:00026ec8       __get_timezone             10027ec8 f   LIBCMT:timeset.obj
 0001:00026ef5       ___daylight                10027ef5 f   LIBCMT:timeset.obj
 0001:00026efb       ___dstbias                 10027efb f   LIBCMT:timeset.obj
 0001:00026f01       ___timezone                10027f01 f   LIBCMT:timeset.obj
 0001:00026f07       ___tzname                  10027f07 f   LIBCMT:timeset.obj
 0001:000275f1       ___tzset                   100285f1 f   LIBCMT:tzset.obj
 0001:00027640       __isindst                  10028640 f   LIBCMT:tzset.obj
 0001:00027681       ___ascii_stricmp           10028681 f   LIBCMT:stricmp.obj
 0001:000276ba       __isleadbyte_l             100286ba f i LIBCMT:_wctype.obj
 0001:000276f2       _isleadbyte                100286f2 f i LIBCMT:_wctype.obj
 0001:00027710       __alloca_probe_16          10028710 f   LIBCMT:alloca16.obj
 0001:00027726       __alloca_probe_8           10028726     LIBCMT:alloca16.obj
 0001:0002773c       __gmtime64_s               1002873c f   LIBCMT:gmtime64.obj
 0001:00027980       __alldiv                   10028980 f   LIBCMT:lldiv.obj
 0001:00027a30       __allrem                   10028a30 f   LIBCMT:llrem.obj
 0001:00027af0       __aulldiv                  10028af0 f   LIBCMT:ulldiv.obj
 0001:00027bff       __output_s_l               10028bff f   LIBCMT:outputs.obj
 0001:00028822       __ismbblead                10029822 f   LIBCMT:ismbbyte.obj
 0001:0002883a       _strncpy_s                 1002983a f   LIBCMT:strncpy_s.obj
 0001:00028ad6       ___crtLCMapStringA         10029ad6 f   LIBCMT:a_map.obj
 0001:00028b1c       __isctype_l                10029b1c f   LIBCMT:isctype.obj
 0001:00028bd4       __heap_init                10029bd4 f   LIBCMT:heapinit.obj
 0001:00028bf2       __heap_term                10029bf2 f   LIBCMT:heapinit.obj
 0001:00028c06       ___crtCorExitProcess       10029c06 f   LIBCMT:crt0dat.obj
 0001:00028c31       ___crtExitProcess          10029c31 f   LIBCMT:crt0dat.obj
 0001:00028c49       __lockexit                 10029c49 f   LIBCMT:crt0dat.obj
 0001:00028c52       __unlockexit               10029c52 f   LIBCMT:crt0dat.obj
 0001:00028c5b       __init_pointers            10029c5b f   LIBCMT:crt0dat.obj
 0001:00028c8e       __initterm_e               10029c8e f   LIBCMT:crt0dat.obj
 0001:00028cb2       __cinit                    10029cb2 f   LIBCMT:crt0dat.obj
 0001:00028e89       __exit                     10029e89 f   LIBCMT:crt0dat.obj
 0001:00028e9f       __cexit                    10029e9f f   LIBCMT:crt0dat.obj
 0001:00028eae       __amsg_exit                10029eae f   LIBCMT:crt0dat.obj
 0001:00028ecc       __GET_RTERRMSG             10029ecc f   LIBCMT:crt0msg.obj
 0001:00028ef2       __NMSG_WRITE               10029ef2 f   LIBCMT:crt0msg.obj
 0001:000290a1       __FF_MSGBANNER             1002a0a1 f   LIBCMT:crt0msg.obj
 0001:000290da       __sse2_mathfcns_init       1002a0da f   LIBCMT:_mathfcns_.obj
 0001:000290f0       __CIsin_pentium4           1002a0f0 f   LIBCMT:_sin_pentium4_.obj
 0001:00029108       __sin_pentium4             1002a108     LIBCMT:_sin_pentium4_.obj
 0001:000292c0       __trandisp1                1002a2c0 f   LIBCMT:_87disp_.obj
 0001:00029327       __trandisp2                1002a327 f   LIBCMT:_87disp_.obj
 0001:000293b3       __rttospopde               1002a3b3     LIBCMT:_87disp_.obj
 0001:000293b8       __rttospop                 1002a3b8     LIBCMT:_87disp_.obj
 0001:000293ba       __rtnospop                 1002a3ba     LIBCMT:_87disp_.obj
 0001:000293bc       __rttosnpop                1002a3bc     LIBCMT:_87disp_.obj
 0001:000293bd       __rtnospopde               1002a3bd     LIBCMT:_87disp_.obj
 0001:000293c4       __rtzeropop                1002a3c4     LIBCMT:_87disp_.obj
 0001:000293c6       __rtzeronpop               1002a3c6     LIBCMT:_87disp_.obj
 0001:000293cb       __rtonepop                 1002a3cb     LIBCMT:_87disp_.obj
 0001:000293cd       __rtonenpop                1002a3cd     LIBCMT:_87disp_.obj
 0001:000293d2       __tosnan1                  1002a3d2     LIBCMT:_87disp_.obj
 0001:000293fd       __nosnan2                  1002a3fd     LIBCMT:_87disp_.obj
 0001:000293ff       __tosnan2                  1002a3ff     LIBCMT:_87disp_.obj
 0001:00029427       __nan2                     1002a427     LIBCMT:_87disp_.obj
 0001:00029466       __rtindfpop                1002a466     LIBCMT:_87disp_.obj
 0001:00029468       __rtindfnpop               1002a468     LIBCMT:_87disp_.obj
 0001:00029479       __rttosnpopde              1002a479     LIBCMT:_87disp_.obj
 0001:00029483       __rtchsifneg               1002a483     LIBCMT:_87disp_.obj
 0001:00029490       __twoToTOS                 1002a490 f   LIBCMT:_common_.obj
 0001:000294a5       __load_CW                  1002a4a5 f   LIBCMT:_common_.obj
 0001:000294bc       __convertTOStoQNaN         1002a4bc f   LIBCMT:_common_.obj
 0001:000294d5       __fload_withFB             1002a4d5 f   LIBCMT:_common_.obj
 0001:00029518       __checkTOS_withFB          1002a518 f   LIBCMT:_common_.obj
 0001:0002952e       __fast_exit                1002a52e f   LIBCMT:_common_.obj
 0001:0002953b       __math_exit                1002a53b f   LIBCMT:_common_.obj
[...]
 0001:00030f35       __unwindfunclet$??0UnicodeSupport@@QAE@PBDKK@Z$6 10031f35 f   UnicodeSupport.obj
 0001:00030f40       __unwindfunclet$??0UnicodeSupport@@QAE@PBDKK@Z$7 10031f40 f   UnicodeSupport.obj
 0001:00030f4b       __unwindfunclet$??0UnicodeSupport@@QAE@PBDKK@Z$8 10031f4b f   UnicodeSupport.obj
 0001:00030f56       __ehhandler$??0UnicodeSupport@@QAE@PBDKK@Z 10031f56 f   UnicodeSupport.obj
 0001:00030f80       __unwindfunclet$??0LimitCrack@@QAE@XZ$0 10031f80 f   LimitCrack.obj
 0001:00030f8e       __unwindfunclet$??0LimitCrack@@QAE@XZ$1 10031f8e f   LimitCrack.obj
 0001:00030f9c       __unwindfunclet$??0LimitCrack@@QAE@XZ$2 10031f9c f   LimitCrack.obj
 0001:00030faa       __unwindfunclet$??0LimitCrack@@QAE@XZ$3 10031faa f   LimitCrack.obj
 0001:00030fb8       __unwindfunclet$??0LimitCrack@@QAE@XZ$4 10031fb8 f   LimitCrack.obj
 0001:00030fc6       __unwindfunclet$??0LimitCrack@@QAE@XZ$5 10031fc6 f   LimitCrack.obj
 0001:00030fd4       __unwindfunclet$??0LimitCrack@@QAE@XZ$6 10031fd4 f   LimitCrack.obj
 0001:00030fe2       __unwindfunclet$??0LimitCrack@@QAE@XZ$7 10031fe2 f   LimitCrack.obj
 0001:00030ff0       __unwindfunclet$??0LimitCrack@@QAE@XZ$8 10031ff0 f   LimitCrack.obj
 0001:00030ffe       __unwindfunclet$??0LimitCrack@@QAE@XZ$9 10031ffe f   LimitCrack.obj
 0001:0003100c       __ehhandler$??0LimitCrack@@QAE@XZ 1003200c f   LimitCrack.obj
 0001:00031040       __unwindfunclet$??0ExternQuickKey@@QAE@XZ$0 10032040 f   LimitCrack.obj
 0001:00031040       __unwindfunclet$??0IncreaseAISearchMapEntriesLimit@@QAE@K@Z$0 10032040 f   LimitCrack.obj
 0001:00031040       __unwindfunclet$??0_TAHPI@@QAE@H@Z$0 10032040 f   LimitCrack.obj
 0001:0003104b       __ehhandler$??0_TAHPI@@QAE@H@Z 1003204b f   LimitCrack.obj
 0001:0003104b       __ehhandler$??0ExternQuickKey@@QAE@XZ 1003204b f   LimitCrack.obj
 0001:0003104b       __ehhandler$??0IncreaseAISearchMapEntriesLimit@@QAE@K@Z 1003204b f   LimitCrack.obj
 0001:00031070       __unwindfunclet$?WriteWeaponAryPtr@IncreaseWeaponTypeLimit@@AAEPAXPAPAX@Z$0 10032070 f   LimitCrack.obj
 0001:0003107b       __unwindfunclet$?WriteWeaponAryPtr@IncreaseWeaponTypeLimit@@AAEPAXPAPAX@Z$1 1003207b f   LimitCrack.obj
 0001:00031086       __ehhandler$?WriteWeaponAryPtr@IncreaseWeaponTypeLimit@@AAEPAXPAPAX@Z 10032086 f   LimitCrack.obj
 0001:000310b0       __unwindfunclet$?WriteWeaponAryLen@IncreaseWeaponTypeLimit@@AAEKK@Z$0 100320b0 f   LimitCrack.obj
 0001:000310bb       __ehhandler$?WriteWeaponAryLen@IncreaseWeaponTypeLimit@@AAEKK@Z 100320bb f   LimitCrack.obj
 0001:000310e0       __unwindfunclet$?WeaponType_IdLimit@IncreaseWeaponTypeLimit@@AAEXXZ$0 100320e0 f   LimitCrack.obj
 0001:000310eb       __unwindfunclet$?WeaponType_IdLimit@IncreaseWeaponTypeLimit@@AAEXXZ$1 100320eb f   LimitCrack.obj
 0001:000310f6       __ehhandler$?WeaponType_IdLimit@IncreaseWeaponTypeLimit@@AAEXXZ 100320f6 f   LimitCrack.obj
 0001:00031120       __unwindfunclet$?WriteNewLimit@IncreaseUnitTypeLimit@@AAEXK@Z$0 10032120 f   LimitCrack.obj
 0001:0003112b       __unwindfunclet$?WriteNewLimit@IncreaseUnitTypeLimit@@AAEXK@Z$1 1003212b f   LimitCrack.obj
 0001:00031139       __unwindfunclet$?WriteNewLimit@IncreaseUnitTypeLimit@@AAEXK@Z$2 10032139 f   LimitCrack.obj
 0001:00031147       __unwindfunclet$?WriteNewLimit@IncreaseUnitTypeLimit@@AAEXK@Z$3 10032147 f   LimitCrack.obj
 0001:00031155       __unwindfunclet$?WriteNewLimit@IncreaseUnitTypeLimit@@AAEXK@Z$4 10032155 f   LimitCrack.obj
 0001:00031163       __unwindfunclet$?WriteNewLimit@IncreaseUnitTypeLimit@@AAEXK@Z$5 10032163 f   LimitCrack.obj
 0001:00031171       __unwindfunclet$?WriteNewLimit@IncreaseUnitTypeLimit@@AAEXK@Z$6 10032171 f   LimitCrack.obj
 0001:0003117f       __unwindfunclet$?WriteNewLimit@IncreaseUnitTypeLimit@@AAEXK@Z$7 1003217f f   LimitCrack.obj
 0001:0003118d       __unwindfunclet$?WriteNewLimit@IncreaseUnitTypeLimit@@AAEXK@Z$8 1003218d f   LimitCrack.obj
 0001:0003119b       __unwindfunclet$?WriteNewLimit@IncreaseUnitTypeLimit@@AAEXK@Z$9 1003219b f   LimitCrack.obj
 0001:000311a9       __unwindfunclet$?WriteNewLimit@IncreaseUnitTypeLimit@@AAEXK@Z$10 100321a9 f   LimitCrack.obj
 0001:000311b7       __ehhandler$?WriteNewLimit@IncreaseUnitTypeLimit@@AAEXK@Z 100321b7 f   LimitCrack.obj
 0001:000311e0       __unwindfunclet$?WriteNewLimit@IncreaseCompositeBuf@@AAEXKK@Z$0 100321e0 f   LimitCrack.obj
 0001:000311eb       __ehhandler$?WriteNewLimit@IncreaseCompositeBuf@@AAEXKK@Z 100321eb f   LimitCrack.obj
 0001:00031210       __unwindfunclet$?SetNewLimit@IncreaseSfxLimit@@AAEXKK@Z$0 10032210 f   LimitCrack.obj
 0001:0003121b       __unwindfunclet$?SetNewLimit@IncreaseSfxLimit@@AAEXKK@Z$1 1003221b f   LimitCrack.obj
 0001:00031226       __ehhandler$?SetNewLimit@IncreaseSfxLimit@@AAEXKK@Z 10032226 f   LimitCrack.obj
 0001:00031250       __unwindfunclet$?NewUnitLimit@UnitLimit@@AAEXK@Z$0 10032250 f   LimitCrack.obj
 0001:0003125b       __unwindfunclet$?NewUnitLimit@UnitLimit@@AAEXK@Z$1 1003225b f   LimitCrack.obj
 0001:00031266       __unwindfunclet$?NewUnitLimit@UnitLimit@@AAEXK@Z$2 10032266 f   LimitCrack.obj
 0001:00031271       __unwindfunclet$?NewUnitLimit@UnitLimit@@AAEXK@Z$3 10032271 f   LimitCrack.obj
 0001:0003127c       __ehhandler$?NewUnitLimit@UnitLimit@@AAEXK@Z 1003227c f   LimitCrack.obj
 0001:000312a0       __unwindfunclet$??0AlliesWhiteboard@@QAE@XZ$0 100322a0 f   whiteboard.obj
 0001:000312ae       __unwindfunclet$??0AlliesWhiteboard@@QAE@XZ$1 100322ae f   whiteboard.obj
 0001:000312bc       __unwindfunclet$??0AlliesWhiteboard@@QAE@XZ$2 100322bc f   whiteboard.obj
 0001:000312ca       __ehhandler$??0AlliesWhiteboard@@QAE@XZ 100322ca f   whiteboard.obj
 0001:000312f0       __unwindfunclet$??1AlliesWhiteboard@@QAE@XZ$0 100322f0 f   whiteboard.obj
 0001:000312fe       __unwindfunclet$??1AlliesWhiteboard@@QAE@XZ$1 100322fe f   whiteboard.obj
 0001:0003130c       __unwindfunclet$??1AlliesWhiteboard@@QAE@XZ$2 1003230c f   whiteboard.obj
 0001:0003131a       __ehhandler$??1AlliesWhiteboard@@QAE@XZ 1003231a f   whiteboard.obj
 0001:00031340       __unwindfunclet$?LockBlit@AlliesWhiteboard@@QAEXPADH@Z$0 10032340 f   whiteboard.obj
 0001:00031348       __unwindfunclet$?LockBlit@AlliesWhiteboard@@QAEXPADH@Z$1 10032348 f   whiteboard.obj
 0001:00031350       __unwindfunclet$?LockBlit@AlliesWhiteboard@@QAEXPADH@Z$3 10032350 f   whiteboard.obj
 0001:00031358       __unwindfunclet$?LockBlit@AlliesWhiteboard@@QAEXPADH@Z$4 10032358 f   whiteboard.obj
 0001:00031360       __ehhandler$?LockBlit@AlliesWhiteboard@@QAEXPADH@Z 10032360 f   whiteboard.obj
 0001:00031380       __unwindfunclet$?Message@AlliesWhiteboard@@QAE_NPAUHWND__@@IIJ@Z$0 10032380 f   whiteboard.obj
 0001:0003138b       __unwindfunclet$?Message@AlliesWhiteboard@@QAE_NPAUHWND__@@IIJ@Z$1 1003238b f   whiteboard.obj
 0001:00031396       __ehhandler$?Message@AlliesWhiteboard@@QAE_NPAUHWND__@@IIJ@Z 10032396 f   whiteboard.obj
 0001:000313c0       __unwindfunclet$??0GraphicText@@QAE@HHPADD@Z$0 100323c0 f   whiteboard.obj
 0001:000313c0       __unwindfunclet$??0GraphicTextEdited@@QAE@HHPADD@Z$0 100323c0 f   whiteboard.obj
 0001:000313c8       __ehhandler$??0GraphicText@@QAE@HHPADD@Z 100323c8 f   whiteboard.obj
 0001:000313c8       __ehhandler$??0GraphicTextEdited@@QAE@HHPADD@Z 100323c8 f   whiteboard.obj
 0001:000313f0       __unwindfunclet$?TextInputKeyDown@AlliesWhiteboard@@AAEXH@Z$0 100323f0 f   whiteboard.obj
 0001:000313fb       __ehhandler$?TextInputKeyDown@AlliesWhiteboard@@AAEXH@Z 100323fb f   whiteboard.obj
 0001:00031420       __unwindfunclet$?AddTextMarker@AlliesWhiteboard@@AAEXXZ$0 10032420 f   whiteboard.obj
 0001:0003142b       __unwindfunclet$?AddTextMarker@AlliesWhiteboard@@AAEXXZ$1 1003242b f   whiteboard.obj
 0001:00031436       __ehhandler$?AddTextMarker@AlliesWhiteboard@@AAEXXZ 10032436 f   whiteboard.obj
 0001:00031460       __unwindfunclet$?DrawMarkers@AlliesWhiteboard@@AAEXPAUIDirectDrawSurface@@@Z$0 10032460 f   whiteboard.obj
 0001:00031468       __unwindfunclet$?DrawMarkers@AlliesWhiteboard@@AAEXPAUIDirectDrawSurface@@@Z$1 10032468 f   whiteboard.obj
 0001:00031470       __unwindfunclet$?DrawMarkers@AlliesWhiteboard@@AAEXPAUIDirectDrawSurface@@@Z$3 10032470 f   whiteboard.obj
 0001:00031478       __unwindfunclet$?DrawMarkers@AlliesWhiteboard@@AAEXPAUIDirectDrawSurface@@@Z$4 10032478 f   whiteboard.obj
 0001:00031480       __ehhandler$?DrawMarkers@AlliesWhiteboard@@AAEXPAUIDirectDrawSurface@@@Z 10032480 f   whiteboard.obj
 0001:000314a0       __unwindfunclet$?DrawMinimapMarkers@AlliesWhiteboard@@QAEXPADH_N@Z$0 100324a0 f   whiteboard.obj
 0001:000314a8       __unwindfunclet$?DrawMinimapMarkers@AlliesWhiteboard@@QAEXPADH_N@Z$1 100324a8 f   whiteboard.obj
 0001:000314b0       __unwindfunclet$?DrawMinimapMarkers@AlliesWhiteboard@@QAEXPADH_N@Z$6 100324b0 f   whiteboard.obj
 0001:000314b8       __unwindfunclet$?DrawMinimapMarkers@AlliesWhiteboard@@QAEXPADH_N@Z$7 100324b8 f   whiteboard.obj
 0001:000314c0       __unwindfunclet$?DrawMinimapMarkers@AlliesWhiteboard@@QAEXPADH_N@Z$12 100324c0 f   whiteboard.obj
 0001:000314c8       __unwindfunclet$?DrawMinimapMarkers@AlliesWhiteboard@@QAEXPADH_N@Z$13 100324c8 f   whiteboard.obj
 0001:000314d0       __unwindfunclet$?DrawMinimapMarkers@AlliesWhiteboard@@QAEXPADH_N@Z$18 100324d0 f   whiteboard.obj
 0001:000314db       __unwindfunclet$?DrawMinimapMarkers@AlliesWhiteboard@@QAEXPADH_N@Z$19 100324db f   whiteboard.obj
 0001:000314e6       __unwindfunclet$?DrawMinimapMarkers@AlliesWhiteboard@@QAEXPADH_N@Z$24 100324e6 f   whiteboard.obj
 0001:000314f1       __unwindfunclet$?DrawMinimapMarkers@AlliesWhiteboard@@QAEXPADH_N@Z$25 100324f1 f   whiteboard.obj
 0001:000314fc       __unwindfunclet$?DrawMinimapMarkers@AlliesWhiteboard@@QAEXPADH_N@Z$30 100324fc f   whiteboard.obj
 0001:00031507       __unwindfunclet$?DrawMinimapMarkers@AlliesWhiteboard@@QAEXPADH_N@Z$31 10032507 f   whiteboard.obj
 0001:00031512       __unwindfunclet$?DrawMinimapMarkers@AlliesWhiteboard@@QAEXPADH_N@Z$36 10032512 f   whiteboard.obj
 0001:0003151d       __unwindfunclet$?DrawMinimapMarkers@AlliesWhiteboard@@QAEXPADH_N@Z$37 1003251d f   whiteboard.obj
 0001:00031528       __unwindfunclet$?DrawMinimapMarkers@AlliesWhiteboard@@QAEXPADH_N@Z$42 10032528 f   whiteboard.obj
 0001:00031533       __unwindfunclet$?DrawMinimapMarkers@AlliesWhiteboard@@QAEXPADH_N@Z$43 10032533 f   whiteboard.obj
 0001:0003153e       __unwindfunclet$?DrawMinimapMarkers@AlliesWhiteboard@@QAEXPADH_N@Z$48 1003253e f   whiteboard.obj
 0001:00031549       __unwindfunclet$?DrawMinimapMarkers@AlliesWhiteboard@@QAEXPADH_N@Z$49 10032549 f   whiteboard.obj
 0001:00031554       __unwindfunclet$?DrawMinimapMarkers@AlliesWhiteboard@@QAEXPADH_N@Z$54 10032554 f   whiteboard.obj
 0001:0003155f       __unwindfunclet$?DrawMinimapMarkers@AlliesWhiteboard@@QAEXPADH_N@Z$55 1003255f f   whiteboard.obj
 0001:0003156a       __unwindfunclet$?DrawMinimapMarkers@AlliesWhiteboard@@QAEXPADH_N@Z$60 1003256a f   whiteboard.obj
 0001:00031575       __unwindfunclet$?DrawMinimapMarkers@AlliesWhiteboard@@QAEXPADH_N@Z$61 10032575 f   whiteboard.obj
 0001:00031580       __unwindfunclet$?DrawMinimapMarkers@AlliesWhiteboard@@QAEXPADH_N@Z$66 10032580 f   whiteboard.obj
 0001:0003158b       __unwindfunclet$?DrawMinimapMarkers@AlliesWhiteboard@@QAEXPADH_N@Z$67 1003258b f   whiteboard.obj
 0001:00031596       __ehhandler$?DrawMinimapMarkers@AlliesWhiteboard@@QAEXPADH_N@Z 10032596 f   whiteboard.obj
 0001:000315c0       __unwindfunclet$?GetMarkers@AlliesWhiteboard@@QAEXPAUMarkerArray@@@Z$0 100325c0 f   whiteboard.obj
 0001:000315c8       __unwindfunclet$?GetMarkers@AlliesWhiteboard@@QAEXPAUMarkerArray@@@Z$1 100325c8 f   whiteboard.obj
 0001:000315d0       __unwindfunclet$?GetMarkers@AlliesWhiteboard@@QAEXPAUMarkerArray@@@Z$6 100325d0 f   whiteboard.obj
 0001:000315d8       __unwindfunclet$?GetMarkers@AlliesWhiteboard@@QAEXPAUMarkerArray@@@Z$7 100325d8 f   whiteboard.obj
 0001:000315e0       __ehhandler$?GetMarkers@AlliesWhiteboard@@QAEXPAUMarkerArray@@@Z 100325e0 f   whiteboard.obj
 0001:00031600       __unwindfunclet$?ReceiveMarkers@AlliesWhiteboard@@AAEXXZ$0 10032600 f   whiteboard.obj
 0001:0003160b       __ehhandler$?ReceiveMarkers@AlliesWhiteboard@@AAEXXZ 1003260b f   whiteboard.obj
 0001:00031640       __unwindfunclet$?SendMarkers@AlliesWhiteboard@@AAEXXZ$0 10032640 f   whiteboard.obj
 0001:0003164b       __unwindfunclet$?SendMarkers@AlliesWhiteboard@@AAEXXZ$3 1003264b f   whiteboard.obj
 0001:00031656       __unwindfunclet$?SendMarkers@AlliesWhiteboard@@AAEXXZ$6 10032656 f   whiteboard.obj
 0001:00031661       __unwindfunclet$?SendMarkers@AlliesWhiteboard@@AAEXXZ$9 10032661 f   whiteboard.obj
 0001:0003166c       __unwindfunclet$?SendMarkers@AlliesWhiteboard@@AAEXXZ$12 1003266c f   whiteboard.obj
 0001:00031677       __unwindfunclet$?SendMarkers@AlliesWhiteboard@@AAEXXZ$15 10032677 f   whiteboard.obj
 0001:00031682       __unwindfunclet$?SendMarkers@AlliesWhiteboard@@AAEXXZ$18 10032682 f   whiteboard.obj
 0001:0003168d       __unwindfunclet$?SendMarkers@AlliesWhiteboard@@AAEXXZ$21 1003268d f   whiteboard.obj
 0001:00031698       __unwindfunclet$?SendMarkers@AlliesWhiteboard@@AAEXXZ$24 10032698 f   whiteboard.obj
 0001:000316a3       __unwindfunclet$?SendMarkers@AlliesWhiteboard@@AAEXXZ$27 100326a3 f   whiteboard.obj
 0001:000316ae       __unwindfunclet$?SendMarkers@AlliesWhiteboard@@AAEXXZ$30 100326ae f   whiteboard.obj
 0001:000316b9       __unwindfunclet$?SendMarkers@AlliesWhiteboard@@AAEXXZ$33 100326b9 f   whiteboard.obj
 0001:000316c4       __ehhandler$?SendMarkers@AlliesWhiteboard@@AAEXXZ 100326c4 f   whiteboard.obj
 0001:000316f0       __unwindfunclet$?GetTextElementAt@AlliesWhiteboard@@AAEPAVGraphicElement@@HHH@Z$0 100326f0 f   whiteboard.obj
 0001:000316f8       __unwindfunclet$?GetTextElementAt@AlliesWhiteboard@@AAEPAVGraphicElement@@HHH@Z$1 100326f8 f   whiteboard.obj
 0001:00031700       __unwindfunclet$?GetTextElementAt@AlliesWhiteboard@@AAEPAVGraphicElement@@HHH@Z$3 10032700 f   whiteboard.obj
 0001:00031708       __unwindfunclet$?GetTextElementAt@AlliesWhiteboard@@AAEPAVGraphicElement@@HHH@Z$4 10032708 f   whiteboard.obj
 0001:00031710       __ehhandler$?GetTextElementAt@AlliesWhiteboard@@AAEPAVGraphicElement@@HHH@Z 10032710 f   whiteboard.obj
 0001:00031730       __unwindfunclet$??1?$deque@UTAShareMemStruct@CDDDTA@@V?$allocator@UTAShareMemStruct@CDDDTA@@@std@@@std@@QAE@XZ$0 10032730 f   whiteboard.obj
 0001:00031730       __unwindfunclet$??1?$deque@PAVGraphicElement@@V?$allocator@PAVGraphicElement@@@std@@@std@@QAE@XZ$0 10032730 f   whiteboard.obj
 0001:00031730       __unwindfunclet$??1?$deque@UMMHS@AlliesWhiteboard@@V?$allocator@UMMHS@AlliesWhiteboard@@@std@@@std@@QAE@XZ$0 10032730 f   whiteboard.obj
 0001:00031738       __unwindfunclet$??1?$deque@UTAShareMemStruct@CDDDTA@@V?$allocator@UTAShareMemStruct@CDDDTA@@@std@@@std@@QAE@XZ$1 10032738 f   whiteboard.obj
 0001:00031738       __unwindfunclet$??1?$deque@PAVGraphicElement@@V?$allocator@PAVGraphicElement@@@std@@@std@@QAE@XZ$1 10032738 f   whiteboard.obj
 0001:00031738       __unwindfunclet$??1?$deque@UMMHS@AlliesWhiteboard@@V?$allocator@UMMHS@AlliesWhiteboard@@@std@@@std@@QAE@XZ$1 10032738 f   whiteboard.obj
 0001:00031740       __ehhandler$??1?$deque@UTAShareMemStruct@CDDDTA@@V?$allocator@UTAShareMemStruct@CDDDTA@@@std@@@std@@QAE@XZ 10032740 f   whiteboard.obj
 0001:00031740       __ehhandler$??1?$deque@UMMHS@AlliesWhiteboard@@V?$allocator@UMMHS@AlliesWhiteboard@@@std@@@std@@QAE@XZ 10032740 f   whiteboard.obj
 0001:00031740       __ehhandler$??1?$deque@PAVGraphicElement@@V?$allocator@PAVGraphicElement@@@std@@@std@@QAE@XZ 10032740 f   whiteboard.obj
 0001:00031760       __unwindfunclet$?back@?$deque@UMMHS@AlliesWhiteboard@@V?$allocator@UMMHS@AlliesWhiteboard@@@std@@@std@@QAEAAUMMHS@AlliesWhiteboard@@XZ$0 10032760 f   whiteboard.obj
 0001:00031768       __unwindfunclet$?back@?$deque@UMMHS@AlliesWhiteboard@@V?$allocator@UMMHS@AlliesWhiteboard@@@std@@@std@@QAEAAUMMHS@AlliesWhiteboard@@XZ$1 10032768 f   whiteboard.obj
 0001:00031770       __ehhandler$?back@?$deque@UMMHS@AlliesWhiteboard@@V?$allocator@UMMHS@AlliesWhiteboard@@@std@@@std@@QAEAAUMMHS@AlliesWhiteboard@@XZ 10032770 f   whiteboard.obj
 0001:00031790       __unwindfunclet$??1?$_Deque_val@UMMHS@AlliesWhiteboard@@V?$allocator@UMMHS@AlliesWhiteboard@@@std@@@std@@QAE@XZ$0 10032790 f   whiteboard.obj
 0001:00031790       __unwindfunclet$??1?$_Deque_val@UTAShareMemStruct@CDDDTA@@V?$allocator@UTAShareMemStruct@CDDDTA@@@std@@@std@@QAE@XZ$0 10032790 f   whiteboard.obj
 0001:00031790       __unwindfunclet$??1?$_Deque_val@PAVGraphicElement@@V?$allocator@PAVGraphicElement@@@std@@@std@@QAE@XZ$0 10032790 f   whiteboard.obj
 0001:00031798       __ehhandler$??1?$_Deque_val@PAVGraphicElement@@V?$allocator@PAVGraphicElement@@@std@@@std@@QAE@XZ 10032798 f   whiteboard.obj
 0001:00031798       __ehhandler$??1?$_Deque_val@UTAShareMemStruct@CDDDTA@@V?$allocator@UTAShareMemStruct@CDDDTA@@@std@@@std@@QAE@XZ 10032798 f   whiteboard.obj
 0001:00031798       __ehhandler$??1?$_Deque_val@UMMHS@AlliesWhiteboard@@V?$allocator@UMMHS@AlliesWhiteboard@@@std@@@std@@QAE@XZ 10032798 f   whiteboard.obj
 0001:000317c0       __unwindfunclet$??1InlineSingleHook@@QAE@XZ$0 100327c0 f   InlineHook.obj
 0001:000317c8       __ehhandler$??1InlineSingleHook@@QAE@XZ 100327c8 f   InlineHook.obj
 0001:000317f0       __unwindfunclet$??1CElementHandler@@UAE@XZ$0 100327f0 f   ElementHandler.obj
 0001:00031809       __ehhandler$??1CElementHandler@@UAE@XZ 10032809 f   ElementHandler.obj
 0001:00031830       __unwindfunclet$?DeleteBetween@CElementHandler@@QAEXHHHH@Z$0 10032830 f   ElementHandler.obj
 0001:00031838       __unwindfunclet$?DeleteBetween@CElementHandler@@QAEXHHHH@Z$2 10032838 f   ElementHandler.obj
 0001:00031840       __ehhandler$?DeleteBetween@CElementHandler@@QAEXHHHH@Z 10032840 f   ElementHandler.obj
 0001:00031860       __unwindfunclet$?GetArea@CElementHandler@@QAE?AV?$vector@PAVGraphicElement@@V?$allocator@PAVGraphicElement@@@std@@@std@@HHHH@Z$0 10032860 f   ElementHandler.obj
 0001:00031868       __unwindfunclet$?GetArea@CElementHandler@@QAE?AV?$vector@PAVGraphicElement@@V?$allocator@PAVGraphicElement@@@std@@@std@@HHHH@Z$3 10032868 f   ElementHandler.obj
 0001:00031870       __unwindfunclet$?GetArea@CElementHandler@@QAE?AV?$vector@PAVGraphicElement@@V?$allocator@PAVGraphicElement@@@std@@@std@@HHHH@Z$1 10032870 f   ElementHandler.obj
 0001:00031889       __unwindfunclet$?GetArea@CElementHandler@@QAE?AV?$vector@PAVGraphicElement@@V?$allocator@PAVGraphicElement@@@std@@@std@@HHHH@Z$4 10032889 f   ElementHandler.obj
 0001:00031891       __ehhandler$?GetArea@CElementHandler@@QAE?AV?$vector@PAVGraphicElement@@V?$allocator@PAVGraphicElement@@@std@@@std@@HHHH@Z 10032891 f   ElementHandler.obj
 0001:000318b0       __unwindfunclet$?MoveTextElement@CElementHandler@@QAEPAVGraphicElement@@PAV2@HH@Z$2 100328b0 f   ElementHandler.obj
 0001:000318bb       __ehhandler$?MoveTextElement@CElementHandler@@QAEPAVGraphicElement@@PAV2@HH@Z 100328bb f   ElementHandler.obj
 0001:000318e0       __unwindfunclet$??1?$list@PAVGraphicElement@@V?$allocator@PAVGraphicElement@@@std@@@std@@QAE@XZ$0 100328e0 f   ElementHandler.obj
 0001:000318e8       __ehhandler$??1?$list@PAVGraphicElement@@V?$allocator@PAVGraphicElement@@@std@@@std@@QAE@XZ 100328e8 f   ElementHandler.obj
 0001:00031910       __ehhandler$?_Buynode@?$_List_val@PAVGraphicElement@@V?$allocator@PAVGraphicElement@@@std@@@std@@QAEPAU_Node@?$_List_nod@PAVGraphicElement@@V?$allocator@PAVGraphicElement@@@std@@@2@PAU342@0ABQAVGraphicElement@@@Z 10032910 f   ElementHandler.obj
 0001:0003192b       __ehhandler$?CallUnexpected@@YAXPBU_s_ESTypeList@@@Z 1003292b f   LIBCMT:frame.obj
 0001:00031950       ??__Fnomem@?5???2@YAPAXI@Z@YAXXZ 10032950 f   LIBCMT:new.obj
