 ddraw

 Timestamp is 4f66dc73 (Mon Mar 19 15:12:51 2012)

 Preferred load address is 10000000

 Start         Length     Name                   Class
 0001:00000000 0002fbf2H .text                   CODE
 0001:0002fc00 00000fc6H .text$x                 CODE
 0001:00030bd0 00000000H .text$yc                CODE
 0001:00030bd0 00000014H .text$yd                CODE
 0002:00000000 00000210H .idata$5                DATA
 0002:00000210 00000004H .CRT$XCA                DATA
 0002:00000214 00000000H .CRT$XCU                DATA
 0002:00000214 00000004H .CRT$XCZ                DATA
 0002:00000218 00000004H .CRT$XIA                DATA
 0002:0000021c 00000014H .CRT$XIC                DATA
 0002:00000230 00000004H .CRT$XIZ                DATA
 0002:00000234 00000004H .CRT$XPA                DATA
 0002:00000238 00000004H .CRT$XPX                DATA
 0002:0000023c 00000004H .CRT$XPXA               DATA
 0002:00000240 00000004H .CRT$XPZ                DATA
 0002:00000244 00000004H .CRT$XTA                DATA
 0002:00000248 00000004H .CRT$XTZ                DATA
 0002:00000250 00004838H .rdata                  DATA
 0002:00004a88 0000063cH .rdata$r                DATA
 0002:000050d0 000000f0H .rdata$sxdata           DATA
 0002:000051c0 00000004H .rtc$IAA                DATA
 0002:000051c4 00000004H .rtc$IMZ                DATA
 0002:000051c8 00000004H .rtc$IZZ                DATA
 0002:000051cc 00000004H .rtc$TAA                DATA
 0002:000051d0 00000004H .rtc$TMZ                DATA
 0002:000051d4 00000004H .rtc$TZZ                DATA
 0002:000051d8 00001714H .xdata$x                DATA
 0002:000068ec 00000064H .idata$2                DATA
 0002:00006950 00000014H .idata$3                DATA
 0002:00006964 00000210H .idata$4                DATA
 0002:00006b74 00000926H .idata$6                DATA
 0002:000074a0 0000004dH .edata                  DATA
 0003:00000000 00003a58H .data                   DATA
 0003:00003a60 000020a0H .bss                    DATA
 0004:00000000 00000310H .rsrc$01                DATA
 0004:00000310 0001d7a8H .rsrc$02                DATA

  Address         Publics by Value              Rva+Base       Lib:Object

 0000:00000000       __except_list              00000000     <absolute>
 0000:0000003c       ___safe_se_handler_count   0000003c     <absolute>
 0000:00000000       ___ImageBase               10000000     <linker-defined>
 0001:00000000       ?AddtionInit@@YGHPAUtagInlineX86StackBuffer@@@Z 10001000 f   ddraw.obj
 0001:00000190       ?AddtionRelease@@YGXXZ     10001190 f   ddraw.obj
 0001:00000300       _DllMain@12                10001300 f   ddraw.obj
 0001:00000440       ?GetSysDir@@YGXXZ          10001440 f   ddraw.obj
 0001:000004b0       ?DirectDrawCreate@@YGJPAU_GUID@@PAPAUIDirectDraw@@PAUIUnknown@@@Z 100014b0 f   ddraw.obj
 0001:000005a0       ?SetupFileMap@@YG_NXZ      100015a0 f   ddraw.obj
 0001:00000620       ?SetupLocalFileMap@@YG_NXZ 10001620 f   ddraw.obj
 0001:000006b0       ?ShutdownLocalFileMap@@YGXXZ 100016b0 f   ddraw.obj
 0001:000006e0       ?SetupTAHookFileMap@@YGXXZ 100016e0 f   ddraw.obj
 0001:00000740       ?ShutDownTAHookFileMap@@YGXXZ 10001740 f   ddraw.obj
 0001:00000770       ?EnableSound@@YGXXZ        10001770 f   ddraw.obj
 0001:000007a0       ??0ExternQuickKey@@QAE@XZ  100017a0 f   ExternQuickKey.obj
 0001:00000810       ??1ExternQuickKey@@QAE@XZ  10001810 f   ExternQuickKey.obj
 0001:00000860       ?Message@ExternQuickKey@@QAE_NPAUHWND__@@IIJ@Z 10001860 f   ExternQuickKey.obj
 0001:000009e0       ?SelectOnlyInScreenSameTypeUnit@ExternQuickKey@@AAEHH@Z 100019e0 f   ExternQuickKey.obj
 0001:00000c00       ?SelectOnlyInScreenWeaponUnit@ExternQuickKey@@AAEHI@Z 10001c00 f   ExternQuickKey.obj
 0001:00000d50       ?SetIDMaskInTypeAry@ExternQuickKey@@AAE_NGQAK@Z 10001d50 f   ExternQuickKey.obj
 0001:00000da0       ?MatchInTypeAry@ExternQuickKey@@AAE_NGQAK@Z 10001da0 f   ExternQuickKey.obj
 0001:00000de0       ?FilterSelectedUnit@ExternQuickKey@@QAEHW4TAUnitType@@@Z 10001de0 f   ExternQuickKey.obj
 0001:00001120       ?AddtionRoutine_CircleSelect@@YGHPAUtagInlineX86StackBuffer@@@Z 10002120 f   ExternQuickKey.obj
 0001:00001260       ?CreateSurfByGafFrame@@YGPAUIDirectDrawSurface@@PAU_GAFFrame@@_N@Z 10002260 f   gaf.obj
 0001:000013e0       ?ViewPlayerLos_Replay@@YGHH@Z 100023e0 f   HardCodeFunctions.obj
 0001:00001560       ?UpdateTAProcess@@YGHXZ    10002560 f   HardCodeFunctions.obj
 0001:000015a0       ?GetUnitIDMaskAryByCategory@@YGPAKPAD@Z 100025a0 f   HardCodeFunctions.obj
 0001:00001630       ?freeTAMem@@YGXPAX@Z       10002630 f   HardCodeFunctions.obj
 0001:000016b0       ?UpdateSelectUnitEffect@@YGXXZ 100026b0 f   HardCodeFunctions.obj
 0001:000016f0       ?ApplySelectUnitMenu_Wapper@@YGXXZ 100026f0 f   HardCodeFunctions.obj
 0001:00001720       ?DeselectUnits@@YGXXZ      10002720 f   HardCodeFunctions.obj
 0001:000017a0       ??0ModifyHook@@QAE@IHKPAEKK@Z 100027a0 f   ModifyHook.obj
 0001:000017a0       ??0ModifyHook@@QAE@PAEHK0KK@Z 100027a0 f   ModifyHook.obj
 0001:00001860       ??1ModifyHook@@QAE@XZ      10002860 f   ModifyHook.obj
 0001:00001930       ?InitHookClass@ModifyHook@@AAEXPAEHK0KK@Z 10002930 f   ModifyHook.obj
 0001:00001b90       ?Hook@ModifyHook@@UAEXXZ   10002b90 f   ModifyHook.obj
 0001:00001cb0       ??0_TAHPI@@QAE@H@Z         10002cb0 f   HPIfunc.obj
 0001:00001cd0       ?readfile@_TAHPI@@QAEPADPADPAI@Z 10002cd0 f   HPIfunc.obj
 0001:00001cf0       ?free_readfile@_TAHPI@@QAEXPAD@Z 10002cf0 f   HPIfunc.obj
 0001:00001d10       ??0IDDraw@@QAE@PAUIDirectDraw@@_N@Z 10002d10 f   iddraw.obj
 0001:00001db0       ?QueryInterface@IDDraw@@UAGJABU_GUID@@PAPAX@Z 10002db0 f   iddraw.obj
 0001:00001de0       ?AddRef@IDDraw@@UAGKXZ     10002de0 f   iddraw.obj
 0001:00001e10       ?Release@IDDraw@@UAGKXZ    10002e10 f   iddraw.obj
 0001:00001e60       ?Compact@IDDraw@@UAGJXZ    10002e60 f   iddraw.obj
 0001:00001e90       ?CreateClipper@IDDraw@@UAGJKPAPAUIDirectDrawClipper@@PAUIUnknown@@@Z 10002e90 f   iddraw.obj
 0001:00001ed0       ?CreatePalette@IDDraw@@UAGJKPAUtagPALETTEENTRY@@PAPAUIDirectDrawPalette@@PAUIUnknown@@@Z 10002ed0 f   iddraw.obj
 0001:00001f10       ?CreateSurface@IDDraw@@UAGJPAU_DDSURFACEDESC@@PAPAUIDirectDrawSurface@@PAUIUnknown@@@Z 10002f10 f   iddraw.obj
 0001:00001ff0       ?DuplicateSurface@IDDraw@@UAGJPAUIDirectDrawSurface@@PAPAU2@@Z 10002ff0 f   iddraw.obj
 0001:00002020       ?EnumDisplayModes@IDDraw@@UAGJKPAU_DDSURFACEDESC@@PAXP6GJ01@Z@Z 10003020 f   iddraw.obj
 0001:00002060       ?EnumSurfaces@IDDraw@@UAGJKPAU_DDSURFACEDESC@@PAXP6GJPAUIDirectDrawSurface@@01@Z@Z 10003060 f   iddraw.obj
 0001:000020a0       ?FlipToGDISurface@IDDraw@@UAGJXZ 100030a0 f   iddraw.obj
 0001:000020d0       ?GetCaps@IDDraw@@UAGJPAU_DDCAPS_DX7@@0@Z 100030d0 f   iddraw.obj
 0001:00002100       ?GetDisplayMode@IDDraw@@UAGJPAU_DDSURFACEDESC@@@Z 10003100 f   iddraw.obj
 0001:00002130       ?GetFourCCCodes@IDDraw@@UAGJPAK0@Z 10003130 f   iddraw.obj
 0001:00002160       ?GetGDISurface@IDDraw@@UAGJPAPAUIDirectDrawSurface@@@Z 10003160 f   iddraw.obj
 0001:00002190       ?GetMonitorFrequency@IDDraw@@UAGJPAK@Z 10003190 f   iddraw.obj
 0001:000021c0       ?GetScanLine@IDDraw@@UAGJPAK@Z 100031c0 f   iddraw.obj
 0001:000021f0       ?GetVerticalBlankStatus@IDDraw@@UAGJPAH@Z 100031f0 f   iddraw.obj
 0001:00002220       ?Initialize@IDDraw@@UAGJPAU_GUID@@@Z 10003220 f   iddraw.obj
 0001:00002250       ?RestoreDisplayMode@IDDraw@@UAGJXZ 10003250 f   iddraw.obj
 0001:00002280       ?SetCooperativeLevel@IDDraw@@UAGJPAUHWND__@@K@Z 10003280 f   iddraw.obj
 0001:000022e0       ?SetDisplayMode@IDDraw@@UAGJKKK@Z 100032e0 f   iddraw.obj
 0001:00002350       ?WaitForVerticalBlank@IDDraw@@UAGJKPAX@Z 10003350 f   iddraw.obj
 0001:00002380       ??0IDDrawSurface@@QAE@PAUIDirectDrawSurface@@_NHH@Z 10003380 f   iddrawsurface.obj
 0001:00002810       ?QueryInterface@IDDrawSurface@@UAGJABU_GUID@@PAPAX@Z 10003810 f   iddrawsurface.obj
 0001:00002840       ?AddRef@IDDrawSurface@@UAGKXZ 10003840 f   iddrawsurface.obj
 0001:00002870       ?Release@IDDrawSurface@@UAGKXZ 10003870 f   iddrawsurface.obj
 0001:00002bd0       ?AddOverlayDirtyRect@IDDrawSurface@@UAGJPAUtagRECT@@@Z 10003bd0 f   iddrawsurface.obj
 0001:00002c00       ?AddAttachedSurface@IDDrawSurface@@UAGJPAUIDirectDrawSurface@@@Z 10003c00 f   iddrawsurface.obj
 0001:00002c30       ?Blt@IDDrawSurface@@UAGJPAUtagRECT@@PAUIDirectDrawSurface@@0KPAU_DDBLTFX@@@Z 10003c30 f   iddrawsurface.obj
 0001:00002c70       ?BltBatch@IDDrawSurface@@UAGJPAU_DDBLTBATCH@@KK@Z 10003c70 f   iddrawsurface.obj
 0001:00002cb0       ?BltFast@IDDrawSurface@@UAGJKKPAUIDirectDrawSurface@@PAUtagRECT@@K@Z 10003cb0 f   iddrawsurface.obj
 0001:00002cf0       ?DeleteAttachedSurface@IDDrawSurface@@UAGJKPAUIDirectDrawSurface@@@Z 10003cf0 f   iddrawsurface.obj
 0001:00002d20       ?EnumAttachedSurfaces@IDDrawSurface@@UAGJPAXP6GJPAUIDirectDrawSurface@@PAU_DDSURFACEDESC@@0@Z@Z 10003d20 f   iddrawsurface.obj
 0001:00002d50       ?EnumOverlayZOrders@IDDrawSurface@@UAGJKPAXP6GJPAUIDirectDrawSurface@@PAU_DDSURFACEDESC@@0@Z@Z 10003d50 f   iddrawsurface.obj
 0001:00002d90       ?Flip@IDDrawSurface@@UAGJPAUIDirectDrawSurface@@K@Z 10003d90 f   iddrawsurface.obj
 0001:00002dc0       ?GetAttachedSurface@IDDrawSurface@@UAGJPAU_DDSCAPS@@PAPAUIDirectDrawSurface@@@Z 10003dc0 f   iddrawsurface.obj
 0001:00002e20       ?GetBltStatus@IDDrawSurface@@UAGJK@Z 10003e20 f   iddrawsurface.obj
 0001:00002e50       ?GetCaps@IDDrawSurface@@UAGJPAU_DDSCAPS@@@Z 10003e50 f   iddrawsurface.obj
 0001:00002e80       ?GetClipper@IDDrawSurface@@UAGJPAPAUIDirectDrawClipper@@@Z 10003e80 f   iddrawsurface.obj
 0001:00002eb0       ?GetColorKey@IDDrawSurface@@UAGJKPAU_DDCOLORKEY@@@Z 10003eb0 f   iddrawsurface.obj
 0001:00002ee0       ?GetDC@IDDrawSurface@@UAGJPAPAUHDC__@@@Z 10003ee0 f   iddrawsurface.obj
 0001:00002f10       ?GetFlipStatus@IDDrawSurface@@UAGJK@Z 10003f10 f   iddrawsurface.obj
 0001:00002f40       ?GetOverlayPosition@IDDrawSurface@@UAGJPAJ0@Z 10003f40 f   iddrawsurface.obj
 0001:00002f70       ?GetPalette@IDDrawSurface@@UAGJPAPAUIDirectDrawPalette@@@Z 10003f70 f   iddrawsurface.obj
 0001:00002fa0       ?GetPixelFormat@IDDrawSurface@@UAGJPAU_DDPIXELFORMAT@@@Z 10003fa0 f   iddrawsurface.obj
 0001:00002fd0       ?GetSurfaceDesc@IDDrawSurface@@UAGJPAU_DDSURFACEDESC@@@Z 10003fd0 f   iddrawsurface.obj
 0001:00003000       ?Initialize@IDDrawSurface@@UAGJPAUIDirectDraw@@PAU_DDSURFACEDESC@@@Z 10004000 f   iddrawsurface.obj
 0001:00003030       ?IsLost@IDDrawSurface@@UAGJXZ 10004030 f   iddrawsurface.obj
 0001:00003060       ?Lock@IDDrawSurface@@UAGJPAUtagRECT@@PAU_DDSURFACEDESC@@KPAX@Z 10004060 f   iddrawsurface.obj
 0001:000030d0       ?ReleaseDC@IDDrawSurface@@UAGJPAUHDC__@@@Z 100040d0 f   iddrawsurface.obj
 0001:00003100       ?Restore@IDDrawSurface@@UAGJXZ 10004100 f   iddrawsurface.obj
 0001:00003130       ?SetClipper@IDDrawSurface@@UAGJPAUIDirectDrawClipper@@@Z 10004130 f   iddrawsurface.obj
 0001:00003160       ?SetColorKey@IDDrawSurface@@UAGJKPAU_DDCOLORKEY@@@Z 10004160 f   iddrawsurface.obj
 0001:00003190       ?SetOverlayPosition@IDDrawSurface@@UAGJJJ@Z 10004190 f   iddrawsurface.obj
 0001:000031c0       ?SetPalette@IDDrawSurface@@UAGJPAUIDirectDrawPalette@@@Z 100041c0 f   iddrawsurface.obj
 0001:00003200       ?Unlock@IDDrawSurface@@UAGJPAX@Z 10004200 f   iddrawsurface.obj
 0001:00003550       ?UpdateOverlay@IDDrawSurface@@UAGJPAUtagRECT@@PAUIDirectDrawSurface@@0KPAU_DDOVERLAYFX@@@Z 10004550 f   iddrawsurface.obj
 0001:00003590       ?UpdateOverlayDisplay@IDDrawSurface@@UAGJK@Z 10004590 f   iddrawsurface.obj
 0001:000035c0       ?UpdateOverlayZOrder@IDDrawSurface@@UAGJKPAUIDirectDrawSurface@@@Z 100045c0 f   iddrawsurface.obj
 0001:000035f0       ?OutptInt@IDDrawSurface@@SGXH@Z 100045f0 f   iddrawsurface.obj
 0001:000035f0       ?OutptTxt@IDDrawSurface@@SGXPAD@Z 100045f0 f   iddrawsurface.obj
 0001:00003600       ?ReplaceTAProc@IDDrawSurface@@AAEXXZ 10004600 f   iddrawsurface.obj
 0001:00003630       ?Set@IDDrawSurface@@QAEX_N@Z 10004630 f   iddrawsurface.obj
 0001:00003650       ?CreateClipplist@IDDrawSurface@@QAEXXZ 10004650 f   iddrawsurface.obj
 0001:00003830       ?ScreenShot@IDDrawSurface@@QAEXXZ 10004830 f   iddrawsurface.obj
 0001:00003ab0       ?CreateFileName@IDDrawSurface@@AAEXPADH@Z 10004ab0 f   iddrawsurface.obj
 0001:00003d30       ?CreateDir@IDDrawSurface@@QAEXPAD@Z 10004d30 f   iddrawsurface.obj
 0001:00003df0       ?CorrectName@IDDrawSurface@@QAEXPAD@Z 10004df0 f   iddrawsurface.obj
 0001:00003e50       ?DeInterlace@IDDrawSurface@@AAEXXZ 10004e50 f   iddrawsurface.obj
 0001:00003f00       ?WinProc@@YGJPAUHWND__@@IIJ@Z 10004f00 f   iddrawsurface.obj
 0001:000042b0       ??0ModifyWeaponPacket@@QAE@H@Z 100052b0 f   MultiGameWeaponID.obj
 0001:000042f0       ?ModifyRoutine@ModifyWeaponPacket@@AAEXH@Z 100052f0 f   MultiGameWeaponID.obj
 0001:00004400       ?EnsureDplayx@ModifyWeaponPacket@@AAEXH@Z 10005400 f   MultiGameWeaponID.obj
 0001:000049c0       ?FeaturePacket@ModifyWeaponPacket@@AAEXH@Z 100059c0 f   MultiGameWeaponID.obj
 0001:00004b80       ??1ModifyWeaponPacket@@QAE@XZ 10005b80 f   MultiGameWeaponID.obj
 0001:00004dc0       ??0CDDDTA@@QAE@XZ          10005dc0 f   dddta.obj
 0001:00004eb0       ??1CDDDTA@@QAE@XZ          10005eb0 f   dddta.obj
 0001:00004f40       ?DeInitDDDTA@CDDDTA@@QAEXXZ 10005f40 f   dddta.obj
 0001:00004fe0       ?Blit@CDDDTA@@QAEXPAUIDirectDrawSurface@@@Z 10005fe0 f   dddta.obj
 0001:00005130       ?InitDDDTA@CDDDTA@@AAEXXZ  10006130 f   dddta.obj
 0001:000054d0       ?Message@CDDDTA@@QAE_NPAUHWND__@@IIJ@Z 100064d0 f   dddta.obj
 0001:000055a0       ?FrameUpdate@CDDDTA@@QAEXXZ 100065a0 f   dddta.obj
 0001:000056f0       ?WriteUnits@CDDDTA@@AAEXXZ 100066f0 f   dddta.obj
 0001:00005800       ?WriteProjectiles@CDDDTA@@AAEXXZ 10006800 f   dddta.obj
 0001:00005a00       ?WriteExplosion@CDDDTA@@AAEXXZ 10006a00 f   dddta.obj
 0001:00005d70       ?WriteSmoke@CDDDTA@@AAEXXZ 10006d70 f   dddta.obj
 0001:00006010       ?SetActiveUnit@CDDDTA@@AAEXPAUOwnUnitBegin@@PAUUnitStruct@@@Z 10007010 f i dddta.obj
 0001:00006110       ?WriteSubPart@CDDDTA@@AAEXPAUSubPart@@PAUPrimitiveStruct@@@Z 10007110 f   dddta.obj
 0001:00006210       ?CheckMessages@CDDDTA@@AAEXXZ 10007210 f   dddta.obj
 0001:00006360       ?CreateSharedTAMem@CDDDTA@@AAEXHHPAD@Z 10007360 f   dddta.obj
 0001:00006490       ?RestoreAllSharedTAMem@CDDDTA@@AAEXXZ 10007490 f   dddta.obj
 0001:000067f0       ?SendTextToSpring@CDDDTA@@QAEXPBD@Z 100077f0 f   dddta.obj
 0001:00006890       ?ChatStrnCpy@@YAPADPADPBDI@Z 10007890 f   dddta.obj
 0001:000068d0       ?DeleteMem@@YAXPAX@Z       100078d0 f   dddta.obj
 0001:00006900       ??1?$deque@UTAShareMemStruct@CDDDTA@@V?$allocator@UTAShareMemStruct@CDDDTA@@@std@@@std@@QAE@XZ 10007900 f i dddta.obj
 0001:00006980       ?push_front@?$deque@UTAShareMemStruct@CDDDTA@@V?$allocator@UTAShareMemStruct@CDDDTA@@@std@@@std@@QAEXABUTAShareMemStruct@CDDDTA@@@Z 10007980 f i dddta.obj
 0001:00006aa0       ?_Growmap@?$deque@UTAShareMemStruct@CDDDTA@@V?$allocator@UTAShareMemStruct@CDDDTA@@@std@@@std@@IAEXI@Z 10007aa0 f i dddta.obj
 0001:00006e40       ?_Tidy@?$deque@UTAShareMemStruct@CDDDTA@@V?$allocator@UTAShareMemStruct@CDDDTA@@@std@@@std@@IAEXXZ 10007e40 f i dddta.obj
 0001:00006f10       ??0?$_Deque_val@PAVGraphicElement@@V?$allocator@PAVGraphicElement@@@std@@@std@@QAE@V?$allocator@PAVGraphicElement@@@1@@Z 10007f10 f i whiteboard.obj
 0001:00006f10       ??0?$_Deque_val@UTAShareMemStruct@CDDDTA@@V?$allocator@UTAShareMemStruct@CDDDTA@@@std@@@std@@QAE@V?$allocator@UTAShareMemStruct@CDDDTA@@@1@@Z 10007f10 f i dddta.obj
 0001:00006f10       ??0?$_Deque_val@UMMHS@AlliesWhiteboard@@V?$allocator@UMMHS@AlliesWhiteboard@@@std@@@std@@QAE@V?$allocator@UMMHS@AlliesWhiteboard@@@1@@Z 10007f10 f i whiteboard.obj
 0001:00006fd0       ?pop_back@?$deque@UTAShareMemStruct@CDDDTA@@V?$allocator@UTAShareMemStruct@CDDDTA@@@std@@@std@@QAEXXZ 10007fd0 f i dddta.obj
 0001:00007080       ??D?$_Deque_const_iterator@UTAShareMemStruct@CDDDTA@@V?$allocator@UTAShareMemStruct@CDDDTA@@@std@@@std@@QBEABUTAShareMemStruct@CDDDTA@@XZ 10008080 f i dddta.obj
 0001:00007100       ??$_Cons_val@V?$allocator@UTAShareMemStruct@CDDDTA@@@std@@UTAShareMemStruct@CDDDTA@@ABU34@@std@@YGXAAV?$allocator@UTAShareMemStruct@CDDDTA@@@0@PAUTAShareMemStruct@CDDDTA@@ABU23@@Z 10008100 f i dddta.obj
 0001:00007160       ??$_Cons_val@V?$allocator@U_Container_proxy@std@@@std@@U_Container_proxy@2@U32@@std@@YGXAAV?$allocator@U_Container_proxy@std@@@0@PAU_Container_proxy@0@$$QAU20@@Z 10008160 f i dddta.obj
 0001:000071a0       ??$_Allocate@UTAShareMemStruct@CDDDTA@@@std@@YGPAUTAShareMemStruct@CDDDTA@@IPAU12@@Z 100081a0 f i dddta.obj
 0001:00007210       ??1bad_alloc@std@@UAE@XZ   10008210 f i dddta.obj
 0001:00007230       ??_Ebad_alloc@std@@UAEPAXI@Z 10008230 f i dddta.obj
 0001:00007230       ??_Gbad_alloc@std@@UAEPAXI@Z 10008230 f i dddta.obj
 0001:00007270       ??$_Allocate@U_Container_proxy@std@@@std@@YGPAU_Container_proxy@0@IPAU10@@Z 10008270 f i dddta.obj
 0001:000072e0       ??0bad_alloc@std@@QAE@ABV01@@Z 100082e0 f i dddta.obj
 0001:00007310       ??0CChangeQueue@@QAE@XZ    10008310 f   changequeue.obj
 0001:00007350       ??0CIncome@@QAE@XZ         10008350 f   cinomce.obj
 0001:00007410       ??1CIncome@@QAE@XZ         10008410 f   cinomce.obj
 0001:00007440       ?BlitIncome@CIncome@@QAEXPAUIDirectDrawSurface@@@Z 10008440 f   cinomce.obj
 0001:00007740       ?ShowAllIncome@CIncome@@AAEHXZ 10008740 f   cinomce.obj
 0001:00007830       ?ShowAllyIncome@CIncome@@AAEHXZ 10008830 f   cinomce.obj
 0001:00007900       ?ShowMyViewIncome@CIncome@@AAEXHH@Z 10008900 f   cinomce.obj
 0001:000079d0       ?ShowPlayerIncome@CIncome@@AAEXHHH@Z 100089d0 f   cinomce.obj
 0001:00007cd0       ?DrawStorageText@CIncome@@AAEHMHH@Z 10008cd0 f   cinomce.obj
 0001:00007de0       ?DrawTextA@CIncome@@AAEXPADHHD@Z 10008de0 f   cinomce.obj
 0001:00007f40       ?PaintStoragebar@CIncome@@AAEXHHHH@Z 10008f40 f   cinomce.obj
 0001:00008110       ?FillRect@CIncome@@AAEXD@Z 10009110 f   cinomce.obj
 0001:00008180       ?Set@CIncome@@QAEXH@Z      10009180 f   cinomce.obj
 0001:000081a0       ?ReadPos@CIncome@@AAEXXZ   100091a0 f   cinomce.obj
 0001:00008250       ?WritePos@CIncome@@AAEXXZ  10009250 f   cinomce.obj
 0001:000082d0       ?Message@CIncome@@QAE_NPAUHWND__@@IIJ@Z 100092d0 f   cinomce.obj
 0001:00008800       ?CorrectPos@CIncome@@AAEXXZ 10009800 f   cinomce.obj
 0001:00008890       ?GetPlayerColor@CIncome@@AAEEH@Z 10009890 f   cinomce.obj
 0001:00008920       ?DrawPlayerRect@CIncome@@AAEXHHD@Z 10009920 f   cinomce.obj
 0001:00008980       ??$sprintf_s@$0GE@@@YAHAAY0GE@DPBDZZ 10009980 f i cinomce.obj
 0001:000089b0       ??0CWarp@@QAE@XZ           100099b0 f   commanderwarp.obj
 0001:00008a40       ??1CWarp@@QAE@XZ           10009a40 f   commanderwarp.obj
 0001:00008a70       ?SetPos@CWarp@@AAEXHH@Z    10009a70 f   commanderwarp.obj
 0001:00008ad0       ?Message@CWarp@@QAE_NPAUHWND__@@IIJ@Z 10009ad0 f   commanderwarp.obj
 0001:00008d30       ?Blit@CWarp@@QAEXPAUIDirectDrawSurface@@@Z 10009d30 f   commanderwarp.obj
 0001:00008e60       ?WithinButton@CWarp@@AAE_NHH@Z 10009e60 f   commanderwarp.obj
 0001:00008eb0       ?BlitBtn@CWarp@@AAEXPAUIDirectDrawSurface@@@Z 10009eb0 f   commanderwarp.obj
 0001:00008fc0       ??0Dialog@@QAE@XZ          10009fc0 f   dialog.obj
 0001:00009340       ??1Dialog@@QAE@XZ          1000a340 f   dialog.obj
 0001:00009560       ?ShowDialog@Dialog@@QAEXXZ 1000a560 f   dialog.obj
 0001:000095b0       ?HideDialog@Dialog@@QAEXXZ 1000a5b0 f   dialog.obj
 0001:000095e0       ?BlitDialog@Dialog@@QAEXPAUIDirectDrawSurface@@@Z 1000a5e0 f   dialog.obj
 0001:000096f0       ?RestoreCursor@Dialog@@AAEXXZ 1000a6f0 f   dialog.obj
 0001:00009790       ?RestoreAll@Dialog@@AAEXXZ 1000a790 f   dialog.obj
 0001:00009920       ?Message@Dialog@@QAE_NPAUHWND__@@IIJ@Z 1000a920 f   dialog.obj
 0001:0000a790       ?RenderDialog@Dialog@@AAEXXZ 1000b790 f   dialog.obj
 0001:0000a8e0       ?Inside@Dialog@@AAE_NHHH@Z 1000b8e0 f   dialog.obj
 0001:0000ab20       ?DrawTextA@Dialog@@QAEXPAUIDirectDrawSurface@@HHPAD@Z 1000bb20 f   dialog.obj
 0001:0000ade0       ?DrawSmallText@Dialog@@QAEXPAUIDirectDrawSurface@@HHPAD@Z 1000bde0 f   dialog.obj
 0001:0000b0a0       ?SetAll@Dialog@@AAEXXZ     1000c0a0 f   dialog.obj
 0001:0000b160       ?ReadPos@Dialog@@AAEXXZ    1000c160 f   dialog.obj
 0001:0000b1f0       ?WriteSettings@Dialog@@AAEXXZ 1000c1f0 f   dialog.obj
 0001:0000b340       ?ReadSettings@Dialog@@AAEXXZ 1000c340 f   dialog.obj
 0001:0000b560       ?WritePos@Dialog@@AAEXXZ   1000c560 f   dialog.obj
 0001:0000b5e0       ?CorrectPos@Dialog@@AAEXXZ 1000c5e0 f   dialog.obj
 0001:0000b670       ?DrawTinyText@Dialog@@AAEXPADHHD@Z 1000c670 f   dialog.obj
 0001:0000b760       ?FillRect@Dialog@@AAEXHHHHD@Z 1000c760 f   dialog.obj
 0001:0000b7d0       ?DrawBackgroundButton@Dialog@@AAEXXZ 1000c7d0 f   dialog.obj
 0001:0000b960       ?DrawKeyCode@Dialog@@AAEXXZ 1000c960 f   dialog.obj
 0001:0000bab0       ?DrawShareBox@Dialog@@AAEXXZ 1000cab0 f   dialog.obj
 0001:0000bdd0       ?DrawOptimizeDT@Dialog@@AAEXXZ 1000cdd0 f   dialog.obj
 0001:0000beb0       ?DrawVSync@Dialog@@AAEXXZ  1000ceb0 f   dialog.obj
 0001:0000c030       ?DrawFullRings@Dialog@@AAEXXZ 1000d030 f   dialog.obj
 0001:0000c110       ?DrawWhiteboardKey@Dialog@@AAEXXZ 1000d110 f   dialog.obj
 0001:0000c260       ?BlitCursor@Dialog@@QAEXPAUIDirectDrawSurface@@HH@Z 1000d260 f   dialog.obj
 0001:0000c3e0       ?EnterOption@@YGHPAUtagInlineX86StackBuffer@@@Z 1000d3e0 f   dialog.obj
 0001:0000c400       ?PressInOption@@YGHPAUtagInlineX86StackBuffer@@@Z 1000d400 f   dialog.obj
 0001:0000c420       ??0CIdleUnits@@QAE@XZ      1000d420 f   idlevillager.obj
 0001:0000c460       ??1CIdleUnits@@QAE@XZ      1000d460 f   idlevillager.obj
 0001:0000c480       ?FindIdleConst@CIdleUnits@@AAEXXZ 1000d480 f   idlevillager.obj
 0001:0000c6b0       ?Message@CIdleUnits@@QAE_NPAUHWND__@@IIJ@Z 1000d6b0 f   idlevillager.obj
 0001:0000c790       ??0CMapRect@@QAE@XZ        1000d790 f   maprect.obj
 0001:0000cbe0       ??1CMapRect@@QAE@XZ        1000dbe0 f   maprect.obj
 0001:0000cc10       ?LockBlit@CMapRect@@QAEXPADH@Z 1000dc10 f   maprect.obj
 0001:0000cf90       ?GetMapMaxX@CMapRect@@AAEHXZ 1000df90 f   maprect.obj
 0001:0000cfb0       ?GetMapMaxY@CMapRect@@AAEHXZ 1000dfb0 f   maprect.obj
 0001:0000cfd0       ?PaintRect@CMapRect@@AAEXXZ 1000dfd0 f   maprect.obj
 0001:0000d1d0       ?WorldToMiniX@CMapRect@@QAEHH@Z 1000e1d0 f   maprect.obj
 0001:0000d200       ?WorldToMiniY@CMapRect@@QAEHH@Z 1000e200 f   maprect.obj
 0001:0000d230       ??0CMinimapHandler@@QAE@XZ 1000e230 f   MinimapHandler.obj
 0001:0000d270       ??_ECMinimapHandler@@UAEPAXI@Z 1000e270 f i MinimapHandler.obj
 0001:0000d270       ??_GCMinimapHandler@@UAEPAXI@Z 1000e270 f i MinimapHandler.obj
 0001:0000d2a0       ??1CMinimapHandler@@UAE@XZ 1000e2a0 f   MinimapHandler.obj
 0001:0000d2c0       ??0TADRConfig@@QAE@XZ      1000e2c0 f   TAConfig.obj
 0001:0000d630       ??1TADRConfig@@QAE@XZ      1000e630 f   TAConfig.obj
 0001:0000d800       ?GetIniBool@TADRConfig@@QAEHPBDH@Z 1000e800 f   TAConfig.obj
 0001:0000d8b0       ?GetIniInt@TADRConfig@@QAEHPBDH@Z 1000e8b0 f   TAConfig.obj
 0001:0000d8e0       ?GetIniStr@TADRConfig@@QAEHPBDPADK1@Z 1000e8e0 f   TAConfig.obj
 0001:0000d910       ?TARegPath_HKEY@TADRConfig@@AAEPAUHKEY__@@XZ 1000e910 f   TAConfig.obj
 0001:0000d970       ?WriteTAReg_Dword@TADRConfig@@QAEJPADK@Z 1000e970 f   TAConfig.obj
 0001:0000d9b0       ?WriteTAReg_Str@TADRConfig@@QAEJPADPBDK@Z 1000e9b0 f   TAConfig.obj
 0001:0000da00       ?LoadIniRegSetting@TADRConfig@@AAEXPAE@Z 1000ea00 f   TAConfig.obj
 0001:0000dfb0       ?strlwr_s@Checked@ATL@@YAXPADI@Z 1000efb0 f i TAConfig.obj
 0001:0000e080       ?AtlThrowImpl@ATL@@YGXJ@Z  1000f080 f i TAConfig.obj
 0001:0000e0b0       ?strupr_s@Checked@ATL@@YAXPADI@Z 1000f0b0 f i TAConfig.obj
 0001:0000e180       ?EnumIniRegInfo_Begin@TADRConfig@@QAEHPAPAU_EnumRegInfo@@PAPBDPAPBX@Z 1000f180 f   TAConfig.obj
 0001:0000e250       ?EnumIniRegInfo_Next@TADRConfig@@QAEHPAPAU_EnumRegInfo@@PAPBDPAPBX@Z 1000f250 f   TAConfig.obj
 0001:0000e3b0       ?EnumIniRegInfo_End@TADRConfig@@QAEHPAPAU_EnumRegInfo@@@Z 1000f3b0 f   TAConfig.obj
 0001:0000e420       ?GetIniCrc@TADRConfig@@QAEIXZ 1000f420 f   TAConfig.obj
 0001:0000e500       ??0RegDword@@QAE@PADHK@Z   1000f500 f   TAConfig.obj
 0001:0000e570       ??1RegDword@@QAE@XZ        1000f570 f   TAConfig.obj
 0001:0000e5a0       ?Name@RegString@@QAEPBDXZ  1000f5a0 f   TAConfig.obj
 0001:0000e5a0       ?Name@RegDword@@QAEPBDXZ   1000f5a0 f   TAConfig.obj
 0001:0000e5b0       ?Value@RegDword@@QAEKXZ    1000f5b0 f   TAConfig.obj
 0001:0000e5b0       ?AddrToHook@SingleHook@@UAEQAXXZ 1000f5b0 f   Hook.obj
 0001:0000e5b0       ?Str@RegString@@QAEPBDXZ   1000f5b0 f   TAConfig.obj
 0001:0000e5d0       ??0RegString@@QAE@PADH0H@Z 1000f5d0 f   TAConfig.obj
 0001:0000e670       ??1RegString@@QAE@XZ       1000f670 f   TAConfig.obj
 0001:0000e6c0       ?back@?$vector@PAVRegString@@V?$allocator@PAVRegString@@@std@@@std@@QAEAAPAVRegString@@XZ 1000f6c0 f i TAConfig.obj
 0001:0000e700       ??1_Container_base12@std@@QAE@XZ 1000f700 f i dddta.obj
 0001:0000e700       ?SetVisibleList@Dialog@@AAEXXZ 1000f700 f i dialog.obj
 0001:0000e700       ??1?$_Deque_iterator@UMMHS@AlliesWhiteboard@@V?$allocator@UMMHS@AlliesWhiteboard@@@std@@@std@@QAE@XZ 1000f700 f i whiteboard.obj
 0001:0000e700       ??1_TAHPI@@QAE@XZ          1000f700 f i HPIfunc.obj
 0001:0000e700       ??1?$_Vector_val@PAVRegString@@V?$allocator@PAVRegString@@@std@@@std@@QAE@XZ 1000f700 f i TAConfig.obj
 0001:0000e700       ?Draw@GraphicText@@UAEXXZ  1000f700 f i whiteboard.obj
 0001:0000e700       ??1?$_Deque_iterator@PAVGraphicElement@@V?$allocator@PAVGraphicElement@@@std@@@std@@QAE@XZ 1000f700 f i whiteboard.obj
 0001:0000e700       ??1CChangeQueue@@QAE@XZ    1000f700 f i changequeue.obj
 0001:0000e700       ??1?$_Vector_val@PADV?$allocator@PAD@std@@@std@@QAE@XZ 1000f700 f i UnicodeSupport.obj
 0001:0000e700       ?Draw@GraphicLine@@UAEXXZ  1000f700 f i whiteboard.obj
 0001:0000e700       ?Draw@GraphicElement@@UAEXXZ 1000f700 f i whiteboard.obj
 0001:0000e700       ?Erase@PCX@@QAEXXZ         1000f700 f i PCX.obj
 0001:0000e700       ??1?$_Vector_val@PAVRegDword@@V?$allocator@PAVRegDword@@@std@@@std@@QAE@XZ 1000f700 f i TAConfig.obj
 0001:0000e700       ??1?$_Deque_iterator@UTAShareMemStruct@CDDDTA@@V?$allocator@UTAShareMemStruct@CDDDTA@@@std@@@std@@QAE@XZ 1000f700 f i dddta.obj
 0001:0000e700       ??1?$_Vector_val@PAVGraphicElement@@V?$allocator@PAVGraphicElement@@@std@@@std@@QAE@XZ 1000f700 f i whiteboard.obj
 0001:0000e710       ??$_Cons_val@V?$allocator@PAVRegString@@@std@@PAVRegString@@AAPAV3@@std@@YGXAAV?$allocator@PAVRegString@@@0@PAPAVRegString@@AAPAV2@@Z 1000f710 f i TAConfig.obj
 0001:0000e710       ??$_Cons_val@V?$allocator@PAVRegDword@@@std@@PAVRegDword@@AAPAV3@@std@@YGXAAV?$allocator@PAVRegDword@@@0@PAPAVRegDword@@AAPAV2@@Z 1000f710 f i TAConfig.obj
 0001:0000e710       ??$_Cons_val@V?$allocator@PAVGraphicElement@@@std@@PAVGraphicElement@@PAV3@@std@@YGXAAV?$allocator@PAVGraphicElement@@@0@PAPAVGraphicElement@@$$QAPAV2@@Z 1000f710 f i whiteboard.obj
 0001:0000e710       ??$_Cons_val@V?$allocator@PAD@std@@PADPAD@std@@YGXAAV?$allocator@PAD@0@PAPAD$$QAPAD@Z 1000f710 f i UnicodeSupport.obj
 0001:0000e710       ??$_Cons_val@V?$allocator@PAVGraphicElement@@@std@@PAVGraphicElement@@AAPAV3@@std@@YGXAAV?$allocator@PAVGraphicElement@@@0@PAPAVGraphicElement@@AAPAV2@@Z 1000f710 f i ElementHandler.obj
 0001:0000e750       ??0CTAHook@@QAE@XZ         1000f750 f   tahook.obj
 0001:0000ea10       ??1CTAHook@@QAE@XZ         1000fa10 f   tahook.obj
 0001:0000eaa0       ?Message@CTAHook@@QAE_NPAUHWND__@@IIJ@Z 1000faa0 f   tahook.obj
 0001:0000f400       ?Set@CTAHook@@QAEXHPAD_N1H@Z 10010400 f   tahook.obj
 0001:0000f450       ?WriteShareMacro@CTAHook@@QAEXXZ 10010450 f   tahook.obj
 0001:0000f5a0       ?Blit@CTAHook@@QAEXPAUIDirectDrawSurface@@@Z 100105a0 f   tahook.obj
 0001:0000f5b0       ?TABlit@CTAHook@@QAEXXZ    100105b0 f   tahook.obj
 0001:0000f600       ?WriteDTLine@CTAHook@@AAEXXZ 10010600 f   tahook.obj
 0001:0000f6a0       ?CalculateLine@CTAHook@@AAEXXZ 100106a0 f   tahook.obj
 0001:0000f950       ?UpdateSpacing@CTAHook@@AAEXXZ 10010950 f   tahook.obj
 0001:0000f990       ?OptimizeDTRows@CTAHook@@AAEXXZ 10010990 f   tahook.obj
 0001:0000fd00       ?VisualizeRow@CTAHook@@AAEXXZ 10010d00 f   tahook.obj
 0001:0000fe30       ?GetMaxScrollX@CTAHook@@SGHXZ 10010e30 f   tahook.obj
 0001:0000fe70       ?GetMaxScrollY@CTAHook@@SGHXZ 10010e70 f   tahook.obj
 0001:0000feb0       ?CalculateRing@CTAHook@@AAEXXZ 10010eb0 f   tahook.obj
 0001:0000ffb0       ?CalculateRing@CTAHook@@AAEXHHHH@Z 10010fb0 f   tahook.obj
 0001:00010340       ?ClickBuilding@CTAHook@@AAEXHH@Z 10011340 f   tahook.obj
 0001:000103b0       ?GetFootX@CTAHook@@AAEFXZ  100113b0 f   tahook.obj
 0001:000103e0       ?GetFootY@CTAHook@@AAEFXZ  100113e0 f   tahook.obj
 0001:00010410       ?DrawBuildRect@CTAHook@@AAEXHHHHH@Z 10011410 f   tahook.obj
 0001:00010600       ?EnableTABuildRect@CTAHook@@AAEXXZ 10011600 f   tahook.obj
 0001:00010630       ?DisableTABuildRect@CTAHook@@AAEXXZ 10011630 f   tahook.obj
 0001:00010660       ?PaintMinimapRect@CTAHook@@AAEXXZ 10011660 f   tahook.obj
 0001:00010690       ??0UnicodeSupport@@QAE@PBDKK@Z 10011690 f   UnicodeSupport.obj
 0001:00010cd0       ?CreateSurfaceFromContextScreen@UnicodeSupport@@QAEPAUIDirectDrawSurface@@PAU_OFFSCREEN@@PAUIDirectDraw@@PAPAU2@@Z 10011cd0 f   UnicodeSupport.obj
 0001:00010d80       ?NewSpecScreenSurface@UnicodeSupport@@AAEPAUtagSpecScreenSurface@@PAU_OFFSCREEN@@@Z 10011d80 f   UnicodeSupport.obj
 0001:00010e70       ?FreeSpecScreenSurface@UnicodeSupport@@AAEXPAUtagSpecScreenSurface@@@Z 10011e70 f   UnicodeSupport.obj
 0001:00010f50       ?GetSpecScreenSurface@UnicodeSupport@@AAEPAUtagSpecScreenSurface@@PAU_OFFSCREEN@@@Z 10011f50 f   UnicodeSupport.obj
 0001:00011020       ?UnicodeDrawTextA@UnicodeSupport@@QAEHPAU_OFFSCREEN@@PADPAUIDirectDraw@@HH@Z 10012020 f   UnicodeSupport.obj
 0001:00011300       ?IsIDDrawLost@UnicodeSupport@@AAEHXZ 10012300 f   UnicodeSupport.obj
 0001:00011330       ?RestoreLocalSurf@UnicodeSupport@@AAEXXZ 10012330 f   UnicodeSupport.obj
 0001:00011430       ?Blt@UnicodeSupport@@QAE_NPAUIDirectDrawSurface@@@Z 10012430 f   UnicodeSupport.obj
 0001:000116d0       ?ReleaseCandidateList@UnicodeSupport@@AAEXXZ 100126d0 f   UnicodeSupport.obj
 0001:000117c0       ?DrawSeparator@UnicodeSupport@@AAEHPAUHDC__@@HPAH1PAUHBRUSH__@@@Z 100127c0 f   UnicodeSupport.obj
 0001:00011830       ?DrawALine_Ime@UnicodeSupport@@AAEXPAUHDC__@@PADPAH2@Z 10012830 f   UnicodeSupport.obj
 0001:000118d0       ?UpdateImeInput@UnicodeSupport@@AAE_NXZ 100128d0 f   UnicodeSupport.obj
 0001:00011af0       ?UpdateImeFrame@UnicodeSupport@@AAE_NXZ 10012af0 f   UnicodeSupport.obj
 0001:00011ef0       ?SetHDCFont@UnicodeSupport@@AAEXPAUHDC__@@PAUHFONT__@@@Z 10012ef0 f   UnicodeSupport.obj
 0001:00011f30       ?SendStr@UnicodeSupport@@AAEXPAD@Z 10012f30 f   UnicodeSupport.obj
 0001:00011f80       ?Message@UnicodeSupport@@QAE_NPAUHWND__@@IIJ@Z 10012f80 f   UnicodeSupport.obj
 0001:000124e0       ?CopyToContextScreenMem@@YGXPAU_OFFSCREEN@@PAUtagSpecScreenSurface@@@Z 100134e0 f   UnicodeSupport.obj
 0001:00012560       ?CopyToSpecSurfaceMem@@YGXPAUtagSpecScreenSurface@@PAU_OFFSCREEN@@@Z 10013560 f   UnicodeSupport.obj
 0001:000125e0       ?USDrawTextInScreen_HookRouter@@YGHPAUtagInlineX86StackBuffer@@@Z 100135e0 f   UnicodeSupport.obj
 0001:00012710       ?myValidChar@@YGHPAUtagInlineX86StackBuffer@@@Z 10013710 f   UnicodeSupport.obj
 0001:00012870       ?myDeleteChar@@YGHPAUtagInlineX86StackBuffer@@@Z 10013870 f   UnicodeSupport.obj
 0001:00012950       ?Blt_BottomState0_Text@@YGHPAUtagInlineX86StackBuffer@@@Z 10013950 f   UnicodeSupport.obj
 0001:00012a80       ?Blt_BottomState1_Text@@YGHPAUtagInlineX86StackBuffer@@@Z 10013a80 f   UnicodeSupport.obj
 0001:00012bb0       ?PopadState@@YGHPAUtagInlineX86StackBuffer@@@Z 10013bb0 f   UnicodeSupport.obj
 0001:00012c60       ?GetStrExtent@@YGHPAUtagInlineX86StackBuffer@@@Z 10013c60 f   UnicodeSupport.obj
 0001:00012cc0       ?GetTextExtent_AssignCharLen@@YGHPAUtagInlineX86StackBuffer@@@Z 10013cc0 f   UnicodeSupport.obj
 0001:00012d20       ?push_back@?$vector@PAVGraphicElement@@V?$allocator@PAVGraphicElement@@@std@@@std@@QAEX$$QAPAVGraphicElement@@@Z 10013d20 f i whiteboard.obj
 0001:00012d20       ?push_back@?$vector@PADV?$allocator@PAD@std@@@std@@QAEX$$QAPAD@Z 10013d20 f i UnicodeSupport.obj
 0001:00012e00       ?_Tidy@?$vector@PAVGraphicElement@@V?$allocator@PAVGraphicElement@@@std@@@std@@IAEXXZ 10013e00 f i whiteboard.obj
 0001:00012e00       ?_Tidy@?$vector@PAVRegString@@V?$allocator@PAVRegString@@@std@@@std@@IAEXXZ 10013e00 f i TAConfig.obj
 0001:00012e00       ?_Tidy@?$vector@PAVRegDword@@V?$allocator@PAVRegDword@@@std@@@std@@IAEXXZ 10013e00 f i TAConfig.obj
 0001:00012e00       ?_Tidy@?$vector@PADV?$allocator@PAD@std@@@std@@IAEXXZ 10013e00 f i UnicodeSupport.obj
 0001:00012e60       ??$_Dest_val@V?$allocator@PAD@std@@PAD@std@@YGXAAV?$allocator@PAD@0@PAPAD@Z 10013e60 f i UnicodeSupport.obj
 0001:00012e60       ??$_Dest_val@V?$allocator@PAVGraphicElement@@@std@@PAVGraphicElement@@@std@@YGXAAV?$allocator@PAVGraphicElement@@@0@PAPAVGraphicElement@@@Z 10013e60 f i whiteboard.obj
 0001:00012e60       ??$_Dest_val@V?$allocator@PAVRegString@@@std@@PAVRegString@@@std@@YGXAAV?$allocator@PAVRegString@@@0@PAPAVRegString@@@Z 10013e60 f i TAConfig.obj
 0001:00012e60       ??$_Dest_val@V?$allocator@PAUMMHS@AlliesWhiteboard@@@std@@PAUMMHS@AlliesWhiteboard@@@std@@YGXAAV?$allocator@PAUMMHS@AlliesWhiteboard@@@0@PAPAUMMHS@AlliesWhiteboard@@@Z 10013e60 f i whiteboard.obj
 0001:00012e60       ??$_Dest_val@V?$allocator@UMMHS@AlliesWhiteboard@@@std@@UMMHS@AlliesWhiteboard@@@std@@YGXAAV?$allocator@UMMHS@AlliesWhiteboard@@@0@PAUMMHS@AlliesWhiteboard@@@Z 10013e60 f i whiteboard.obj
 0001:00012e60       ??$_Dest_val@V?$allocator@UTAShareMemStruct@CDDDTA@@@std@@UTAShareMemStruct@CDDDTA@@@std@@YGXAAV?$allocator@UTAShareMemStruct@CDDDTA@@@0@PAUTAShareMemStruct@CDDDTA@@@Z 10013e60 f i dddta.obj
 0001:00012e60       ??$_Dest_val@V?$allocator@U_Container_proxy@std@@@std@@U_Container_proxy@2@@std@@YGXAAV?$allocator@U_Container_proxy@std@@@0@PAU_Container_proxy@0@@Z 10013e60 f i dddta.obj
 0001:00012e60       ??$_Dest_val@V?$allocator@PAVRegDword@@@std@@PAVRegDword@@@std@@YGXAAV?$allocator@PAVRegDword@@@0@PAPAVRegDword@@@Z 10013e60 f i TAConfig.obj
 0001:00012e60       ??$_Dest_val@V?$allocator@PAUTAShareMemStruct@CDDDTA@@@std@@PAUTAShareMemStruct@CDDDTA@@@std@@YGXAAV?$allocator@PAUTAShareMemStruct@CDDDTA@@@0@PAPAUTAShareMemStruct@CDDDTA@@@Z 10013e60 f i dddta.obj
 0001:00012e60       ??$_Dest_val@V?$allocator@U_Node@?$_List_nod@PAVGraphicElement@@V?$allocator@PAVGraphicElement@@@std@@@std@@@std@@U_Node@?$_List_nod@PAVGraphicElement@@V?$allocator@PAVGraphicElement@@@std@@@2@@std@@YGXAAV?$allocator@U_Node@?$_List_nod@PAVGraphicElement@@V?$allocator@PAVGraphicElement@@@std@@@std@@@0@PAU_Node@?$_List_nod@PAVGraphicElement@@V?$allocator@PAVGraphicElement@@@std@@@0@@Z 10013e60 f i ElementHandler.obj
 0001:00012e60       ??$_Dest_val@V?$allocator@PAPAVGraphicElement@@@std@@PAPAVGraphicElement@@@std@@YGXAAV?$allocator@PAPAVGraphicElement@@@0@PAPAPAVGraphicElement@@@Z 10013e60 f i whiteboard.obj
 0001:00012e70       ??0LimitCrack@@QAE@XZ      10013e70 f   LimitCrack.obj
 0001:00013380       ??1LimitCrack@@QAE@XZ      10014380 f   LimitCrack.obj
 0001:00013520       ??0IncreaseAISearchMapEntriesLimit@@QAE@K@Z 10014520 f   LimitCrack.obj
 0001:000135c0       ??1IncreaseAISearchMapEntriesLimit@@QAE@XZ 100145c0 f   LimitCrack.obj
 0001:00013610       ??0IncreaseWeaponTypeLimit@@QAE@K@Z 10014610 f   LimitCrack.obj
 0001:00013640       ?NewLimit@IncreaseWeaponTypeLimit@@AAEXK@Z 10014640 f   LimitCrack.obj
 0001:00013780       ??1IncreaseWeaponTypeLimit@@QAE@XZ 10014780 f   LimitCrack.obj
 0001:000139a0       ?WriteWeaponAryPtr@IncreaseWeaponTypeLimit@@AAEPAXPAPAX@Z 100149a0 f   LimitCrack.obj
 0001:00013b10       ?WriteWeaponAryLen@IncreaseWeaponTypeLimit@@AAEKK@Z 10014b10 f   LimitCrack.obj
 0001:00013be0       ?WeaponType_IdLimit@IncreaseWeaponTypeLimit@@AAEXXZ 10014be0 f   LimitCrack.obj
 0001:00013d40       ??0IncreaseUnitTypeLimit@@QAE@H@Z 10014d40 f   LimitCrack.obj
 0001:00013d60       ??1IncreaseUnitTypeLimit@@QAE@XZ 10014d60 f   LimitCrack.obj
 0001:000140c0       ?WriteNewLimit@IncreaseUnitTypeLimit@@AAEXK@Z 100150c0 f   LimitCrack.obj
 0001:00014830       ??0IncreaseCompositeBuf@@QAE@KK@Z 10015830 f   LimitCrack.obj
 0001:00014850       ??1IncreaseCompositeBuf@@QAE@XZ 10015850 f   LimitCrack.obj
 0001:000148b0       ?WriteNewLimit@IncreaseCompositeBuf@@AAEXKK@Z 100158b0 f   LimitCrack.obj
 0001:000149a0       ?Sfx_mallocBufSizeRouter@@YGHPAUtagInlineX86StackBuffer@@@Z 100159a0 f   LimitCrack.obj
 0001:000149c0       ??0IncreaseSfxLimit@@QAE@K@Z 100159c0 f   LimitCrack.obj
 0001:000149f0       ??1IncreaseSfxLimit@@QAE@XZ 100159f0 f   LimitCrack.obj
 0001:00014ac0       ?SetNewLimit@IncreaseSfxLimit@@AAEXKK@Z 10015ac0 f   LimitCrack.obj
 0001:00014c20       ??0AlliesWhiteboard@@QAE@XZ 10015c20 f   whiteboard.obj
 0001:00014e30       ??1AlliesWhiteboard@@QAE@XZ 10015e30 f   whiteboard.obj
 0001:00014f00       ?Blit@AlliesWhiteboard@@QAEXPAUIDirectDrawSurface@@@Z 10015f00 f   whiteboard.obj
 0001:00014f70       ?LockBlit@AlliesWhiteboard@@QAEXPADH@Z 10015f70 f   whiteboard.obj
 0001:000151a0       ?Message@AlliesWhiteboard@@QAE_NPAUHWND__@@IIJ@Z 100161a0 f   whiteboard.obj
 0001:00015c20       ??_GGraphicMoveText@@UAEPAXI@Z 10016c20 f i whiteboard.obj
 0001:00015c20       ??_GGraphicElement@@UAEPAXI@Z 10016c20 f i whiteboard.obj
 0001:00015c20       ??_EGraphicElement@@UAEPAXI@Z 10016c20 f i whiteboard.obj
 0001:00015c20       ??_EGraphicMoveText@@UAEPAXI@Z 10016c20 f i whiteboard.obj
 0001:00015c20       ??_GGraphicLine@@UAEPAXI@Z 10016c20 f i whiteboard.obj
 0001:00015c20       ??_GDeleteGraphic@@UAEPAXI@Z 10016c20 f i whiteboard.obj
 0001:00015c20       ??_EGraphicLine@@UAEPAXI@Z 10016c20 f i whiteboard.obj
 0001:00015c20       ??_EDeleteGraphic@@UAEPAXI@Z 10016c20 f i whiteboard.obj
 0001:00015c50       ??0GraphicText@@QAE@HHPADD@Z 10016c50 f i whiteboard.obj
 0001:00015d20       ??1GraphicElement@@UAE@XZ  10016d20 f i whiteboard.obj
 0001:00015d40       ??_GGraphicText@@UAEPAXI@Z 10016d40 f i whiteboard.obj
 0001:00015d40       ??_EGraphicText@@UAEPAXI@Z 10016d40 f i whiteboard.obj
 0001:00015d90       ?Set@AlliesWhiteboard@@QAEXH@Z 10016d90 f   whiteboard.obj
 0001:00015db0       ?DrawTextInput@AlliesWhiteboard@@AAEXPAUIDirectDrawSurface@@@Z 10016db0 f   whiteboard.obj
 0001:00015fd0       ?TextInputKeyDown@AlliesWhiteboard@@AAEXH@Z 10016fd0 f   whiteboard.obj
 0001:00016190       ??0GraphicTextEdited@@QAE@HHPADD@Z 10017190 f i whiteboard.obj
 0001:00016260       ??_GGraphicTextEdited@@UAEPAXI@Z 10017260 f i whiteboard.obj
 0001:00016260       ??_EGraphicTextEdited@@UAEPAXI@Z 10017260 f i whiteboard.obj
 0001:000162b0       ?TextInputChar@AlliesWhiteboard@@AAEXD@Z 100172b0 f   whiteboard.obj
 0001:00016330       ?AddTextMarker@AlliesWhiteboard@@AAEXXZ 10017330 f   whiteboard.obj
 0001:00016480       ?RestoreAll@AlliesWhiteboard@@AAEXXZ 10017480 f   whiteboard.obj
 0001:000164f0       ?DrawMarkers@AlliesWhiteboard@@AAEXPAUIDirectDrawSurface@@@Z 100174f0 f   whiteboard.obj
 0001:00016670       ?DrawMinimapMarkers@AlliesWhiteboard@@QAEXPADH_N@Z 10017670 f   whiteboard.obj
 0001:00016e40       ?GetMarkers@AlliesWhiteboard@@QAEXPAUMarkerArray@@@Z 10017e40 f   whiteboard.obj
 0001:00017020       ?DrawTextMarker@AlliesWhiteboard@@AAEXPAUIDirectDrawSurface@@HHPADD@Z 10018020 f   whiteboard.obj
 0001:00017190       ?DeleteMarker@AlliesWhiteboard@@AAEXHH@Z 10018190 f   whiteboard.obj
 0001:00017230       ?EreaseArea@AlliesWhiteboard@@AAEXHH@Z 10018230 f   whiteboard.obj
 0001:00017300       ?MouseMove@AlliesWhiteboard@@AAEXHHHH@Z 10018300 f   whiteboard.obj
 0001:000174c0       ?ReceiveMarkers@AlliesWhiteboard@@AAEXXZ 100184c0 f   whiteboard.obj
 0001:00017950       ?SendMarkers@AlliesWhiteboard@@AAEXXZ 10018950 f   whiteboard.obj
 0001:00018240       ?DrawLine@AlliesWhiteboard@@QAEXHHHHDPADH@Z 10019240 f   whiteboard.obj
 0001:00018350       ?DrawFreeLine@AlliesWhiteboard@@QAEXHHHHDPADH@Z 10019350 f   whiteboard.obj
 0001:000183a0       ?EchoMarker@AlliesWhiteboard@@AAEXPAD@Z 100193a0 f   whiteboard.obj
 0001:00018400       ?GetTextElementAt@AlliesWhiteboard@@AAEPAVGraphicElement@@HHH@Z 10019400 f   whiteboard.obj
 0001:00018520       ?ScrollToCenter@AlliesWhiteboard@@QAEXHH@Z 10019520 f   whiteboard.obj
 0001:00018520       ?ScrollToCenter@CIdleUnits@@AAEXHH@Z 10019520 f   idlevillager.obj
 0001:000185e0       ?DrawRotateRect@AlliesWhiteboard@@AAEXHHHPADH@Z 100195e0 f   whiteboard.obj
 0001:00018850       ?Clip_Line@AlliesWhiteboard@@QAEHAAH000@Z 10019850 f   whiteboard.obj
 0001:00019320       ?Draw_Line@AlliesWhiteboard@@QAEHHHHHEPAEH@Z 1001a320 f   whiteboard.obj
 0001:00019460       ?GenerateLookupTables@AlliesWhiteboard@@AAEXXZ 1001a460 f   whiteboard.obj
 0001:000194f0       ?push_back@?$deque@PAVGraphicElement@@V?$allocator@PAVGraphicElement@@@std@@@std@@QAEX$$QAPAVGraphicElement@@@Z 1001a4f0 f i whiteboard.obj
 0001:000195d0       ??1?$deque@PAVGraphicElement@@V?$allocator@PAVGraphicElement@@@std@@@std@@QAE@XZ 1001a5d0 f i whiteboard.obj
 0001:00019650       ?pop_front@?$deque@PAVGraphicElement@@V?$allocator@PAVGraphicElement@@@std@@@std@@QAEXXZ 1001a650 f i whiteboard.obj
 0001:00019710       ??1?$deque@UMMHS@AlliesWhiteboard@@V?$allocator@UMMHS@AlliesWhiteboard@@@std@@@std@@QAE@XZ 1001a710 f i whiteboard.obj
 0001:00019790       ?back@?$deque@UMMHS@AlliesWhiteboard@@V?$allocator@UMMHS@AlliesWhiteboard@@@std@@@std@@QAEAAUMMHS@AlliesWhiteboard@@XZ 1001a790 f i whiteboard.obj
 0001:00019820       ?push_front@?$deque@UMMHS@AlliesWhiteboard@@V?$allocator@UMMHS@AlliesWhiteboard@@@std@@@std@@QAEXABUMMHS@AlliesWhiteboard@@@Z 1001a820 f i whiteboard.obj
 0001:00019940       ?pop_back@?$deque@UMMHS@AlliesWhiteboard@@V?$allocator@UMMHS@AlliesWhiteboard@@@std@@@std@@QAEXXZ 1001a940 f i whiteboard.obj
 0001:000199f0       ??1?$vector@PADV?$allocator@PAD@std@@@std@@QAE@XZ 1001a9f0 f i UnicodeSupport.obj
 0001:000199f0       ??1?$vector@PAVRegDword@@V?$allocator@PAVRegDword@@@std@@@std@@QAE@XZ 1001a9f0 f i TAConfig.obj
 0001:000199f0       ??1?$vector@PAVGraphicElement@@V?$allocator@PAVGraphicElement@@@std@@@std@@QAE@XZ 1001a9f0 f i whiteboard.obj
 0001:000199f0       ??1?$vector@PAVRegString@@V?$allocator@PAVRegString@@@std@@@std@@QAE@XZ 1001a9f0 f i TAConfig.obj
 0001:00019a40       ?begin@?$deque@UTAShareMemStruct@CDDDTA@@V?$allocator@UTAShareMemStruct@CDDDTA@@@std@@@std@@QAE?AV?$_Deque_iterator@UTAShareMemStruct@CDDDTA@@V?$allocator@UTAShareMemStruct@CDDDTA@@@std@@@2@XZ 1001aa40 f i dddta.obj
 0001:00019a40       ?begin@?$deque@UMMHS@AlliesWhiteboard@@V?$allocator@UMMHS@AlliesWhiteboard@@@std@@@std@@QAE?AV?$_Deque_iterator@UMMHS@AlliesWhiteboard@@V?$allocator@UMMHS@AlliesWhiteboard@@@std@@@2@XZ 1001aa40 f i whiteboard.obj
 0001:00019a40       ?begin@?$deque@PAVGraphicElement@@V?$allocator@PAVGraphicElement@@@std@@@std@@QAE?AV?$_Deque_iterator@PAVGraphicElement@@V?$allocator@PAVGraphicElement@@@std@@@2@XZ 1001aa40 f i whiteboard.obj
 0001:00019aa0       ?_Growmap@?$deque@PAVGraphicElement@@V?$allocator@PAVGraphicElement@@@std@@@std@@IAEXI@Z 1001aaa0 f i whiteboard.obj
 0001:00019e50       ?_Tidy@?$deque@PAVGraphicElement@@V?$allocator@PAVGraphicElement@@@std@@@std@@IAEXXZ 1001ae50 f i whiteboard.obj
 0001:00019f20       ??1?$_Deque_val@UMMHS@AlliesWhiteboard@@V?$allocator@UMMHS@AlliesWhiteboard@@@std@@@std@@QAE@XZ 1001af20 f i whiteboard.obj
 0001:00019f20       ??1?$_Deque_val@PAVGraphicElement@@V?$allocator@PAVGraphicElement@@@std@@@std@@QAE@XZ 1001af20 f i whiteboard.obj
 0001:00019f20       ??1?$_Deque_val@UTAShareMemStruct@CDDDTA@@V?$allocator@UTAShareMemStruct@CDDDTA@@@std@@@std@@QAE@XZ 1001af20 f i dddta.obj
 0001:00019fa0       ?end@?$deque@UMMHS@AlliesWhiteboard@@V?$allocator@UMMHS@AlliesWhiteboard@@@std@@@std@@QAE?AV?$_Deque_iterator@UMMHS@AlliesWhiteboard@@V?$allocator@UMMHS@AlliesWhiteboard@@@std@@@2@XZ 1001afa0 f i whiteboard.obj
 0001:0001a010       ?_Growmap@?$deque@UMMHS@AlliesWhiteboard@@V?$allocator@UMMHS@AlliesWhiteboard@@@std@@@std@@IAEXI@Z 1001b010 f i whiteboard.obj
 0001:0001a3b0       ?_Tidy@?$deque@UMMHS@AlliesWhiteboard@@V?$allocator@UMMHS@AlliesWhiteboard@@@std@@@std@@IAEXXZ 1001b3b0 f i whiteboard.obj
 0001:0001a480       ?_Assign_rv@?$vector@PAVGraphicElement@@V?$allocator@PAVGraphicElement@@@std@@@std@@QAEX$$QAV12@@Z 1001b480 f i whiteboard.obj
 0001:0001a570       ??H?$_Deque_iterator@UMMHS@AlliesWhiteboard@@V?$allocator@UMMHS@AlliesWhiteboard@@@std@@@std@@QBE?AV01@H@Z 1001b570 f i whiteboard.obj
 0001:0001a570       ??H?$_Deque_iterator@UTAShareMemStruct@CDDDTA@@V?$allocator@UTAShareMemStruct@CDDDTA@@@std@@@std@@QBE?AV01@H@Z 1001b570 f i dddta.obj
 0001:0001a620       ??G?$_Deque_iterator@UMMHS@AlliesWhiteboard@@V?$allocator@UMMHS@AlliesWhiteboard@@@std@@@std@@QBE?AV01@H@Z 1001b620 f i whiteboard.obj
 0001:0001a6d0       ?pop_back@?$deque@PAVGraphicElement@@V?$allocator@PAVGraphicElement@@@std@@@std@@QAEXXZ 1001b6d0 f i whiteboard.obj
 0001:0001a780       ?clear@?$vector@PAVGraphicElement@@V?$allocator@PAVGraphicElement@@@std@@@std@@QAEXXZ 1001b780 f i whiteboard.obj
 0001:0001a7d0       ??D?$_Deque_const_iterator@PAVGraphicElement@@V?$allocator@PAVGraphicElement@@@std@@@std@@QBEABQAVGraphicElement@@XZ 1001b7d0 f i whiteboard.obj
 0001:0001a850       ??D?$_Deque_const_iterator@UMMHS@AlliesWhiteboard@@V?$allocator@UMMHS@AlliesWhiteboard@@@std@@@std@@QBEABUMMHS@AlliesWhiteboard@@XZ 1001b850 f i whiteboard.obj
 0001:0001a8d0       ?erase@?$vector@PAVGraphicElement@@V?$allocator@PAVGraphicElement@@@std@@@std@@QAE?AV?$_Vector_iterator@V?$_Vector_val@PAVGraphicElement@@V?$allocator@PAVGraphicElement@@@std@@@std@@@2@V?$_Vector_const_iterator@V?$_Vector_val@PAVGraphicElement@@V?$allocator@PAVGraphicElement@@@std@@@std@@@2@0@Z 1001b8d0 f i whiteboard.obj
 0001:0001a980       ?_Reserve@?$vector@PAVRegString@@V?$allocator@PAVRegString@@@std@@@std@@IAEXI@Z 1001b980 f i TAConfig.obj
 0001:0001a980       ?_Reserve@?$vector@PAVRegDword@@V?$allocator@PAVRegDword@@@std@@@std@@IAEXI@Z 1001b980 f i TAConfig.obj
 0001:0001a980       ?_Reserve@?$vector@PAVGraphicElement@@V?$allocator@PAVGraphicElement@@@std@@@std@@IAEXI@Z 1001b980 f i whiteboard.obj
 0001:0001a980       ?_Reserve@?$vector@PADV?$allocator@PAD@std@@@std@@IAEXI@Z 1001b980 f i UnicodeSupport.obj
 0001:0001aa10       ?reserve@?$vector@PAVGraphicElement@@V?$allocator@PAVGraphicElement@@@std@@@std@@QAEXI@Z 1001ba10 f i whiteboard.obj
 0001:0001aa10       ?reserve@?$vector@PADV?$allocator@PAD@std@@@std@@QAEXI@Z 1001ba10 f i UnicodeSupport.obj
 0001:0001aa10       ?reserve@?$vector@PAVRegString@@V?$allocator@PAVRegString@@@std@@@std@@QAEXI@Z 1001ba10 f i TAConfig.obj
 0001:0001aa10       ?reserve@?$vector@PAVRegDword@@V?$allocator@PAVRegDword@@@std@@@std@@QAEXI@Z 1001ba10 f i TAConfig.obj
 0001:0001ab90       ?_Grow_to@?$vector@PAVRegString@@V?$allocator@PAVRegString@@@std@@@std@@IBEII@Z 1001bb90 f i TAConfig.obj
 0001:0001ab90       ?_Grow_to@?$vector@PAVGraphicElement@@V?$allocator@PAVGraphicElement@@@std@@@std@@IBEII@Z 1001bb90 f i whiteboard.obj
 0001:0001ab90       ?_Grow_to@?$vector@PADV?$allocator@PAD@std@@@std@@IBEII@Z 1001bb90 f i UnicodeSupport.obj
 0001:0001ab90       ?_Grow_to@?$vector@PAVRegDword@@V?$allocator@PAVRegDword@@@std@@@std@@IBEII@Z 1001bb90 f i TAConfig.obj
 0001:0001ac10       ??$_Cons_val@V?$allocator@UMMHS@AlliesWhiteboard@@@std@@UMMHS@AlliesWhiteboard@@ABU34@@std@@YGXAAV?$allocator@UMMHS@AlliesWhiteboard@@@0@PAUMMHS@AlliesWhiteboard@@ABU23@@Z 1001bc10 f i whiteboard.obj
 0001:0001ac60       ??$_Allocate@PAVGraphicElement@@@std@@YGPAPAVGraphicElement@@IPAPAV1@@Z 1001bc60 f i whiteboard.obj
 0001:0001ac60       ??$_Allocate@PAVRegDword@@@std@@YGPAPAVRegDword@@IPAPAV1@@Z 1001bc60 f i TAConfig.obj
 0001:0001ac60       ??$_Allocate@PAD@std@@YGPAPADIPAPAD@Z 1001bc60 f i UnicodeSupport.obj
 0001:0001ac60       ??$_Allocate@PAUTAShareMemStruct@CDDDTA@@@std@@YGPAPAUTAShareMemStruct@CDDDTA@@IPAPAU12@@Z 1001bc60 f i dddta.obj
 0001:0001ac60       ??$_Allocate@PAVRegString@@@std@@YGPAPAVRegString@@IPAPAV1@@Z 1001bc60 f i TAConfig.obj
 0001:0001ac60       ??$_Allocate@PAUMMHS@AlliesWhiteboard@@@std@@YGPAPAUMMHS@AlliesWhiteboard@@IPAPAU12@@Z 1001bc60 f i whiteboard.obj
 0001:0001ac60       ??$_Allocate@PAPAVGraphicElement@@@std@@YGPAPAPAVGraphicElement@@IPAPAPAV1@@Z 1001bc60 f i whiteboard.obj
 0001:0001acd0       ??0PCX@@QAE@XZ             1001bcd0 f   PCX.obj
 0001:0001ad10       ??1PCX@@QAE@XZ             1001bd10 f   PCX.obj
 0001:0001ad50       ?SetBuffer@PCX@@QAEPAEPAE@Z 1001bd50 f   PCX.obj
 0001:0001ad80       ?WriteLine@PCX@@AAEPAEPAEK@Z 1001bd80 f   PCX.obj
 0001:0001af00       ?Save@PCX@@QAEHPBD@Z       1001bf00 f   PCX.obj
 0001:0001b1f0       ?NewBuffer@PCX@@QAEPAEFF@Z 1001c1f0 f   PCX.obj
 0001:0001b260       ?CreateSurfPCXResource@@YGPAUIDirectDrawSurface@@G_N@Z 1001c260 f   pcxread.obj
 0001:0001b4c0       ?RestoreFromPCX@@YGXGPAUIDirectDrawSurface@@@Z 1001c4c0 f   pcxread.obj
 0001:0001b680       ?PCX2BitMap@@YGXPAEPAUpcx_picture_typ@@J@Z 1001c680 f   pcxread.obj
 0001:0001b880       _X86ShallToRedirect@20     1001c880 f   etc.obj
 0001:0001bb00       _X86RedirectOpcodeToNewBase@16 1001cb00 f   etc.obj
 0001:0001bea0       _GetMinValidLenWithMatchOpcode@8 1001cea0 f   etc.obj
 0001:0001bee0       _MemWriteWithBackup@16     1001cee0 f   etc.obj
 0001:0001bfe0       _GetOpCodeSize@4           1001cfe0 f   etc.obj
 0001:0001c290       _trim_crlf_@4              1001d290 f   etc.obj
 0001:0001c380       _RegWriteData@24           1001d380 f   etc.obj
 0001:0001c420       _RegWriteDword@16          1001d420 f   etc.obj
 0001:0001c440       _RegWriteStr@20            1001d440 f   etc.obj
 0001:0001c470       _CalcCRC@8                 1001d470 f   etc.obj
 0001:0001c530       _duplicate_str@4           1001d530 f   etc.obj
 0001:0001c590       _getDBCSlen@4              1001d590 f   etc.obj
 0001:0001c600       ??0SingleHook@@QAE@XZ      1001d600 f   Hook.obj
 0001:0001c630       ??0SingleHook@@QAE@IKHPAE@Z 1001d630 f   Hook.obj
 0001:0001c630       ??0SingleHook@@QAE@PAEKH0@Z 1001d630 f   Hook.obj
 0001:0001c670       ??1SingleHook@@QAE@XZ      1001d670 f   Hook.obj
 0001:0001c6e0       ?Hook@SingleHook@@UAEXXZ   1001d6e0 f   Hook.obj
 0001:0001c720       ?UnHook@SingleHook@@UAEXXZ 1001d720 f   Hook.obj
 0001:0001c760       ?AddrToHook@SingleHook@@UAEPAXPAX@Z 1001d760 f   Hook.obj
 0001:0001c780       ?ThisHookMode@SingleHook@@UAEHH@Z 1001d780 f   Hook.obj
 0001:0001c7a0       ?ThisHookMode@SingleHook@@UAE?BHXZ 1001d7a0 f   Hook.obj
 0001:0001c7c0       ?LenToHook@SingleHook@@UAEKK@Z 1001d7c0 f   Hook.obj
 0001:0001c7e0       ?InitHookClass@SingleHook@@UAEXPAEKH0@Z 1001d7e0 f   Hook.obj
 0001:0001c960       ?X86InlineHookRouter@@YGXXZ 1001d960 f   InlineHook.obj
 0001:0001ca30       ?X86CurrentThreadStackBufferFixRtnAddr@@YGPAUtagInlineX86StackBuffer@@PAPAU1@@Z 1001da30 f   InlineHook.obj
 0001:0001cae0       ?X86CurrentThreadStackBuffer@@YGPAUtagInlineX86StackBuffer@@PAPAU1@@Z 1001dae0 f   InlineHook.obj
 0001:0001cb70       ??0InlineSingleHook@@QAE@IKHP6GHPAUtagInlineX86StackBuffer@@@Z@Z 1001db70 f   InlineHook.obj
 0001:0001cc00       ??1InlineSingleHook@@QAE@XZ 1001dc00 f   InlineHook.obj
 0001:0001cd10       ?InitHookClass@InlineSingleHook@@AAEXQAEKHPAX1@Z 1001dd10 f   InlineHook.obj
 0001:0001cff0       ?Hook@InlineSingleHook@@UAEXXZ 1001dff0 f   InlineHook.obj
 0001:0001d0d0       ?RtnAddrOfHook@InlineSingleHook@@QAEQAXXZ 1001e0d0 f   InlineHook.obj
 0001:0001d0f0       ??0CElementHandler@@QAE@XZ 1001e0f0 f   ElementHandler.obj
 0001:0001d130       ??_GCElementHandler@@UAEPAXI@Z 1001e130 f i ElementHandler.obj
 0001:0001d130       ??_ECElementHandler@@UAEPAXI@Z 1001e130 f i ElementHandler.obj
 0001:0001d160       ??1CElementHandler@@UAE@XZ 1001e160 f   ElementHandler.obj
 0001:0001d2e0       ?AddElement@CElementHandler@@QAEXPAVGraphicElement@@@Z 1001e2e0 f   ElementHandler.obj
 0001:0001d350       ?DeleteOn@CElementHandler@@QAEXHH@Z 1001e350 f   ElementHandler.obj
 0001:0001d390       ?DeleteBetween@CElementHandler@@QAEXHHHH@Z 1001e390 f   ElementHandler.obj
 0001:0001d600       ?GetArea@CElementHandler@@QAE?AV?$vector@PAVGraphicElement@@V?$allocator@PAVGraphicElement@@@std@@@std@@HHHH@Z 1001e600 f   ElementHandler.obj
 0001:0001d8b0       ?MoveTextElement@CElementHandler@@QAEPAVGraphicElement@@PAV2@HH@Z 1001e8b0 f   ElementHandler.obj
 0001:0001da20       ??0?$list@PAVGraphicElement@@V?$allocator@PAVGraphicElement@@@std@@@std@@QAE@XZ 1001ea20 f i ElementHandler.obj
 0001:0001da80       ??1?$list@PAVGraphicElement@@V?$allocator@PAVGraphicElement@@@std@@@std@@QAE@XZ 1001ea80 f i ElementHandler.obj
 0001:0001daf0       ?erase@?$list@PAVGraphicElement@@V?$allocator@PAVGraphicElement@@@std@@@std@@QAE?AV?$_List_iterator@V?$_List_val@PAVGraphicElement@@V?$allocator@PAVGraphicElement@@@std@@@std@@@2@V?$_List_const_iterator@V?$_List_val@PAVGraphicElement@@V?$allocator@PAVGraphicElement@@@std@@@std@@@2@@Z 1001eaf0 f i ElementHandler.obj
 0001:0001db80       ?remove@?$list@PAVGraphicElement@@V?$allocator@PAVGraphicElement@@@std@@@std@@QAEXABQAVGraphicElement@@@Z 1001eb80 f i ElementHandler.obj
 0001:0001dc20       ?back@?$vector@PAVGraphicElement@@V?$allocator@PAVGraphicElement@@@std@@@std@@QAEAAPAVGraphicElement@@XZ 1001ec20 f i ElementHandler.obj
 0001:0001dc60       ?push_back@?$vector@PAVRegString@@V?$allocator@PAVRegString@@@std@@@std@@QAEXABQAVRegString@@@Z 1001ec60 f i TAConfig.obj
 0001:0001dc60       ?push_back@?$vector@PAVRegDword@@V?$allocator@PAVRegDword@@@std@@@std@@QAEXABQAVRegDword@@@Z 1001ec60 f i TAConfig.obj
 0001:0001dc60       ?push_back@?$vector@PAVGraphicElement@@V?$allocator@PAVGraphicElement@@@std@@@std@@QAEXABQAVGraphicElement@@@Z 1001ec60 f i ElementHandler.obj
 0001:0001dd40       ?pop_back@?$vector@PAVRegString@@V?$allocator@PAVRegString@@@std@@@std@@QAEXXZ 1001ed40 f i TAConfig.obj
 0001:0001dd40       ?pop_back@?$vector@PAVRegDword@@V?$allocator@PAVRegDword@@@std@@@std@@QAEXXZ 1001ed40 f i TAConfig.obj
 0001:0001dd40       ?pop_back@?$vector@PAVGraphicElement@@V?$allocator@PAVGraphicElement@@@std@@@std@@QAEXXZ 1001ed40 f i ElementHandler.obj
 0001:0001dd40       ?pop_back@?$vector@PADV?$allocator@PAD@std@@@std@@QAEXXZ 1001ed40 f i UnicodeSupport.obj
 0001:0001dd90       ?_Insert@?$list@PAVGraphicElement@@V?$allocator@PAVGraphicElement@@@std@@@std@@QAEXV?$_List_const_iterator@V?$_List_val@PAVGraphicElement@@V?$allocator@PAVGraphicElement@@@std@@@std@@@2@ABQAVGraphicElement@@@Z 1001ed90 f i ElementHandler.obj
 0001:0001de20       ??1?$_List_val@PAVGraphicElement@@V?$allocator@PAVGraphicElement@@@std@@@std@@QAE@XZ 1001ee20 f i ElementHandler.obj
 0001:0001de50       ?clear@?$list@PAVGraphicElement@@V?$allocator@PAVGraphicElement@@@std@@@std@@QAEXXZ 1001ee50 f i ElementHandler.obj
 0001:0001ded0       ?_Buynode@?$_List_val@PAVGraphicElement@@V?$allocator@PAVGraphicElement@@@std@@@std@@QAEPAU_Node@?$_List_nod@PAVGraphicElement@@V?$allocator@PAVGraphicElement@@@std@@@2@PAU342@0ABQAVGraphicElement@@@Z 1001eed0 f i ElementHandler.obj
 0001:0001df80       ??$_Cons_val@V?$allocator@PAVRegDword@@@std@@PAVRegDword@@ABQAV3@@std@@YGXAAV?$allocator@PAVRegDword@@@0@PAPAVRegDword@@ABQAV2@@Z 1001ef80 f i TAConfig.obj
 0001:0001df80       ??$_Cons_val@V?$allocator@PAVGraphicElement@@@std@@PAVGraphicElement@@ABQAV3@@std@@YGXAAV?$allocator@PAVGraphicElement@@@0@PAPAVGraphicElement@@ABQAV2@@Z 1001ef80 f i ElementHandler.obj
 0001:0001df80       ??$_Cons_val@V?$allocator@PAVRegString@@@std@@PAVRegString@@ABQAV3@@std@@YGXAAV?$allocator@PAVRegString@@@0@PAPAVRegString@@ABQAV2@@Z 1001ef80 f i TAConfig.obj
 0001:0001dfc0       ??$_Allocate@U_Node@?$_List_nod@PAVGraphicElement@@V?$allocator@PAVGraphicElement@@@std@@@std@@@std@@YGPAU_Node@?$_List_nod@PAVGraphicElement@@V?$allocator@PAVGraphicElement@@@std@@@0@IPAU120@@Z 1001efc0 f i ElementHandler.obj
 0001:0001dfc0       ??$_Allocate@UMMHS@AlliesWhiteboard@@@std@@YGPAUMMHS@AlliesWhiteboard@@IPAU12@@Z 1001efc0 f i whiteboard.obj
 0001:0001e030       ??_Glength_error@std@@UAEPAXI@Z 1001f030 f i xthrow.obj
 0001:0001e030       ??_Glogic_error@std@@UAEPAXI@Z 1001f030 f i xthrow.obj
 0001:0001e030       ??_Elength_error@std@@UAEPAXI@Z 1001f030 f i xthrow.obj
 0001:0001e030       ??_Elogic_error@std@@UAEPAXI@Z 1001f030 f i xthrow.obj
 0001:0001e060       ??0logic_error@std@@QAE@ABV01@@Z 1001f060 f i xthrow.obj
 0001:0001e090       ?_Xlength_error@std@@YAXPBD@Z 1001f090 f   xthrow.obj
 0001:0001e0d0       ??1length_error@std@@UAE@XZ 1001f0d0 f i xthrow.obj
 0001:0001e0f0       ??0length_error@std@@QAE@ABV01@@Z 1001f0f0 f i xthrow.obj
 0001:0001e11e       _ImmAssociateContext@8     1001f11e f   imm32:IMM32.dll
 0001:0001e124       _ImmGetCandidateListA@16   1001f124 f   imm32:IMM32.dll
 0001:0001e12a       _ImmGetCompositionStringA@16 1001f12a f   imm32:IMM32.dll
 0001:0001e130       _ImmEscapeA@16             1001f130 f   imm32:IMM32.dll
 0001:0001e136       _ImmIsIME@4                1001f136 f   imm32:IMM32.dll
 0001:0001e13c       _ImmNotifyIME@16           1001f13c f   imm32:IMM32.dll
 0001:0001e142       ??_U@YAPAXI@Z              1001f142 f   libcpmt:newaop.obj
 0001:0001e14d       ??3@YAXPAX@Z               1001f14d f   LIBCMT:delete.obj
 0001:0001e158       ??2@YAPAXI@Z               1001f158 f   LIBCMT:new.obj
 0001:0001e1d8       ?_JumpToContinuation@@YGXPAXPAUEHRegistrationNode@@@Z 1001f1d8 f   LIBCMT:_trnsctrl_.obj
 0001:0001e20a       ?_CallMemberFunction2@@YGXPAX00H@Z 1001f20a f   LIBCMT:_trnsctrl_.obj
 0001:0001e20a       ?_CallMemberFunction1@@YGXPAX00@Z 1001f20a f   LIBCMT:_trnsctrl_.obj
 0001:0001e20a       ?_CallMemberFunction0@@YGXPAX0@Z 1001f20a f   LIBCMT:_trnsctrl_.obj
 0001:0001e211       ?_UnwindNestedFrames@@YGXPAUEHRegistrationNode@@PAUEHExceptionRecord@@@Z 1001f211 f   LIBCMT:_trnsctrl_.obj
 0001:0001e265       ___CxxFrameHandler3        1001f265 f   LIBCMT:_trnsctrl_.obj
 0001:0001e2ce       ?_CallSETranslator@@YAHPAUEHExceptionRecord@@PAUEHRegistrationNode@@PAX2PBU_s_FuncInfo@@H1@Z 1001f2ce f   LIBCMT:_trnsctrl_.obj
 0001:0001e444       ?_GetRangeOfTrysToCheck@@YAPBU_s_TryBlockMapEntry@@PBU_s_FuncInfo@@HHPAI1@Z 1001f444 f   LIBCMT:_trnsctrl_.obj
 0001:0001e4b7       __CreateFrameInfo          1001f4b7 f   LIBCMT:_trnsctrl_.obj
 0001:0001e4e3       __IsExceptionObjectToBeDestroyed 1001f4e3 f   LIBCMT:_trnsctrl_.obj
 0001:0001e50a       __FindAndUnlinkFrame       1001f50a f   LIBCMT:_trnsctrl_.obj
 0001:0001e55c       ?_CallCatchBlock2@@YAPAXPAUEHRegistrationNode@@PBU_s_FuncInfo@@PAXHK@Z 1001f55c f   LIBCMT:_trnsctrl_.obj
 0001:0001e5bc       @__security_check_cookie@4 1001f5bc f   LIBCMT:secchk.obj
 0001:0001e5cb       __RTC_InitBase             1001f5cb f   LIBCMT:_init_.obj
 0001:0001e5f1       __RTC_Shutdown             1001f5f1 f   LIBCMT:_init_.obj
 0001:0001e610       _memset                    1001f610 f   LIBCMT:memset.obj
 0001:0001e68a       @_RTC_Check_4_to_1@4       1001f68a f   LIBCMT:_convert_.obj
 0001:0001e6b2       @_RTC_Check_4_to_2@4       1001f6b2 f   LIBCMT:_convert_.obj
 0001:0001e6e0       __except_handler4          1001f6e0 f   LIBCMT:chandler4.obj
 0001:0001e86f       __cfltcvt_init             1001f86f f   LIBCMT:_fpinit_.obj
 0001:0001e8cf       __fpmath                   1001f8cf f   LIBCMT:_fpinit_.obj
 0001:0001e8f0       _memcpy                    1001f8f0 f   LIBCMT:memcpy.obj
 0001:0001ec51       _sprintf_s                 1001fc51 f   LIBCMT:sprintf.obj
 0001:0001ec6f       ??1type_info@@UAE@XZ       1001fc6f f   LIBCMT:typinfo.obj
 0001:0001ec7f       ??_Gtype_info@@UAEPAXI@Z   1001fc7f f i LIBCMT:typinfo.obj
 0001:0001ec7f       ??_Etype_info@@UAEPAXI@Z   1001fc7f f i LIBCMT:typinfo.obj
 0001:0001eca0       ??8type_info@@QBE_NABV0@@Z 1001fca0 f   LIBCMT:typinfo.obj
 0001:0001ecc0       _strlen                    1001fcc0 f   LIBCMT:strlen.obj
 0001:0001ed4b       ??0_LocaleUpdate@@QAE@PAUlocaleinfo_struct@@@Z 1001fd4b f i LIBCMT:strftime.obj
 0001:0001edd2       __freea                    1001fdd2 f i LIBCMT:strftime.obj
 0001:0001f69f       __Strftime_l               1002069f f   LIBCMT:strftime.obj
 0001:0001f82b       _strftime                  1002082b f   LIBCMT:strftime.obj
 0001:0001f84a       __localtime64_s            1002084a f   LIBCMT:loctim64.obj
 0001:0001fad2       __time64                   10020ad2 f   LIBCMT:time64.obj
 0001:0001fb30       _strstr                    10020b30 f   LIBCMT:strstr.obj
 0001:0001fbd0       _strchr                    10020bd0 f   LIBCMT:strchr.obj
 0001:0001fbd6       ___from_strstr_to_strchr   10020bd6     LIBCMT:strchr.obj
 0001:0001fc8e       _memcmp                    10020c8e f   LIBCMT:memcmp.obj
 0001:000211e2       __CxxThrowException@8      100221e2 f   LIBCMT:throw.obj
 0001:00021230       __ftol2_sse                10022230 f   LIBCMT:ftol2.obj
 0001:00021239       __ftol2_pentium4           10022239 f   LIBCMT:ftol2.obj
 0001:0002124c       __ftol2_sse_excpt          1002224c f   LIBCMT:ftol2.obj
 0001:00021266       __ftol2                    10022266 f   LIBCMT:ftol2.obj
 0001:000212e0       _memmove                   100222e0 f   LIBCMT:memmove.obj
 0001:00021641       ??0exception@std@@QAE@ABQBDH@Z 10022641 f   LIBCMT:stdexcpt.obj
 0001:0002165e       ?what@exception@std@@UBEPBDXZ 1002265e f   LIBCMT:stdexcpt.obj
 0001:0002166b       ?_Copy_str@exception@std@@AAEXPBD@Z 1002266b f   LIBCMT:stdexcpt.obj
 0001:000216ab       ?_Tidy@exception@std@@AAEXXZ 100226ab f   LIBCMT:stdexcpt.obj
 0001:000216c9       ??0exception@std@@QAE@ABQBD@Z 100226c9 f   LIBCMT:stdexcpt.obj
 0001:000216f0       ??4exception@std@@QAEAAV01@ABV01@@Z 100226f0 f   LIBCMT:stdexcpt.obj
 0001:00021725       ??1exception@std@@UAE@XZ   10022725 f   LIBCMT:stdexcpt.obj
 0001:00021730       ??_Eexception@std@@UAEPAXI@Z 10022730 f i LIBCMT:stdexcpt.obj
 0001:00021730       ??_Gexception@std@@UAEPAXI@Z 10022730 f i LIBCMT:stdexcpt.obj
 0001:00021757       ??0exception@std@@QAE@ABV01@@Z 10022757 f   LIBCMT:stdexcpt.obj
 0001:0002177c       __vsnprintf_helper         1002277c f   LIBCMT:vsnprnc.obj
 0001:00021846       __vsprintf_s_l             10022846 f   LIBCMT:vsnprnc.obj
 0001:000218bd       _vsprintf_s                100228bd f   LIBCMT:vsnprnc.obj
 0001:000218da       _atol                      100228da f   LIBCMT:atox.obj
 0001:000218f0       _atoi                      100228f0 f   LIBCMT:atox.obj
 0001:000218fb       _strcpy_s                  100228fb f   LIBCMT:strcpy_s.obj
 0001:0002195a       _strcat_s                  1002295a f   LIBCMT:strcat_s.obj
 0001:000219c7       __splitpath_s              100229c7 f   LIBCMT:splitpath_s.obj
 0001:00021bc4       ?_strlwr_s_l_stat@@YAHPADIPAUlocaleinfo_struct@@@Z 10022bc4 f   LIBCMT:strlwr.obj
 0001:00021d42       __strlwr_s_l               10022d42 f   LIBCMT:strlwr.obj
 0001:00021d76       __strlwr_s                 10022d76 f   LIBCMT:strlwr.obj
 0001:00021fb8       _strtol                    10022fb8 f   LIBCMT:strtol.obj
 0001:00021fe3       __strtol_l                 10022fe3 f   LIBCMT:strtol.obj
 0001:00022000       _strncmp                   10023000 f   LIBCMT:strncmp.obj
 0001:00022234       __strupr_s_l               10023234 f   LIBCMT:strupr.obj
 0001:00022269       __strupr_s                 10023269 f   LIBCMT:strupr.obj
 0001:00022280       _strcmp                    10023280 f   LIBCMT:strcmp.obj
 0001:00022308       _free                      10023308 f   LIBCMT:free.obj
 0001:00022342       _malloc                    10023342 f   LIBCMT:malloc.obj
 0001:000223d6       _memcpy_s                  100233d6 f   LIBCMT:memcpy_s.obj
 0001:0002244b       _strnlen                   1002344b f   LIBCMT:strlen_s.obj
 0001:00022468       ??_V@YAXPAX@Z              10023468 f   LIBCMT:delete2.obj
 0001:00022473       _abs                       10023473 f   LIBCMT:abs.obj
 0001:00022490       _sin                       10023490 f   LIBCMT:_sin_.obj
 0001:000224d0       __CIsin                    100234d0 f   LIBCMT:_sin_.obj
 0001:0002250b       __CIsin_default            1002350b f   LIBCMT:_sin_.obj
 0001:0002251f       __sin_default              1002351f     LIBCMT:_sin_.obj
 0001:000225c0       _cos                       100235c0 f   LIBCMT:_cos_.obj
 0001:00022600       __CIcos                    10023600 f   LIBCMT:_cos_.obj
 0001:0002263b       __CIcos_default            1002363b f   LIBCMT:_cos_.obj
 0001:0002264f       __cos_default              1002364f     LIBCMT:_cos_.obj
 0001:000226e9       ??_L@YGXPAXIHP6EX0@Z1@Z    100236e9 f   LIBCMT:ehvecctr.obj
 0001:0002274e       ?__ArrayUnwind@@YGXPAXIHP6EX0@Z@Z 1002374e f   LIBCMT:ehvecdtr.obj
 0001:000227ac       ??_M@YGXPAXIHP6EX0@Z@Z     100237ac f   LIBCMT:ehvecdtr.obj
 0001:0002280f       __CRT_INIT@12              1002380f f   LIBCMT:dllcrt0.obj
 0001:00022a69       __DllMainCRTStartup@12     10023a69 f   LIBCMT:dllcrt0.obj
 0001:00022b42       ___onexitinit              10023b42 f   LIBCMT:onexit.obj
 0001:00022b73       __onexit                   10023b73 f   LIBCMT:onexit.obj
 0001:00022baf       _atexit                    10023baf f   LIBCMT:onexit.obj
 0001:00022bc6       __initp_heap_handler       10023bc6 f   LIBCMT:handler.obj
 0001:00022bd5       __callnewh                 10023bd5 f   LIBCMT:handler.obj
 0001:00022bfd       ??1bad_exception@std@@UAE@XZ 10023bfd f i LIBCMT:frame.obj
 0001:00022c08       ??_Ebad_exception@std@@UAEPAXI@Z 10023c08 f i LIBCMT:frame.obj
 0001:00022c08       ??_Gbad_exception@std@@UAEPAXI@Z 10023c08 f i LIBCMT:frame.obj
 0001:00022c2f       ___TypeMatch               10023c2f f   LIBCMT:frame.obj
 0001:00022c8e       ___FrameUnwindFilter       10023c8e f   LIBCMT:frame.obj
 0001:00022cdd       ___FrameUnwindToState      10023cdd f   LIBCMT:frame.obj
 0001:00022dfe       ___DestructExceptionObject 10023dfe f   LIBCMT:frame.obj
 0001:00022e53       ___AdjustPointer           10023e53 f   LIBCMT:frame.obj
 0001:000230dc       ___BuildCatchObjectHelper  100240dc f   LIBCMT:frame.obj
 0001:0002325b       ___BuildCatchObject        1002425b f   LIBCMT:frame.obj
 0001:000237d7       ??0bad_exception@std@@QAE@ABV01@@Z 100247d7 f i LIBCMT:frame.obj
 0001:000237f4       ___InternalCxxFrameHandler 100247f4 f   LIBCMT:frame.obj
 0001:000238da       __encoded_null             100248da f   LIBCMT:tidtable.obj
 0001:000238e3       ___crtTlsAlloc@4           100248e3 f   LIBCMT:tidtable.obj
 0001:000238ec       ___set_flsgetvalue         100248ec f   LIBCMT:tidtable.obj
 0001:00023920       __mtterm                   10024920 f   LIBCMT:tidtable.obj
 0001:0002395d       __initptd                  1002495d f   LIBCMT:tidtable.obj
 0001:00023a11       __getptd_noexit            10024a11 f   LIBCMT:tidtable.obj
 0001:00023a8a       __getptd                   10024a8a f   LIBCMT:tidtable.obj
 0001:00023aa4       __freefls@4                10024aa4 f   LIBCMT:tidtable.obj
 0001:00023bd3       __freeptd                  10024bd3 f   LIBCMT:tidtable.obj
 0001:00023c41       __mtinit                   10024c41 f   LIBCMT:tidtable.obj
 0001:00023dbc       ?terminate@@YAXXZ          10024dbc f   LIBCMT:hooks.obj
 0001:00023df5       ?unexpected@@YAXXZ         10024df5 f   LIBCMT:hooks.obj
 0001:00023e08       ?_inconsistency@@YAXXZ     10024e08 f   LIBCMT:hooks.obj
 0001:00023e40       __initp_eh_hooks           10024e40 f   LIBCMT:hooks.obj
 0001:00023e60       __CallSettingFrame@12      10024e60 f   LIBCMT:lowhelpr.obj
 0001:00023e87       __NLG_Return               10024e87     LIBCMT:lowhelpr.obj
 0001:00023eac       ___report_gsfailure        10024eac f   LIBCMT:gs_report.obj
 0001:00023fb2       __RTC_SetErrorFuncW        10024fb2 f   LIBCMT:_userapi_.obj
 0001:00023fce       ?_RTC_GetErrorFunc@@YAP6AHHPBDH00ZZPBX@Z 10024fce f   LIBCMT:_userapi_.obj
 0001:00023fd4       ?_RTC_GetErrorFuncW@@YAP6AHHPB_WH00ZZPBX@Z 10024fd4 f   LIBCMT:_userapi_.obj
 0001:00023fda       __VEC_memzero              10024fda f   LIBCMT:p4_memset.obj
 0001:00024094       ___sse2_available_init     10025094 f   LIBCMT:cpu_disp.obj
 0001:0002435c       ?_RTC_Failure@@YAXPAXH@Z   1002535c f   LIBCMT:_error_.obj
 0001:000243a0       __local_unwind4            100253a0 f   LIBCMT:exsup4.obj
 0001:00024476       __seh_longjmp_unwind4@4    10025476 f   LIBCMT:exsup4.obj
 0001:00024492       @_EH4_CallFilterFunc@8     10025492 f   LIBCMT:exsup4.obj
 0001:000244a9       @_EH4_TransferToHandler@8  100254a9 f   LIBCMT:exsup4.obj
 0001:000244c2       @_EH4_GlobalUnwind2@8      100254c2 f   LIBCMT:exsup4.obj
 0001:000244db       @_EH4_LocalUnwind@16       100254db f   LIBCMT:exsup4.obj
 0001:00024500       __ValidateImageBase        10025500 f   LIBCMT:pesect.obj
 0001:00024540       __FindPESection            10025540 f   LIBCMT:pesect.obj
 0001:00024590       __IsNonwritableInCurrentImage 10025590 f   LIBCMT:pesect.obj
 0001:0002464c       __forcdecpt_l              1002564c f   LIBCMT:cvt.obj
 0001:000246c0       __cropzeros_l              100256c0 f   LIBCMT:cvt.obj
 0001:00024742       __positive                 10025742 f   LIBCMT:cvt.obj
 0001:0002475e       __fassign_l                1002575e f   LIBCMT:cvt.obj
 0001:000247a0       __fassign                  100257a0 f   LIBCMT:cvt.obj
 0001:000247d9       __forcdecpt                100257d9 f   LIBCMT:cvt.obj
 0001:000247ec       __cropzeros                100257ec f   LIBCMT:cvt.obj
 0001:00024960       __cftoe_l                  10025960 f   LIBCMT:cvt.obj
 0001:00024a27       __cftoe                    10025a27 f   LIBCMT:cvt.obj
 0001:00024a47       __cftoa_l                  10025a47 f   LIBCMT:cvt.obj
 0001:00024ec0       __cftof_l                  10025ec0 f   LIBCMT:cvt.obj
 0001:00024f81       __cftog_l                  10025f81 f   LIBCMT:cvt.obj
 0001:0002506e       __cfltcvt_l                1002606e f   LIBCMT:cvt.obj
 0001:000250f6       __cfltcvt                  100260f6 f   LIBCMT:cvt.obj
 0001:00025119       __initp_misc_cfltcvt_tab   10026119 f   LIBCMT:cmiscdat.obj
 0001:0002513c       __setdefaultprecision      1002613c f   LIBCMT:fp8.obj
 0001:00025164       __VEC_memcpy               10026164 f   LIBCMT:p4_memcpy.obj
 0001:00025267       __flsbuf                   10026267 f   LIBCMT:_flsbuf.obj
 0001:000253cb       __initp_misc_invarg        100263cb f   LIBCMT:invarg.obj
 0001:000253da       __call_reportfault         100263da f   LIBCMT:invarg.obj
 0001:00025503       __invoke_watson            10026503 f   LIBCMT:invarg.obj
 0001:00025528       __invalid_parameter        10026528 f   LIBCMT:invarg.obj
 0001:00025555       __invalid_parameter_noinfo 10026555 f   LIBCMT:invarg.obj
 0001:00025565       __get_errno_from_oserr     10026565 f   LIBCMT:dosmap.obj
 0001:000255a7       __errno                    100265a7 f   LIBCMT:dosmap.obj
 0001:000255ba       ___doserrno                100265ba f   LIBCMT:dosmap.obj
 0001:000255cd       __dosmaperr                100265cd f   LIBCMT:dosmap.obj
 0001:000255f0       ?_Type_info_dtor@type_info@@CAXPAV1@@Z 100265f0 f   LIBCMT:typname.obj
 0001:00025883       ___updatetmbcinfo          10026883 f   LIBCMT:mbctype.obj
 0001:000259a3       __setmbcp_nolock           100269a3 f   LIBCMT:mbctype.obj
 0001:00025b8c       __setmbcp                  10026b8c f   LIBCMT:mbctype.obj
 0001:00025d26       ___initmbctable            10026d26 f   LIBCMT:mbctype.obj
 0001:00025d44       ___addlocaleref            10026d44 f   LIBCMT:localref.obj
 0001:00025dd3       ___removelocaleref         10026dd3 f   LIBCMT:localref.obj
 0001:00025e6c       ___freetlocinfo            10026e6c f   LIBCMT:localref.obj
 0001:00025fb7       __updatetlocinfoEx_nolock  10026fb7 f   LIBCMT:localref.obj
 0001:00026004       ___updatetlocinfo          10027004 f   LIBCMT:localref.obj
 0001:0002607d       __malloc_crt               1002707d f   LIBCMT:crtheap.obj
 0001:000260c2       __calloc_crt               100270c2 f   LIBCMT:crtheap.obj
 0001:0002610e       __realloc_crt              1002710e f   LIBCMT:crtheap.obj
 0001:0002615c       __recalloc_crt             1002715c f   LIBCMT:crtheap.obj
 0001:000261ae       __get_daylight             100271ae f   LIBCMT:timeset.obj
 0001:000261db       __get_dstbias              100271db f   LIBCMT:timeset.obj
 0001:00026208       __get_timezone             10027208 f   LIBCMT:timeset.obj
 0001:00026235       ___daylight                10027235 f   LIBCMT:timeset.obj
 0001:0002623b       ___dstbias                 1002723b f   LIBCMT:timeset.obj
 0001:00026241       ___timezone                10027241 f   LIBCMT:timeset.obj
 0001:00026247       ___tzname                  10027247 f   LIBCMT:timeset.obj
 0001:0002692e       ___tzset                   1002792e f   LIBCMT:tzset.obj
 0001:0002697d       __isindst                  1002797d f   LIBCMT:tzset.obj
 0001:000269be       ___ascii_stricmp           100279be f   LIBCMT:stricmp.obj
 0001:000269f7       __isleadbyte_l             100279f7 f i LIBCMT:_wctype.obj
 0001:00026a2f       _isleadbyte                10027a2f f i LIBCMT:_wctype.obj
 0001:00026a50       __alloca_probe_16          10027a50 f   LIBCMT:alloca16.obj
 0001:00026a66       __alloca_probe_8           10027a66     LIBCMT:alloca16.obj
 0001:00026a7c       __gmtime64_s               10027a7c f   LIBCMT:gmtime64.obj
 0001:00026cc0       __alldiv                   10027cc0 f   LIBCMT:lldiv.obj
 0001:00026d70       __allrem                   10027d70 f   LIBCMT:llrem.obj
 0001:00026e30       __aulldiv                  10027e30 f   LIBCMT:ulldiv.obj
 0001:00026f3f       __output_s_l               10027f3f f   LIBCMT:outputs.obj
 0001:00027b62       __ismbblead                10028b62 f   LIBCMT:ismbbyte.obj
 0001:00027b7a       _strncpy_s                 10028b7a f   LIBCMT:strncpy_s.obj
 0001:00027e16       ___crtLCMapStringA         10028e16 f   LIBCMT:a_map.obj
 0001:00027e5c       __isctype_l                10028e5c f   LIBCMT:isctype.obj
 0001:00027f14       __heap_init                10028f14 f   LIBCMT:heapinit.obj
 0001:00027f32       __heap_term                10028f32 f   LIBCMT:heapinit.obj
 0001:00027f46       ___crtCorExitProcess       10028f46 f   LIBCMT:crt0dat.obj
 0001:00027f71       ___crtExitProcess          10028f71 f   LIBCMT:crt0dat.obj
 0001:00027f89       __lockexit                 10028f89 f   LIBCMT:crt0dat.obj
 0001:00027f92       __unlockexit               10028f92 f   LIBCMT:crt0dat.obj
 0001:00027f9b       __init_pointers            10028f9b f   LIBCMT:crt0dat.obj
 0001:00027fce       __initterm_e               10028fce f   LIBCMT:crt0dat.obj
 0001:00027ff2       __cinit                    10028ff2 f   LIBCMT:crt0dat.obj
 0001:000281c9       __exit                     100291c9 f   LIBCMT:crt0dat.obj
 0001:000281df       __cexit                    100291df f   LIBCMT:crt0dat.obj
 0001:000281ee       __amsg_exit                100291ee f   LIBCMT:crt0dat.obj
 0001:0002820c       __GET_RTERRMSG             1002920c f   LIBCMT:crt0msg.obj
 0001:00028232       __NMSG_WRITE               10029232 f   LIBCMT:crt0msg.obj
 0001:000283e1       __FF_MSGBANNER             100293e1 f   LIBCMT:crt0msg.obj
 0001:0002841a       __sse2_mathfcns_init       1002941a f   LIBCMT:_mathfcns_.obj
 0001:00028430       __CIsin_pentium4           10029430 f   LIBCMT:_sin_pentium4_.obj
 0001:00028448       __sin_pentium4             10029448     LIBCMT:_sin_pentium4_.obj
 0001:00028600       __trandisp1                10029600 f   LIBCMT:_87disp_.obj
 0001:00028667       __trandisp2                10029667 f   LIBCMT:_87disp_.obj
 0001:000286f3       __rttospopde               100296f3     LIBCMT:_87disp_.obj
 0001:000286f8       __rttospop                 100296f8     LIBCMT:_87disp_.obj
 0001:000286fa       __rtnospop                 100296fa     LIBCMT:_87disp_.obj
 0001:000286fc       __rttosnpop                100296fc     LIBCMT:_87disp_.obj
 0001:000286fd       __rtnospopde               100296fd     LIBCMT:_87disp_.obj
 0001:00028704       __rtzeropop                10029704     LIBCMT:_87disp_.obj
 0001:00028706       __rtzeronpop               10029706     LIBCMT:_87disp_.obj
 0001:0002870b       __rtonepop                 1002970b     LIBCMT:_87disp_.obj
 0001:0002870d       __rtonenpop                1002970d     LIBCMT:_87disp_.obj
 0001:00028712       __tosnan1                  10029712     LIBCMT:_87disp_.obj
 0001:0002873d       __nosnan2                  1002973d     LIBCMT:_87disp_.obj
 0001:0002873f       __tosnan2                  1002973f     LIBCMT:_87disp_.obj
 0001:00028767       __nan2                     10029767     LIBCMT:_87disp_.obj
 0001:000287a6       __rtindfpop                100297a6     LIBCMT:_87disp_.obj
 0001:000287a8       __rtindfnpop               100297a8     LIBCMT:_87disp_.obj
 0001:000287b9       __rttosnpopde              100297b9     LIBCMT:_87disp_.obj
 0001:000287c3       __rtchsifneg               100297c3     LIBCMT:_87disp_.obj
 0001:000287d0       __twoToTOS                 100297d0 f   LIBCMT:_common_.obj
 0001:000287e5       __load_CW                  100297e5 f   LIBCMT:_common_.obj
 0001:000287fc       __convertTOStoQNaN         100297fc f   LIBCMT:_common_.obj
 0001:00028815       __fload_withFB             10029815 f   LIBCMT:_common_.obj
 0001:00028858       __checkTOS_withFB          10029858 f   LIBCMT:_common_.obj
 0001:0002886e       __fast_exit                1002986e f   LIBCMT:_common_.obj
 0001:0002887b       __math_exit                1002987b f   LIBCMT:_common_.obj
 0001:000288a5       __check_overflow_exit      100298a5 f   LIBCMT:_common_.obj
 0001:000288b9       __check_range_exit         100298b9 f   LIBCMT:_common_.obj
 0001:00028960       __startTwoArgErrorHandling 10029960 f   LIBCMT:_genexcep_.obj
 0001:00028977       __startOneArgErrorHandling 10029977 f   LIBCMT:_genexcep_.obj
 0001:000289c0       __CIcos_pentium4           100299c0 f   LIBCMT:_cos_pentium4_.obj
 0001:000289d8       __cos_pentium4             100299d8     LIBCMT:_cos_pentium4_.obj
 0001:00028b70       __SEH_prolog4              10029b70 f   LIBCMT:sehprolg4.obj
 0001:00028bb5       __SEH_epilog4              10029bb5 f   LIBCMT:sehprolg4.obj
 0001:00028bc9       __ioinit                   10029bc9 f   LIBCMT:ioinit.obj
 0001:00028e0e       __ioterm                   10029e0e f   LIBCMT:ioinit.obj
 0001:00028e61       __setenvp                  10029e61 f   LIBCMT:stdenvp.obj
 0001:000290d7       __setargv                  1002a0d7 f   LIBCMT:stdargv.obj
 0001:00029192       ___crtGetEnvironmentStringsA 1002a192 f   LIBCMT:a_env.obj
 0001:00029229       __RTC_Initialize           1002a229 f   LIBCMT:_initsect_.obj
 0001:0002924f       __RTC_Terminate            1002a24f f   LIBCMT:_initsect_.obj
 0001:00029275       __XcptFilter               1002a275 f   LIBCMT:winxfltr.obj
[...]
 0001:000301c4       __unwindfunclet$??0UnicodeSupport@@QAE@PBDKK@Z$3 100311c4 f   UnicodeSupport.obj
 0001:000301cf       __unwindfunclet$??0UnicodeSupport@@QAE@PBDKK@Z$4 100311cf f   UnicodeSupport.obj
 0001:000301da       __unwindfunclet$??0UnicodeSupport@@QAE@PBDKK@Z$5 100311da f   UnicodeSupport.obj
 0001:000301e5       __unwindfunclet$??0UnicodeSupport@@QAE@PBDKK@Z$6 100311e5 f   UnicodeSupport.obj
 0001:000301f0       __unwindfunclet$??0UnicodeSupport@@QAE@PBDKK@Z$7 100311f0 f   UnicodeSupport.obj
 0001:000301fb       __unwindfunclet$??0UnicodeSupport@@QAE@PBDKK@Z$8 100311fb f   UnicodeSupport.obj
 0001:00030206       __ehhandler$??0UnicodeSupport@@QAE@PBDKK@Z 10031206 f   UnicodeSupport.obj
 0001:00030230       __unwindfunclet$??0LimitCrack@@QAE@XZ$0 10031230 f   LimitCrack.obj
 0001:0003023e       __unwindfunclet$??0LimitCrack@@QAE@XZ$1 1003123e f   LimitCrack.obj
 0001:0003024c       __unwindfunclet$??0LimitCrack@@QAE@XZ$2 1003124c f   LimitCrack.obj
 0001:0003025a       __unwindfunclet$??0LimitCrack@@QAE@XZ$3 1003125a f   LimitCrack.obj
 0001:00030268       __unwindfunclet$??0LimitCrack@@QAE@XZ$4 10031268 f   LimitCrack.obj
 0001:00030276       __unwindfunclet$??0LimitCrack@@QAE@XZ$5 10031276 f   LimitCrack.obj
 0001:00030284       __unwindfunclet$??0LimitCrack@@QAE@XZ$6 10031284 f   LimitCrack.obj
 0001:00030292       __ehhandler$??0LimitCrack@@QAE@XZ 10031292 f   LimitCrack.obj
 0001:000302c0       __unwindfunclet$??0IncreaseAISearchMapEntriesLimit@@QAE@K@Z$0 100312c0 f   LimitCrack.obj
 0001:000302cb       __ehhandler$??0IncreaseAISearchMapEntriesLimit@@QAE@K@Z 100312cb f   LimitCrack.obj
 0001:000302f0       __unwindfunclet$?WriteWeaponAryPtr@IncreaseWeaponTypeLimit@@AAEPAXPAPAX@Z$0 100312f0 f   LimitCrack.obj
 0001:000302fb       __unwindfunclet$?WriteWeaponAryPtr@IncreaseWeaponTypeLimit@@AAEPAXPAPAX@Z$1 100312fb f   LimitCrack.obj
 0001:00030306       __ehhandler$?WriteWeaponAryPtr@IncreaseWeaponTypeLimit@@AAEPAXPAPAX@Z 10031306 f   LimitCrack.obj
 0001:00030330       __unwindfunclet$?WriteWeaponAryLen@IncreaseWeaponTypeLimit@@AAEKK@Z$0 10031330 f   LimitCrack.obj
 0001:0003033b       __ehhandler$?WriteWeaponAryLen@IncreaseWeaponTypeLimit@@AAEKK@Z 1003133b f   LimitCrack.obj
 0001:00030360       __unwindfunclet$?WeaponType_IdLimit@IncreaseWeaponTypeLimit@@AAEXXZ$0 10031360 f   LimitCrack.obj
 0001:0003036b       __unwindfunclet$?WeaponType_IdLimit@IncreaseWeaponTypeLimit@@AAEXXZ$1 1003136b f   LimitCrack.obj
 0001:00030376       __ehhandler$?WeaponType_IdLimit@IncreaseWeaponTypeLimit@@AAEXXZ 10031376 f   LimitCrack.obj
 0001:000303a0       __unwindfunclet$?WriteNewLimit@IncreaseUnitTypeLimit@@AAEXK@Z$0 100313a0 f   LimitCrack.obj
 0001:000303ab       __unwindfunclet$?WriteNewLimit@IncreaseUnitTypeLimit@@AAEXK@Z$1 100313ab f   LimitCrack.obj
 0001:000303b9       __unwindfunclet$?WriteNewLimit@IncreaseUnitTypeLimit@@AAEXK@Z$2 100313b9 f   LimitCrack.obj
 0001:000303c7       __unwindfunclet$?WriteNewLimit@IncreaseUnitTypeLimit@@AAEXK@Z$3 100313c7 f   LimitCrack.obj
 0001:000303d5       __unwindfunclet$?WriteNewLimit@IncreaseUnitTypeLimit@@AAEXK@Z$4 100313d5 f   LimitCrack.obj
 0001:000303e3       __unwindfunclet$?WriteNewLimit@IncreaseUnitTypeLimit@@AAEXK@Z$5 100313e3 f   LimitCrack.obj
 0001:000303f1       __unwindfunclet$?WriteNewLimit@IncreaseUnitTypeLimit@@AAEXK@Z$6 100313f1 f   LimitCrack.obj
 0001:000303ff       __unwindfunclet$?WriteNewLimit@IncreaseUnitTypeLimit@@AAEXK@Z$7 100313ff f   LimitCrack.obj
 0001:0003040d       __unwindfunclet$?WriteNewLimit@IncreaseUnitTypeLimit@@AAEXK@Z$8 1003140d f   LimitCrack.obj
 0001:0003041b       __unwindfunclet$?WriteNewLimit@IncreaseUnitTypeLimit@@AAEXK@Z$9 1003141b f   LimitCrack.obj
 0001:00030429       __unwindfunclet$?WriteNewLimit@IncreaseUnitTypeLimit@@AAEXK@Z$10 10031429 f   LimitCrack.obj
 0001:00030437       __ehhandler$?WriteNewLimit@IncreaseUnitTypeLimit@@AAEXK@Z 10031437 f   LimitCrack.obj
 0001:00030460       __unwindfunclet$?WriteNewLimit@IncreaseCompositeBuf@@AAEXKK@Z$0 10031460 f   LimitCrack.obj
 0001:0003046b       __ehhandler$?WriteNewLimit@IncreaseCompositeBuf@@AAEXKK@Z 1003146b f   LimitCrack.obj
 0001:00030490       __unwindfunclet$?SetNewLimit@IncreaseSfxLimit@@AAEXKK@Z$0 10031490 f   LimitCrack.obj
 0001:0003049b       __unwindfunclet$?SetNewLimit@IncreaseSfxLimit@@AAEXKK@Z$1 1003149b f   LimitCrack.obj
 0001:000304a6       __ehhandler$?SetNewLimit@IncreaseSfxLimit@@AAEXKK@Z 100314a6 f   LimitCrack.obj
 0001:000304d0       __unwindfunclet$??0AlliesWhiteboard@@QAE@XZ$0 100314d0 f   whiteboard.obj
 0001:000304de       __unwindfunclet$??0AlliesWhiteboard@@QAE@XZ$1 100314de f   whiteboard.obj
 0001:000304ec       __unwindfunclet$??0AlliesWhiteboard@@QAE@XZ$2 100314ec f   whiteboard.obj
 0001:000304fa       __ehhandler$??0AlliesWhiteboard@@QAE@XZ 100314fa f   whiteboard.obj
 0001:00030520       __unwindfunclet$??1AlliesWhiteboard@@QAE@XZ$0 10031520 f   whiteboard.obj
 0001:0003052e       __unwindfunclet$??1AlliesWhiteboard@@QAE@XZ$1 1003152e f   whiteboard.obj
 0001:0003053c       __unwindfunclet$??1AlliesWhiteboard@@QAE@XZ$2 1003153c f   whiteboard.obj
 0001:0003054a       __ehhandler$??1AlliesWhiteboard@@QAE@XZ 1003154a f   whiteboard.obj
 0001:00030570       __unwindfunclet$?LockBlit@AlliesWhiteboard@@QAEXPADH@Z$0 10031570 f   whiteboard.obj
 0001:00030578       __unwindfunclet$?LockBlit@AlliesWhiteboard@@QAEXPADH@Z$1 10031578 f   whiteboard.obj
 0001:00030580       __unwindfunclet$?LockBlit@AlliesWhiteboard@@QAEXPADH@Z$3 10031580 f   whiteboard.obj
 0001:00030588       __unwindfunclet$?LockBlit@AlliesWhiteboard@@QAEXPADH@Z$4 10031588 f   whiteboard.obj
 0001:00030590       __ehhandler$?LockBlit@AlliesWhiteboard@@QAEXPADH@Z 10031590 f   whiteboard.obj
 0001:000305b0       __unwindfunclet$?Message@AlliesWhiteboard@@QAE_NPAUHWND__@@IIJ@Z$0 100315b0 f   whiteboard.obj
 0001:000305bb       __unwindfunclet$?Message@AlliesWhiteboard@@QAE_NPAUHWND__@@IIJ@Z$1 100315bb f   whiteboard.obj
 0001:000305c6       __ehhandler$?Message@AlliesWhiteboard@@QAE_NPAUHWND__@@IIJ@Z 100315c6 f   whiteboard.obj
 0001:000305f0       __unwindfunclet$?TextInputKeyDown@AlliesWhiteboard@@AAEXH@Z$0 100315f0 f   whiteboard.obj
 0001:000305fb       __ehhandler$?TextInputKeyDown@AlliesWhiteboard@@AAEXH@Z 100315fb f   whiteboard.obj
 0001:00030620       __unwindfunclet$??0GraphicText@@QAE@HHPADD@Z$0 10031620 f   whiteboard.obj
 0001:00030620       __unwindfunclet$??0GraphicTextEdited@@QAE@HHPADD@Z$0 10031620 f   whiteboard.obj
 0001:00030628       __ehhandler$??0GraphicTextEdited@@QAE@HHPADD@Z 10031628 f   whiteboard.obj
 0001:00030628       __ehhandler$??0GraphicText@@QAE@HHPADD@Z 10031628 f   whiteboard.obj
 0001:00030650       __unwindfunclet$?AddTextMarker@AlliesWhiteboard@@AAEXXZ$0 10031650 f   whiteboard.obj
 0001:0003065b       __unwindfunclet$?AddTextMarker@AlliesWhiteboard@@AAEXXZ$1 1003165b f   whiteboard.obj
 0001:00030666       __ehhandler$?AddTextMarker@AlliesWhiteboard@@AAEXXZ 10031666 f   whiteboard.obj
 0001:00030690       __unwindfunclet$?DrawMarkers@AlliesWhiteboard@@AAEXPAUIDirectDrawSurface@@@Z$0 10031690 f   whiteboard.obj
 0001:00030698       __unwindfunclet$?DrawMarkers@AlliesWhiteboard@@AAEXPAUIDirectDrawSurface@@@Z$1 10031698 f   whiteboard.obj
 0001:000306a0       __unwindfunclet$?DrawMarkers@AlliesWhiteboard@@AAEXPAUIDirectDrawSurface@@@Z$3 100316a0 f   whiteboard.obj
 0001:000306a8       __unwindfunclet$?DrawMarkers@AlliesWhiteboard@@AAEXPAUIDirectDrawSurface@@@Z$4 100316a8 f   whiteboard.obj
 0001:000306b0       __ehhandler$?DrawMarkers@AlliesWhiteboard@@AAEXPAUIDirectDrawSurface@@@Z 100316b0 f   whiteboard.obj
 0001:000306d0       __unwindfunclet$?DrawMinimapMarkers@AlliesWhiteboard@@QAEXPADH_N@Z$0 100316d0 f   whiteboard.obj
 0001:000306d8       __unwindfunclet$?DrawMinimapMarkers@AlliesWhiteboard@@QAEXPADH_N@Z$1 100316d8 f   whiteboard.obj
 0001:000306e0       __unwindfunclet$?DrawMinimapMarkers@AlliesWhiteboard@@QAEXPADH_N@Z$6 100316e0 f   whiteboard.obj
 0001:000306e8       __unwindfunclet$?DrawMinimapMarkers@AlliesWhiteboard@@QAEXPADH_N@Z$7 100316e8 f   whiteboard.obj
 0001:000306f0       __unwindfunclet$?DrawMinimapMarkers@AlliesWhiteboard@@QAEXPADH_N@Z$12 100316f0 f   whiteboard.obj
 0001:000306f8       __unwindfunclet$?DrawMinimapMarkers@AlliesWhiteboard@@QAEXPADH_N@Z$13 100316f8 f   whiteboard.obj
 0001:00030700       __unwindfunclet$?DrawMinimapMarkers@AlliesWhiteboard@@QAEXPADH_N@Z$18 10031700 f   whiteboard.obj
 0001:0003070b       __unwindfunclet$?DrawMinimapMarkers@AlliesWhiteboard@@QAEXPADH_N@Z$19 1003170b f   whiteboard.obj
 0001:00030716       __unwindfunclet$?DrawMinimapMarkers@AlliesWhiteboard@@QAEXPADH_N@Z$24 10031716 f   whiteboard.obj
 0001:00030721       __unwindfunclet$?DrawMinimapMarkers@AlliesWhiteboard@@QAEXPADH_N@Z$25 10031721 f   whiteboard.obj
 0001:0003072c       __unwindfunclet$?DrawMinimapMarkers@AlliesWhiteboard@@QAEXPADH_N@Z$30 1003172c f   whiteboard.obj
 0001:00030737       __unwindfunclet$?DrawMinimapMarkers@AlliesWhiteboard@@QAEXPADH_N@Z$31 10031737 f   whiteboard.obj
 0001:00030742       __unwindfunclet$?DrawMinimapMarkers@AlliesWhiteboard@@QAEXPADH_N@Z$36 10031742 f   whiteboard.obj
 0001:0003074d       __unwindfunclet$?DrawMinimapMarkers@AlliesWhiteboard@@QAEXPADH_N@Z$37 1003174d f   whiteboard.obj
 0001:00030758       __unwindfunclet$?DrawMinimapMarkers@AlliesWhiteboard@@QAEXPADH_N@Z$42 10031758 f   whiteboard.obj
 0001:00030763       __unwindfunclet$?DrawMinimapMarkers@AlliesWhiteboard@@QAEXPADH_N@Z$43 10031763 f   whiteboard.obj
 0001:0003076e       __unwindfunclet$?DrawMinimapMarkers@AlliesWhiteboard@@QAEXPADH_N@Z$48 1003176e f   whiteboard.obj
 0001:00030779       __unwindfunclet$?DrawMinimapMarkers@AlliesWhiteboard@@QAEXPADH_N@Z$49 10031779 f   whiteboard.obj
 0001:00030784       __unwindfunclet$?DrawMinimapMarkers@AlliesWhiteboard@@QAEXPADH_N@Z$54 10031784 f   whiteboard.obj
 0001:0003078f       __unwindfunclet$?DrawMinimapMarkers@AlliesWhiteboard@@QAEXPADH_N@Z$55 1003178f f   whiteboard.obj
 0001:0003079a       __unwindfunclet$?DrawMinimapMarkers@AlliesWhiteboard@@QAEXPADH_N@Z$60 1003179a f   whiteboard.obj
 0001:000307a5       __unwindfunclet$?DrawMinimapMarkers@AlliesWhiteboard@@QAEXPADH_N@Z$61 100317a5 f   whiteboard.obj
 0001:000307b0       __unwindfunclet$?DrawMinimapMarkers@AlliesWhiteboard@@QAEXPADH_N@Z$66 100317b0 f   whiteboard.obj
 0001:000307bb       __unwindfunclet$?DrawMinimapMarkers@AlliesWhiteboard@@QAEXPADH_N@Z$67 100317bb f   whiteboard.obj
 0001:000307c6       __ehhandler$?DrawMinimapMarkers@AlliesWhiteboard@@QAEXPADH_N@Z 100317c6 f   whiteboard.obj
 0001:000307f0       __unwindfunclet$?GetMarkers@AlliesWhiteboard@@QAEXPAUMarkerArray@@@Z$0 100317f0 f   whiteboard.obj
 0001:000307f8       __unwindfunclet$?GetMarkers@AlliesWhiteboard@@QAEXPAUMarkerArray@@@Z$1 100317f8 f   whiteboard.obj
 0001:00030800       __unwindfunclet$?GetMarkers@AlliesWhiteboard@@QAEXPAUMarkerArray@@@Z$6 10031800 f   whiteboard.obj
 0001:00030808       __unwindfunclet$?GetMarkers@AlliesWhiteboard@@QAEXPAUMarkerArray@@@Z$7 10031808 f   whiteboard.obj
 0001:00030810       __ehhandler$?GetMarkers@AlliesWhiteboard@@QAEXPAUMarkerArray@@@Z 10031810 f   whiteboard.obj
 0001:00030830       __unwindfunclet$?ReceiveMarkers@AlliesWhiteboard@@AAEXXZ$0 10031830 f   whiteboard.obj
 0001:0003083b       __ehhandler$?ReceiveMarkers@AlliesWhiteboard@@AAEXXZ 1003183b f   whiteboard.obj
 0001:00030870       __unwindfunclet$?SendMarkers@AlliesWhiteboard@@AAEXXZ$0 10031870 f   whiteboard.obj
 0001:0003087b       __unwindfunclet$?SendMarkers@AlliesWhiteboard@@AAEXXZ$3 1003187b f   whiteboard.obj
 0001:00030886       __unwindfunclet$?SendMarkers@AlliesWhiteboard@@AAEXXZ$6 10031886 f   whiteboard.obj
 0001:00030891       __unwindfunclet$?SendMarkers@AlliesWhiteboard@@AAEXXZ$9 10031891 f   whiteboard.obj
 0001:0003089c       __unwindfunclet$?SendMarkers@AlliesWhiteboard@@AAEXXZ$12 1003189c f   whiteboard.obj
 0001:000308a7       __unwindfunclet$?SendMarkers@AlliesWhiteboard@@AAEXXZ$15 100318a7 f   whiteboard.obj
 0001:000308b2       __unwindfunclet$?SendMarkers@AlliesWhiteboard@@AAEXXZ$18 100318b2 f   whiteboard.obj
 0001:000308bd       __unwindfunclet$?SendMarkers@AlliesWhiteboard@@AAEXXZ$21 100318bd f   whiteboard.obj
 0001:000308c8       __unwindfunclet$?SendMarkers@AlliesWhiteboard@@AAEXXZ$24 100318c8 f   whiteboard.obj
 0001:000308d3       __unwindfunclet$?SendMarkers@AlliesWhiteboard@@AAEXXZ$27 100318d3 f   whiteboard.obj
 0001:000308de       __unwindfunclet$?SendMarkers@AlliesWhiteboard@@AAEXXZ$30 100318de f   whiteboard.obj
 0001:000308e9       __unwindfunclet$?SendMarkers@AlliesWhiteboard@@AAEXXZ$33 100318e9 f   whiteboard.obj
 0001:000308f4       __ehhandler$?SendMarkers@AlliesWhiteboard@@AAEXXZ 100318f4 f   whiteboard.obj
 0001:00030920       __unwindfunclet$?GetTextElementAt@AlliesWhiteboard@@AAEPAVGraphicElement@@HHH@Z$0 10031920 f   whiteboard.obj
 0001:00030928       __unwindfunclet$?GetTextElementAt@AlliesWhiteboard@@AAEPAVGraphicElement@@HHH@Z$1 10031928 f   whiteboard.obj
 0001:00030930       __unwindfunclet$?GetTextElementAt@AlliesWhiteboard@@AAEPAVGraphicElement@@HHH@Z$3 10031930 f   whiteboard.obj
 0001:00030938       __unwindfunclet$?GetTextElementAt@AlliesWhiteboard@@AAEPAVGraphicElement@@HHH@Z$4 10031938 f   whiteboard.obj
 0001:00030940       __ehhandler$?GetTextElementAt@AlliesWhiteboard@@AAEPAVGraphicElement@@HHH@Z 10031940 f   whiteboard.obj
 0001:00030960       __unwindfunclet$?back@?$deque@UMMHS@AlliesWhiteboard@@V?$allocator@UMMHS@AlliesWhiteboard@@@std@@@std@@QAEAAUMMHS@AlliesWhiteboard@@XZ$0 10031960 f   whiteboard.obj
 0001:00030968       __unwindfunclet$?back@?$deque@UMMHS@AlliesWhiteboard@@V?$allocator@UMMHS@AlliesWhiteboard@@@std@@@std@@QAEAAUMMHS@AlliesWhiteboard@@XZ$1 10031968 f   whiteboard.obj
 0001:00030970       __ehhandler$?back@?$deque@UMMHS@AlliesWhiteboard@@V?$allocator@UMMHS@AlliesWhiteboard@@@std@@@std@@QAEAAUMMHS@AlliesWhiteboard@@XZ 10031970 f   whiteboard.obj
 0001:00030990       __unwindfunclet$??1?$vector@PAVRegString@@V?$allocator@PAVRegString@@@std@@@std@@QAE@XZ$0 10031990 f   whiteboard.obj
 0001:00030990       __unwindfunclet$??1?$vector@PAVGraphicElement@@V?$allocator@PAVGraphicElement@@@std@@@std@@QAE@XZ$0 10031990 f   whiteboard.obj
 0001:00030990       __unwindfunclet$??1?$vector@PAVRegDword@@V?$allocator@PAVRegDword@@@std@@@std@@QAE@XZ$0 10031990 f   whiteboard.obj
 0001:00030990       __unwindfunclet$??1?$vector@PADV?$allocator@PAD@std@@@std@@QAE@XZ$0 10031990 f   whiteboard.obj
 0001:00030998       __ehhandler$??1?$vector@PAVGraphicElement@@V?$allocator@PAVGraphicElement@@@std@@@std@@QAE@XZ 10031998 f   whiteboard.obj
 0001:00030998       __ehhandler$??1?$vector@PAVRegDword@@V?$allocator@PAVRegDword@@@std@@@std@@QAE@XZ 10031998 f   whiteboard.obj
 0001:00030998       __ehhandler$??1?$vector@PADV?$allocator@PAD@std@@@std@@QAE@XZ 10031998 f   whiteboard.obj
 0001:00030998       __ehhandler$??1?$vector@PAVRegString@@V?$allocator@PAVRegString@@@std@@@std@@QAE@XZ 10031998 f   whiteboard.obj
 0001:000309c0       __unwindfunclet$??1?$_Deque_val@UTAShareMemStruct@CDDDTA@@V?$allocator@UTAShareMemStruct@CDDDTA@@@std@@@std@@QAE@XZ$0 100319c0 f   whiteboard.obj
 0001:000309c0       __unwindfunclet$??1?$_Deque_val@PAVGraphicElement@@V?$allocator@PAVGraphicElement@@@std@@@std@@QAE@XZ$0 100319c0 f   whiteboard.obj
 0001:000309c0       __unwindfunclet$??1?$_Deque_val@UMMHS@AlliesWhiteboard@@V?$allocator@UMMHS@AlliesWhiteboard@@@std@@@std@@QAE@XZ$0 100319c0 f   whiteboard.obj
 0001:000309c8       __ehhandler$??1?$_Deque_val@UMMHS@AlliesWhiteboard@@V?$allocator@UMMHS@AlliesWhiteboard@@@std@@@std@@QAE@XZ 100319c8 f   whiteboard.obj
 0001:000309c8       __ehhandler$??1?$_Deque_val@UTAShareMemStruct@CDDDTA@@V?$allocator@UTAShareMemStruct@CDDDTA@@@std@@@std@@QAE@XZ 100319c8 f   whiteboard.obj
 0001:000309c8       __ehhandler$??1?$_Deque_val@PAVGraphicElement@@V?$allocator@PAVGraphicElement@@@std@@@std@@QAE@XZ 100319c8 f   whiteboard.obj
 0001:000309f0       __ehhandler$?reserve@?$vector@PAVRegDword@@V?$allocator@PAVRegDword@@@std@@@std@@QAEXI@Z 100319f0 f   whiteboard.obj
 0001:000309f0       __ehhandler$?reserve@?$vector@PADV?$allocator@PAD@std@@@std@@QAEXI@Z 100319f0 f   whiteboard.obj
 0001:000309f0       __ehhandler$?reserve@?$vector@PAVRegString@@V?$allocator@PAVRegString@@@std@@@std@@QAEXI@Z 100319f0 f   whiteboard.obj
 0001:000309f0       __ehhandler$?reserve@?$vector@PAVGraphicElement@@V?$allocator@PAVGraphicElement@@@std@@@std@@QAEXI@Z 100319f0 f   whiteboard.obj
 0001:00030a10       __unwindfunclet$??0ModifyHook@@QAE@IHKPAEKK@Z$0 10031a10 f   InlineHook.obj
 0001:00030a10       __unwindfunclet$??0ModifyHook@@QAE@PAEHK0KK@Z$0 10031a10 f   InlineHook.obj
 0001:00030a10       __unwindfunclet$??0InlineSingleHook@@QAE@IKHP6GHPAUtagInlineX86StackBuffer@@@Z@Z$0 10031a10 f   InlineHook.obj
 0001:00030a18       __ehhandler$??0ModifyHook@@QAE@IHKPAEKK@Z 10031a18 f   InlineHook.obj
 0001:00030a18       __ehhandler$??0InlineSingleHook@@QAE@IKHP6GHPAUtagInlineX86StackBuffer@@@Z@Z 10031a18 f   InlineHook.obj
 0001:00030a18       __ehhandler$??0ModifyHook@@QAE@PAEHK0KK@Z 10031a18 f   InlineHook.obj
 0001:00030a40       __unwindfunclet$??1InlineSingleHook@@QAE@XZ$0 10031a40 f   InlineHook.obj
 0001:00030a48       __ehhandler$??1InlineSingleHook@@QAE@XZ 10031a48 f   InlineHook.obj
 0001:00030a70       __unwindfunclet$??1CElementHandler@@UAE@XZ$0 10031a70 f   ElementHandler.obj
 0001:00030a89       __ehhandler$??1CElementHandler@@UAE@XZ 10031a89 f   ElementHandler.obj
 0001:00030ab0       __unwindfunclet$?DeleteBetween@CElementHandler@@QAEXHHHH@Z$0 10031ab0 f   ElementHandler.obj
 0001:00030ab8       __unwindfunclet$?DeleteBetween@CElementHandler@@QAEXHHHH@Z$2 10031ab8 f   ElementHandler.obj
 0001:00030ac0       __ehhandler$?DeleteBetween@CElementHandler@@QAEXHHHH@Z 10031ac0 f   ElementHandler.obj
 0001:00030ae0       __unwindfunclet$?GetArea@CElementHandler@@QAE?AV?$vector@PAVGraphicElement@@V?$allocator@PAVGraphicElement@@@std@@@std@@HHHH@Z$0 10031ae0 f   ElementHandler.obj
 0001:00030ae8       __unwindfunclet$?GetArea@CElementHandler@@QAE?AV?$vector@PAVGraphicElement@@V?$allocator@PAVGraphicElement@@@std@@@std@@HHHH@Z$3 10031ae8 f   ElementHandler.obj
 0001:00030af0       __unwindfunclet$?GetArea@CElementHandler@@QAE?AV?$vector@PAVGraphicElement@@V?$allocator@PAVGraphicElement@@@std@@@std@@HHHH@Z$1 10031af0 f   ElementHandler.obj
 0001:00030b09       __unwindfunclet$?GetArea@CElementHandler@@QAE?AV?$vector@PAVGraphicElement@@V?$allocator@PAVGraphicElement@@@std@@@std@@HHHH@Z$4 10031b09 f   ElementHandler.obj
 0001:00030b11       __ehhandler$?GetArea@CElementHandler@@QAE?AV?$vector@PAVGraphicElement@@V?$allocator@PAVGraphicElement@@@std@@@std@@HHHH@Z 10031b11 f   ElementHandler.obj
 0001:00030b30       __unwindfunclet$?MoveTextElement@CElementHandler@@QAEPAVGraphicElement@@PAV2@HH@Z$2 10031b30 f   ElementHandler.obj
 0001:00030b3b       __ehhandler$?MoveTextElement@CElementHandler@@QAEPAVGraphicElement@@PAV2@HH@Z 10031b3b f   ElementHandler.obj
 0001:00030b60       __unwindfunclet$??1?$list@PAVGraphicElement@@V?$allocator@PAVGraphicElement@@@std@@@std@@QAE@XZ$0 10031b60 f   ElementHandler.obj
 0001:00030b68       __ehhandler$??1?$list@PAVGraphicElement@@V?$allocator@PAVGraphicElement@@@std@@@std@@QAE@XZ 10031b68 f   ElementHandler.obj
 0001:00030b90       __ehhandler$?_Buynode@?$_List_val@PAVGraphicElement@@V?$allocator@PAVGraphicElement@@@std@@@std@@QAEPAU_Node@?$_List_nod@PAVGraphicElement@@V?$allocator@PAVGraphicElement@@@std@@@2@PAU342@0ABQAVGraphicElement@@@Z 10031b90 f   ElementHandler.obj
 0001:00030bab       __ehhandler$?CallUnexpected@@YAXPBU_s_ESTypeList@@@Z 10031bab f   LIBCMT:frame.obj
 0001:00030bd0       ??__Fnomem@?5???2@YAPAXI@Z@YAXXZ 10031bd0 f   LIBCMT:new.obj
