 ddraw

 Timestamp is 4f70214b (Mon Mar 26 15:56:59 2012)

 Preferred load address is 10000000

 Start         Length     Name                   Class
 0001:00000000 00030962H .text                   CODE
 0001:00030970 00001086H .text$x                 CODE
 0001:00031a00 00000000H .text$yc                CODE
 0001:00031a00 00000014H .text$yd                CODE
 0002:00000000 00000210H .idata$5                DATA
 0002:00000210 00000004H .CRT$XCA                DATA
 0002:00000214 00000000H .CRT$XCU                DATA
 0002:00000214 00000004H .CRT$XCZ                DATA
 0002:00000218 00000004H .CRT$XIA                DATA
 0002:0000021c 00000014H .CRT$XIC                DATA
 0002:00000230 00000004H .CRT$XIZ                DATA
 0002:00000234 00000004H .CRT$XPA                DATA
 0002:00000238 00000004H .CRT$XPX                DATA
 0002:0000023c 00000004H .CRT$XPXA               DATA
 0002:00000240 00000004H .CRT$XPZ                DATA
 0002:00000244 00000004H .CRT$XTA                DATA
 0002:00000248 00000004H .CRT$XTZ                DATA
 0002:00000250 00004888H .rdata                  DATA
 0002:00004ad8 0000063cH .rdata$r                DATA
 0002:00005120 000000f8H .rdata$sxdata           DATA
 0002:00005218 00000004H .rtc$IAA                DATA
 0002:0000521c 00000004H .rtc$IMZ                DATA
 0002:00005220 00000004H .rtc$IZZ                DATA
 0002:00005224 00000004H .rtc$TAA                DATA
 0002:00005228 00000004H .rtc$TMZ                DATA
 0002:0000522c 00000004H .rtc$TZZ                DATA
 0002:00005230 000017a4H .xdata$x                DATA
 0002:000069d4 00000064H .idata$2                DATA
 0002:00006a38 00000014H .idata$3                DATA
 0002:00006a4c 00000210H .idata$4                DATA
 0002:00006c5c 00000926H .idata$6                DATA
 0002:00007590 0000004dH .edata                  DATA
 0003:00000000 00003af8H .data                   DATA
 0003:00003b00 000020a0H .bss                    DATA
 0004:00000000 00000310H .rsrc$01                DATA
 0004:00000310 0001d7a8H .rsrc$02                DATA

  Address         Publics by Value              Rva+Base       Lib:Object

 0000:00000000       __except_list              00000000     <absolute>
 0000:0000003e       ___safe_se_handler_count   0000003e     <absolute>
 0000:00000000       ___ImageBase               10000000     <linker-defined>
 0001:00000000       ?AddtionInit@@YGHPAUtagInlineX86StackBuffer@@@Z 10001000 f   ddraw.obj
 0001:00000140       ?AddtionRelease@@YGXXZ     10001140 f   ddraw.obj
 0001:00000270       _DllMain@12                10001270 f   ddraw.obj
 0001:000003b0       ?GetSysDir@@YGXXZ          100013b0 f   ddraw.obj
 0001:00000420       ?DirectDrawCreate@@YGJPAU_GUID@@PAPAUIDirectDraw@@PAUIUnknown@@@Z 10001420 f   ddraw.obj
 0001:00000510       ?SetupFileMap@@YG_NXZ      10001510 f   ddraw.obj
 0001:00000590       ?SetupLocalFileMap@@YG_NXZ 10001590 f   ddraw.obj
 0001:00000620       ?ShutdownLocalFileMap@@YGXXZ 10001620 f   ddraw.obj
 0001:00000650       ?SetupTAHookFileMap@@YGXXZ 10001650 f   ddraw.obj
 0001:000006b0       ?ShutDownTAHookFileMap@@YGXXZ 100016b0 f   ddraw.obj
 0001:000006e0       ?EnableSound@@YGXXZ        100016e0 f   ddraw.obj
 0001:00000710       ??0ExternQuickKey@@QAE@XZ  10001710 f   ExternQuickKey.obj
 0001:00000800       ??1ExternQuickKey@@QAE@XZ  10001800 f   ExternQuickKey.obj
 0001:000008a0       ?Message@ExternQuickKey@@QAE_NPAUHWND__@@IIJ@Z 100018a0 f   ExternQuickKey.obj
 0001:00000a20       ?SelectOnlyInScreenSameTypeUnit@ExternQuickKey@@AAEHH@Z 10001a20 f   ExternQuickKey.obj
 0001:00000c40       ?SelectOnlyInScreenWeaponUnit@ExternQuickKey@@AAEHI@Z 10001c40 f   ExternQuickKey.obj
 0001:00000d90       ?SetIDMaskInTypeAry@ExternQuickKey@@AAE_NGQAK@Z 10001d90 f   ExternQuickKey.obj
 0001:00000de0       ?MatchInTypeAry@ExternQuickKey@@AAE_NGQAK@Z 10001de0 f   ExternQuickKey.obj
 0001:00000e20       ?FilterSelectedUnit@ExternQuickKey@@QAEHW4TAUnitType@@@Z 10001e20 f   ExternQuickKey.obj
 0001:00001160       ?AddtionRoutine_CircleSelect@@YGHPAUtagInlineX86StackBuffer@@@Z 10002160 f   ExternQuickKey.obj
 0001:000012a0       ?CreateSurfByGafFrame@@YGPAUIDirectDrawSurface@@PAU_GAFFrame@@_N@Z 100022a0 f   gaf.obj
 0001:00001420       ?ViewPlayerLos_Replay@@YGHH@Z 10002420 f   HardCodeFunctions.obj
 0001:000015b0       ?UpdateTAProcess@@YGHXZ    100025b0 f   HardCodeFunctions.obj
 0001:000015f0       ?AntiCheat@@YGHXZ          100025f0 f   HardCodeFunctions.obj
 0001:00001660       ?GetUnitIDMaskAryByCategory@@YGPAKPAD@Z 10002660 f   HardCodeFunctions.obj
 0001:000016f0       ?freeTAMem@@YGXPAX@Z       100026f0 f   HardCodeFunctions.obj
 0001:00001770       ?UpdateSelectUnitEffect@@YGXXZ 10002770 f   HardCodeFunctions.obj
 0001:000017b0       ?ApplySelectUnitMenu_Wapper@@YGXXZ 100027b0 f   HardCodeFunctions.obj
 0001:000017e0       ?DeselectUnits@@YGXXZ      100027e0 f   HardCodeFunctions.obj
 0001:00001860       ??0ModifyHook@@QAE@PAEHK0KK@Z 10002860 f   ModifyHook.obj
 0001:00001860       ??0ModifyHook@@QAE@IHKPAEKK@Z 10002860 f   ModifyHook.obj
 0001:00001920       ??1ModifyHook@@QAE@XZ      10002920 f   ModifyHook.obj
 0001:000019f0       ?InitHookClass@ModifyHook@@AAEXPAEHK0KK@Z 100029f0 f   ModifyHook.obj
 0001:00001c50       ?Hook@ModifyHook@@UAEXXZ   10002c50 f   ModifyHook.obj
 0001:00001d70       ??0_TAHPI@@QAE@H@Z         10002d70 f   HPIfunc.obj
 0001:00001e50       ??1_TAHPI@@QAE@XZ          10002e50 f   HPIfunc.obj
 0001:00001eb0       ?readfile@_TAHPI@@QAEPADPADPAI@Z 10002eb0 f   HPIfunc.obj
 0001:00001ed0       ?free_readfile@_TAHPI@@QAEXPAD@Z 10002ed0 f   HPIfunc.obj
 0001:00001ef0       ?TADontInit@@YGHPAUtagInlineX86StackBuffer@@@Z 10002ef0 f   HPIfunc.obj
 0001:00001f10       ??0IDDraw@@QAE@PAUIDirectDraw@@_N@Z 10002f10 f   iddraw.obj
 0001:00001fb0       ?QueryInterface@IDDraw@@UAGJABU_GUID@@PAPAX@Z 10002fb0 f   iddraw.obj
 0001:00001fe0       ?AddRef@IDDraw@@UAGKXZ     10002fe0 f   iddraw.obj
 0001:00002010       ?Release@IDDraw@@UAGKXZ    10003010 f   iddraw.obj
 0001:00002060       ?Compact@IDDraw@@UAGJXZ    10003060 f   iddraw.obj
 0001:00002090       ?CreateClipper@IDDraw@@UAGJKPAPAUIDirectDrawClipper@@PAUIUnknown@@@Z 10003090 f   iddraw.obj
 0001:000020d0       ?CreatePalette@IDDraw@@UAGJKPAUtagPALETTEENTRY@@PAPAUIDirectDrawPalette@@PAUIUnknown@@@Z 100030d0 f   iddraw.obj
 0001:00002110       ?CreateSurface@IDDraw@@UAGJPAU_DDSURFACEDESC@@PAPAUIDirectDrawSurface@@PAUIUnknown@@@Z 10003110 f   iddraw.obj
 0001:000021f0       ?DuplicateSurface@IDDraw@@UAGJPAUIDirectDrawSurface@@PAPAU2@@Z 100031f0 f   iddraw.obj
 0001:00002220       ?EnumDisplayModes@IDDraw@@UAGJKPAU_DDSURFACEDESC@@PAXP6GJ01@Z@Z 10003220 f   iddraw.obj
 0001:00002260       ?EnumSurfaces@IDDraw@@UAGJKPAU_DDSURFACEDESC@@PAXP6GJPAUIDirectDrawSurface@@01@Z@Z 10003260 f   iddraw.obj
 0001:000022a0       ?FlipToGDISurface@IDDraw@@UAGJXZ 100032a0 f   iddraw.obj
 0001:000022d0       ?GetCaps@IDDraw@@UAGJPAU_DDCAPS_DX7@@0@Z 100032d0 f   iddraw.obj
 0001:00002300       ?GetDisplayMode@IDDraw@@UAGJPAU_DDSURFACEDESC@@@Z 10003300 f   iddraw.obj
 0001:00002330       ?GetFourCCCodes@IDDraw@@UAGJPAK0@Z 10003330 f   iddraw.obj
 0001:00002360       ?GetGDISurface@IDDraw@@UAGJPAPAUIDirectDrawSurface@@@Z 10003360 f   iddraw.obj
 0001:00002390       ?GetMonitorFrequency@IDDraw@@UAGJPAK@Z 10003390 f   iddraw.obj
 0001:000023c0       ?GetScanLine@IDDraw@@UAGJPAK@Z 100033c0 f   iddraw.obj
 0001:000023f0       ?GetVerticalBlankStatus@IDDraw@@UAGJPAH@Z 100033f0 f   iddraw.obj
 0001:00002420       ?Initialize@IDDraw@@UAGJPAU_GUID@@@Z 10003420 f   iddraw.obj
 0001:00002450       ?RestoreDisplayMode@IDDraw@@UAGJXZ 10003450 f   iddraw.obj
 0001:00002480       ?SetCooperativeLevel@IDDraw@@UAGJPAUHWND__@@K@Z 10003480 f   iddraw.obj
 0001:000024e0       ?SetDisplayMode@IDDraw@@UAGJKKK@Z 100034e0 f   iddraw.obj
 0001:00002550       ?WaitForVerticalBlank@IDDraw@@UAGJKPAX@Z 10003550 f   iddraw.obj
 0001:00002580       ??0IDDrawSurface@@QAE@PAUIDirectDrawSurface@@_NHH@Z 10003580 f   iddrawsurface.obj
 0001:000029d0       ?QueryInterface@IDDrawSurface@@UAGJABU_GUID@@PAPAX@Z 100039d0 f   iddrawsurface.obj
 0001:00002a00       ?AddRef@IDDrawSurface@@UAGKXZ 10003a00 f   iddrawsurface.obj
 0001:00002a30       ?Release@IDDrawSurface@@UAGKXZ 10003a30 f   iddrawsurface.obj
 0001:00002d40       ?AddOverlayDirtyRect@IDDrawSurface@@UAGJPAUtagRECT@@@Z 10003d40 f   iddrawsurface.obj
 0001:00002d70       ?AddAttachedSurface@IDDrawSurface@@UAGJPAUIDirectDrawSurface@@@Z 10003d70 f   iddrawsurface.obj
 0001:00002da0       ?Blt@IDDrawSurface@@UAGJPAUtagRECT@@PAUIDirectDrawSurface@@0KPAU_DDBLTFX@@@Z 10003da0 f   iddrawsurface.obj
 0001:00002de0       ?BltBatch@IDDrawSurface@@UAGJPAU_DDBLTBATCH@@KK@Z 10003de0 f   iddrawsurface.obj
 0001:00002e20       ?BltFast@IDDrawSurface@@UAGJKKPAUIDirectDrawSurface@@PAUtagRECT@@K@Z 10003e20 f   iddrawsurface.obj
 0001:00002e60       ?DeleteAttachedSurface@IDDrawSurface@@UAGJKPAUIDirectDrawSurface@@@Z 10003e60 f   iddrawsurface.obj
 0001:00002e90       ?EnumAttachedSurfaces@IDDrawSurface@@UAGJPAXP6GJPAUIDirectDrawSurface@@PAU_DDSURFACEDESC@@0@Z@Z 10003e90 f   iddrawsurface.obj
 0001:00002ec0       ?EnumOverlayZOrders@IDDrawSurface@@UAGJKPAXP6GJPAUIDirectDrawSurface@@PAU_DDSURFACEDESC@@0@Z@Z 10003ec0 f   iddrawsurface.obj
 0001:00002f00       ?Flip@IDDrawSurface@@UAGJPAUIDirectDrawSurface@@K@Z 10003f00 f   iddrawsurface.obj
 0001:00002f30       ?GetAttachedSurface@IDDrawSurface@@UAGJPAU_DDSCAPS@@PAPAUIDirectDrawSurface@@@Z 10003f30 f   iddrawsurface.obj
 0001:00002f90       ?GetBltStatus@IDDrawSurface@@UAGJK@Z 10003f90 f   iddrawsurface.obj
 0001:00002fc0       ?GetCaps@IDDrawSurface@@UAGJPAU_DDSCAPS@@@Z 10003fc0 f   iddrawsurface.obj
 0001:00002ff0       ?GetClipper@IDDrawSurface@@UAGJPAPAUIDirectDrawClipper@@@Z 10003ff0 f   iddrawsurface.obj
 0001:00003020       ?GetColorKey@IDDrawSurface@@UAGJKPAU_DDCOLORKEY@@@Z 10004020 f   iddrawsurface.obj
 0001:00003050       ?GetDC@IDDrawSurface@@UAGJPAPAUHDC__@@@Z 10004050 f   iddrawsurface.obj
 0001:00003080       ?GetFlipStatus@IDDrawSurface@@UAGJK@Z 10004080 f   iddrawsurface.obj
 0001:000030b0       ?GetOverlayPosition@IDDrawSurface@@UAGJPAJ0@Z 100040b0 f   iddrawsurface.obj
 0001:000030e0       ?GetPalette@IDDrawSurface@@UAGJPAPAUIDirectDrawPalette@@@Z 100040e0 f   iddrawsurface.obj
 0001:00003110       ?GetPixelFormat@IDDrawSurface@@UAGJPAU_DDPIXELFORMAT@@@Z 10004110 f   iddrawsurface.obj
 0001:00003140       ?GetSurfaceDesc@IDDrawSurface@@UAGJPAU_DDSURFACEDESC@@@Z 10004140 f   iddrawsurface.obj
 0001:00003170       ?Initialize@IDDrawSurface@@UAGJPAUIDirectDraw@@PAU_DDSURFACEDESC@@@Z 10004170 f   iddrawsurface.obj
 0001:000031a0       ?IsLost@IDDrawSurface@@UAGJXZ 100041a0 f   iddrawsurface.obj
 0001:000031d0       ?Lock@IDDrawSurface@@UAGJPAUtagRECT@@PAU_DDSURFACEDESC@@KPAX@Z 100041d0 f   iddrawsurface.obj
 0001:00003240       ?ReleaseDC@IDDrawSurface@@UAGJPAUHDC__@@@Z 10004240 f   iddrawsurface.obj
 0001:00003270       ?Restore@IDDrawSurface@@UAGJXZ 10004270 f   iddrawsurface.obj
 0001:000032a0       ?SetClipper@IDDrawSurface@@UAGJPAUIDirectDrawClipper@@@Z 100042a0 f   iddrawsurface.obj
 0001:000032d0       ?SetColorKey@IDDrawSurface@@UAGJKPAU_DDCOLORKEY@@@Z 100042d0 f   iddrawsurface.obj
 0001:00003300       ?SetOverlayPosition@IDDrawSurface@@UAGJJJ@Z 10004300 f   iddrawsurface.obj
 0001:00003330       ?SetPalette@IDDrawSurface@@UAGJPAUIDirectDrawPalette@@@Z 10004330 f   iddrawsurface.obj
 0001:00003370       ?Unlock@IDDrawSurface@@UAGJPAX@Z 10004370 f   iddrawsurface.obj
 0001:000036c0       ?UpdateOverlay@IDDrawSurface@@UAGJPAUtagRECT@@PAUIDirectDrawSurface@@0KPAU_DDOVERLAYFX@@@Z 100046c0 f   iddrawsurface.obj
 0001:00003700       ?UpdateOverlayDisplay@IDDrawSurface@@UAGJK@Z 10004700 f   iddrawsurface.obj
 0001:00003730       ?UpdateOverlayZOrder@IDDrawSurface@@UAGJKPAUIDirectDrawSurface@@@Z 10004730 f   iddrawsurface.obj
 0001:00003760       ?OutptInt@IDDrawSurface@@SGXH@Z 10004760 f   iddrawsurface.obj
 0001:00003760       ?OutptTxt@IDDrawSurface@@SGXPAD@Z 10004760 f   iddrawsurface.obj
 0001:00003770       ?ReplaceTAProc@IDDrawSurface@@AAEXXZ 10004770 f   iddrawsurface.obj
 0001:000037a0       ?Set@IDDrawSurface@@QAEX_N@Z 100047a0 f   iddrawsurface.obj
 0001:000037c0       ?CreateClipplist@IDDrawSurface@@QAEXXZ 100047c0 f   iddrawsurface.obj
 0001:000039a0       ?ScreenShot@IDDrawSurface@@QAEXXZ 100049a0 f   iddrawsurface.obj
 0001:00003c20       ?CreateFileName@IDDrawSurface@@AAEXPADH@Z 10004c20 f   iddrawsurface.obj
 0001:00003ea0       ?CreateDir@IDDrawSurface@@QAEXPAD@Z 10004ea0 f   iddrawsurface.obj
 0001:00003f60       ?CorrectName@IDDrawSurface@@QAEXPAD@Z 10004f60 f   iddrawsurface.obj
 0001:00003fc0       ?DeInterlace@IDDrawSurface@@AAEXXZ 10004fc0 f   iddrawsurface.obj
 0001:00004070       ?WinProc@@YGJPAUHWND__@@IIJ@Z 10005070 f   iddrawsurface.obj
 0001:00004420       ??0MenuResolution@@QAE@H@Z 10005420 f   MenuResolution.obj
 0001:00004480       ??1MenuResolution@@QAE@XZ  10005480 f   MenuResolution.obj
 0001:000044a0       ?InstallHook@MenuResolution@@AAEXXZ 100054a0 f   MenuResolution.obj
 0001:000046e0       ?UninstallHook@MenuResolution@@AAEXXZ 100056e0 f   MenuResolution.obj
 0001:000048f0       ?sub_0049E91C@@YGHPAUtagInlineX86StackBuffer@@@Z 100058f0 f   MenuResolution.obj
 0001:00004950       ?sub_0049E93B@@YGHPAUtagInlineX86StackBuffer@@@Z 10005950 f   MenuResolution.obj
 0001:000049b0       ?sub_00491A75@@YGHPAUtagInlineX86StackBuffer@@@Z 100059b0 f   MenuResolution.obj
 0001:00004a40       ?sub_00491B01@@YGHPAUtagInlineX86StackBuffer@@@Z 10005a40 f   MenuResolution.obj
 0001:00004ac0       ??0ModifyWeaponPacket@@QAE@H@Z 10005ac0 f   MultiGameWeaponID.obj
 0001:00004b00       ?ModifyRoutine@ModifyWeaponPacket@@AAEXH@Z 10005b00 f   MultiGameWeaponID.obj
 0001:00004c10       ?EnsureDplayx@ModifyWeaponPacket@@AAEXH@Z 10005c10 f   MultiGameWeaponID.obj
 0001:000051d0       ?FeaturePacket@ModifyWeaponPacket@@AAEXH@Z 100061d0 f   MultiGameWeaponID.obj
 0001:00005390       ??1ModifyWeaponPacket@@QAE@XZ 10006390 f   MultiGameWeaponID.obj
 0001:000055d0       ??0CDDDTA@@QAE@XZ          100065d0 f   dddta.obj
 0001:000056c0       ??1CDDDTA@@QAE@XZ          100066c0 f   dddta.obj
 0001:00005750       ?DeInitDDDTA@CDDDTA@@QAEXXZ 10006750 f   dddta.obj
 0001:000057f0       ?Blit@CDDDTA@@QAEXPAUIDirectDrawSurface@@@Z 100067f0 f   dddta.obj
 0001:00005940       ?InitDDDTA@CDDDTA@@AAEXXZ  10006940 f   dddta.obj
 0001:00005ce0       ?Message@CDDDTA@@QAE_NPAUHWND__@@IIJ@Z 10006ce0 f   dddta.obj
 0001:00005db0       ?FrameUpdate@CDDDTA@@QAEXXZ 10006db0 f   dddta.obj
 0001:00005f00       ?WriteUnits@CDDDTA@@AAEXXZ 10006f00 f   dddta.obj
 0001:00006010       ?WriteProjectiles@CDDDTA@@AAEXXZ 10007010 f   dddta.obj
 0001:00006210       ?WriteExplosion@CDDDTA@@AAEXXZ 10007210 f   dddta.obj
 0001:00006580       ?WriteSmoke@CDDDTA@@AAEXXZ 10007580 f   dddta.obj
 0001:00006820       ?SetActiveUnit@CDDDTA@@AAEXPAUOwnUnitBegin@@PAUUnitStruct@@@Z 10007820 f i dddta.obj
 0001:00006920       ?WriteSubPart@CDDDTA@@AAEXPAUSubPart@@PAUPrimitiveStruct@@@Z 10007920 f   dddta.obj
 0001:00006a20       ?CheckMessages@CDDDTA@@AAEXXZ 10007a20 f   dddta.obj
 0001:00006b70       ?CreateSharedTAMem@CDDDTA@@AAEXHHPAD@Z 10007b70 f   dddta.obj
 0001:00006ca0       ?RestoreAllSharedTAMem@CDDDTA@@AAEXXZ 10007ca0 f   dddta.obj
 0001:00007000       ?SendTextToSpring@CDDDTA@@QAEXPBD@Z 10008000 f   dddta.obj
 0001:000070a0       ?ChatStrnCpy@@YAPADPADPBDI@Z 100080a0 f   dddta.obj
 0001:000070e0       ?DeleteMem@@YAXPAX@Z       100080e0 f   dddta.obj
 0001:00007110       ??1?$deque@UTAShareMemStruct@CDDDTA@@V?$allocator@UTAShareMemStruct@CDDDTA@@@std@@@std@@QAE@XZ 10008110 f i dddta.obj
 0001:00007190       ?push_front@?$deque@UTAShareMemStruct@CDDDTA@@V?$allocator@UTAShareMemStruct@CDDDTA@@@std@@@std@@QAEXABUTAShareMemStruct@CDDDTA@@@Z 10008190 f i dddta.obj
 0001:000072b0       ?_Growmap@?$deque@UTAShareMemStruct@CDDDTA@@V?$allocator@UTAShareMemStruct@CDDDTA@@@std@@@std@@IAEXI@Z 100082b0 f i dddta.obj
 0001:00007650       ?_Tidy@?$deque@UTAShareMemStruct@CDDDTA@@V?$allocator@UTAShareMemStruct@CDDDTA@@@std@@@std@@IAEXXZ 10008650 f i dddta.obj
 0001:00007720       ??1?$_Deque_val@PAVGraphicElement@@V?$allocator@PAVGraphicElement@@@std@@@std@@QAE@XZ 10008720 f i whiteboard.obj
 0001:00007720       ??1?$_Deque_val@UTAShareMemStruct@CDDDTA@@V?$allocator@UTAShareMemStruct@CDDDTA@@@std@@@std@@QAE@XZ 10008720 f i dddta.obj
 0001:00007720       ??1?$_Deque_val@UMMHS@AlliesWhiteboard@@V?$allocator@UMMHS@AlliesWhiteboard@@@std@@@std@@QAE@XZ 10008720 f i whiteboard.obj
 0001:000077a0       ?pop_back@?$deque@UTAShareMemStruct@CDDDTA@@V?$allocator@UTAShareMemStruct@CDDDTA@@@std@@@std@@QAEXXZ 100087a0 f i dddta.obj
 0001:00007850       ??D?$_Deque_const_iterator@UTAShareMemStruct@CDDDTA@@V?$allocator@UTAShareMemStruct@CDDDTA@@@std@@@std@@QBEABUTAShareMemStruct@CDDDTA@@XZ 10008850 f i dddta.obj
 0001:000078d0       ??$_Cons_val@V?$allocator@UTAShareMemStruct@CDDDTA@@@std@@UTAShareMemStruct@CDDDTA@@ABU34@@std@@YGXAAV?$allocator@UTAShareMemStruct@CDDDTA@@@0@PAUTAShareMemStruct@CDDDTA@@ABU23@@Z 100088d0 f i dddta.obj
 0001:00007930       ??$_Cons_val@V?$allocator@U_Container_proxy@std@@@std@@U_Container_proxy@2@U32@@std@@YGXAAV?$allocator@U_Container_proxy@std@@@0@PAU_Container_proxy@0@$$QAU20@@Z 10008930 f i dddta.obj
 0001:00007970       ??$_Allocate@UTAShareMemStruct@CDDDTA@@@std@@YGPAUTAShareMemStruct@CDDDTA@@IPAU12@@Z 10008970 f i dddta.obj
 0001:000079e0       ??1bad_alloc@std@@UAE@XZ   100089e0 f i dddta.obj
 0001:00007a00       ??_Gbad_alloc@std@@UAEPAXI@Z 10008a00 f i dddta.obj
 0001:00007a00       ??_Ebad_alloc@std@@UAEPAXI@Z 10008a00 f i dddta.obj
 0001:00007a40       ??$_Allocate@U_Container_proxy@std@@@std@@YGPAU_Container_proxy@0@IPAU10@@Z 10008a40 f i dddta.obj
 0001:00007ab0       ??0bad_alloc@std@@QAE@ABV01@@Z 10008ab0 f i dddta.obj
 0001:00007ae0       ??0CChangeQueue@@QAE@XZ    10008ae0 f   changequeue.obj
 0001:00007b20       ??0CIncome@@QAE@XZ         10008b20 f   cinomce.obj
 0001:00007be0       ??1CIncome@@QAE@XZ         10008be0 f   cinomce.obj
 0001:00007c10       ?BlitIncome@CIncome@@QAEXPAUIDirectDrawSurface@@@Z 10008c10 f   cinomce.obj
 0001:00007f00       ?ShowAllIncome@CIncome@@AAEHXZ 10008f00 f   cinomce.obj
 0001:00007ff0       ?ShowAllyIncome@CIncome@@AAEHXZ 10008ff0 f   cinomce.obj
 0001:000080c0       ?ShowMyViewIncome@CIncome@@AAEXHH@Z 100090c0 f   cinomce.obj
 0001:00008190       ?ShowPlayerIncome@CIncome@@AAEXHHH@Z 10009190 f   cinomce.obj
 0001:00008490       ?DrawStorageText@CIncome@@AAEHMHH@Z 10009490 f   cinomce.obj
 0001:000085a0       ?DrawTextA@CIncome@@AAEXPADHHD@Z 100095a0 f   cinomce.obj
 0001:00008700       ?PaintStoragebar@CIncome@@AAEXHHHH@Z 10009700 f   cinomce.obj
 0001:000088d0       ?FillRect@CIncome@@AAEXD@Z 100098d0 f   cinomce.obj
 0001:00008940       ?Set@CIncome@@QAEXH@Z      10009940 f   cinomce.obj
 0001:00008960       ?ReadPos@CIncome@@AAEXXZ   10009960 f   cinomce.obj
 0001:00008a10       ?WritePos@CIncome@@AAEXXZ  10009a10 f   cinomce.obj
 0001:00008a90       ?Message@CIncome@@QAE_NPAUHWND__@@IIJ@Z 10009a90 f   cinomce.obj
 0001:00008fb0       ?CorrectPos@CIncome@@AAEXXZ 10009fb0 f   cinomce.obj
 0001:00009040       ?GetPlayerColor@CIncome@@AAEEH@Z 1000a040 f   cinomce.obj
 0001:000090d0       ?DrawPlayerRect@CIncome@@AAEXHHD@Z 1000a0d0 f   cinomce.obj
 0001:00009130       ??$sprintf_s@$0GE@@@YAHAAY0GE@DPBDZZ 1000a130 f i cinomce.obj
 0001:00009160       ??0CWarp@@QAE@XZ           1000a160 f   commanderwarp.obj
 0001:000091f0       ??1CWarp@@QAE@XZ           1000a1f0 f   commanderwarp.obj
 0001:00009220       ?SetPos@CWarp@@AAEXHH@Z    1000a220 f   commanderwarp.obj
 0001:00009280       ?Message@CWarp@@QAE_NPAUHWND__@@IIJ@Z 1000a280 f   commanderwarp.obj
 0001:000094e0       ?Blit@CWarp@@QAEXPAUIDirectDrawSurface@@@Z 1000a4e0 f   commanderwarp.obj
 0001:00009610       ?WithinButton@CWarp@@AAE_NHH@Z 1000a610 f   commanderwarp.obj
 0001:00009660       ?BlitBtn@CWarp@@AAEXPAUIDirectDrawSurface@@@Z 1000a660 f   commanderwarp.obj
 0001:00009770       ??0Dialog@@QAE@XZ          1000a770 f   dialog.obj
 0001:00009af0       ??1Dialog@@QAE@XZ          1000aaf0 f   dialog.obj
 0001:00009d10       ?ShowDialog@Dialog@@QAEXXZ 1000ad10 f   dialog.obj
 0001:00009d70       ?HideDialog@Dialog@@QAEXXZ 1000ad70 f   dialog.obj
 0001:00009da0       ?BlitDialog@Dialog@@QAEXPAUIDirectDrawSurface@@@Z 1000ada0 f   dialog.obj
 0001:00009eb0       ?RestoreCursor@Dialog@@AAEXXZ 1000aeb0 f   dialog.obj
 0001:00009f50       ?RestoreAll@Dialog@@AAEXXZ 1000af50 f   dialog.obj
 0001:0000a0e0       ?Message@Dialog@@QAE_NPAUHWND__@@IIJ@Z 1000b0e0 f   dialog.obj
 0001:0000af50       ?RenderDialog@Dialog@@AAEXXZ 1000bf50 f   dialog.obj
 0001:0000b0a0       ?Inside@Dialog@@AAE_NHHH@Z 1000c0a0 f   dialog.obj
 0001:0000b2e0       ?DrawTextA@Dialog@@QAEXPAUIDirectDrawSurface@@HHPAD@Z 1000c2e0 f   dialog.obj
 0001:0000b5a0       ?DrawSmallText@Dialog@@QAEXPAUIDirectDrawSurface@@HHPAD@Z 1000c5a0 f   dialog.obj
 0001:0000b860       ?SetAll@Dialog@@AAEXXZ     1000c860 f   dialog.obj
 0001:0000b920       ?ReadPos@Dialog@@AAEXXZ    1000c920 f   dialog.obj
 0001:0000b9b0       ?WriteSettings@Dialog@@AAEXXZ 1000c9b0 f   dialog.obj
 0001:0000bb00       ?ReadSettings@Dialog@@AAEXXZ 1000cb00 f   dialog.obj
 0001:0000bd20       ?WritePos@Dialog@@AAEXXZ   1000cd20 f   dialog.obj
 0001:0000bda0       ?CorrectPos@Dialog@@AAEXXZ 1000cda0 f   dialog.obj
 0001:0000be30       ?DrawTinyText@Dialog@@AAEXPADHHD@Z 1000ce30 f   dialog.obj
 0001:0000bf20       ?FillRect@Dialog@@AAEXHHHHD@Z 1000cf20 f   dialog.obj
 0001:0000bf90       ?DrawBackgroundButton@Dialog@@AAEXXZ 1000cf90 f   dialog.obj
 0001:0000c120       ?DrawKeyCode@Dialog@@AAEXXZ 1000d120 f   dialog.obj
 0001:0000c270       ?DrawShareBox@Dialog@@AAEXXZ 1000d270 f   dialog.obj
 0001:0000c590       ?DrawOptimizeDT@Dialog@@AAEXXZ 1000d590 f   dialog.obj
 0001:0000c670       ?DrawVSync@Dialog@@AAEXXZ  1000d670 f   dialog.obj
 0001:0000c7f0       ?DrawFullRings@Dialog@@AAEXXZ 1000d7f0 f   dialog.obj
 0001:0000c8d0       ?DrawWhiteboardKey@Dialog@@AAEXXZ 1000d8d0 f   dialog.obj
 0001:0000ca20       ?BlitCursor@Dialog@@QAEXPAUIDirectDrawSurface@@HH@Z 1000da20 f   dialog.obj
 0001:0000cba0       ?EnterOption@@YGHPAUtagInlineX86StackBuffer@@@Z 1000dba0 f   dialog.obj
 0001:0000cbc0       ?PressInOption@@YGHPAUtagInlineX86StackBuffer@@@Z 1000dbc0 f   dialog.obj
 0001:0000cbe0       ??0CIdleUnits@@QAE@XZ      1000dbe0 f   idlevillager.obj
 0001:0000cc20       ??1CIdleUnits@@QAE@XZ      1000dc20 f   idlevillager.obj
 0001:0000cc40       ?FindIdleConst@CIdleUnits@@AAEXXZ 1000dc40 f   idlevillager.obj
 0001:0000ce90       ?Message@CIdleUnits@@QAE_NPAUHWND__@@IIJ@Z 1000de90 f   idlevillager.obj
 0001:0000cf70       ??0CMapRect@@QAE@XZ        1000df70 f   maprect.obj
 0001:0000d3c0       ??1CMapRect@@QAE@XZ        1000e3c0 f   maprect.obj
 0001:0000d3f0       ?LockBlit@CMapRect@@QAEXPADH@Z 1000e3f0 f   maprect.obj
 0001:0000d770       ?GetMapMaxX@CMapRect@@AAEHXZ 1000e770 f   maprect.obj
 0001:0000d790       ?GetMapMaxY@CMapRect@@AAEHXZ 1000e790 f   maprect.obj
 0001:0000d7b0       ?PaintRect@CMapRect@@AAEXXZ 1000e7b0 f   maprect.obj
 0001:0000d9b0       ?WorldToMiniX@CMapRect@@QAEHH@Z 1000e9b0 f   maprect.obj
 0001:0000d9e0       ?WorldToMiniY@CMapRect@@QAEHH@Z 1000e9e0 f   maprect.obj
 0001:0000da10       ??0CMinimapHandler@@QAE@XZ 1000ea10 f   MinimapHandler.obj
 0001:0000da50       ??_GCMinimapHandler@@UAEPAXI@Z 1000ea50 f i MinimapHandler.obj
 0001:0000da50       ??_ECMinimapHandler@@UAEPAXI@Z 1000ea50 f i MinimapHandler.obj
 0001:0000da80       ??1CMinimapHandler@@UAE@XZ 1000ea80 f   MinimapHandler.obj
 0001:0000daa0       ??0TADRConfig@@QAE@XZ      1000eaa0 f   TAConfig.obj
 0001:0000de10       ??1TADRConfig@@QAE@XZ      1000ee10 f   TAConfig.obj
 0001:0000dff0       ?GetIniBool@TADRConfig@@QAEHPBDH@Z 1000eff0 f   TAConfig.obj
 0001:0000e0a0       ?GetIniInt@TADRConfig@@QAEHPBDH@Z 1000f0a0 f   TAConfig.obj
 0001:0000e0d0       ?GetIniStr@TADRConfig@@QAEHPBDPADK1@Z 1000f0d0 f   TAConfig.obj
 0001:0000e100       ?TARegPath_HKEY@TADRConfig@@AAEPAUHKEY__@@XZ 1000f100 f   TAConfig.obj
 0001:0000e160       ?WriteTAReg_Dword@TADRConfig@@QAEJPADK@Z 1000f160 f   TAConfig.obj
 0001:0000e1a0       ?WriteTAReg_Str@TADRConfig@@QAEJPADPBDK@Z 1000f1a0 f   TAConfig.obj
 0001:0000e1f0       ?ReadTAReg_Dword@TADRConfig@@QAEJPADPAK@Z 1000f1f0 f   TAConfig.obj
 0001:0000e230       ?LoadIniRegSetting@TADRConfig@@AAEXPAE@Z 1000f230 f   TAConfig.obj
 0001:0000e7e0       ?strlwr_s@Checked@ATL@@YAXPADI@Z 1000f7e0 f i TAConfig.obj
 0001:0000e8b0       ?AtlThrowImpl@ATL@@YGXJ@Z  1000f8b0 f i TAConfig.obj
 0001:0000e8e0       ?strupr_s@Checked@ATL@@YAXPADI@Z 1000f8e0 f i TAConfig.obj
 0001:0000e9b0       ?EnumIniRegInfo_Begin@TADRConfig@@QAEHPAPAU_EnumRegInfo@@PAPBDPAPBX@Z 1000f9b0 f   TAConfig.obj
 0001:0000ea80       ?EnumIniRegInfo_Next@TADRConfig@@QAEHPAPAU_EnumRegInfo@@PAPBDPAPBX@Z 1000fa80 f   TAConfig.obj
 0001:0000ebe0       ?EnumIniRegInfo_End@TADRConfig@@QAEHPAPAU_EnumRegInfo@@@Z 1000fbe0 f   TAConfig.obj
 0001:0000ec50       ?FindRegDword@TADRConfig@@QAEKPADK@Z 1000fc50 f   TAConfig.obj
 0001:0000ece0       ?GetIniCrc@TADRConfig@@QAEIXZ 1000fce0 f   TAConfig.obj
 0001:0000edc0       ??0RegDword@@QAE@PADHK@Z   1000fdc0 f   TAConfig.obj
 0001:0000ee30       ??1RegDword@@QAE@XZ        1000fe30 f   TAConfig.obj
 0001:0000ee60       ??0RegString@@QAE@PADH0H@Z 1000fe60 f   TAConfig.obj
 0001:0000ef00       ??1RegString@@QAE@XZ       1000ff00 f   TAConfig.obj
 0001:0000ef50       ?Name@RegString@@QAEPBDXZ  1000ff50 f   TAConfig.obj
 0001:0000ef50       ?Name@RegDword@@QAEPBDXZ   1000ff50 f   TAConfig.obj
 0001:0000ef60       ??1?$vector@PAVGraphicElement@@V?$allocator@PAVGraphicElement@@@std@@@std@@QAE@XZ 1000ff60 f i whiteboard.obj
 0001:0000ef60       ??1?$vector@PADV?$allocator@PAD@std@@@std@@QAE@XZ 1000ff60 f i UnicodeSupport.obj
 0001:0000ef60       ??1?$vector@PAVRegString@@V?$allocator@PAVRegString@@@std@@@std@@QAE@XZ 1000ff60 f i TAConfig.obj
 0001:0000ef60       ??1?$vector@PAVRegDword@@V?$allocator@PAVRegDword@@@std@@@std@@QAE@XZ 1000ff60 f i TAConfig.obj
 0001:0000efb0       ?push_back@?$vector@PAVGraphicElement@@V?$allocator@PAVGraphicElement@@@std@@@std@@QAEXABQAVGraphicElement@@@Z 1000ffb0 f i ElementHandler.obj
 0001:0000efb0       ?push_back@?$vector@PAVRegString@@V?$allocator@PAVRegString@@@std@@@std@@QAEXABQAVRegString@@@Z 1000ffb0 f i TAConfig.obj
 0001:0000efb0       ?push_back@?$vector@PAVRegDword@@V?$allocator@PAVRegDword@@@std@@@std@@QAEXABQAVRegDword@@@Z 1000ffb0 f i TAConfig.obj
 0001:0000f090       ?back@?$vector@PAVRegString@@V?$allocator@PAVRegString@@@std@@@std@@QAEAAPAVRegString@@XZ 10010090 f i TAConfig.obj
 0001:0000f0d0       ??$_Cons_val@V?$allocator@PAVRegString@@@std@@PAVRegString@@AAPAV3@@std@@YGXAAV?$allocator@PAVRegString@@@0@PAPAVRegString@@AAPAV2@@Z 100100d0 f i TAConfig.obj
 0001:0000f0d0       ??$_Cons_val@V?$allocator@PAD@std@@PADPAD@std@@YGXAAV?$allocator@PAD@0@PAPAD$$QAPAD@Z 100100d0 f i UnicodeSupport.obj
 0001:0000f0d0       ??$_Cons_val@V?$allocator@PAVGraphicElement@@@std@@PAVGraphicElement@@AAPAV3@@std@@YGXAAV?$allocator@PAVGraphicElement@@@0@PAPAVGraphicElement@@AAPAV2@@Z 100100d0 f i ElementHandler.obj
 0001:0000f0d0       ??$_Cons_val@V?$allocator@PAVGraphicElement@@@std@@PAVGraphicElement@@PAV3@@std@@YGXAAV?$allocator@PAVGraphicElement@@@0@PAPAVGraphicElement@@$$QAPAV2@@Z 100100d0 f i whiteboard.obj
 0001:0000f0d0       ??$_Cons_val@V?$allocator@PAVRegDword@@@std@@PAVRegDword@@AAPAV3@@std@@YGXAAV?$allocator@PAVRegDword@@@0@PAPAVRegDword@@AAPAV2@@Z 100100d0 f i TAConfig.obj
 0001:0000f110       ??$_Cons_val@V?$allocator@PAVRegDword@@@std@@PAVRegDword@@ABQAV3@@std@@YGXAAV?$allocator@PAVRegDword@@@0@PAPAVRegDword@@ABQAV2@@Z 10010110 f i TAConfig.obj
 0001:0000f110       ??$_Cons_val@V?$allocator@PAVRegString@@@std@@PAVRegString@@ABQAV3@@std@@YGXAAV?$allocator@PAVRegString@@@0@PAPAVRegString@@ABQAV2@@Z 10010110 f i TAConfig.obj
 0001:0000f110       ??$_Cons_val@V?$allocator@PAVGraphicElement@@@std@@PAVGraphicElement@@ABQAV3@@std@@YGXAAV?$allocator@PAVGraphicElement@@@0@PAPAVGraphicElement@@ABQAV2@@Z 10010110 f i ElementHandler.obj
 0001:0000f150       ??0CTAHook@@QAE@XZ         10010150 f   tahook.obj
 0001:0000f410       ??1CTAHook@@QAE@XZ         10010410 f   tahook.obj
 0001:0000f4a0       ?Message@CTAHook@@QAE_NPAUHWND__@@IIJ@Z 100104a0 f   tahook.obj
 0001:0000fe00       ?Set@CTAHook@@QAEXHPAD_N1H@Z 10010e00 f   tahook.obj
 0001:0000fe50       ?WriteShareMacro@CTAHook@@QAEXXZ 10010e50 f   tahook.obj
 0001:0000ffa0       ?Blit@CTAHook@@QAEXPAUIDirectDrawSurface@@@Z 10010fa0 f   tahook.obj
 0001:0000ffb0       ?TABlit@CTAHook@@QAEXXZ    10010fb0 f   tahook.obj
 0001:00010000       ?WriteDTLine@CTAHook@@AAEXXZ 10011000 f   tahook.obj
 0001:000100a0       ?CalculateLine@CTAHook@@AAEXXZ 100110a0 f   tahook.obj
 0001:00010350       ?UpdateSpacing@CTAHook@@AAEXXZ 10011350 f   tahook.obj
 0001:00010390       ?OptimizeDTRows@CTAHook@@AAEXXZ 10011390 f   tahook.obj
 0001:00010700       ?VisualizeRow@CTAHook@@AAEXXZ 10011700 f   tahook.obj
 0001:00010830       ?GetMaxScrollX@CTAHook@@SGHXZ 10011830 f   tahook.obj
 0001:00010870       ?GetMaxScrollY@CTAHook@@SGHXZ 10011870 f   tahook.obj
 0001:000108b0       ?CalculateRing@CTAHook@@AAEXXZ 100118b0 f   tahook.obj
 0001:000109b0       ?CalculateRing@CTAHook@@AAEXHHHH@Z 100119b0 f   tahook.obj
 0001:00010d40       ?ClickBuilding@CTAHook@@AAEXHH@Z 10011d40 f   tahook.obj
 0001:00010db0       ?GetFootX@CTAHook@@AAEFXZ  10011db0 f   tahook.obj
 0001:00010de0       ?GetFootY@CTAHook@@AAEFXZ  10011de0 f   tahook.obj
 0001:00010e10       ?DrawBuildRect@CTAHook@@AAEXHHHHH@Z 10011e10 f   tahook.obj
 0001:00011000       ?EnableTABuildRect@CTAHook@@AAEXXZ 10012000 f   tahook.obj
 0001:00011030       ?DisableTABuildRect@CTAHook@@AAEXXZ 10012030 f   tahook.obj
 0001:00011060       ?PaintMinimapRect@CTAHook@@AAEXXZ 10012060 f   tahook.obj
 0001:00011090       ??0UnicodeSupport@@QAE@PBDKK@Z 10012090 f   UnicodeSupport.obj
 0001:000116d0       ?CreateSurfaceFromContextScreen@UnicodeSupport@@QAEPAUIDirectDrawSurface@@PAU_OFFSCREEN@@PAUIDirectDraw@@PAPAU2@@Z 100126d0 f   UnicodeSupport.obj
 0001:00011780       ?NewSpecScreenSurface@UnicodeSupport@@AAEPAUtagSpecScreenSurface@@PAU_OFFSCREEN@@@Z 10012780 f   UnicodeSupport.obj
 0001:00011870       ?FreeSpecScreenSurface@UnicodeSupport@@AAEXPAUtagSpecScreenSurface@@@Z 10012870 f   UnicodeSupport.obj
 0001:00011950       ?GetSpecScreenSurface@UnicodeSupport@@AAEPAUtagSpecScreenSurface@@PAU_OFFSCREEN@@@Z 10012950 f   UnicodeSupport.obj
 0001:00011a20       ?UnicodeDrawTextA@UnicodeSupport@@QAEHPAU_OFFSCREEN@@PADPAUIDirectDraw@@HH@Z 10012a20 f   UnicodeSupport.obj
 0001:00011d00       ?IsIDDrawLost@UnicodeSupport@@AAEHXZ 10012d00 f   UnicodeSupport.obj
 0001:00011d30       ?RestoreLocalSurf@UnicodeSupport@@AAEXXZ 10012d30 f   UnicodeSupport.obj
 0001:00011e30       ?Blt@UnicodeSupport@@QAE_NPAUIDirectDrawSurface@@@Z 10012e30 f   UnicodeSupport.obj
 0001:000120d0       ?ReleaseCandidateList@UnicodeSupport@@AAEXXZ 100130d0 f   UnicodeSupport.obj
 0001:000121c0       ?DrawSeparator@UnicodeSupport@@AAEHPAUHDC__@@HPAH1PAUHBRUSH__@@@Z 100131c0 f   UnicodeSupport.obj
 0001:00012230       ?DrawALine_Ime@UnicodeSupport@@AAEXPAUHDC__@@PADPAH2@Z 10013230 f   UnicodeSupport.obj
 0001:000122d0       ?UpdateImeInput@UnicodeSupport@@AAE_NXZ 100132d0 f   UnicodeSupport.obj
 0001:000124f0       ?UpdateImeFrame@UnicodeSupport@@AAE_NXZ 100134f0 f   UnicodeSupport.obj
 0001:000128f0       ?SetHDCFont@UnicodeSupport@@AAEXPAUHDC__@@PAUHFONT__@@@Z 100138f0 f   UnicodeSupport.obj
 0001:00012930       ?SendStr@UnicodeSupport@@AAEXPAD@Z 10013930 f   UnicodeSupport.obj
 0001:00012980       ?Message@UnicodeSupport@@QAE_NPAUHWND__@@IIJ@Z 10013980 f   UnicodeSupport.obj
 0001:00012ee0       ?CopyToContextScreenMem@@YGXPAU_OFFSCREEN@@PAUtagSpecScreenSurface@@@Z 10013ee0 f   UnicodeSupport.obj
 0001:00012f60       ?CopyToSpecSurfaceMem@@YGXPAUtagSpecScreenSurface@@PAU_OFFSCREEN@@@Z 10013f60 f   UnicodeSupport.obj
 0001:00012ff0       ?USDrawTextInScreen_HookRouter@@YGHPAUtagInlineX86StackBuffer@@@Z 10013ff0 f   UnicodeSupport.obj
 0001:00013120       ?myValidChar@@YGHPAUtagInlineX86StackBuffer@@@Z 10014120 f   UnicodeSupport.obj
 0001:00013280       ?myDeleteChar@@YGHPAUtagInlineX86StackBuffer@@@Z 10014280 f   UnicodeSupport.obj
 0001:00013360       ?Blt_BottomState0_Text@@YGHPAUtagInlineX86StackBuffer@@@Z 10014360 f   UnicodeSupport.obj
 0001:00013490       ?Blt_BottomState1_Text@@YGHPAUtagInlineX86StackBuffer@@@Z 10014490 f   UnicodeSupport.obj
 0001:000135c0       ?PopadState@@YGHPAUtagInlineX86StackBuffer@@@Z 100145c0 f   UnicodeSupport.obj
 0001:00013670       ?GetStrExtent@@YGHPAUtagInlineX86StackBuffer@@@Z 10014670 f   UnicodeSupport.obj
 0001:000136d0       ?GetTextExtent_AssignCharLen@@YGHPAUtagInlineX86StackBuffer@@@Z 100146d0 f   UnicodeSupport.obj
 0001:00013730       ?pop_back@?$vector@PAVRegString@@V?$allocator@PAVRegString@@@std@@@std@@QAEXXZ 10014730 f i TAConfig.obj
 0001:00013730       ?pop_back@?$vector@PADV?$allocator@PAD@std@@@std@@QAEXXZ 10014730 f i UnicodeSupport.obj
 0001:00013730       ?pop_back@?$vector@PAVRegDword@@V?$allocator@PAVRegDword@@@std@@@std@@QAEXXZ 10014730 f i TAConfig.obj
 0001:00013730       ?pop_back@?$vector@PAVGraphicElement@@V?$allocator@PAVGraphicElement@@@std@@@std@@QAEXXZ 10014730 f i ElementHandler.obj
 0001:00013780       ?_Reserve@?$vector@PAVRegDword@@V?$allocator@PAVRegDword@@@std@@@std@@IAEXI@Z 10014780 f i TAConfig.obj
 0001:00013780       ?_Reserve@?$vector@PAVGraphicElement@@V?$allocator@PAVGraphicElement@@@std@@@std@@IAEXI@Z 10014780 f i whiteboard.obj
 0001:00013780       ?_Reserve@?$vector@PADV?$allocator@PAD@std@@@std@@IAEXI@Z 10014780 f i UnicodeSupport.obj
 0001:00013780       ?_Reserve@?$vector@PAVRegString@@V?$allocator@PAVRegString@@@std@@@std@@IAEXI@Z 10014780 f i TAConfig.obj
 0001:00013810       ?_Tidy@?$vector@PAVRegString@@V?$allocator@PAVRegString@@@std@@@std@@IAEXXZ 10014810 f i TAConfig.obj
 0001:00013810       ?_Tidy@?$vector@PAVGraphicElement@@V?$allocator@PAVGraphicElement@@@std@@@std@@IAEXXZ 10014810 f i whiteboard.obj
 0001:00013810       ?_Tidy@?$vector@PAVRegDword@@V?$allocator@PAVRegDword@@@std@@@std@@IAEXXZ 10014810 f i TAConfig.obj
 0001:00013810       ?_Tidy@?$vector@PADV?$allocator@PAD@std@@@std@@IAEXXZ 10014810 f i UnicodeSupport.obj
 0001:00013870       ?reserve@?$vector@PAVGraphicElement@@V?$allocator@PAVGraphicElement@@@std@@@std@@QAEXI@Z 10014870 f i whiteboard.obj
 0001:00013870       ?reserve@?$vector@PAVRegString@@V?$allocator@PAVRegString@@@std@@@std@@QAEXI@Z 10014870 f i TAConfig.obj
 0001:00013870       ?reserve@?$vector@PADV?$allocator@PAD@std@@@std@@QAEXI@Z 10014870 f i UnicodeSupport.obj
 0001:00013870       ?reserve@?$vector@PAVRegDword@@V?$allocator@PAVRegDword@@@std@@@std@@QAEXI@Z 10014870 f i TAConfig.obj
 0001:000139f0       ??0LimitCrack@@QAE@XZ      100149f0 f   LimitCrack.obj
 0001:00014050       ??1LimitCrack@@QAE@XZ      10015050 f   LimitCrack.obj
 0001:00014270       ??0IncreaseAISearchMapEntriesLimit@@QAE@K@Z 10015270 f   LimitCrack.obj
 0001:00014310       ??1IncreaseAISearchMapEntriesLimit@@QAE@XZ 10015310 f   LimitCrack.obj
 0001:00014360       ??0IncreaseWeaponTypeLimit@@QAE@K@Z 10015360 f   LimitCrack.obj
 0001:00014390       ?NewLimit@IncreaseWeaponTypeLimit@@AAEXK@Z 10015390 f   LimitCrack.obj
 0001:000144d0       ??1IncreaseWeaponTypeLimit@@QAE@XZ 100154d0 f   LimitCrack.obj
 0001:000146f0       ?WriteWeaponAryPtr@IncreaseWeaponTypeLimit@@AAEPAXPAPAX@Z 100156f0 f   LimitCrack.obj
 0001:00014860       ?WriteWeaponAryLen@IncreaseWeaponTypeLimit@@AAEKK@Z 10015860 f   LimitCrack.obj
 0001:00014930       ?WeaponType_IdLimit@IncreaseWeaponTypeLimit@@AAEXXZ 10015930 f   LimitCrack.obj
 0001:00014a90       ??0IncreaseUnitTypeLimit@@QAE@H@Z 10015a90 f   LimitCrack.obj
 0001:00014ab0       ??1IncreaseUnitTypeLimit@@QAE@XZ 10015ab0 f   LimitCrack.obj
 0001:00014e10       ?WriteNewLimit@IncreaseUnitTypeLimit@@AAEXK@Z 10015e10 f   LimitCrack.obj
 0001:00015580       ??0IncreaseCompositeBuf@@QAE@KK@Z 10016580 f   LimitCrack.obj
 0001:000155a0       ??1IncreaseCompositeBuf@@QAE@XZ 100165a0 f   LimitCrack.obj
 0001:00015600       ?WriteNewLimit@IncreaseCompositeBuf@@AAEXKK@Z 10016600 f   LimitCrack.obj
 0001:000156f0       ?Sfx_mallocBufSizeRouter@@YGHPAUtagInlineX86StackBuffer@@@Z 100166f0 f   LimitCrack.obj
 0001:00015710       ??0IncreaseSfxLimit@@QAE@K@Z 10016710 f   LimitCrack.obj
 0001:00015740       ??1IncreaseSfxLimit@@QAE@XZ 10016740 f   LimitCrack.obj
 0001:00015810       ?SetNewLimit@IncreaseSfxLimit@@AAEXKK@Z 10016810 f   LimitCrack.obj
 0001:00015970       ??0UnitLimit@@QAE@K@Z      10016970 f   LimitCrack.obj
 0001:000159c0       ?NewUnitLimit@UnitLimit@@AAEXK@Z 100169c0 f   LimitCrack.obj
 0001:00015b50       ??0AlliesWhiteboard@@QAE@XZ 10016b50 f   whiteboard.obj
 0001:00015d60       ??1AlliesWhiteboard@@QAE@XZ 10016d60 f   whiteboard.obj
 0001:00015e30       ?Blit@AlliesWhiteboard@@QAEXPAUIDirectDrawSurface@@@Z 10016e30 f   whiteboard.obj
 0001:00015ea0       ?LockBlit@AlliesWhiteboard@@QAEXPADH@Z 10016ea0 f   whiteboard.obj
 0001:000160d0       ?Message@AlliesWhiteboard@@QAE_NPAUHWND__@@IIJ@Z 100170d0 f   whiteboard.obj
 0001:00016b50       ??0GraphicText@@QAE@HHPADD@Z 10017b50 f i whiteboard.obj
 0001:00016c20       ??1GraphicElement@@UAE@XZ  10017c20 f i whiteboard.obj
 0001:00016c40       ??_GGraphicText@@UAEPAXI@Z 10017c40 f i whiteboard.obj
 0001:00016c40       ??_EGraphicText@@UAEPAXI@Z 10017c40 f i whiteboard.obj
 0001:00016c90       ?Set@AlliesWhiteboard@@QAEXH@Z 10017c90 f   whiteboard.obj
 0001:00016cb0       ?DrawTextInput@AlliesWhiteboard@@AAEXPAUIDirectDrawSurface@@@Z 10017cb0 f   whiteboard.obj
 0001:00016ed0       ?TextInputKeyDown@AlliesWhiteboard@@AAEXH@Z 10017ed0 f   whiteboard.obj
 0001:00017090       ??0GraphicTextEdited@@QAE@HHPADD@Z 10018090 f i whiteboard.obj
 0001:00017160       ??_GGraphicTextEdited@@UAEPAXI@Z 10018160 f i whiteboard.obj
 0001:00017160       ??_EGraphicTextEdited@@UAEPAXI@Z 10018160 f i whiteboard.obj
 0001:000171b0       ?TextInputChar@AlliesWhiteboard@@AAEXD@Z 100181b0 f   whiteboard.obj
 0001:00017230       ?AddTextMarker@AlliesWhiteboard@@AAEXXZ 10018230 f   whiteboard.obj
 0001:00017380       ?RestoreAll@AlliesWhiteboard@@AAEXXZ 10018380 f   whiteboard.obj
 0001:000173f0       ?DrawMarkers@AlliesWhiteboard@@AAEXPAUIDirectDrawSurface@@@Z 100183f0 f   whiteboard.obj
 0001:00017570       ?DrawMinimapMarkers@AlliesWhiteboard@@QAEXPADH_N@Z 10018570 f   whiteboard.obj
 0001:00017d40       ?GetMarkers@AlliesWhiteboard@@QAEXPAUMarkerArray@@@Z 10018d40 f   whiteboard.obj
 0001:00017f20       ?DrawTextMarker@AlliesWhiteboard@@AAEXPAUIDirectDrawSurface@@HHPADD@Z 10018f20 f   whiteboard.obj
 0001:00018090       ?DeleteMarker@AlliesWhiteboard@@AAEXHH@Z 10019090 f   whiteboard.obj
 0001:00018130       ?EreaseArea@AlliesWhiteboard@@AAEXHH@Z 10019130 f   whiteboard.obj
 0001:00018200       ?MouseMove@AlliesWhiteboard@@AAEXHHHH@Z 10019200 f   whiteboard.obj
 0001:000183c0       ??_EDeleteGraphic@@UAEPAXI@Z 100193c0 f i whiteboard.obj
 0001:000183c0       ??_EGraphicLine@@UAEPAXI@Z 100193c0 f i whiteboard.obj
 0001:000183c0       ??_EGraphicElement@@UAEPAXI@Z 100193c0 f i whiteboard.obj
 0001:000183c0       ??_GGraphicLine@@UAEPAXI@Z 100193c0 f i whiteboard.obj
 0001:000183c0       ??_GGraphicElement@@UAEPAXI@Z 100193c0 f i whiteboard.obj
 0001:000183c0       ??_GGraphicMoveText@@UAEPAXI@Z 100193c0 f i whiteboard.obj
 0001:000183c0       ??_GDeleteGraphic@@UAEPAXI@Z 100193c0 f i whiteboard.obj
 0001:000183c0       ??_EGraphicMoveText@@UAEPAXI@Z 100193c0 f i whiteboard.obj
 0001:000183f0       ?ReceiveMarkers@AlliesWhiteboard@@AAEXXZ 100193f0 f   whiteboard.obj
 0001:00018880       ?SendMarkers@AlliesWhiteboard@@AAEXXZ 10019880 f   whiteboard.obj
 0001:00019170       ?DrawLine@AlliesWhiteboard@@QAEXHHHHDPADH@Z 1001a170 f   whiteboard.obj
 0001:00019280       ?DrawFreeLine@AlliesWhiteboard@@QAEXHHHHDPADH@Z 1001a280 f   whiteboard.obj
 0001:000192d0       ?EchoMarker@AlliesWhiteboard@@AAEXPAD@Z 1001a2d0 f   whiteboard.obj
 0001:00019330       ?GetTextElementAt@AlliesWhiteboard@@AAEPAVGraphicElement@@HHH@Z 1001a330 f   whiteboard.obj
 0001:00019450       ?ScrollToCenter@CIdleUnits@@AAEXHH@Z 1001a450 f   idlevillager.obj
 0001:00019450       ?ScrollToCenter@AlliesWhiteboard@@QAEXHH@Z 1001a450 f   whiteboard.obj
 0001:00019510       ?DrawRotateRect@AlliesWhiteboard@@AAEXHHHPADH@Z 1001a510 f   whiteboard.obj
 0001:00019780       ?Clip_Line@AlliesWhiteboard@@QAEHAAH000@Z 1001a780 f   whiteboard.obj
 0001:0001a250       ?Draw_Line@AlliesWhiteboard@@QAEHHHHHEPAEH@Z 1001b250 f   whiteboard.obj
 0001:0001a390       ?GenerateLookupTables@AlliesWhiteboard@@AAEXXZ 1001b390 f   whiteboard.obj
 0001:0001a420       ?push_back@?$deque@PAVGraphicElement@@V?$allocator@PAVGraphicElement@@@std@@@std@@QAEX$$QAPAVGraphicElement@@@Z 1001b420 f i whiteboard.obj
 0001:0001a500       ??1?$deque@PAVGraphicElement@@V?$allocator@PAVGraphicElement@@@std@@@std@@QAE@XZ 1001b500 f i whiteboard.obj
 0001:0001a580       ?pop_front@?$deque@PAVGraphicElement@@V?$allocator@PAVGraphicElement@@@std@@@std@@QAEXXZ 1001b580 f i whiteboard.obj
 0001:0001a640       ??1?$deque@UMMHS@AlliesWhiteboard@@V?$allocator@UMMHS@AlliesWhiteboard@@@std@@@std@@QAE@XZ 1001b640 f i whiteboard.obj
 0001:0001a6c0       ?back@?$deque@UMMHS@AlliesWhiteboard@@V?$allocator@UMMHS@AlliesWhiteboard@@@std@@@std@@QAEAAUMMHS@AlliesWhiteboard@@XZ 1001b6c0 f i whiteboard.obj
 0001:0001a750       ?push_front@?$deque@UMMHS@AlliesWhiteboard@@V?$allocator@UMMHS@AlliesWhiteboard@@@std@@@std@@QAEXABUMMHS@AlliesWhiteboard@@@Z 1001b750 f i whiteboard.obj
 0001:0001a870       ?pop_back@?$deque@UMMHS@AlliesWhiteboard@@V?$allocator@UMMHS@AlliesWhiteboard@@@std@@@std@@QAEXXZ 1001b870 f i whiteboard.obj
 0001:0001a920       ??1?$_Vector_val@PADV?$allocator@PAD@std@@@std@@QAE@XZ 1001b920 f i UnicodeSupport.obj
 0001:0001a920       ??1?$_Vector_val@PAVRegString@@V?$allocator@PAVRegString@@@std@@@std@@QAE@XZ 1001b920 f i TAConfig.obj
 0001:0001a920       ??1CChangeQueue@@QAE@XZ    1001b920 f i changequeue.obj
 0001:0001a920       ??1?$_Vector_val@PAVRegDword@@V?$allocator@PAVRegDword@@@std@@@std@@QAE@XZ 1001b920 f i TAConfig.obj
 0001:0001a920       ??1?$_Vector_val@PAVGraphicElement@@V?$allocator@PAVGraphicElement@@@std@@@std@@QAE@XZ 1001b920 f i whiteboard.obj
 0001:0001a920       ?Draw@GraphicLine@@UAEXXZ  1001b920 f i whiteboard.obj
 0001:0001a920       ??1?$_Deque_iterator@PAVGraphicElement@@V?$allocator@PAVGraphicElement@@@std@@@std@@QAE@XZ 1001b920 f i whiteboard.obj
 0001:0001a920       ??1_Container_base12@std@@QAE@XZ 1001b920 f i dddta.obj
 0001:0001a920       ?Erase@PCX@@QAEXXZ         1001b920 f i PCX.obj
 0001:0001a920       ?Draw@GraphicText@@UAEXXZ  1001b920 f i whiteboard.obj
 0001:0001a920       ??1?$_Deque_iterator@UTAShareMemStruct@CDDDTA@@V?$allocator@UTAShareMemStruct@CDDDTA@@@std@@@std@@QAE@XZ 1001b920 f i dddta.obj
 0001:0001a920       ?SetVisibleList@Dialog@@AAEXXZ 1001b920 f i dialog.obj
 0001:0001a920       ?Draw@GraphicElement@@UAEXXZ 1001b920 f i whiteboard.obj
 0001:0001a920       ??1?$_Deque_iterator@UMMHS@AlliesWhiteboard@@V?$allocator@UMMHS@AlliesWhiteboard@@@std@@@std@@QAE@XZ 1001b920 f i whiteboard.obj
 0001:0001a930       ?begin@?$deque@PAVGraphicElement@@V?$allocator@PAVGraphicElement@@@std@@@std@@QAE?AV?$_Deque_iterator@PAVGraphicElement@@V?$allocator@PAVGraphicElement@@@std@@@2@XZ 1001b930 f i whiteboard.obj
 0001:0001a930       ?begin@?$deque@UMMHS@AlliesWhiteboard@@V?$allocator@UMMHS@AlliesWhiteboard@@@std@@@std@@QAE?AV?$_Deque_iterator@UMMHS@AlliesWhiteboard@@V?$allocator@UMMHS@AlliesWhiteboard@@@std@@@2@XZ 1001b930 f i whiteboard.obj
 0001:0001a930       ?begin@?$deque@UTAShareMemStruct@CDDDTA@@V?$allocator@UTAShareMemStruct@CDDDTA@@@std@@@std@@QAE?AV?$_Deque_iterator@UTAShareMemStruct@CDDDTA@@V?$allocator@UTAShareMemStruct@CDDDTA@@@std@@@2@XZ 1001b930 f i dddta.obj
 0001:0001a990       ?_Growmap@?$deque@PAVGraphicElement@@V?$allocator@PAVGraphicElement@@@std@@@std@@IAEXI@Z 1001b990 f i whiteboard.obj
 0001:0001ad40       ?_Tidy@?$deque@PAVGraphicElement@@V?$allocator@PAVGraphicElement@@@std@@@std@@IAEXXZ 1001bd40 f i whiteboard.obj
 0001:0001ae10       ??0?$_Deque_val@UMMHS@AlliesWhiteboard@@V?$allocator@UMMHS@AlliesWhiteboard@@@std@@@std@@QAE@V?$allocator@UMMHS@AlliesWhiteboard@@@1@@Z 1001be10 f i whiteboard.obj
 0001:0001ae10       ??0?$_Deque_val@PAVGraphicElement@@V?$allocator@PAVGraphicElement@@@std@@@std@@QAE@V?$allocator@PAVGraphicElement@@@1@@Z 1001be10 f i whiteboard.obj
 0001:0001ae10       ??0?$_Deque_val@UTAShareMemStruct@CDDDTA@@V?$allocator@UTAShareMemStruct@CDDDTA@@@std@@@std@@QAE@V?$allocator@UTAShareMemStruct@CDDDTA@@@1@@Z 1001be10 f i dddta.obj
 0001:0001aed0       ?end@?$deque@UMMHS@AlliesWhiteboard@@V?$allocator@UMMHS@AlliesWhiteboard@@@std@@@std@@QAE?AV?$_Deque_iterator@UMMHS@AlliesWhiteboard@@V?$allocator@UMMHS@AlliesWhiteboard@@@std@@@2@XZ 1001bed0 f i whiteboard.obj
 0001:0001af40       ?_Growmap@?$deque@UMMHS@AlliesWhiteboard@@V?$allocator@UMMHS@AlliesWhiteboard@@@std@@@std@@IAEXI@Z 1001bf40 f i whiteboard.obj
 0001:0001b2e0       ?_Tidy@?$deque@UMMHS@AlliesWhiteboard@@V?$allocator@UMMHS@AlliesWhiteboard@@@std@@@std@@IAEXXZ 1001c2e0 f i whiteboard.obj
 0001:0001b3b0       ?_Assign_rv@?$vector@PAVGraphicElement@@V?$allocator@PAVGraphicElement@@@std@@@std@@QAEX$$QAV12@@Z 1001c3b0 f i whiteboard.obj
 0001:0001b4a0       ??H?$_Deque_iterator@UTAShareMemStruct@CDDDTA@@V?$allocator@UTAShareMemStruct@CDDDTA@@@std@@@std@@QBE?AV01@H@Z 1001c4a0 f i dddta.obj
 0001:0001b4a0       ??H?$_Deque_iterator@UMMHS@AlliesWhiteboard@@V?$allocator@UMMHS@AlliesWhiteboard@@@std@@@std@@QBE?AV01@H@Z 1001c4a0 f i whiteboard.obj
 0001:0001b550       ??G?$_Deque_iterator@UMMHS@AlliesWhiteboard@@V?$allocator@UMMHS@AlliesWhiteboard@@@std@@@std@@QBE?AV01@H@Z 1001c550 f i whiteboard.obj
 0001:0001b600       ?pop_back@?$deque@PAVGraphicElement@@V?$allocator@PAVGraphicElement@@@std@@@std@@QAEXXZ 1001c600 f i whiteboard.obj
 0001:0001b6b0       ?push_back@?$vector@PAVGraphicElement@@V?$allocator@PAVGraphicElement@@@std@@@std@@QAEX$$QAPAVGraphicElement@@@Z 1001c6b0 f i whiteboard.obj
 0001:0001b6b0       ?push_back@?$vector@PADV?$allocator@PAD@std@@@std@@QAEX$$QAPAD@Z 1001c6b0 f i UnicodeSupport.obj
 0001:0001b790       ?clear@?$vector@PAVGraphicElement@@V?$allocator@PAVGraphicElement@@@std@@@std@@QAEXXZ 1001c790 f i whiteboard.obj
 0001:0001b7e0       ??D?$_Deque_const_iterator@PAVGraphicElement@@V?$allocator@PAVGraphicElement@@@std@@@std@@QBEABQAVGraphicElement@@XZ 1001c7e0 f i whiteboard.obj
 0001:0001b860       ??D?$_Deque_const_iterator@UMMHS@AlliesWhiteboard@@V?$allocator@UMMHS@AlliesWhiteboard@@@std@@@std@@QBEABUMMHS@AlliesWhiteboard@@XZ 1001c860 f i whiteboard.obj
 0001:0001b8e0       ?erase@?$vector@PAVGraphicElement@@V?$allocator@PAVGraphicElement@@@std@@@std@@QAE?AV?$_Vector_iterator@V?$_Vector_val@PAVGraphicElement@@V?$allocator@PAVGraphicElement@@@std@@@std@@@2@V?$_Vector_const_iterator@V?$_Vector_val@PAVGraphicElement@@V?$allocator@PAVGraphicElement@@@std@@@std@@@2@0@Z 1001c8e0 f i whiteboard.obj
 0001:0001b990       ?_Grow_to@?$vector@PAVRegDword@@V?$allocator@PAVRegDword@@@std@@@std@@IBEII@Z 1001c990 f i TAConfig.obj
 0001:0001b990       ?_Grow_to@?$vector@PADV?$allocator@PAD@std@@@std@@IBEII@Z 1001c990 f i UnicodeSupport.obj
 0001:0001b990       ?_Grow_to@?$vector@PAVRegString@@V?$allocator@PAVRegString@@@std@@@std@@IBEII@Z 1001c990 f i TAConfig.obj
 0001:0001b990       ?_Grow_to@?$vector@PAVGraphicElement@@V?$allocator@PAVGraphicElement@@@std@@@std@@IBEII@Z 1001c990 f i whiteboard.obj
 0001:0001ba10       ??$_Dest_val@V?$allocator@UTAShareMemStruct@CDDDTA@@@std@@UTAShareMemStruct@CDDDTA@@@std@@YGXAAV?$allocator@UTAShareMemStruct@CDDDTA@@@0@PAUTAShareMemStruct@CDDDTA@@@Z 1001ca10 f i dddta.obj
 0001:0001ba10       ??$_Dest_val@V?$allocator@PAD@std@@PAD@std@@YGXAAV?$allocator@PAD@0@PAPAD@Z 1001ca10 f i UnicodeSupport.obj
 0001:0001ba10       ??$_Dest_val@V?$allocator@PAVRegString@@@std@@PAVRegString@@@std@@YGXAAV?$allocator@PAVRegString@@@0@PAPAVRegString@@@Z 1001ca10 f i TAConfig.obj
 0001:0001ba10       ??$_Dest_val@V?$allocator@U_Container_proxy@std@@@std@@U_Container_proxy@2@@std@@YGXAAV?$allocator@U_Container_proxy@std@@@0@PAU_Container_proxy@0@@Z 1001ca10 f i dddta.obj
 0001:0001ba10       ??$_Dest_val@V?$allocator@PAVRegDword@@@std@@PAVRegDword@@@std@@YGXAAV?$allocator@PAVRegDword@@@0@PAPAVRegDword@@@Z 1001ca10 f i TAConfig.obj
 0001:0001ba10       ??$_Dest_val@V?$allocator@PAVGraphicElement@@@std@@PAVGraphicElement@@@std@@YGXAAV?$allocator@PAVGraphicElement@@@0@PAPAVGraphicElement@@@Z 1001ca10 f i whiteboard.obj
 0001:0001ba10       ??$_Dest_val@V?$allocator@PAUTAShareMemStruct@CDDDTA@@@std@@PAUTAShareMemStruct@CDDDTA@@@std@@YGXAAV?$allocator@PAUTAShareMemStruct@CDDDTA@@@0@PAPAUTAShareMemStruct@CDDDTA@@@Z 1001ca10 f i dddta.obj
 0001:0001ba10       ??$_Dest_val@V?$allocator@UMMHS@AlliesWhiteboard@@@std@@UMMHS@AlliesWhiteboard@@@std@@YGXAAV?$allocator@UMMHS@AlliesWhiteboard@@@0@PAUMMHS@AlliesWhiteboard@@@Z 1001ca10 f i whiteboard.obj
 0001:0001ba10       ??$_Dest_val@V?$allocator@PAPAVGraphicElement@@@std@@PAPAVGraphicElement@@@std@@YGXAAV?$allocator@PAPAVGraphicElement@@@0@PAPAPAVGraphicElement@@@Z 1001ca10 f i whiteboard.obj
 0001:0001ba10       ??$_Dest_val@V?$allocator@U_Node@?$_List_nod@PAVGraphicElement@@V?$allocator@PAVGraphicElement@@@std@@@std@@@std@@U_Node@?$_List_nod@PAVGraphicElement@@V?$allocator@PAVGraphicElement@@@std@@@2@@std@@YGXAAV?$allocator@U_Node@?$_List_nod@PAVGraphicElement@@V?$allocator@PAVGraphicElement@@@std@@@std@@@0@PAU_Node@?$_List_nod@PAVGraphicElement@@V?$allocator@PAVGraphicElement@@@std@@@0@@Z 1001ca10 f i ElementHandler.obj
 0001:0001ba10       ??$_Dest_val@V?$allocator@PAUMMHS@AlliesWhiteboard@@@std@@PAUMMHS@AlliesWhiteboard@@@std@@YGXAAV?$allocator@PAUMMHS@AlliesWhiteboard@@@0@PAPAUMMHS@AlliesWhiteboard@@@Z 1001ca10 f i whiteboard.obj
 0001:0001ba20       ??$_Cons_val@V?$allocator@UMMHS@AlliesWhiteboard@@@std@@UMMHS@AlliesWhiteboard@@ABU34@@std@@YGXAAV?$allocator@UMMHS@AlliesWhiteboard@@@0@PAUMMHS@AlliesWhiteboard@@ABU23@@Z 1001ca20 f i whiteboard.obj
 0001:0001ba70       ??$_Allocate@UMMHS@AlliesWhiteboard@@@std@@YGPAUMMHS@AlliesWhiteboard@@IPAU12@@Z 1001ca70 f i whiteboard.obj
 0001:0001ba70       ??$_Allocate@U_Node@?$_List_nod@PAVGraphicElement@@V?$allocator@PAVGraphicElement@@@std@@@std@@@std@@YGPAU_Node@?$_List_nod@PAVGraphicElement@@V?$allocator@PAVGraphicElement@@@std@@@0@IPAU120@@Z 1001ca70 f i ElementHandler.obj
 0001:0001bae0       ??$_Allocate@PAUTAShareMemStruct@CDDDTA@@@std@@YGPAPAUTAShareMemStruct@CDDDTA@@IPAPAU12@@Z 1001cae0 f i dddta.obj
 0001:0001bae0       ??$_Allocate@PAVRegDword@@@std@@YGPAPAVRegDword@@IPAPAV1@@Z 1001cae0 f i TAConfig.obj
 0001:0001bae0       ??$_Allocate@PAD@std@@YGPAPADIPAPAD@Z 1001cae0 f i UnicodeSupport.obj
 0001:0001bae0       ??$_Allocate@PAPAVGraphicElement@@@std@@YGPAPAPAVGraphicElement@@IPAPAPAV1@@Z 1001cae0 f i whiteboard.obj
 0001:0001bae0       ??$_Allocate@PAVGraphicElement@@@std@@YGPAPAVGraphicElement@@IPAPAV1@@Z 1001cae0 f i whiteboard.obj
 0001:0001bae0       ??$_Allocate@PAVRegString@@@std@@YGPAPAVRegString@@IPAPAV1@@Z 1001cae0 f i TAConfig.obj
 0001:0001bae0       ??$_Allocate@PAUMMHS@AlliesWhiteboard@@@std@@YGPAPAUMMHS@AlliesWhiteboard@@IPAPAU12@@Z 1001cae0 f i whiteboard.obj
 0001:0001bb50       ??0PCX@@QAE@XZ             1001cb50 f   PCX.obj
 0001:0001bb90       ??1PCX@@QAE@XZ             1001cb90 f   PCX.obj
 0001:0001bbd0       ?SetBuffer@PCX@@QAEPAEPAE@Z 1001cbd0 f   PCX.obj
 0001:0001bc00       ?WriteLine@PCX@@AAEPAEPAEK@Z 1001cc00 f   PCX.obj
 0001:0001bd80       ?Save@PCX@@QAEHPBD@Z       1001cd80 f   PCX.obj
 0001:0001c070       ?NewBuffer@PCX@@QAEPAEFF@Z 1001d070 f   PCX.obj
 0001:0001c0e0       ?CreateSurfPCXResource@@YGPAUIDirectDrawSurface@@G_N@Z 1001d0e0 f   pcxread.obj
 0001:0001c340       ?RestoreFromPCX@@YGXGPAUIDirectDrawSurface@@@Z 1001d340 f   pcxread.obj
 0001:0001c500       ?PCX2BitMap@@YGXPAEPAUpcx_picture_typ@@J@Z 1001d500 f   pcxread.obj
 0001:0001c700       _X86ShallToRedirect@20     1001d700 f   etc.obj
 0001:0001c980       _X86RedirectOpcodeToNewBase@16 1001d980 f   etc.obj
 0001:0001cd20       _GetMinValidLenWithMatchOpcode@8 1001dd20 f   etc.obj
 0001:0001cd60       _MemWriteWithBackup@16     1001dd60 f   etc.obj
 0001:0001ce50       _GetOpCodeSize@4           1001de50 f   etc.obj
 0001:0001d100       _trim_crlf_@4              1001e100 f   etc.obj
 0001:0001d1f0       _RegReadData@24            1001e1f0 f   etc.obj
 0001:0001d290       _RegWriteData@24           1001e290 f   etc.obj
 0001:0001d330       _RegWriteDword@16          1001e330 f   etc.obj
 0001:0001d350       _RegWriteStr@20            1001e350 f   etc.obj
 0001:0001d380       _RegReadDword@16           1001e380 f   etc.obj
 0001:0001d3a0       _CalcCRC@8                 1001e3a0 f   etc.obj
 0001:0001d460       _duplicate_str@4           1001e460 f   etc.obj
 0001:0001d4c0       _getDBCSlen@4              1001e4c0 f   etc.obj
 0001:0001d530       ??0SingleHook@@QAE@XZ      1001e530 f   Hook.obj
 0001:0001d560       ??0SingleHook@@QAE@PAEKH0@Z 1001e560 f   Hook.obj
 0001:0001d560       ??0SingleHook@@QAE@IKHPAE@Z 1001e560 f   Hook.obj
 0001:0001d5a0       ??1SingleHook@@QAE@XZ      1001e5a0 f   Hook.obj
 0001:0001d610       ?Hook@SingleHook@@UAEXXZ   1001e610 f   Hook.obj
 0001:0001d650       ?UnHook@SingleHook@@UAEXXZ 1001e650 f   Hook.obj
 0001:0001d690       ?AddrToHook@SingleHook@@UAEPAXPAX@Z 1001e690 f   Hook.obj
 0001:0001d6b0       ?ThisHookMode@SingleHook@@UAEHH@Z 1001e6b0 f   Hook.obj
 0001:0001d6d0       ?ThisHookMode@SingleHook@@UAE?BHXZ 1001e6d0 f   Hook.obj
 0001:0001d6f0       ?AddrToHook@SingleHook@@UAEQAXXZ 1001e6f0 f   Hook.obj
 0001:0001d6f0       ?Str@RegString@@QAEPBDXZ   1001e6f0 f   TAConfig.obj
 0001:0001d6f0       ?Value@RegDword@@QAEKXZ    1001e6f0 f   TAConfig.obj
 0001:0001d710       ?LenToHook@SingleHook@@UAEKK@Z 1001e710 f   Hook.obj
 0001:0001d730       ?InitHookClass@SingleHook@@UAEXPAEKH0@Z 1001e730 f   Hook.obj
 0001:0001d8b0       ?X86InlineHookRouter@@YGXXZ 1001e8b0 f   InlineHook.obj
 0001:0001d980       ?X86CurrentThreadStackBufferFixRtnAddr@@YGPAUtagInlineX86StackBuffer@@PAPAU1@@Z 1001e980 f   InlineHook.obj
 0001:0001da30       ?X86CurrentThreadStackBuffer@@YGPAUtagInlineX86StackBuffer@@PAPAU1@@Z 1001ea30 f   InlineHook.obj
 0001:0001dac0       ??0InlineSingleHook@@QAE@IKHP6GHPAUtagInlineX86StackBuffer@@@Z@Z 1001eac0 f   InlineHook.obj
 0001:0001db50       ??1InlineSingleHook@@QAE@XZ 1001eb50 f   InlineHook.obj
 0001:0001dc60       ?InitHookClass@InlineSingleHook@@AAEXQAEKHPAX1@Z 1001ec60 f   InlineHook.obj
 0001:0001df40       ?Hook@InlineSingleHook@@UAEXXZ 1001ef40 f   InlineHook.obj
 0001:0001e020       ?RtnAddrOfHook@InlineSingleHook@@QAEQAXXZ 1001f020 f   InlineHook.obj
 0001:0001e040       ??0CElementHandler@@QAE@XZ 1001f040 f   ElementHandler.obj
 0001:0001e080       ??_GCElementHandler@@UAEPAXI@Z 1001f080 f i ElementHandler.obj
 0001:0001e080       ??_ECElementHandler@@UAEPAXI@Z 1001f080 f i ElementHandler.obj
 0001:0001e0b0       ??1CElementHandler@@UAE@XZ 1001f0b0 f   ElementHandler.obj
 0001:0001e230       ?AddElement@CElementHandler@@QAEXPAVGraphicElement@@@Z 1001f230 f   ElementHandler.obj
 0001:0001e2a0       ?DeleteOn@CElementHandler@@QAEXHH@Z 1001f2a0 f   ElementHandler.obj
 0001:0001e2e0       ?DeleteBetween@CElementHandler@@QAEXHHHH@Z 1001f2e0 f   ElementHandler.obj
 0001:0001e550       ?GetArea@CElementHandler@@QAE?AV?$vector@PAVGraphicElement@@V?$allocator@PAVGraphicElement@@@std@@@std@@HHHH@Z 1001f550 f   ElementHandler.obj
 0001:0001e800       ?MoveTextElement@CElementHandler@@QAEPAVGraphicElement@@PAV2@HH@Z 1001f800 f   ElementHandler.obj
 0001:0001e970       ??0?$list@PAVGraphicElement@@V?$allocator@PAVGraphicElement@@@std@@@std@@QAE@XZ 1001f970 f i ElementHandler.obj
 0001:0001e9d0       ??1?$list@PAVGraphicElement@@V?$allocator@PAVGraphicElement@@@std@@@std@@QAE@XZ 1001f9d0 f i ElementHandler.obj
 0001:0001ea40       ?erase@?$list@PAVGraphicElement@@V?$allocator@PAVGraphicElement@@@std@@@std@@QAE?AV?$_List_iterator@V?$_List_val@PAVGraphicElement@@V?$allocator@PAVGraphicElement@@@std@@@std@@@2@V?$_List_const_iterator@V?$_List_val@PAVGraphicElement@@V?$allocator@PAVGraphicElement@@@std@@@std@@@2@@Z 1001fa40 f i ElementHandler.obj
 0001:0001ead0       ?remove@?$list@PAVGraphicElement@@V?$allocator@PAVGraphicElement@@@std@@@std@@QAEXABQAVGraphicElement@@@Z 1001fad0 f i ElementHandler.obj
 0001:0001eb70       ?back@?$vector@PAVGraphicElement@@V?$allocator@PAVGraphicElement@@@std@@@std@@QAEAAPAVGraphicElement@@XZ 1001fb70 f i ElementHandler.obj
 0001:0001ebb0       ?_Insert@?$list@PAVGraphicElement@@V?$allocator@PAVGraphicElement@@@std@@@std@@QAEXV?$_List_const_iterator@V?$_List_val@PAVGraphicElement@@V?$allocator@PAVGraphicElement@@@std@@@std@@@2@ABQAVGraphicElement@@@Z 1001fbb0 f i ElementHandler.obj
 0001:0001ec40       ??1?$_List_val@PAVGraphicElement@@V?$allocator@PAVGraphicElement@@@std@@@std@@QAE@XZ 1001fc40 f i ElementHandler.obj
 0001:0001ec70       ?clear@?$list@PAVGraphicElement@@V?$allocator@PAVGraphicElement@@@std@@@std@@QAEXXZ 1001fc70 f i ElementHandler.obj
 0001:0001ecf0       ?_Buynode@?$_List_val@PAVGraphicElement@@V?$allocator@PAVGraphicElement@@@std@@@std@@QAEPAU_Node@?$_List_nod@PAVGraphicElement@@V?$allocator@PAVGraphicElement@@@std@@@2@PAU342@0ABQAVGraphicElement@@@Z 1001fcf0 f i ElementHandler.obj
 0001:0001eda0       ??0logic_error@std@@QAE@ABV01@@Z 1001fda0 f i xthrow.obj
 0001:0001edd0       ?_Xlength_error@std@@YAXPBD@Z 1001fdd0 f   xthrow.obj
 0001:0001ee10       ??_Elogic_error@std@@UAEPAXI@Z 1001fe10 f i xthrow.obj
 0001:0001ee10       ??_Glogic_error@std@@UAEPAXI@Z 1001fe10 f i xthrow.obj
 0001:0001ee10       ??_Glength_error@std@@UAEPAXI@Z 1001fe10 f i xthrow.obj
 0001:0001ee10       ??_Elength_error@std@@UAEPAXI@Z 1001fe10 f i xthrow.obj
 0001:0001ee40       ??1length_error@std@@UAE@XZ 1001fe40 f i xthrow.obj
 0001:0001ee60       ??0length_error@std@@QAE@ABV01@@Z 1001fe60 f i xthrow.obj
 0001:0001ee8e       _ImmAssociateContext@8     1001fe8e f   imm32:IMM32.dll
 0001:0001ee94       _ImmGetCandidateListA@16   1001fe94 f   imm32:IMM32.dll
 0001:0001ee9a       _ImmGetCompositionStringA@16 1001fe9a f   imm32:IMM32.dll
 0001:0001eea0       _ImmEscapeA@16             1001fea0 f   imm32:IMM32.dll
 0001:0001eea6       _ImmIsIME@4                1001fea6 f   imm32:IMM32.dll
 0001:0001eeac       _ImmNotifyIME@16           1001feac f   imm32:IMM32.dll
 0001:0001eeb2       ??_U@YAPAXI@Z              1001feb2 f   libcpmt:newaop.obj
 0001:0001eebd       ??3@YAXPAX@Z               1001febd f   LIBCMT:delete.obj
 0001:0001eec8       ??2@YAPAXI@Z               1001fec8 f   LIBCMT:new.obj
 0001:0001ef48       ?_JumpToContinuation@@YGXPAXPAUEHRegistrationNode@@@Z 1001ff48 f   LIBCMT:_trnsctrl_.obj
 0001:0001ef7a       ?_CallMemberFunction1@@YGXPAX00@Z 1001ff7a f   LIBCMT:_trnsctrl_.obj
 0001:0001ef7a       ?_CallMemberFunction2@@YGXPAX00H@Z 1001ff7a f   LIBCMT:_trnsctrl_.obj
 0001:0001ef7a       ?_CallMemberFunction0@@YGXPAX0@Z 1001ff7a f   LIBCMT:_trnsctrl_.obj
 0001:0001ef81       ?_UnwindNestedFrames@@YGXPAUEHRegistrationNode@@PAUEHExceptionRecord@@@Z 1001ff81 f   LIBCMT:_trnsctrl_.obj
 0001:0001efd5       ___CxxFrameHandler3        1001ffd5 f   LIBCMT:_trnsctrl_.obj
 0001:0001f03e       ?_CallSETranslator@@YAHPAUEHExceptionRecord@@PAUEHRegistrationNode@@PAX2PBU_s_FuncInfo@@H1@Z 1002003e f   LIBCMT:_trnsctrl_.obj
 0001:0001f1b4       ?_GetRangeOfTrysToCheck@@YAPBU_s_TryBlockMapEntry@@PBU_s_FuncInfo@@HHPAI1@Z 100201b4 f   LIBCMT:_trnsctrl_.obj
 0001:0001f227       __CreateFrameInfo          10020227 f   LIBCMT:_trnsctrl_.obj
 0001:0001f253       __IsExceptionObjectToBeDestroyed 10020253 f   LIBCMT:_trnsctrl_.obj
 0001:0001f27a       __FindAndUnlinkFrame       1002027a f   LIBCMT:_trnsctrl_.obj
 0001:0001f2cc       ?_CallCatchBlock2@@YAPAXPAUEHRegistrationNode@@PBU_s_FuncInfo@@PAXHK@Z 100202cc f   LIBCMT:_trnsctrl_.obj
 0001:0001f32c       @__security_check_cookie@4 1002032c f   LIBCMT:secchk.obj
 0001:0001f33b       __RTC_InitBase             1002033b f   LIBCMT:_init_.obj
 0001:0001f361       __RTC_Shutdown             10020361 f   LIBCMT:_init_.obj
 0001:0001f380       _memset                    10020380 f   LIBCMT:memset.obj
 0001:0001f3fa       @_RTC_Check_4_to_1@4       100203fa f   LIBCMT:_convert_.obj
 0001:0001f422       @_RTC_Check_4_to_2@4       10020422 f   LIBCMT:_convert_.obj
 0001:0001f450       __except_handler4          10020450 f   LIBCMT:chandler4.obj
 0001:0001f5df       __cfltcvt_init             100205df f   LIBCMT:_fpinit_.obj
 0001:0001f63f       __fpmath                   1002063f f   LIBCMT:_fpinit_.obj
 0001:0001f660       _memcpy                    10020660 f   LIBCMT:memcpy.obj
 0001:0001f9c1       _sprintf_s                 100209c1 f   LIBCMT:sprintf.obj
 0001:0001f9df       ??1type_info@@UAE@XZ       100209df f   LIBCMT:typinfo.obj
 0001:0001f9ef       ??_Etype_info@@UAEPAXI@Z   100209ef f i LIBCMT:typinfo.obj
 0001:0001f9ef       ??_Gtype_info@@UAEPAXI@Z   100209ef f i LIBCMT:typinfo.obj
 0001:0001fa10       ??8type_info@@QBE_NABV0@@Z 10020a10 f   LIBCMT:typinfo.obj
 0001:0001fa30       _strlen                    10020a30 f   LIBCMT:strlen.obj
 0001:0001fabb       ??0_LocaleUpdate@@QAE@PAUlocaleinfo_struct@@@Z 10020abb f i LIBCMT:strftime.obj
 0001:0001fb42       __freea                    10020b42 f i LIBCMT:strftime.obj
 0001:0002040f       __Strftime_l               1002140f f   LIBCMT:strftime.obj
 0001:0002059b       _strftime                  1002159b f   LIBCMT:strftime.obj
 0001:000205ba       __localtime64_s            100215ba f   LIBCMT:loctim64.obj
 0001:00020842       __time64                   10021842 f   LIBCMT:time64.obj
 0001:000208a0       _strstr                    100218a0 f   LIBCMT:strstr.obj
 0001:00020940       _strchr                    10021940 f   LIBCMT:strchr.obj
 0001:00020946       ___from_strstr_to_strchr   10021946     LIBCMT:strchr.obj
 0001:000209fe       _memcmp                    100219fe f   LIBCMT:memcmp.obj
 0001:00021f52       __CxxThrowException@8      10022f52 f   LIBCMT:throw.obj
 0001:00021fa0       __ftol2_sse                10022fa0 f   LIBCMT:ftol2.obj
 0001:00021fa9       __ftol2_pentium4           10022fa9 f   LIBCMT:ftol2.obj
 0001:00021fbc       __ftol2_sse_excpt          10022fbc f   LIBCMT:ftol2.obj
 0001:00021fd6       __ftol2                    10022fd6 f   LIBCMT:ftol2.obj
 0001:00022050       _memmove                   10023050 f   LIBCMT:memmove.obj
 0001:000223b1       ??0exception@std@@QAE@ABQBDH@Z 100233b1 f   LIBCMT:stdexcpt.obj
 0001:000223ce       ?what@exception@std@@UBEPBDXZ 100233ce f   LIBCMT:stdexcpt.obj
 0001:000223db       ?_Copy_str@exception@std@@AAEXPBD@Z 100233db f   LIBCMT:stdexcpt.obj
 0001:0002241b       ?_Tidy@exception@std@@AAEXXZ 1002341b f   LIBCMT:stdexcpt.obj
 0001:00022439       ??0exception@std@@QAE@ABQBD@Z 10023439 f   LIBCMT:stdexcpt.obj
 0001:00022460       ??4exception@std@@QAEAAV01@ABV01@@Z 10023460 f   LIBCMT:stdexcpt.obj
 0001:00022495       ??1exception@std@@UAE@XZ   10023495 f   LIBCMT:stdexcpt.obj
 0001:000224a0       ??_Gexception@std@@UAEPAXI@Z 100234a0 f i LIBCMT:stdexcpt.obj
 0001:000224a0       ??_Eexception@std@@UAEPAXI@Z 100234a0 f i LIBCMT:stdexcpt.obj
 0001:000224c7       ??0exception@std@@QAE@ABV01@@Z 100234c7 f   LIBCMT:stdexcpt.obj
 0001:000224ec       __vsnprintf_helper         100234ec f   LIBCMT:vsnprnc.obj
 0001:000225b6       __vsprintf_s_l             100235b6 f   LIBCMT:vsnprnc.obj
 0001:0002262d       _vsprintf_s                1002362d f   LIBCMT:vsnprnc.obj
 0001:0002264a       _atol                      1002364a f   LIBCMT:atox.obj
 0001:00022660       _atoi                      10023660 f   LIBCMT:atox.obj
 0001:0002266b       _strcpy_s                  1002366b f   LIBCMT:strcpy_s.obj
 0001:000226ca       _strcat_s                  100236ca f   LIBCMT:strcat_s.obj
 0001:00022737       __splitpath_s              10023737 f   LIBCMT:splitpath_s.obj
 0001:00022934       ?_strlwr_s_l_stat@@YAHPADIPAUlocaleinfo_struct@@@Z 10023934 f   LIBCMT:strlwr.obj
 0001:00022ab2       __strlwr_s_l               10023ab2 f   LIBCMT:strlwr.obj
 0001:00022ae6       __strlwr_s                 10023ae6 f   LIBCMT:strlwr.obj
 0001:00022d28       _strtol                    10023d28 f   LIBCMT:strtol.obj
 0001:00022d53       __strtol_l                 10023d53 f   LIBCMT:strtol.obj
 0001:00022d70       _strncmp                   10023d70 f   LIBCMT:strncmp.obj
 0001:00022fa4       __strupr_s_l               10023fa4 f   LIBCMT:strupr.obj
 0001:00022fd9       __strupr_s                 10023fd9 f   LIBCMT:strupr.obj
 0001:00022ff0       _strcmp                    10023ff0 f   LIBCMT:strcmp.obj
 0001:00023078       _free                      10024078 f   LIBCMT:free.obj
 0001:000230b2       _malloc                    100240b2 f   LIBCMT:malloc.obj
 0001:00023146       _memcpy_s                  10024146 f   LIBCMT:memcpy_s.obj
 0001:000231bb       _strnlen                   100241bb f   LIBCMT:strlen_s.obj
 0001:000231d8       ??_V@YAXPAX@Z              100241d8 f   LIBCMT:delete2.obj
 0001:000231e3       _abs                       100241e3 f   LIBCMT:abs.obj
 0001:00023200       _sin                       10024200 f   LIBCMT:_sin_.obj
 0001:00023240       __CIsin                    10024240 f   LIBCMT:_sin_.obj
 0001:0002327b       __CIsin_default            1002427b f   LIBCMT:_sin_.obj
 0001:0002328f       __sin_default              1002428f     LIBCMT:_sin_.obj
 0001:00023330       _cos                       10024330 f   LIBCMT:_cos_.obj
 0001:00023370       __CIcos                    10024370 f   LIBCMT:_cos_.obj
 0001:000233ab       __CIcos_default            100243ab f   LIBCMT:_cos_.obj
 0001:000233bf       __cos_default              100243bf     LIBCMT:_cos_.obj
 0001:00023459       ??_L@YGXPAXIHP6EX0@Z1@Z    10024459 f   LIBCMT:ehvecctr.obj
 0001:000234be       ?__ArrayUnwind@@YGXPAXIHP6EX0@Z@Z 100244be f   LIBCMT:ehvecdtr.obj
 0001:0002351c       ??_M@YGXPAXIHP6EX0@Z@Z     1002451c f   LIBCMT:ehvecdtr.obj
 0001:0002357f       __CRT_INIT@12              1002457f f   LIBCMT:dllcrt0.obj
 0001:000237d9       __DllMainCRTStartup@12     100247d9 f   LIBCMT:dllcrt0.obj
 0001:000238b2       ___onexitinit              100248b2 f   LIBCMT:onexit.obj
 0001:000238e3       __onexit                   100248e3 f   LIBCMT:onexit.obj
 0001:0002391f       _atexit                    1002491f f   LIBCMT:onexit.obj
 0001:00023936       __initp_heap_handler       10024936 f   LIBCMT:handler.obj
 0001:00023945       __callnewh                 10024945 f   LIBCMT:handler.obj
 0001:0002396d       ??1bad_exception@std@@UAE@XZ 1002496d f i LIBCMT:frame.obj
 0001:00023978       ??_Gbad_exception@std@@UAEPAXI@Z 10024978 f i LIBCMT:frame.obj
 0001:00023978       ??_Ebad_exception@std@@UAEPAXI@Z 10024978 f i LIBCMT:frame.obj
 0001:0002399f       ___TypeMatch               1002499f f   LIBCMT:frame.obj
 0001:000239fe       ___FrameUnwindFilter       100249fe f   LIBCMT:frame.obj
 0001:00023a4d       ___FrameUnwindToState      10024a4d f   LIBCMT:frame.obj
 0001:00023b6e       ___DestructExceptionObject 10024b6e f   LIBCMT:frame.obj
 0001:00023bc3       ___AdjustPointer           10024bc3 f   LIBCMT:frame.obj
 0001:00023e4c       ___BuildCatchObjectHelper  10024e4c f   LIBCMT:frame.obj
 0001:00023fcb       ___BuildCatchObject        10024fcb f   LIBCMT:frame.obj
 0001:00024547       ??0bad_exception@std@@QAE@ABV01@@Z 10025547 f i LIBCMT:frame.obj
 0001:00024564       ___InternalCxxFrameHandler 10025564 f   LIBCMT:frame.obj
 0001:0002464a       __encoded_null             1002564a f   LIBCMT:tidtable.obj
 0001:00024653       ___crtTlsAlloc@4           10025653 f   LIBCMT:tidtable.obj
 0001:0002465c       ___set_flsgetvalue         1002565c f   LIBCMT:tidtable.obj
 0001:00024690       __mtterm                   10025690 f   LIBCMT:tidtable.obj
 0001:000246cd       __initptd                  100256cd f   LIBCMT:tidtable.obj
 0001:00024781       __getptd_noexit            10025781 f   LIBCMT:tidtable.obj
 0001:000247fa       __getptd                   100257fa f   LIBCMT:tidtable.obj
 0001:00024814       __freefls@4                10025814 f   LIBCMT:tidtable.obj
 0001:00024943       __freeptd                  10025943 f   LIBCMT:tidtable.obj
 0001:000249b1       __mtinit                   100259b1 f   LIBCMT:tidtable.obj
 0001:00024b2c       ?terminate@@YAXXZ          10025b2c f   LIBCMT:hooks.obj
 0001:00024b65       ?unexpected@@YAXXZ         10025b65 f   LIBCMT:hooks.obj
 0001:00024b78       ?_inconsistency@@YAXXZ     10025b78 f   LIBCMT:hooks.obj
 0001:00024bb0       __initp_eh_hooks           10025bb0 f   LIBCMT:hooks.obj
 0001:00024bd0       __CallSettingFrame@12      10025bd0 f   LIBCMT:lowhelpr.obj
 0001:00024bf7       __NLG_Return               10025bf7     LIBCMT:lowhelpr.obj
 0001:00024c1c       ___report_gsfailure        10025c1c f   LIBCMT:gs_report.obj
 0001:00024d22       __RTC_SetErrorFuncW        10025d22 f   LIBCMT:_userapi_.obj
 0001:00024d3e       ?_RTC_GetErrorFunc@@YAP6AHHPBDH00ZZPBX@Z 10025d3e f   LIBCMT:_userapi_.obj
 0001:00024d44       ?_RTC_GetErrorFuncW@@YAP6AHHPB_WH00ZZPBX@Z 10025d44 f   LIBCMT:_userapi_.obj
 0001:00024d4a       __CRT_RTC_INITW            10025d4a f   LIBCMT:chkesp.obj
 0001:00024d4a       __matherr                  10025d4a f   LIBCMT:_matherr_.obj
 0001:00024d4d       __VEC_memzero              10025d4d f   LIBCMT:p4_memset.obj
 0001:00024e07       ___sse2_available_init     10025e07 f   LIBCMT:cpu_disp.obj
 0001:000250cf       ?_RTC_Failure@@YAXPAXH@Z   100260cf f   LIBCMT:_error_.obj
 0001:00025110       __local_unwind4            10026110 f   LIBCMT:exsup4.obj
 0001:000251e6       __seh_longjmp_unwind4@4    100261e6 f   LIBCMT:exsup4.obj
 0001:00025202       @_EH4_CallFilterFunc@8     10026202 f   LIBCMT:exsup4.obj
 0001:00025219       @_EH4_TransferToHandler@8  10026219 f   LIBCMT:exsup4.obj
 0001:00025232       @_EH4_GlobalUnwind2@8      10026232 f   LIBCMT:exsup4.obj
 0001:0002524b       @_EH4_LocalUnwind@16       1002624b f   LIBCMT:exsup4.obj
 0001:00025270       __ValidateImageBase        10026270 f   LIBCMT:pesect.obj
 0001:000252b0       __FindPESection            100262b0 f   LIBCMT:pesect.obj
 0001:00025300       __IsNonwritableInCurrentImage 10026300 f   LIBCMT:pesect.obj
 0001:000253bc       __forcdecpt_l              100263bc f   LIBCMT:cvt.obj
 0001:00025430       __cropzeros_l              10026430 f   LIBCMT:cvt.obj
 0001:000254b2       __positive                 100264b2 f   LIBCMT:cvt.obj
 0001:000254ce       __fassign_l                100264ce f   LIBCMT:cvt.obj
 0001:00025510       __fassign                  10026510 f   LIBCMT:cvt.obj
 0001:00025549       __forcdecpt                10026549 f   LIBCMT:cvt.obj
 0001:0002555c       __cropzeros                1002655c f   LIBCMT:cvt.obj
 0001:000256d0       __cftoe_l                  100266d0 f   LIBCMT:cvt.obj
 0001:00025797       __cftoe                    10026797 f   LIBCMT:cvt.obj
 0001:000257b7       __cftoa_l                  100267b7 f   LIBCMT:cvt.obj
 0001:00025c30       __cftof_l                  10026c30 f   LIBCMT:cvt.obj
 0001:00025cf1       __cftog_l                  10026cf1 f   LIBCMT:cvt.obj
 0001:00025dde       __cfltcvt_l                10026dde f   LIBCMT:cvt.obj
 0001:00025e66       __cfltcvt                  10026e66 f   LIBCMT:cvt.obj
 0001:00025e89       __initp_misc_cfltcvt_tab   10026e89 f   LIBCMT:cmiscdat.obj
 0001:00025eac       __setdefaultprecision      10026eac f   LIBCMT:fp8.obj
 0001:00025ed4       __VEC_memcpy               10026ed4 f   LIBCMT:p4_memcpy.obj
 0001:00025fd7       __flsbuf                   10026fd7 f   LIBCMT:_flsbuf.obj
 0001:0002613b       __initp_misc_invarg        1002713b f   LIBCMT:invarg.obj
 0001:0002614a       __call_reportfault         1002714a f   LIBCMT:invarg.obj
 0001:00026273       __invoke_watson            10027273 f   LIBCMT:invarg.obj
 0001:00026298       __invalid_parameter        10027298 f   LIBCMT:invarg.obj
 0001:000262c5       __invalid_parameter_noinfo 100272c5 f   LIBCMT:invarg.obj
 0001:000262d5       __get_errno_from_oserr     100272d5 f   LIBCMT:dosmap.obj
 0001:00026317       __errno                    10027317 f   LIBCMT:dosmap.obj
 0001:0002632a       ___doserrno                1002732a f   LIBCMT:dosmap.obj
 0001:0002633d       __dosmaperr                1002733d f   LIBCMT:dosmap.obj
 0001:00026360       ?_Type_info_dtor@type_info@@CAXPAV1@@Z 10027360 f   LIBCMT:typname.obj
 0001:000265f3       ___updatetmbcinfo          100275f3 f   LIBCMT:mbctype.obj
 0001:00026713       __setmbcp_nolock           10027713 f   LIBCMT:mbctype.obj
 0001:000268fc       __setmbcp                  100278fc f   LIBCMT:mbctype.obj
 0001:00026a96       ___initmbctable            10027a96 f   LIBCMT:mbctype.obj
 0001:00026ab4       ___addlocaleref            10027ab4 f   LIBCMT:localref.obj
 0001:00026b43       ___removelocaleref         10027b43 f   LIBCMT:localref.obj
 0001:00026bdc       ___freetlocinfo            10027bdc f   LIBCMT:localref.obj
 0001:00026d27       __updatetlocinfoEx_nolock  10027d27 f   LIBCMT:localref.obj
 0001:00026d74       ___updatetlocinfo          10027d74 f   LIBCMT:localref.obj
 0001:00026ded       __malloc_crt               10027ded f   LIBCMT:crtheap.obj
 0001:00026e32       __calloc_crt               10027e32 f   LIBCMT:crtheap.obj
 0001:00026e7e       __realloc_crt              10027e7e f   LIBCMT:crtheap.obj
 0001:00026ecc       __recalloc_crt             10027ecc f   LIBCMT:crtheap.obj
 0001:00026f1e       __get_daylight             10027f1e f   LIBCMT:timeset.obj
 0001:00026f4b       __get_dstbias              10027f4b f   LIBCMT:timeset.obj
 0001:00026f78       __get_timezone             10027f78 f   LIBCMT:timeset.obj
 0001:00026fa5       ___daylight                10027fa5 f   LIBCMT:timeset.obj
 0001:00026fab       ___dstbias                 10027fab f   LIBCMT:timeset.obj
 0001:00026fb1       ___timezone                10027fb1 f   LIBCMT:timeset.obj
 0001:00026fb7       ___tzname                  10027fb7 f   LIBCMT:timeset.obj
 0001:0002769e       ___tzset                   1002869e f   LIBCMT:tzset.obj
 0001:000276ed       __isindst                  100286ed f   LIBCMT:tzset.obj
 0001:0002772e       ___ascii_stricmp           1002872e f   LIBCMT:stricmp.obj
 0001:00027767       __isleadbyte_l             10028767 f i LIBCMT:_wctype.obj
 0001:0002779f       _isleadbyte                1002879f f i LIBCMT:_wctype.obj
 0001:000277c0       __alloca_probe_16          100287c0 f   LIBCMT:alloca16.obj
 0001:000277d6       __alloca_probe_8           100287d6     LIBCMT:alloca16.obj
 0001:000277ec       __gmtime64_s               100287ec f   LIBCMT:gmtime64.obj
 0001:00027a30       __alldiv                   10028a30 f   LIBCMT:lldiv.obj
 0001:00027ae0       __allrem                   10028ae0 f   LIBCMT:llrem.obj
 0001:00027ba0       __aulldiv                  10028ba0 f   LIBCMT:ulldiv.obj
 0001:00027caf       __output_s_l               10028caf f   LIBCMT:outputs.obj
 0001:000288d2       __ismbblead                100298d2 f   LIBCMT:ismbbyte.obj
 0001:000288ea       _strncpy_s                 100298ea f   LIBCMT:strncpy_s.obj
 0001:00028b86       ___crtLCMapStringA         10029b86 f   LIBCMT:a_map.obj
 0001:00028bcc       __isctype_l                10029bcc f   LIBCMT:isctype.obj
 0001:00028c84       __heap_init                10029c84 f   LIBCMT:heapinit.obj
 0001:00028ca2       __heap_term                10029ca2 f   LIBCMT:heapinit.obj
 0001:00028cb6       ___crtCorExitProcess       10029cb6 f   LIBCMT:crt0dat.obj
 0001:00028ce1       ___crtExitProcess          10029ce1 f   LIBCMT:crt0dat.obj
 0001:00028cf9       __lockexit                 10029cf9 f   LIBCMT:crt0dat.obj
 0001:00028d02       __unlockexit               10029d02 f   LIBCMT:crt0dat.obj
 0001:00028d0b       __init_pointers            10029d0b f   LIBCMT:crt0dat.obj
 0001:00028d3e       __initterm_e               10029d3e f   LIBCMT:crt0dat.obj
 0001:00028d62       __cinit                    10029d62 f   LIBCMT:crt0dat.obj
 0001:00028f39       __exit                     10029f39 f   LIBCMT:crt0dat.obj
 0001:00028f4f       __cexit                    10029f4f f   LIBCMT:crt0dat.obj
 0001:00028f5e       __amsg_exit                10029f5e f   LIBCMT:crt0dat.obj
 0001:00028f7c       __GET_RTERRMSG             10029f7c f   LIBCMT:crt0msg.obj
 0001:00028fa2       __NMSG_WRITE               10029fa2 f   LIBCMT:crt0msg.obj
 0001:00029151       __FF_MSGBANNER             1002a151 f   LIBCMT:crt0msg.obj
 0001:0002918a       __sse2_mathfcns_init       1002a18a f   LIBCMT:_mathfcns_.obj
 0001:000291a0       __CIsin_pentium4           1002a1a0 f   LIBCMT:_sin_pentium4_.obj
 0001:000291b8       __sin_pentium4             1002a1b8     LIBCMT:_sin_pentium4_.obj
 0001:00029370       __trandisp1                1002a370 f   LIBCMT:_87disp_.obj
 0001:000293d7       __trandisp2                1002a3d7 f   LIBCMT:_87disp_.obj
 0001:00029463       __rttospopde               1002a463     LIBCMT:_87disp_.obj
 0001:00029468       __rttospop                 1002a468     LIBCMT:_87disp_.obj
 0001:0002946a       __rtnospop                 1002a46a     LIBCMT:_87disp_.obj
 0001:0002946c       __rttosnpop                1002a46c     LIBCMT:_87disp_.obj
 0001:0002946d       __rtnospopde               1002a46d     LIBCMT:_87disp_.obj
 0001:00029474       __rtzeropop                1002a474     LIBCMT:_87disp_.obj
 0001:00029476       __rtzeronpop               1002a476     LIBCMT:_87disp_.obj
 0001:0002947b       __rtonepop                 1002a47b     LIBCMT:_87disp_.obj
 0001:0002947d       __rtonenpop                1002a47d     LIBCMT:_87disp_.obj
 0001:00029482       __tosnan1                  1002a482     LIBCMT:_87disp_.obj
 0001:000294ad       __nosnan2                  1002a4ad     LIBCMT:_87disp_.obj
 0001:000294af       __tosnan2                  1002a4af     LIBCMT:_87disp_.obj
 0001:000294d7       __nan2                     1002a4d7     LIBCMT:_87disp_.obj
 0001:00029516       __rtindfpop                1002a516     LIBCMT:_87disp_.obj
 0001:00029518       __rtindfnpop               1002a518     LIBCMT:_87disp_.obj
 0001:00029529       __rttosnpopde              1002a529     LIBCMT:_87disp_.obj
 0001:00029533       __rtchsifneg               1002a533     LIBCMT:_87disp_.obj
 0001:00029540       __twoToTOS                 1002a540 f   LIBCMT:_common_.obj
 0001:00029555       __load_CW                  1002a555 f   LIBCMT:_common_.obj
 0001:0002956c       __convertTOStoQNaN         1002a56c f   LIBCMT:_common_.obj
 0001:00029585       __fload_withFB             1002a585 f   LIBCMT:_common_.obj
[...]
 0001:00031010       __ehhandler$?reserve@?$vector@PAVGraphicElement@@V?$allocator@PAVGraphicElement@@@std@@@std@@QAEXI@Z 10032010 f   UnicodeSupport.obj
 0001:00031030       __unwindfunclet$??0LimitCrack@@QAE@XZ$0 10032030 f   LimitCrack.obj
 0001:0003103e       __unwindfunclet$??0LimitCrack@@QAE@XZ$1 1003203e f   LimitCrack.obj
 0001:0003104c       __unwindfunclet$??0LimitCrack@@QAE@XZ$2 1003204c f   LimitCrack.obj
 0001:0003105a       __unwindfunclet$??0LimitCrack@@QAE@XZ$3 1003205a f   LimitCrack.obj
 0001:00031068       __unwindfunclet$??0LimitCrack@@QAE@XZ$4 10032068 f   LimitCrack.obj
 0001:00031076       __unwindfunclet$??0LimitCrack@@QAE@XZ$5 10032076 f   LimitCrack.obj
 0001:00031084       __unwindfunclet$??0LimitCrack@@QAE@XZ$6 10032084 f   LimitCrack.obj
 0001:00031092       __unwindfunclet$??0LimitCrack@@QAE@XZ$7 10032092 f   LimitCrack.obj
 0001:000310a0       __unwindfunclet$??0LimitCrack@@QAE@XZ$8 100320a0 f   LimitCrack.obj
 0001:000310ae       __unwindfunclet$??0LimitCrack@@QAE@XZ$9 100320ae f   LimitCrack.obj
 0001:000310bc       __ehhandler$??0LimitCrack@@QAE@XZ 100320bc f   LimitCrack.obj
 0001:000310f0       __unwindfunclet$??0ExternQuickKey@@QAE@XZ$0 100320f0 f   LimitCrack.obj
 0001:000310f0       __unwindfunclet$??0_TAHPI@@QAE@H@Z$0 100320f0 f   LimitCrack.obj
 0001:000310f0       __unwindfunclet$??0IncreaseAISearchMapEntriesLimit@@QAE@K@Z$0 100320f0 f   LimitCrack.obj
 0001:000310fb       __ehhandler$??0ExternQuickKey@@QAE@XZ 100320fb f   LimitCrack.obj
 0001:000310fb       __ehhandler$??0_TAHPI@@QAE@H@Z 100320fb f   LimitCrack.obj
 0001:000310fb       __ehhandler$??0IncreaseAISearchMapEntriesLimit@@QAE@K@Z 100320fb f   LimitCrack.obj
 0001:00031120       __unwindfunclet$?WriteWeaponAryPtr@IncreaseWeaponTypeLimit@@AAEPAXPAPAX@Z$0 10032120 f   LimitCrack.obj
 0001:0003112b       __unwindfunclet$?WriteWeaponAryPtr@IncreaseWeaponTypeLimit@@AAEPAXPAPAX@Z$1 1003212b f   LimitCrack.obj
 0001:00031136       __ehhandler$?WriteWeaponAryPtr@IncreaseWeaponTypeLimit@@AAEPAXPAPAX@Z 10032136 f   LimitCrack.obj
 0001:00031160       __unwindfunclet$?WriteWeaponAryLen@IncreaseWeaponTypeLimit@@AAEKK@Z$0 10032160 f   LimitCrack.obj
 0001:0003116b       __ehhandler$?WriteWeaponAryLen@IncreaseWeaponTypeLimit@@AAEKK@Z 1003216b f   LimitCrack.obj
 0001:00031190       __unwindfunclet$?WeaponType_IdLimit@IncreaseWeaponTypeLimit@@AAEXXZ$0 10032190 f   LimitCrack.obj
 0001:0003119b       __unwindfunclet$?WeaponType_IdLimit@IncreaseWeaponTypeLimit@@AAEXXZ$1 1003219b f   LimitCrack.obj
 0001:000311a6       __ehhandler$?WeaponType_IdLimit@IncreaseWeaponTypeLimit@@AAEXXZ 100321a6 f   LimitCrack.obj
 0001:000311d0       __unwindfunclet$?WriteNewLimit@IncreaseUnitTypeLimit@@AAEXK@Z$0 100321d0 f   LimitCrack.obj
 0001:000311db       __unwindfunclet$?WriteNewLimit@IncreaseUnitTypeLimit@@AAEXK@Z$1 100321db f   LimitCrack.obj
 0001:000311e9       __unwindfunclet$?WriteNewLimit@IncreaseUnitTypeLimit@@AAEXK@Z$2 100321e9 f   LimitCrack.obj
 0001:000311f7       __unwindfunclet$?WriteNewLimit@IncreaseUnitTypeLimit@@AAEXK@Z$3 100321f7 f   LimitCrack.obj
 0001:00031205       __unwindfunclet$?WriteNewLimit@IncreaseUnitTypeLimit@@AAEXK@Z$4 10032205 f   LimitCrack.obj
 0001:00031213       __unwindfunclet$?WriteNewLimit@IncreaseUnitTypeLimit@@AAEXK@Z$5 10032213 f   LimitCrack.obj
 0001:00031221       __unwindfunclet$?WriteNewLimit@IncreaseUnitTypeLimit@@AAEXK@Z$6 10032221 f   LimitCrack.obj
 0001:0003122f       __unwindfunclet$?WriteNewLimit@IncreaseUnitTypeLimit@@AAEXK@Z$7 1003222f f   LimitCrack.obj
 0001:0003123d       __unwindfunclet$?WriteNewLimit@IncreaseUnitTypeLimit@@AAEXK@Z$8 1003223d f   LimitCrack.obj
 0001:0003124b       __unwindfunclet$?WriteNewLimit@IncreaseUnitTypeLimit@@AAEXK@Z$9 1003224b f   LimitCrack.obj
 0001:00031259       __unwindfunclet$?WriteNewLimit@IncreaseUnitTypeLimit@@AAEXK@Z$10 10032259 f   LimitCrack.obj
 0001:00031267       __ehhandler$?WriteNewLimit@IncreaseUnitTypeLimit@@AAEXK@Z 10032267 f   LimitCrack.obj
 0001:00031290       __unwindfunclet$?WriteNewLimit@IncreaseCompositeBuf@@AAEXKK@Z$0 10032290 f   LimitCrack.obj
 0001:0003129b       __ehhandler$?WriteNewLimit@IncreaseCompositeBuf@@AAEXKK@Z 1003229b f   LimitCrack.obj
 0001:000312c0       __unwindfunclet$?SetNewLimit@IncreaseSfxLimit@@AAEXKK@Z$0 100322c0 f   LimitCrack.obj
 0001:000312cb       __unwindfunclet$?SetNewLimit@IncreaseSfxLimit@@AAEXKK@Z$1 100322cb f   LimitCrack.obj
 0001:000312d6       __ehhandler$?SetNewLimit@IncreaseSfxLimit@@AAEXKK@Z 100322d6 f   LimitCrack.obj
 0001:00031300       __unwindfunclet$?NewUnitLimit@UnitLimit@@AAEXK@Z$0 10032300 f   LimitCrack.obj
 0001:0003130b       __unwindfunclet$?NewUnitLimit@UnitLimit@@AAEXK@Z$1 1003230b f   LimitCrack.obj
 0001:00031316       __unwindfunclet$?NewUnitLimit@UnitLimit@@AAEXK@Z$2 10032316 f   LimitCrack.obj
 0001:00031321       __unwindfunclet$?NewUnitLimit@UnitLimit@@AAEXK@Z$3 10032321 f   LimitCrack.obj
 0001:0003132c       __ehhandler$?NewUnitLimit@UnitLimit@@AAEXK@Z 1003232c f   LimitCrack.obj
 0001:00031350       __unwindfunclet$??0AlliesWhiteboard@@QAE@XZ$0 10032350 f   whiteboard.obj
 0001:0003135e       __unwindfunclet$??0AlliesWhiteboard@@QAE@XZ$1 1003235e f   whiteboard.obj
 0001:0003136c       __unwindfunclet$??0AlliesWhiteboard@@QAE@XZ$2 1003236c f   whiteboard.obj
 0001:0003137a       __ehhandler$??0AlliesWhiteboard@@QAE@XZ 1003237a f   whiteboard.obj
 0001:000313a0       __unwindfunclet$??1AlliesWhiteboard@@QAE@XZ$0 100323a0 f   whiteboard.obj
 0001:000313ae       __unwindfunclet$??1AlliesWhiteboard@@QAE@XZ$1 100323ae f   whiteboard.obj
 0001:000313bc       __unwindfunclet$??1AlliesWhiteboard@@QAE@XZ$2 100323bc f   whiteboard.obj
 0001:000313ca       __ehhandler$??1AlliesWhiteboard@@QAE@XZ 100323ca f   whiteboard.obj
 0001:000313f0       __unwindfunclet$?LockBlit@AlliesWhiteboard@@QAEXPADH@Z$0 100323f0 f   whiteboard.obj
 0001:000313f8       __unwindfunclet$?LockBlit@AlliesWhiteboard@@QAEXPADH@Z$1 100323f8 f   whiteboard.obj
 0001:00031400       __unwindfunclet$?LockBlit@AlliesWhiteboard@@QAEXPADH@Z$3 10032400 f   whiteboard.obj
 0001:00031408       __unwindfunclet$?LockBlit@AlliesWhiteboard@@QAEXPADH@Z$4 10032408 f   whiteboard.obj
 0001:00031410       __ehhandler$?LockBlit@AlliesWhiteboard@@QAEXPADH@Z 10032410 f   whiteboard.obj
 0001:00031430       __unwindfunclet$?Message@AlliesWhiteboard@@QAE_NPAUHWND__@@IIJ@Z$0 10032430 f   whiteboard.obj
 0001:0003143b       __unwindfunclet$?Message@AlliesWhiteboard@@QAE_NPAUHWND__@@IIJ@Z$1 1003243b f   whiteboard.obj
 0001:00031446       __ehhandler$?Message@AlliesWhiteboard@@QAE_NPAUHWND__@@IIJ@Z 10032446 f   whiteboard.obj
 0001:00031470       __unwindfunclet$??0GraphicTextEdited@@QAE@HHPADD@Z$0 10032470 f   whiteboard.obj
 0001:00031470       __unwindfunclet$??0GraphicText@@QAE@HHPADD@Z$0 10032470 f   whiteboard.obj
 0001:00031478       __ehhandler$??0GraphicTextEdited@@QAE@HHPADD@Z 10032478 f   whiteboard.obj
 0001:00031478       __ehhandler$??0GraphicText@@QAE@HHPADD@Z 10032478 f   whiteboard.obj
 0001:000314a0       __unwindfunclet$?TextInputKeyDown@AlliesWhiteboard@@AAEXH@Z$0 100324a0 f   whiteboard.obj
 0001:000314ab       __ehhandler$?TextInputKeyDown@AlliesWhiteboard@@AAEXH@Z 100324ab f   whiteboard.obj
 0001:000314d0       __unwindfunclet$?AddTextMarker@AlliesWhiteboard@@AAEXXZ$0 100324d0 f   whiteboard.obj
 0001:000314db       __unwindfunclet$?AddTextMarker@AlliesWhiteboard@@AAEXXZ$1 100324db f   whiteboard.obj
 0001:000314e6       __ehhandler$?AddTextMarker@AlliesWhiteboard@@AAEXXZ 100324e6 f   whiteboard.obj
 0001:00031510       __unwindfunclet$?DrawMarkers@AlliesWhiteboard@@AAEXPAUIDirectDrawSurface@@@Z$0 10032510 f   whiteboard.obj
 0001:00031518       __unwindfunclet$?DrawMarkers@AlliesWhiteboard@@AAEXPAUIDirectDrawSurface@@@Z$1 10032518 f   whiteboard.obj
 0001:00031520       __unwindfunclet$?DrawMarkers@AlliesWhiteboard@@AAEXPAUIDirectDrawSurface@@@Z$3 10032520 f   whiteboard.obj
 0001:00031528       __unwindfunclet$?DrawMarkers@AlliesWhiteboard@@AAEXPAUIDirectDrawSurface@@@Z$4 10032528 f   whiteboard.obj
 0001:00031530       __ehhandler$?DrawMarkers@AlliesWhiteboard@@AAEXPAUIDirectDrawSurface@@@Z 10032530 f   whiteboard.obj
 0001:00031550       __unwindfunclet$?DrawMinimapMarkers@AlliesWhiteboard@@QAEXPADH_N@Z$0 10032550 f   whiteboard.obj
 0001:00031558       __unwindfunclet$?DrawMinimapMarkers@AlliesWhiteboard@@QAEXPADH_N@Z$1 10032558 f   whiteboard.obj
 0001:00031560       __unwindfunclet$?DrawMinimapMarkers@AlliesWhiteboard@@QAEXPADH_N@Z$6 10032560 f   whiteboard.obj
 0001:00031568       __unwindfunclet$?DrawMinimapMarkers@AlliesWhiteboard@@QAEXPADH_N@Z$7 10032568 f   whiteboard.obj
 0001:00031570       __unwindfunclet$?DrawMinimapMarkers@AlliesWhiteboard@@QAEXPADH_N@Z$12 10032570 f   whiteboard.obj
 0001:00031578       __unwindfunclet$?DrawMinimapMarkers@AlliesWhiteboard@@QAEXPADH_N@Z$13 10032578 f   whiteboard.obj
 0001:00031580       __unwindfunclet$?DrawMinimapMarkers@AlliesWhiteboard@@QAEXPADH_N@Z$18 10032580 f   whiteboard.obj
 0001:0003158b       __unwindfunclet$?DrawMinimapMarkers@AlliesWhiteboard@@QAEXPADH_N@Z$19 1003258b f   whiteboard.obj
 0001:00031596       __unwindfunclet$?DrawMinimapMarkers@AlliesWhiteboard@@QAEXPADH_N@Z$24 10032596 f   whiteboard.obj
 0001:000315a1       __unwindfunclet$?DrawMinimapMarkers@AlliesWhiteboard@@QAEXPADH_N@Z$25 100325a1 f   whiteboard.obj
 0001:000315ac       __unwindfunclet$?DrawMinimapMarkers@AlliesWhiteboard@@QAEXPADH_N@Z$30 100325ac f   whiteboard.obj
 0001:000315b7       __unwindfunclet$?DrawMinimapMarkers@AlliesWhiteboard@@QAEXPADH_N@Z$31 100325b7 f   whiteboard.obj
 0001:000315c2       __unwindfunclet$?DrawMinimapMarkers@AlliesWhiteboard@@QAEXPADH_N@Z$36 100325c2 f   whiteboard.obj
 0001:000315cd       __unwindfunclet$?DrawMinimapMarkers@AlliesWhiteboard@@QAEXPADH_N@Z$37 100325cd f   whiteboard.obj
 0001:000315d8       __unwindfunclet$?DrawMinimapMarkers@AlliesWhiteboard@@QAEXPADH_N@Z$42 100325d8 f   whiteboard.obj
 0001:000315e3       __unwindfunclet$?DrawMinimapMarkers@AlliesWhiteboard@@QAEXPADH_N@Z$43 100325e3 f   whiteboard.obj
 0001:000315ee       __unwindfunclet$?DrawMinimapMarkers@AlliesWhiteboard@@QAEXPADH_N@Z$48 100325ee f   whiteboard.obj
 0001:000315f9       __unwindfunclet$?DrawMinimapMarkers@AlliesWhiteboard@@QAEXPADH_N@Z$49 100325f9 f   whiteboard.obj
 0001:00031604       __unwindfunclet$?DrawMinimapMarkers@AlliesWhiteboard@@QAEXPADH_N@Z$54 10032604 f   whiteboard.obj
 0001:0003160f       __unwindfunclet$?DrawMinimapMarkers@AlliesWhiteboard@@QAEXPADH_N@Z$55 1003260f f   whiteboard.obj
 0001:0003161a       __unwindfunclet$?DrawMinimapMarkers@AlliesWhiteboard@@QAEXPADH_N@Z$60 1003261a f   whiteboard.obj
 0001:00031625       __unwindfunclet$?DrawMinimapMarkers@AlliesWhiteboard@@QAEXPADH_N@Z$61 10032625 f   whiteboard.obj
 0001:00031630       __unwindfunclet$?DrawMinimapMarkers@AlliesWhiteboard@@QAEXPADH_N@Z$66 10032630 f   whiteboard.obj
 0001:0003163b       __unwindfunclet$?DrawMinimapMarkers@AlliesWhiteboard@@QAEXPADH_N@Z$67 1003263b f   whiteboard.obj
 0001:00031646       __ehhandler$?DrawMinimapMarkers@AlliesWhiteboard@@QAEXPADH_N@Z 10032646 f   whiteboard.obj
 0001:00031670       __unwindfunclet$?GetMarkers@AlliesWhiteboard@@QAEXPAUMarkerArray@@@Z$0 10032670 f   whiteboard.obj
 0001:00031678       __unwindfunclet$?GetMarkers@AlliesWhiteboard@@QAEXPAUMarkerArray@@@Z$1 10032678 f   whiteboard.obj
 0001:00031680       __unwindfunclet$?GetMarkers@AlliesWhiteboard@@QAEXPAUMarkerArray@@@Z$6 10032680 f   whiteboard.obj
 0001:00031688       __unwindfunclet$?GetMarkers@AlliesWhiteboard@@QAEXPAUMarkerArray@@@Z$7 10032688 f   whiteboard.obj
 0001:00031690       __ehhandler$?GetMarkers@AlliesWhiteboard@@QAEXPAUMarkerArray@@@Z 10032690 f   whiteboard.obj
 0001:000316b0       __unwindfunclet$?ReceiveMarkers@AlliesWhiteboard@@AAEXXZ$0 100326b0 f   whiteboard.obj
 0001:000316bb       __ehhandler$?ReceiveMarkers@AlliesWhiteboard@@AAEXXZ 100326bb f   whiteboard.obj
 0001:000316f0       __unwindfunclet$?SendMarkers@AlliesWhiteboard@@AAEXXZ$0 100326f0 f   whiteboard.obj
 0001:000316fb       __unwindfunclet$?SendMarkers@AlliesWhiteboard@@AAEXXZ$3 100326fb f   whiteboard.obj
 0001:00031706       __unwindfunclet$?SendMarkers@AlliesWhiteboard@@AAEXXZ$6 10032706 f   whiteboard.obj
 0001:00031711       __unwindfunclet$?SendMarkers@AlliesWhiteboard@@AAEXXZ$9 10032711 f   whiteboard.obj
 0001:0003171c       __unwindfunclet$?SendMarkers@AlliesWhiteboard@@AAEXXZ$12 1003271c f   whiteboard.obj
 0001:00031727       __unwindfunclet$?SendMarkers@AlliesWhiteboard@@AAEXXZ$15 10032727 f   whiteboard.obj
 0001:00031732       __unwindfunclet$?SendMarkers@AlliesWhiteboard@@AAEXXZ$18 10032732 f   whiteboard.obj
 0001:0003173d       __unwindfunclet$?SendMarkers@AlliesWhiteboard@@AAEXXZ$21 1003273d f   whiteboard.obj
 0001:00031748       __unwindfunclet$?SendMarkers@AlliesWhiteboard@@AAEXXZ$24 10032748 f   whiteboard.obj
 0001:00031753       __unwindfunclet$?SendMarkers@AlliesWhiteboard@@AAEXXZ$27 10032753 f   whiteboard.obj
 0001:0003175e       __unwindfunclet$?SendMarkers@AlliesWhiteboard@@AAEXXZ$30 1003275e f   whiteboard.obj
 0001:00031769       __unwindfunclet$?SendMarkers@AlliesWhiteboard@@AAEXXZ$33 10032769 f   whiteboard.obj
 0001:00031774       __ehhandler$?SendMarkers@AlliesWhiteboard@@AAEXXZ 10032774 f   whiteboard.obj
 0001:000317a0       __unwindfunclet$?GetTextElementAt@AlliesWhiteboard@@AAEPAVGraphicElement@@HHH@Z$0 100327a0 f   whiteboard.obj
 0001:000317a8       __unwindfunclet$?GetTextElementAt@AlliesWhiteboard@@AAEPAVGraphicElement@@HHH@Z$1 100327a8 f   whiteboard.obj
 0001:000317b0       __unwindfunclet$?GetTextElementAt@AlliesWhiteboard@@AAEPAVGraphicElement@@HHH@Z$3 100327b0 f   whiteboard.obj
 0001:000317b8       __unwindfunclet$?GetTextElementAt@AlliesWhiteboard@@AAEPAVGraphicElement@@HHH@Z$4 100327b8 f   whiteboard.obj
 0001:000317c0       __ehhandler$?GetTextElementAt@AlliesWhiteboard@@AAEPAVGraphicElement@@HHH@Z 100327c0 f   whiteboard.obj
 0001:000317e0       __unwindfunclet$??1?$deque@UTAShareMemStruct@CDDDTA@@V?$allocator@UTAShareMemStruct@CDDDTA@@@std@@@std@@QAE@XZ$0 100327e0 f   whiteboard.obj
 0001:000317e0       __unwindfunclet$??1?$deque@PAVGraphicElement@@V?$allocator@PAVGraphicElement@@@std@@@std@@QAE@XZ$0 100327e0 f   whiteboard.obj
 0001:000317e0       __unwindfunclet$??1?$deque@UMMHS@AlliesWhiteboard@@V?$allocator@UMMHS@AlliesWhiteboard@@@std@@@std@@QAE@XZ$0 100327e0 f   whiteboard.obj
 0001:000317e8       __unwindfunclet$??1?$deque@UMMHS@AlliesWhiteboard@@V?$allocator@UMMHS@AlliesWhiteboard@@@std@@@std@@QAE@XZ$1 100327e8 f   whiteboard.obj
 0001:000317e8       __unwindfunclet$??1?$deque@UTAShareMemStruct@CDDDTA@@V?$allocator@UTAShareMemStruct@CDDDTA@@@std@@@std@@QAE@XZ$1 100327e8 f   whiteboard.obj
 0001:000317e8       __unwindfunclet$??1?$deque@PAVGraphicElement@@V?$allocator@PAVGraphicElement@@@std@@@std@@QAE@XZ$1 100327e8 f   whiteboard.obj
 0001:000317f0       __ehhandler$??1?$deque@UTAShareMemStruct@CDDDTA@@V?$allocator@UTAShareMemStruct@CDDDTA@@@std@@@std@@QAE@XZ 100327f0 f   whiteboard.obj
 0001:000317f0       __ehhandler$??1?$deque@PAVGraphicElement@@V?$allocator@PAVGraphicElement@@@std@@@std@@QAE@XZ 100327f0 f   whiteboard.obj
 0001:000317f0       __ehhandler$??1?$deque@UMMHS@AlliesWhiteboard@@V?$allocator@UMMHS@AlliesWhiteboard@@@std@@@std@@QAE@XZ 100327f0 f   whiteboard.obj
 0001:00031810       __unwindfunclet$?back@?$deque@UMMHS@AlliesWhiteboard@@V?$allocator@UMMHS@AlliesWhiteboard@@@std@@@std@@QAEAAUMMHS@AlliesWhiteboard@@XZ$0 10032810 f   whiteboard.obj
 0001:00031818       __unwindfunclet$?back@?$deque@UMMHS@AlliesWhiteboard@@V?$allocator@UMMHS@AlliesWhiteboard@@@std@@@std@@QAEAAUMMHS@AlliesWhiteboard@@XZ$1 10032818 f   whiteboard.obj
 0001:00031820       __ehhandler$?back@?$deque@UMMHS@AlliesWhiteboard@@V?$allocator@UMMHS@AlliesWhiteboard@@@std@@@std@@QAEAAUMMHS@AlliesWhiteboard@@XZ 10032820 f   whiteboard.obj
 0001:00031840       __unwindfunclet$??0?$_Deque_val@UMMHS@AlliesWhiteboard@@V?$allocator@UMMHS@AlliesWhiteboard@@@std@@@std@@QAE@V?$allocator@UMMHS@AlliesWhiteboard@@@1@@Z$0 10032840 f   whiteboard.obj
 0001:00031840       __unwindfunclet$??0?$_Deque_val@PAVGraphicElement@@V?$allocator@PAVGraphicElement@@@std@@@std@@QAE@V?$allocator@PAVGraphicElement@@@1@@Z$0 10032840 f   whiteboard.obj
 0001:00031840       __unwindfunclet$??0?$_Deque_val@UTAShareMemStruct@CDDDTA@@V?$allocator@UTAShareMemStruct@CDDDTA@@@std@@@std@@QAE@V?$allocator@UTAShareMemStruct@CDDDTA@@@1@@Z$0 10032840 f   whiteboard.obj
 0001:00031848       __ehhandler$??0?$_Deque_val@PAVGraphicElement@@V?$allocator@PAVGraphicElement@@@std@@@std@@QAE@V?$allocator@PAVGraphicElement@@@1@@Z 10032848 f   whiteboard.obj
 0001:00031848       __ehhandler$??0?$_Deque_val@UMMHS@AlliesWhiteboard@@V?$allocator@UMMHS@AlliesWhiteboard@@@std@@@std@@QAE@V?$allocator@UMMHS@AlliesWhiteboard@@@1@@Z 10032848 f   whiteboard.obj
 0001:00031848       __ehhandler$??0?$_Deque_val@UTAShareMemStruct@CDDDTA@@V?$allocator@UTAShareMemStruct@CDDDTA@@@std@@@std@@QAE@V?$allocator@UTAShareMemStruct@CDDDTA@@@1@@Z 10032848 f   whiteboard.obj
 0001:00031870       __unwindfunclet$??1InlineSingleHook@@QAE@XZ$0 10032870 f   InlineHook.obj
 0001:00031878       __ehhandler$??1InlineSingleHook@@QAE@XZ 10032878 f   InlineHook.obj
 0001:000318a0       __unwindfunclet$??1CElementHandler@@UAE@XZ$0 100328a0 f   ElementHandler.obj
 0001:000318b9       __ehhandler$??1CElementHandler@@UAE@XZ 100328b9 f   ElementHandler.obj
 0001:000318e0       __unwindfunclet$?DeleteBetween@CElementHandler@@QAEXHHHH@Z$0 100328e0 f   ElementHandler.obj
 0001:000318e8       __unwindfunclet$?DeleteBetween@CElementHandler@@QAEXHHHH@Z$2 100328e8 f   ElementHandler.obj
 0001:000318f0       __ehhandler$?DeleteBetween@CElementHandler@@QAEXHHHH@Z 100328f0 f   ElementHandler.obj
 0001:00031910       __unwindfunclet$?GetArea@CElementHandler@@QAE?AV?$vector@PAVGraphicElement@@V?$allocator@PAVGraphicElement@@@std@@@std@@HHHH@Z$0 10032910 f   ElementHandler.obj
 0001:00031918       __unwindfunclet$?GetArea@CElementHandler@@QAE?AV?$vector@PAVGraphicElement@@V?$allocator@PAVGraphicElement@@@std@@@std@@HHHH@Z$3 10032918 f   ElementHandler.obj
 0001:00031920       __unwindfunclet$?GetArea@CElementHandler@@QAE?AV?$vector@PAVGraphicElement@@V?$allocator@PAVGraphicElement@@@std@@@std@@HHHH@Z$1 10032920 f   ElementHandler.obj
 0001:00031939       __unwindfunclet$?GetArea@CElementHandler@@QAE?AV?$vector@PAVGraphicElement@@V?$allocator@PAVGraphicElement@@@std@@@std@@HHHH@Z$4 10032939 f   ElementHandler.obj
 0001:00031941       __ehhandler$?GetArea@CElementHandler@@QAE?AV?$vector@PAVGraphicElement@@V?$allocator@PAVGraphicElement@@@std@@@std@@HHHH@Z 10032941 f   ElementHandler.obj
 0001:00031960       __unwindfunclet$?MoveTextElement@CElementHandler@@QAEPAVGraphicElement@@PAV2@HH@Z$2 10032960 f   ElementHandler.obj
 0001:0003196b       __ehhandler$?MoveTextElement@CElementHandler@@QAEPAVGraphicElement@@PAV2@HH@Z 1003296b f   ElementHandler.obj
 0001:00031990       __unwindfunclet$??1?$list@PAVGraphicElement@@V?$allocator@PAVGraphicElement@@@std@@@std@@QAE@XZ$0 10032990 f   ElementHandler.obj
 0001:00031998       __ehhandler$??1?$list@PAVGraphicElement@@V?$allocator@PAVGraphicElement@@@std@@@std@@QAE@XZ 10032998 f   ElementHandler.obj
 0001:000319c0       __ehhandler$?_Buynode@?$_List_val@PAVGraphicElement@@V?$allocator@PAVGraphicElement@@@std@@@std@@QAEPAU_Node@?$_List_nod@PAVGraphicElement@@V?$allocator@PAVGraphicElement@@@std@@@2@PAU342@0ABQAVGraphicElement@@@Z 100329c0 f   ElementHandler.obj
 0001:000319db       __ehhandler$?CallUnexpected@@YAXPBU_s_ESTypeList@@@Z 100329db f   LIBCMT:frame.obj
 0001:00031a00       ??__Fnomem@?5???2@YAPAXI@Z@YAXXZ 10032a00 f   LIBCMT:new.obj
