 ddraw

 Timestamp is 4f703de8 (Mon Mar 26 17:59:04 2012)

 Preferred load address is 10000000

 Start         Length     Name                   Class
 0001:00000000 00031ca2H .text                   CODE
 0001:00031cb0 000010d6H .text$x                 CODE
 0001:00032d90 00000000H .text$yc                CODE
 0001:00032d90 00000014H .text$yd                CODE
 0002:00000000 0000020cH .idata$5                DATA
 0002:0000020c 00000004H .CRT$XCA                DATA
 0002:00000210 00000000H .CRT$XCU                DATA
 0002:00000210 00000004H .CRT$XCZ                DATA
 0002:00000214 00000004H .CRT$XIA                DATA
 0002:00000218 00000014H .CRT$XIC                DATA
 0002:0000022c 00000004H .CRT$XIZ                DATA
 0002:00000230 00000004H .CRT$XPA                DATA
 0002:00000234 00000004H .CRT$XPX                DATA
 0002:00000238 00000004H .CRT$XPXA               DATA
 0002:0000023c 00000004H .CRT$XPZ                DATA
 0002:00000240 00000004H .CRT$XTA                DATA
 0002:00000244 00000004H .CRT$XTZ                DATA
 0002:00000250 00004ee8H .rdata                  DATA
 0002:00005138 0000063cH .rdata$r                DATA
 0002:00005780 000000fcH .rdata$sxdata           DATA
 0002:0000587c 00000004H .rtc$IAA                DATA
 0002:00005880 00000004H .rtc$IMZ                DATA
 0002:00005884 00000004H .rtc$IZZ                DATA
 0002:00005888 00000004H .rtc$TAA                DATA
 0002:0000588c 00000004H .rtc$TMZ                DATA
 0002:00005890 00000004H .rtc$TZZ                DATA
 0002:00005898 000017e4H .xdata$x                DATA
 0002:0000707c 00000064H .idata$2                DATA
 0002:000070e0 00000014H .idata$3                DATA
 0002:000070f4 0000020cH .idata$4                DATA
 0002:00007300 00000914H .idata$6                DATA
 0002:00007c20 0000004dH .edata                  DATA
 0003:00000000 00003af8H .data                   DATA
 0003:00003b00 000020a0H .bss                    DATA
 0004:00000000 00000310H .rsrc$01                DATA
 0004:00000310 0001d7a8H .rsrc$02                DATA

  Address         Publics by Value              Rva+Base       Lib:Object

 0000:00000000       __except_list              00000000     <absolute>
 0000:0000003f       ___safe_se_handler_count   0000003f     <absolute>
 0000:00000000       ___ImageBase               10000000     <linker-defined>
 0001:00000000       ?AddtionInit@@YGHPAUtagInlineX86StackBuffer@@@Z 10001000 f   ddraw.obj
 0001:000001a0       ?AddtionRelease@@YGXXZ     100011a0 f   ddraw.obj
 0001:000002d0       _DllMain@12                100012d0 f   ddraw.obj
 0001:00000410       ?GetSysDir@@YGXXZ          10001410 f   ddraw.obj
 0001:00000480       ?DirectDrawCreate@@YGJPAU_GUID@@PAPAUIDirectDraw@@PAUIUnknown@@@Z 10001480 f   ddraw.obj
 0001:00000570       ?SetupFileMap@@YG_NXZ      10001570 f   ddraw.obj
 0001:000005f0       ?SetupLocalFileMap@@YG_NXZ 100015f0 f   ddraw.obj
 0001:00000680       ?ShutdownLocalFileMap@@YGXXZ 10001680 f   ddraw.obj
 0001:000006b0       ?SetupTAHookFileMap@@YGXXZ 100016b0 f   ddraw.obj
 0001:00000710       ?ShutDownTAHookFileMap@@YGXXZ 10001710 f   ddraw.obj
 0001:00000740       ?EnableSound@@YGXXZ        10001740 f   ddraw.obj
 0001:00000770       ??0ExternQuickKey@@QAE@XZ  10001770 f   ExternQuickKey.obj
 0001:000008b0       ??1ExternQuickKey@@QAE@XZ  100018b0 f   ExternQuickKey.obj
 0001:00000950       ?Message@ExternQuickKey@@QAE_NPAUHWND__@@IIJ@Z 10001950 f   ExternQuickKey.obj
 0001:00000af0       ?SelectOnlyInScreenSameTypeUnit@ExternQuickKey@@AAEHH@Z 10001af0 f   ExternQuickKey.obj
 0001:00000d10       ?SelectOnlyInScreenWeaponUnit@ExternQuickKey@@AAEHI@Z 10001d10 f   ExternQuickKey.obj
 0001:00000e60       ?SetIDMaskInTypeAry@ExternQuickKey@@AAE_NGQAK@Z 10001e60 f   ExternQuickKey.obj
 0001:00000eb0       ?MatchInTypeAry@ExternQuickKey@@AAE_NGQAK@Z 10001eb0 f   ExternQuickKey.obj
 0001:00000ef0       ?FilterSelectedUnit@ExternQuickKey@@QAEHW4TAUnitType@@@Z 10001ef0 f   ExternQuickKey.obj
 0001:00001230       ?AddtionRoutine_CircleSelect@@YGHPAUtagInlineX86StackBuffer@@@Z 10002230 f   ExternQuickKey.obj
 0001:00001380       ?CreateSurfByGafFrame@@YGPAUIDirectDrawSurface@@PAU_GAFFrame@@_N@Z 10002380 f   gaf.obj
 0001:00001500       ?ViewPlayerLos_Replay@@YGHHH@Z 10002500 f   HardCodeFunctions.obj
 0001:000016b0       ?UpdateTAProcess@@YGHXZ    100026b0 f   HardCodeFunctions.obj
 0001:00001720       ?AntiCheat@@YGHXZ          10002720 f   HardCodeFunctions.obj
 0001:00001790       ?GetUnitIDMaskAryByCategory@@YGPAKPAD@Z 10002790 f   HardCodeFunctions.obj
 0001:00001820       ?freeTAMem@@YGXPAX@Z       10002820 f   HardCodeFunctions.obj
 0001:000018a0       ?UpdateSelectUnitEffect@@YGXXZ 100028a0 f   HardCodeFunctions.obj
 0001:000018e0       ?ApplySelectUnitMenu_Wapper@@YGXXZ 100028e0 f   HardCodeFunctions.obj
 0001:00001910       ?DeselectUnits@@YGXXZ      10002910 f   HardCodeFunctions.obj
 0001:00001990       ??0ModifyHook@@QAE@PAEHK0KK@Z 10002990 f   ModifyHook.obj
 0001:00001990       ??0ModifyHook@@QAE@IHKPAEKK@Z 10002990 f   ModifyHook.obj
 0001:00001a50       ??1ModifyHook@@QAE@XZ      10002a50 f   ModifyHook.obj
 0001:00001b20       ?InitHookClass@ModifyHook@@AAEXPAEHK0KK@Z 10002b20 f   ModifyHook.obj
 0001:00001d80       ?Hook@ModifyHook@@UAEXXZ   10002d80 f   ModifyHook.obj
 0001:00001ea0       ??0_TAHPI@@QAE@H@Z         10002ea0 f   HPIfunc.obj
 0001:00001f80       ??1_TAHPI@@QAE@XZ          10002f80 f   HPIfunc.obj
 0001:00001fe0       ?readfile@_TAHPI@@QAEPADPADPAI@Z 10002fe0 f   HPIfunc.obj
 0001:00002000       ?free_readfile@_TAHPI@@QAEXPAD@Z 10003000 f   HPIfunc.obj
 0001:00002020       ?TADontInit@@YGHPAUtagInlineX86StackBuffer@@@Z 10003020 f   HPIfunc.obj
 0001:00002040       ??0IDDraw@@QAE@PAUIDirectDraw@@_N@Z 10003040 f   iddraw.obj
 0001:000020e0       ?QueryInterface@IDDraw@@UAGJABU_GUID@@PAPAX@Z 100030e0 f   iddraw.obj
 0001:00002110       ?AddRef@IDDraw@@UAGKXZ     10003110 f   iddraw.obj
 0001:00002140       ?Release@IDDraw@@UAGKXZ    10003140 f   iddraw.obj
 0001:00002190       ?Compact@IDDraw@@UAGJXZ    10003190 f   iddraw.obj
 0001:000021c0       ?CreateClipper@IDDraw@@UAGJKPAPAUIDirectDrawClipper@@PAUIUnknown@@@Z 100031c0 f   iddraw.obj
 0001:00002200       ?CreatePalette@IDDraw@@UAGJKPAUtagPALETTEENTRY@@PAPAUIDirectDrawPalette@@PAUIUnknown@@@Z 10003200 f   iddraw.obj
 0001:00002240       ?CreateSurface@IDDraw@@UAGJPAU_DDSURFACEDESC@@PAPAUIDirectDrawSurface@@PAUIUnknown@@@Z 10003240 f   iddraw.obj
 0001:00002320       ?DuplicateSurface@IDDraw@@UAGJPAUIDirectDrawSurface@@PAPAU2@@Z 10003320 f   iddraw.obj
 0001:00002350       ?EnumDisplayModes@IDDraw@@UAGJKPAU_DDSURFACEDESC@@PAXP6GJ01@Z@Z 10003350 f   iddraw.obj
 0001:00002390       ?EnumSurfaces@IDDraw@@UAGJKPAU_DDSURFACEDESC@@PAXP6GJPAUIDirectDrawSurface@@01@Z@Z 10003390 f   iddraw.obj
 0001:000023d0       ?FlipToGDISurface@IDDraw@@UAGJXZ 100033d0 f   iddraw.obj
 0001:00002400       ?GetCaps@IDDraw@@UAGJPAU_DDCAPS_DX7@@0@Z 10003400 f   iddraw.obj
 0001:00002430       ?GetDisplayMode@IDDraw@@UAGJPAU_DDSURFACEDESC@@@Z 10003430 f   iddraw.obj
 0001:00002460       ?GetFourCCCodes@IDDraw@@UAGJPAK0@Z 10003460 f   iddraw.obj
 0001:00002490       ?GetGDISurface@IDDraw@@UAGJPAPAUIDirectDrawSurface@@@Z 10003490 f   iddraw.obj
 0001:000024c0       ?GetMonitorFrequency@IDDraw@@UAGJPAK@Z 100034c0 f   iddraw.obj
 0001:000024f0       ?GetScanLine@IDDraw@@UAGJPAK@Z 100034f0 f   iddraw.obj
 0001:00002520       ?GetVerticalBlankStatus@IDDraw@@UAGJPAH@Z 10003520 f   iddraw.obj
 0001:00002550       ?Initialize@IDDraw@@UAGJPAU_GUID@@@Z 10003550 f   iddraw.obj
 0001:00002580       ?RestoreDisplayMode@IDDraw@@UAGJXZ 10003580 f   iddraw.obj
 0001:000025b0       ?SetCooperativeLevel@IDDraw@@UAGJPAUHWND__@@K@Z 100035b0 f   iddraw.obj
 0001:00002610       ?SetDisplayMode@IDDraw@@UAGJKKK@Z 10003610 f   iddraw.obj
 0001:00002680       ?WaitForVerticalBlank@IDDraw@@UAGJKPAX@Z 10003680 f   iddraw.obj
 0001:000026b0       ??0IDDrawSurface@@QAE@PAUIDirectDrawSurface@@_NHH@Z 100036b0 f   iddrawsurface.obj
 0001:00002ae0       ?QueryInterface@IDDrawSurface@@UAGJABU_GUID@@PAPAX@Z 10003ae0 f   iddrawsurface.obj
 0001:00002b10       ?AddRef@IDDrawSurface@@UAGKXZ 10003b10 f   iddrawsurface.obj
 0001:00002b40       ?Release@IDDrawSurface@@UAGKXZ 10003b40 f   iddrawsurface.obj
 0001:00002e50       ?AddOverlayDirtyRect@IDDrawSurface@@UAGJPAUtagRECT@@@Z 10003e50 f   iddrawsurface.obj
 0001:00002e80       ?AddAttachedSurface@IDDrawSurface@@UAGJPAUIDirectDrawSurface@@@Z 10003e80 f   iddrawsurface.obj
 0001:00002eb0       ?Blt@IDDrawSurface@@UAGJPAUtagRECT@@PAUIDirectDrawSurface@@0KPAU_DDBLTFX@@@Z 10003eb0 f   iddrawsurface.obj
 0001:00002ef0       ?BltBatch@IDDrawSurface@@UAGJPAU_DDBLTBATCH@@KK@Z 10003ef0 f   iddrawsurface.obj
 0001:00002f30       ?BltFast@IDDrawSurface@@UAGJKKPAUIDirectDrawSurface@@PAUtagRECT@@K@Z 10003f30 f   iddrawsurface.obj
 0001:00002f70       ?DeleteAttachedSurface@IDDrawSurface@@UAGJKPAUIDirectDrawSurface@@@Z 10003f70 f   iddrawsurface.obj
 0001:00002fa0       ?EnumAttachedSurfaces@IDDrawSurface@@UAGJPAXP6GJPAUIDirectDrawSurface@@PAU_DDSURFACEDESC@@0@Z@Z 10003fa0 f   iddrawsurface.obj
 0001:00002fd0       ?EnumOverlayZOrders@IDDrawSurface@@UAGJKPAXP6GJPAUIDirectDrawSurface@@PAU_DDSURFACEDESC@@0@Z@Z 10003fd0 f   iddrawsurface.obj
 0001:00003010       ?Flip@IDDrawSurface@@UAGJPAUIDirectDrawSurface@@K@Z 10004010 f   iddrawsurface.obj
 0001:00003040       ?GetAttachedSurface@IDDrawSurface@@UAGJPAU_DDSCAPS@@PAPAUIDirectDrawSurface@@@Z 10004040 f   iddrawsurface.obj
 0001:000030a0       ?GetBltStatus@IDDrawSurface@@UAGJK@Z 100040a0 f   iddrawsurface.obj
 0001:000030d0       ?GetCaps@IDDrawSurface@@UAGJPAU_DDSCAPS@@@Z 100040d0 f   iddrawsurface.obj
 0001:00003100       ?GetClipper@IDDrawSurface@@UAGJPAPAUIDirectDrawClipper@@@Z 10004100 f   iddrawsurface.obj
 0001:00003130       ?GetColorKey@IDDrawSurface@@UAGJKPAU_DDCOLORKEY@@@Z 10004130 f   iddrawsurface.obj
 0001:00003160       ?GetDC@IDDrawSurface@@UAGJPAPAUHDC__@@@Z 10004160 f   iddrawsurface.obj
 0001:00003190       ?GetFlipStatus@IDDrawSurface@@UAGJK@Z 10004190 f   iddrawsurface.obj
 0001:000031c0       ?GetOverlayPosition@IDDrawSurface@@UAGJPAJ0@Z 100041c0 f   iddrawsurface.obj
 0001:000031f0       ?GetPalette@IDDrawSurface@@UAGJPAPAUIDirectDrawPalette@@@Z 100041f0 f   iddrawsurface.obj
 0001:00003220       ?GetPixelFormat@IDDrawSurface@@UAGJPAU_DDPIXELFORMAT@@@Z 10004220 f   iddrawsurface.obj
 0001:00003250       ?GetSurfaceDesc@IDDrawSurface@@UAGJPAU_DDSURFACEDESC@@@Z 10004250 f   iddrawsurface.obj
 0001:00003280       ?Initialize@IDDrawSurface@@UAGJPAUIDirectDraw@@PAU_DDSURFACEDESC@@@Z 10004280 f   iddrawsurface.obj
 0001:000032b0       ?IsLost@IDDrawSurface@@UAGJXZ 100042b0 f   iddrawsurface.obj
 0001:000032e0       ?Lock@IDDrawSurface@@UAGJPAUtagRECT@@PAU_DDSURFACEDESC@@KPAX@Z 100042e0 f   iddrawsurface.obj
 0001:00003350       ?ReleaseDC@IDDrawSurface@@UAGJPAUHDC__@@@Z 10004350 f   iddrawsurface.obj
 0001:00003380       ?Restore@IDDrawSurface@@UAGJXZ 10004380 f   iddrawsurface.obj
 0001:000033b0       ?SetClipper@IDDrawSurface@@UAGJPAUIDirectDrawClipper@@@Z 100043b0 f   iddrawsurface.obj
 0001:000033e0       ?SetColorKey@IDDrawSurface@@UAGJKPAU_DDCOLORKEY@@@Z 100043e0 f   iddrawsurface.obj
 0001:00003410       ?SetOverlayPosition@IDDrawSurface@@UAGJJJ@Z 10004410 f   iddrawsurface.obj
 0001:00003440       ?SetPalette@IDDrawSurface@@UAGJPAUIDirectDrawPalette@@@Z 10004440 f   iddrawsurface.obj
 0001:00003480       ?Unlock@IDDrawSurface@@UAGJPAX@Z 10004480 f   iddrawsurface.obj
 0001:000037d0       ?UpdateOverlay@IDDrawSurface@@UAGJPAUtagRECT@@PAUIDirectDrawSurface@@0KPAU_DDOVERLAYFX@@@Z 100047d0 f   iddrawsurface.obj
 0001:00003810       ?UpdateOverlayDisplay@IDDrawSurface@@UAGJK@Z 10004810 f   iddrawsurface.obj
 0001:00003840       ?UpdateOverlayZOrder@IDDrawSurface@@UAGJKPAUIDirectDrawSurface@@@Z 10004840 f   iddrawsurface.obj
 0001:00003870       ?OutptInt@IDDrawSurface@@SGXH@Z 10004870 f   iddrawsurface.obj
 0001:00003870       ?OutptTxt@IDDrawSurface@@SGXPAD@Z 10004870 f   iddrawsurface.obj
 0001:00003880       ?Set@IDDrawSurface@@QAEX_N@Z 10004880 f   iddrawsurface.obj
 0001:000038a0       ?CreateClipplist@IDDrawSurface@@QAEXXZ 100048a0 f   iddrawsurface.obj
 0001:00003a80       ?ScreenShot@IDDrawSurface@@QAEXXZ 10004a80 f   iddrawsurface.obj
 0001:00003d00       ?CreateFileName@IDDrawSurface@@AAEXPADH@Z 10004d00 f   iddrawsurface.obj
 0001:00003f80       ?CreateDir@IDDrawSurface@@QAEXPAD@Z 10004f80 f   iddrawsurface.obj
 0001:00004040       ?CorrectName@IDDrawSurface@@QAEXPAD@Z 10005040 f   iddrawsurface.obj
 0001:000040a0       ?DeInterlace@IDDrawSurface@@AAEXXZ 100050a0 f   iddrawsurface.obj
 0001:00004150       ?WinProc@@YGJPAUHWND__@@IIJ@Z 10005150 f   iddrawsurface.obj
 0001:00004550       ??0MenuResolution@@QAE@H@Z 10005550 f   MenuResolution.obj
 0001:000045b0       ??1MenuResolution@@QAE@XZ  100055b0 f   MenuResolution.obj
 0001:000045d0       ?InstallHook@MenuResolution@@AAEXXZ 100055d0 f   MenuResolution.obj
 0001:00004810       ?UninstallHook@MenuResolution@@AAEXXZ 10005810 f   MenuResolution.obj
 0001:00004a20       ?sub_0049E91C@@YGHPAUtagInlineX86StackBuffer@@@Z 10005a20 f   MenuResolution.obj
 0001:00004a80       ?sub_0049E93B@@YGHPAUtagInlineX86StackBuffer@@@Z 10005a80 f   MenuResolution.obj
 0001:00004ae0       ?sub_00491A75@@YGHPAUtagInlineX86StackBuffer@@@Z 10005ae0 f   MenuResolution.obj
 0001:00004b70       ?sub_00491B01@@YGHPAUtagInlineX86StackBuffer@@@Z 10005b70 f   MenuResolution.obj
 0001:00004bf0       ??0ModifyWeaponPacket@@QAE@H@Z 10005bf0 f   MultiGameWeaponID.obj
 0001:00004c30       ?ModifyRoutine@ModifyWeaponPacket@@AAEXH@Z 10005c30 f   MultiGameWeaponID.obj
 0001:00004d40       ?EnsureDplayx@ModifyWeaponPacket@@AAEXH@Z 10005d40 f   MultiGameWeaponID.obj
 0001:00005300       ?FeaturePacket@ModifyWeaponPacket@@AAEXH@Z 10006300 f   MultiGameWeaponID.obj
 0001:000054c0       ??1ModifyWeaponPacket@@QAE@XZ 100064c0 f   MultiGameWeaponID.obj
 0001:00005700       ??0CDDDTA@@QAE@XZ          10006700 f   dddta.obj
 0001:000057f0       ??1CDDDTA@@QAE@XZ          100067f0 f   dddta.obj
 0001:00005880       ?DeInitDDDTA@CDDDTA@@QAEXXZ 10006880 f   dddta.obj
 0001:00005920       ?Blit@CDDDTA@@QAEXPAUIDirectDrawSurface@@@Z 10006920 f   dddta.obj
 0001:00005a70       ?InitDDDTA@CDDDTA@@AAEXXZ  10006a70 f   dddta.obj
 0001:00005e10       ?Message@CDDDTA@@QAE_NPAUHWND__@@IIJ@Z 10006e10 f   dddta.obj
 0001:00005ee0       ?FrameUpdate@CDDDTA@@QAEXXZ 10006ee0 f   dddta.obj
 0001:00006030       ?WriteUnits@CDDDTA@@AAEXXZ 10007030 f   dddta.obj
 0001:00006140       ?WriteProjectiles@CDDDTA@@AAEXXZ 10007140 f   dddta.obj
 0001:00006340       ?WriteExplosion@CDDDTA@@AAEXXZ 10007340 f   dddta.obj
 0001:000066b0       ?WriteSmoke@CDDDTA@@AAEXXZ 100076b0 f   dddta.obj
 0001:00006950       ?SetActiveUnit@CDDDTA@@AAEXPAUOwnUnitBegin@@PAUUnitStruct@@@Z 10007950 f i dddta.obj
 0001:00006a50       ?WriteSubPart@CDDDTA@@AAEXPAUSubPart@@PAUPrimitiveStruct@@@Z 10007a50 f   dddta.obj
 0001:00006b50       ?CheckMessages@CDDDTA@@AAEXXZ 10007b50 f   dddta.obj
 0001:00006ca0       ?CreateSharedTAMem@CDDDTA@@AAEXHHPAD@Z 10007ca0 f   dddta.obj
 0001:00006dd0       ?RestoreAllSharedTAMem@CDDDTA@@AAEXXZ 10007dd0 f   dddta.obj
 0001:00007130       ?SendTextToSpring@CDDDTA@@QAEXPBD@Z 10008130 f   dddta.obj
 0001:000071d0       ?ChatStrnCpy@@YAPADPADPBDI@Z 100081d0 f   dddta.obj
 0001:00007210       ?DeleteMem@@YAXPAX@Z       10008210 f   dddta.obj
 0001:00007240       ??1?$deque@UTAShareMemStruct@CDDDTA@@V?$allocator@UTAShareMemStruct@CDDDTA@@@std@@@std@@QAE@XZ 10008240 f i dddta.obj
 0001:000072c0       ?push_front@?$deque@UTAShareMemStruct@CDDDTA@@V?$allocator@UTAShareMemStruct@CDDDTA@@@std@@@std@@QAEXABUTAShareMemStruct@CDDDTA@@@Z 100082c0 f i dddta.obj
 0001:000073e0       ?_Growmap@?$deque@UTAShareMemStruct@CDDDTA@@V?$allocator@UTAShareMemStruct@CDDDTA@@@std@@@std@@IAEXI@Z 100083e0 f i dddta.obj
 0001:00007780       ?_Tidy@?$deque@UTAShareMemStruct@CDDDTA@@V?$allocator@UTAShareMemStruct@CDDDTA@@@std@@@std@@IAEXXZ 10008780 f i dddta.obj
 0001:00007850       ??0?$_Deque_val@UMMHS@AlliesWhiteboard@@V?$allocator@UMMHS@AlliesWhiteboard@@@std@@@std@@QAE@V?$allocator@UMMHS@AlliesWhiteboard@@@1@@Z 10008850 f i whiteboard.obj
 0001:00007850       ??0?$_Deque_val@UTAShareMemStruct@CDDDTA@@V?$allocator@UTAShareMemStruct@CDDDTA@@@std@@@std@@QAE@V?$allocator@UTAShareMemStruct@CDDDTA@@@1@@Z 10008850 f i dddta.obj
 0001:00007850       ??0?$_Deque_val@PAVGraphicElement@@V?$allocator@PAVGraphicElement@@@std@@@std@@QAE@V?$allocator@PAVGraphicElement@@@1@@Z 10008850 f i whiteboard.obj
 0001:00007910       ??H?$_Deque_iterator@UMMHS@AlliesWhiteboard@@V?$allocator@UMMHS@AlliesWhiteboard@@@std@@@std@@QBE?AV01@H@Z 10008910 f i whiteboard.obj
 0001:00007910       ??H?$_Deque_iterator@UTAShareMemStruct@CDDDTA@@V?$allocator@UTAShareMemStruct@CDDDTA@@@std@@@std@@QBE?AV01@H@Z 10008910 f i dddta.obj
 0001:000079c0       ?pop_back@?$deque@UTAShareMemStruct@CDDDTA@@V?$allocator@UTAShareMemStruct@CDDDTA@@@std@@@std@@QAEXXZ 100089c0 f i dddta.obj
 0001:00007a70       ??D?$_Deque_const_iterator@UTAShareMemStruct@CDDDTA@@V?$allocator@UTAShareMemStruct@CDDDTA@@@std@@@std@@QBEABUTAShareMemStruct@CDDDTA@@XZ 10008a70 f i dddta.obj
 0001:00007af0       ??$_Cons_val@V?$allocator@UTAShareMemStruct@CDDDTA@@@std@@UTAShareMemStruct@CDDDTA@@ABU34@@std@@YGXAAV?$allocator@UTAShareMemStruct@CDDDTA@@@0@PAUTAShareMemStruct@CDDDTA@@ABU23@@Z 10008af0 f i dddta.obj
 0001:00007b50       ??$_Dest_val@V?$allocator@PAVRegDword@@@std@@PAVRegDword@@@std@@YGXAAV?$allocator@PAVRegDword@@@0@PAPAVRegDword@@@Z 10008b50 f i TAConfig.obj
 0001:00007b50       ??$_Dest_val@V?$allocator@PAPAVGraphicElement@@@std@@PAPAVGraphicElement@@@std@@YGXAAV?$allocator@PAPAVGraphicElement@@@0@PAPAPAVGraphicElement@@@Z 10008b50 f i whiteboard.obj
 0001:00007b50       ??$_Dest_val@V?$allocator@UTAShareMemStruct@CDDDTA@@@std@@UTAShareMemStruct@CDDDTA@@@std@@YGXAAV?$allocator@UTAShareMemStruct@CDDDTA@@@0@PAUTAShareMemStruct@CDDDTA@@@Z 10008b50 f i dddta.obj
 0001:00007b50       ??$_Dest_val@V?$allocator@PAVGraphicElement@@@std@@PAVGraphicElement@@@std@@YGXAAV?$allocator@PAVGraphicElement@@@0@PAPAVGraphicElement@@@Z 10008b50 f i whiteboard.obj
 0001:00007b50       ??$_Dest_val@V?$allocator@PAVRegString@@@std@@PAVRegString@@@std@@YGXAAV?$allocator@PAVRegString@@@0@PAPAVRegString@@@Z 10008b50 f i TAConfig.obj
 0001:00007b50       ??$_Dest_val@V?$allocator@U_Node@?$_List_nod@PAVGraphicElement@@V?$allocator@PAVGraphicElement@@@std@@@std@@@std@@U_Node@?$_List_nod@PAVGraphicElement@@V?$allocator@PAVGraphicElement@@@std@@@2@@std@@YGXAAV?$allocator@U_Node@?$_List_nod@PAVGraphicElement@@V?$allocator@PAVGraphicElement@@@std@@@std@@@0@PAU_Node@?$_List_nod@PAVGraphicElement@@V?$allocator@PAVGraphicElement@@@std@@@0@@Z 10008b50 f i ElementHandler.obj
 0001:00007b50       ??$_Dest_val@V?$allocator@PAD@std@@PAD@std@@YGXAAV?$allocator@PAD@0@PAPAD@Z 10008b50 f i UnicodeSupport.obj
 0001:00007b50       ??$_Dest_val@V?$allocator@UMMHS@AlliesWhiteboard@@@std@@UMMHS@AlliesWhiteboard@@@std@@YGXAAV?$allocator@UMMHS@AlliesWhiteboard@@@0@PAUMMHS@AlliesWhiteboard@@@Z 10008b50 f i whiteboard.obj
 0001:00007b50       ??$_Dest_val@V?$allocator@U_Container_proxy@std@@@std@@U_Container_proxy@2@@std@@YGXAAV?$allocator@U_Container_proxy@std@@@0@PAU_Container_proxy@0@@Z 10008b50 f i dddta.obj
 0001:00007b50       ??$_Dest_val@V?$allocator@PAUMMHS@AlliesWhiteboard@@@std@@PAUMMHS@AlliesWhiteboard@@@std@@YGXAAV?$allocator@PAUMMHS@AlliesWhiteboard@@@0@PAPAUMMHS@AlliesWhiteboard@@@Z 10008b50 f i whiteboard.obj
 0001:00007b50       ??$_Dest_val@V?$allocator@PAUTAShareMemStruct@CDDDTA@@@std@@PAUTAShareMemStruct@CDDDTA@@@std@@YGXAAV?$allocator@PAUTAShareMemStruct@CDDDTA@@@0@PAPAUTAShareMemStruct@CDDDTA@@@Z 10008b50 f i dddta.obj
 0001:00007b60       ??$_Cons_val@V?$allocator@U_Container_proxy@std@@@std@@U_Container_proxy@2@U32@@std@@YGXAAV?$allocator@U_Container_proxy@std@@@0@PAU_Container_proxy@0@$$QAU20@@Z 10008b60 f i dddta.obj
 0001:00007ba0       ??$_Allocate@UTAShareMemStruct@CDDDTA@@@std@@YGPAUTAShareMemStruct@CDDDTA@@IPAU12@@Z 10008ba0 f i dddta.obj
 0001:00007c10       ??1bad_alloc@std@@UAE@XZ   10008c10 f i dddta.obj
 0001:00007c30       ??_Gbad_alloc@std@@UAEPAXI@Z 10008c30 f i dddta.obj
 0001:00007c30       ??_Ebad_alloc@std@@UAEPAXI@Z 10008c30 f i dddta.obj
 0001:00007c70       ??$_Allocate@U_Container_proxy@std@@@std@@YGPAU_Container_proxy@0@IPAU10@@Z 10008c70 f i dddta.obj
 0001:00007ce0       ??0bad_alloc@std@@QAE@ABV01@@Z 10008ce0 f i dddta.obj
 0001:00007d10       ??0CChangeQueue@@QAE@XZ    10008d10 f   changequeue.obj
 0001:00007d50       ??0CIncome@@QAE@XZ         10008d50 f   cinomce.obj
 0001:00007e10       ??1CIncome@@QAE@XZ         10008e10 f   cinomce.obj
 0001:00007e40       ?BlitIncome@CIncome@@QAEXPAUIDirectDrawSurface@@@Z 10008e40 f   cinomce.obj
 0001:00008130       ?ShowAllIncome@CIncome@@AAEHXZ 10009130 f   cinomce.obj
 0001:00008220       ?ShowAllyIncome@CIncome@@AAEHXZ 10009220 f   cinomce.obj
 0001:000082f0       ?ShowMyViewIncome@CIncome@@AAEXHH@Z 100092f0 f   cinomce.obj
 0001:000083c0       ?ShowPlayerIncome@CIncome@@AAEXHHH@Z 100093c0 f   cinomce.obj
 0001:000086c0       ?DrawStorageText@CIncome@@AAEHMHH@Z 100096c0 f   cinomce.obj
 0001:000087d0       ?DrawTextA@CIncome@@AAEXPADHHD@Z 100097d0 f   cinomce.obj
 0001:00008930       ?PaintStoragebar@CIncome@@AAEXHHHH@Z 10009930 f   cinomce.obj
 0001:00008b00       ?FillRect@CIncome@@AAEXD@Z 10009b00 f   cinomce.obj
 0001:00008b70       ?Set@CIncome@@QAEXH@Z      10009b70 f   cinomce.obj
 0001:00008b90       ?ReadPos@CIncome@@AAEXXZ   10009b90 f   cinomce.obj
 0001:00008c40       ?WritePos@CIncome@@AAEXXZ  10009c40 f   cinomce.obj
 0001:00008cc0       ?Message@CIncome@@QAE_NPAUHWND__@@IIJ@Z 10009cc0 f   cinomce.obj
 0001:00009230       ?CorrectPos@CIncome@@AAEXXZ 1000a230 f   cinomce.obj
 0001:000092c0       ?GetPlayerColor@CIncome@@AAEEH@Z 1000a2c0 f   cinomce.obj
 0001:00009350       ?DrawPlayerRect@CIncome@@AAEXHHD@Z 1000a350 f   cinomce.obj
 0001:000093b0       ??$sprintf_s@$0GE@@@YAHAAY0GE@DPBDZZ 1000a3b0 f i cinomce.obj
 0001:000093e0       ??0CWarp@@QAE@XZ           1000a3e0 f   commanderwarp.obj
 0001:00009470       ??1CWarp@@QAE@XZ           1000a470 f   commanderwarp.obj
 0001:000094a0       ?SetPos@CWarp@@AAEXHH@Z    1000a4a0 f   commanderwarp.obj
 0001:00009500       ?Message@CWarp@@QAE_NPAUHWND__@@IIJ@Z 1000a500 f   commanderwarp.obj
 0001:00009760       ?Blit@CWarp@@QAEXPAUIDirectDrawSurface@@@Z 1000a760 f   commanderwarp.obj
 0001:00009890       ?WithinButton@CWarp@@AAE_NHH@Z 1000a890 f   commanderwarp.obj
 0001:000098e0       ?BlitBtn@CWarp@@AAEXPAUIDirectDrawSurface@@@Z 1000a8e0 f   commanderwarp.obj
 0001:000099f0       ??0Dialog@@QAE@XZ          1000a9f0 f   dialog.obj
 0001:00009d70       ??1Dialog@@QAE@XZ          1000ad70 f   dialog.obj
 0001:00009f90       ?ShowDialog@Dialog@@QAEXXZ 1000af90 f   dialog.obj
 0001:00009ff0       ?HideDialog@Dialog@@QAEXXZ 1000aff0 f   dialog.obj
 0001:0000a020       ?BlitDialog@Dialog@@QAEXPAUIDirectDrawSurface@@@Z 1000b020 f   dialog.obj
 0001:0000a130       ?RestoreCursor@Dialog@@AAEXXZ 1000b130 f   dialog.obj
 0001:0000a1d0       ?RestoreAll@Dialog@@AAEXXZ 1000b1d0 f   dialog.obj
 0001:0000a360       ?Message@Dialog@@QAE_NPAUHWND__@@IIJ@Z 1000b360 f   dialog.obj
 0001:0000b1d0       ?RenderDialog@Dialog@@AAEXXZ 1000c1d0 f   dialog.obj
 0001:0000b320       ?Inside@Dialog@@AAE_NHHH@Z 1000c320 f   dialog.obj
 0001:0000b560       ?DrawTextA@Dialog@@QAEXPAUIDirectDrawSurface@@HHPAD@Z 1000c560 f   dialog.obj
 0001:0000b820       ?DrawSmallText@Dialog@@QAEXPAUIDirectDrawSurface@@HHPAD@Z 1000c820 f   dialog.obj
 0001:0000bae0       ?SetAll@Dialog@@AAEXXZ     1000cae0 f   dialog.obj
 0001:0000bba0       ?ReadPos@Dialog@@AAEXXZ    1000cba0 f   dialog.obj
 0001:0000bc30       ?WriteSettings@Dialog@@AAEXXZ 1000cc30 f   dialog.obj
 0001:0000bd80       ?ReadSettings@Dialog@@AAEXXZ 1000cd80 f   dialog.obj
 0001:0000bfa0       ?WritePos@Dialog@@AAEXXZ   1000cfa0 f   dialog.obj
 0001:0000c020       ?CorrectPos@Dialog@@AAEXXZ 1000d020 f   dialog.obj
 0001:0000c0b0       ?DrawTinyText@Dialog@@AAEXPADHHD@Z 1000d0b0 f   dialog.obj
 0001:0000c1a0       ?FillRect@Dialog@@AAEXHHHHD@Z 1000d1a0 f   dialog.obj
 0001:0000c210       ?DrawBackgroundButton@Dialog@@AAEXXZ 1000d210 f   dialog.obj
 0001:0000c3a0       ?DrawKeyCode@Dialog@@AAEXXZ 1000d3a0 f   dialog.obj
 0001:0000c4f0       ?DrawShareBox@Dialog@@AAEXXZ 1000d4f0 f   dialog.obj
 0001:0000c810       ?DrawOptimizeDT@Dialog@@AAEXXZ 1000d810 f   dialog.obj
 0001:0000c8f0       ?DrawVSync@Dialog@@AAEXXZ  1000d8f0 f   dialog.obj
 0001:0000ca70       ?DrawFullRings@Dialog@@AAEXXZ 1000da70 f   dialog.obj
 0001:0000cb50       ?DrawWhiteboardKey@Dialog@@AAEXXZ 1000db50 f   dialog.obj
 0001:0000cca0       ?BlitCursor@Dialog@@QAEXPAUIDirectDrawSurface@@HH@Z 1000dca0 f   dialog.obj
 0001:0000ce20       ?EnterOption@@YGHPAUtagInlineX86StackBuffer@@@Z 1000de20 f   dialog.obj
 0001:0000ce40       ?PressInOption@@YGHPAUtagInlineX86StackBuffer@@@Z 1000de40 f   dialog.obj
 0001:0000ce60       ??0CIdleUnits@@QAE@XZ      1000de60 f   idlevillager.obj
 0001:0000ce90       ??1CIdleUnits@@QAE@XZ      1000de90 f   idlevillager.obj
 0001:0000ceb0       ?FindIdleConst@CIdleUnits@@AAEXXZ 1000deb0 f   idlevillager.obj
 0001:0000d100       ?ScrollToCenter@CIdleUnits@@AAEXHH@Z 1000e100 f   idlevillager.obj
 0001:0000d1b0       ?Message@CIdleUnits@@QAE_NPAUHWND__@@IIJ@Z 1000e1b0 f   idlevillager.obj
 0001:0000d290       ??0CMapRect@@QAE@XZ        1000e290 f   maprect.obj
 0001:0000d6e0       ??1CMapRect@@QAE@XZ        1000e6e0 f   maprect.obj
 0001:0000d710       ?LockBlit@CMapRect@@QAEXPADH@Z 1000e710 f   maprect.obj
 0001:0000da90       ?GetMapMaxX@CMapRect@@AAEHXZ 1000ea90 f   maprect.obj
 0001:0000dab0       ?GetMapMaxY@CMapRect@@AAEHXZ 1000eab0 f   maprect.obj
 0001:0000dad0       ?PaintRect@CMapRect@@AAEXXZ 1000ead0 f   maprect.obj
 0001:0000dcd0       ?WorldToMiniX@CMapRect@@QAEHH@Z 1000ecd0 f   maprect.obj
 0001:0000dd00       ?WorldToMiniY@CMapRect@@QAEHH@Z 1000ed00 f   maprect.obj
 0001:0000dd30       ??0CMinimapHandler@@QAE@XZ 1000ed30 f   MinimapHandler.obj
 0001:0000dd70       ??_GCMinimapHandler@@UAEPAXI@Z 1000ed70 f i MinimapHandler.obj
 0001:0000dd70       ??_ECMinimapHandler@@UAEPAXI@Z 1000ed70 f i MinimapHandler.obj
 0001:0000dda0       ??1CMinimapHandler@@UAE@XZ 1000eda0 f   MinimapHandler.obj
 0001:0000ddc0       ??0TADRConfig@@QAE@XZ      1000edc0 f   TAConfig.obj
 0001:0000e130       ??1TADRConfig@@QAE@XZ      1000f130 f   TAConfig.obj
 0001:0000e300       ?GetIniBool@TADRConfig@@QAEHPBDH@Z 1000f300 f   TAConfig.obj
 0001:0000e3b0       ?GetIniInt@TADRConfig@@QAEHPBDH@Z 1000f3b0 f   TAConfig.obj
 0001:0000e3e0       ?GetIniStr@TADRConfig@@QAEHPBDPADK1@Z 1000f3e0 f   TAConfig.obj
 0001:0000e410       ?TARegPath_HKEY@TADRConfig@@AAEPAUHKEY__@@XZ 1000f410 f   TAConfig.obj
 0001:0000e470       ?WriteTAReg_Dword@TADRConfig@@QAEJPADK@Z 1000f470 f   TAConfig.obj
 0001:0000e4b0       ?WriteTAReg_Str@TADRConfig@@QAEJPADPBDK@Z 1000f4b0 f   TAConfig.obj
 0001:0000e500       ?ReadTAReg_Dword@TADRConfig@@QAEJPADPAK@Z 1000f500 f   TAConfig.obj
 0001:0000e540       ?LoadIniRegSetting@TADRConfig@@AAEXPAE@Z 1000f540 f   TAConfig.obj
 0001:0000eaf0       ?strlwr_s@Checked@ATL@@YAXPADI@Z 1000faf0 f i TAConfig.obj
 0001:0000ebc0       ?AtlThrowImpl@ATL@@YGXJ@Z  1000fbc0 f i TAConfig.obj
 0001:0000ebf0       ?strupr_s@Checked@ATL@@YAXPADI@Z 1000fbf0 f i TAConfig.obj
 0001:0000ecc0       ?EnumIniRegInfo_Begin@TADRConfig@@QAEHPAPAU_EnumRegInfo@@PAPBDPAPBX@Z 1000fcc0 f   TAConfig.obj
 0001:0000ed90       ?EnumIniRegInfo_Next@TADRConfig@@QAEHPAPAU_EnumRegInfo@@PAPBDPAPBX@Z 1000fd90 f   TAConfig.obj
 0001:0000eef0       ?EnumIniRegInfo_End@TADRConfig@@QAEHPAPAU_EnumRegInfo@@@Z 1000fef0 f   TAConfig.obj
 0001:0000ef60       ?FindRegDword@TADRConfig@@QAEKPADK@Z 1000ff60 f   TAConfig.obj
 0001:0000eff0       ?GetIniCrc@TADRConfig@@QAEIXZ 1000fff0 f   TAConfig.obj
 0001:0000f0d0       ??0RegDword@@QAE@PADHK@Z   100100d0 f   TAConfig.obj
 0001:0000f140       ??1RegDword@@QAE@XZ        10010140 f   TAConfig.obj
 0001:0000f170       ?Name@RegDword@@QAEPBDXZ   10010170 f   TAConfig.obj
 0001:0000f170       ?Name@RegString@@QAEPBDXZ  10010170 f   TAConfig.obj
 0001:0000f180       ??0RegString@@QAE@PADH0H@Z 10010180 f   TAConfig.obj
 0001:0000f220       ??1RegString@@QAE@XZ       10010220 f   TAConfig.obj
 0001:0000f270       ??1?$vector@PAVGraphicElement@@V?$allocator@PAVGraphicElement@@@std@@@std@@QAE@XZ 10010270 f i whiteboard.obj
 0001:0000f270       ??1?$vector@PAVRegDword@@V?$allocator@PAVRegDword@@@std@@@std@@QAE@XZ 10010270 f i TAConfig.obj
 0001:0000f270       ??1?$vector@PADV?$allocator@PAD@std@@@std@@QAE@XZ 10010270 f i UnicodeSupport.obj
 0001:0000f270       ??1?$vector@PAVRegString@@V?$allocator@PAVRegString@@@std@@@std@@QAE@XZ 10010270 f i TAConfig.obj
 0001:0000f2c0       ?back@?$vector@PAVRegString@@V?$allocator@PAVRegString@@@std@@@std@@QAEAAPAVRegString@@XZ 100102c0 f i TAConfig.obj
 0001:0000f300       ?_Reserve@?$vector@PAVRegString@@V?$allocator@PAVRegString@@@std@@@std@@IAEXI@Z 10010300 f i TAConfig.obj
 0001:0000f300       ?_Reserve@?$vector@PADV?$allocator@PAD@std@@@std@@IAEXI@Z 10010300 f i UnicodeSupport.obj
 0001:0000f300       ?_Reserve@?$vector@PAVRegDword@@V?$allocator@PAVRegDword@@@std@@@std@@IAEXI@Z 10010300 f i TAConfig.obj
 0001:0000f300       ?_Reserve@?$vector@PAVGraphicElement@@V?$allocator@PAVGraphicElement@@@std@@@std@@IAEXI@Z 10010300 f i whiteboard.obj
 0001:0000f390       ?reserve@?$vector@PAVGraphicElement@@V?$allocator@PAVGraphicElement@@@std@@@std@@QAEXI@Z 10010390 f i whiteboard.obj
 0001:0000f390       ?reserve@?$vector@PADV?$allocator@PAD@std@@@std@@QAEXI@Z 10010390 f i UnicodeSupport.obj
 0001:0000f390       ?reserve@?$vector@PAVRegString@@V?$allocator@PAVRegString@@@std@@@std@@QAEXI@Z 10010390 f i TAConfig.obj
 0001:0000f390       ?reserve@?$vector@PAVRegDword@@V?$allocator@PAVRegDword@@@std@@@std@@QAEXI@Z 10010390 f i TAConfig.obj
 0001:0000f510       ?_Grow_to@?$vector@PAVRegDword@@V?$allocator@PAVRegDword@@@std@@@std@@IBEII@Z 10010510 f i TAConfig.obj
 0001:0000f510       ?_Grow_to@?$vector@PAVRegString@@V?$allocator@PAVRegString@@@std@@@std@@IBEII@Z 10010510 f i TAConfig.obj
 0001:0000f510       ?_Grow_to@?$vector@PAVGraphicElement@@V?$allocator@PAVGraphicElement@@@std@@@std@@IBEII@Z 10010510 f i whiteboard.obj
 0001:0000f510       ?_Grow_to@?$vector@PADV?$allocator@PAD@std@@@std@@IBEII@Z 10010510 f i UnicodeSupport.obj
 0001:0000f590       ??$_Cons_val@V?$allocator@PAVGraphicElement@@@std@@PAVGraphicElement@@ABQAV3@@std@@YGXAAV?$allocator@PAVGraphicElement@@@0@PAPAVGraphicElement@@ABQAV2@@Z 10010590 f i ElementHandler.obj
 0001:0000f590       ??$_Cons_val@V?$allocator@PAVRegString@@@std@@PAVRegString@@ABQAV3@@std@@YGXAAV?$allocator@PAVRegString@@@0@PAPAVRegString@@ABQAV2@@Z 10010590 f i TAConfig.obj
 0001:0000f590       ??$_Cons_val@V?$allocator@PAVRegDword@@@std@@PAVRegDword@@ABQAV3@@std@@YGXAAV?$allocator@PAVRegDword@@@0@PAPAVRegDword@@ABQAV2@@Z 10010590 f i TAConfig.obj
 0001:0000f5d0       ??$_Cons_val@V?$allocator@PAVGraphicElement@@@std@@PAVGraphicElement@@PAV3@@std@@YGXAAV?$allocator@PAVGraphicElement@@@0@PAPAVGraphicElement@@$$QAPAV2@@Z 100105d0 f i whiteboard.obj
 0001:0000f5d0       ??$_Cons_val@V?$allocator@PAD@std@@PADPAD@std@@YGXAAV?$allocator@PAD@0@PAPAD$$QAPAD@Z 100105d0 f i UnicodeSupport.obj
 0001:0000f5d0       ??$_Cons_val@V?$allocator@PAVGraphicElement@@@std@@PAVGraphicElement@@AAPAV3@@std@@YGXAAV?$allocator@PAVGraphicElement@@@0@PAPAVGraphicElement@@AAPAV2@@Z 100105d0 f i ElementHandler.obj
 0001:0000f5d0       ??$_Cons_val@V?$allocator@PAVRegString@@@std@@PAVRegString@@AAPAV3@@std@@YGXAAV?$allocator@PAVRegString@@@0@PAPAVRegString@@AAPAV2@@Z 100105d0 f i TAConfig.obj
 0001:0000f5d0       ??$_Cons_val@V?$allocator@PAVRegDword@@@std@@PAVRegDword@@AAPAV3@@std@@YGXAAV?$allocator@PAVRegDword@@@0@PAPAVRegDword@@AAPAV2@@Z 100105d0 f i TAConfig.obj
 0001:0000f610       ??0CTAHook@@QAE@XZ         10010610 f   tahook.obj
 0001:0000f8d0       ??1CTAHook@@QAE@XZ         100108d0 f   tahook.obj
 0001:0000f960       ?Message@CTAHook@@QAE_NPAUHWND__@@IIJ@Z 10010960 f   tahook.obj
 0001:000102c0       ?Set@CTAHook@@QAEXHPAD_N1H@Z 100112c0 f   tahook.obj
 0001:00010310       ?WriteShareMacro@CTAHook@@QAEXXZ 10011310 f   tahook.obj
 0001:00010460       ?Blit@CTAHook@@QAEXPAUIDirectDrawSurface@@@Z 10011460 f   tahook.obj
 0001:00010470       ?TABlit@CTAHook@@QAEXXZ    10011470 f   tahook.obj
 0001:000104c0       ?WriteDTLine@CTAHook@@AAEXXZ 100114c0 f   tahook.obj
 0001:00010560       ?CalculateLine@CTAHook@@AAEXXZ 10011560 f   tahook.obj
 0001:00010810       ?UpdateSpacing@CTAHook@@AAEXXZ 10011810 f   tahook.obj
 0001:00010850       ?OptimizeDTRows@CTAHook@@AAEXXZ 10011850 f   tahook.obj
 0001:00010bc0       ?VisualizeRow@CTAHook@@AAEXXZ 10011bc0 f   tahook.obj
 0001:00010cf0       ?GetMaxScrollX@CTAHook@@SGHXZ 10011cf0 f   tahook.obj
 0001:00010d30       ?GetMaxScrollY@CTAHook@@SGHXZ 10011d30 f   tahook.obj
 0001:00010d70       ?CalculateRing@CTAHook@@AAEXXZ 10011d70 f   tahook.obj
 0001:00010e70       ?CalculateRing@CTAHook@@AAEXHHHH@Z 10011e70 f   tahook.obj
 0001:00011200       ?ClickBuilding@CTAHook@@AAEXHH@Z 10012200 f   tahook.obj
 0001:00011270       ?GetFootX@CTAHook@@AAEFXZ  10012270 f   tahook.obj
 0001:000112a0       ?GetFootY@CTAHook@@AAEFXZ  100122a0 f   tahook.obj
 0001:000112d0       ?DrawBuildRect@CTAHook@@AAEXHHHHH@Z 100122d0 f   tahook.obj
 0001:000114c0       ?EnableTABuildRect@CTAHook@@AAEXXZ 100124c0 f   tahook.obj
 0001:000114f0       ?DisableTABuildRect@CTAHook@@AAEXXZ 100124f0 f   tahook.obj
 0001:00011520       ?PaintMinimapRect@CTAHook@@AAEXXZ 10012520 f   tahook.obj
 0001:00011550       ??0UnicodeSupport@@QAE@PBDKK@Z 10012550 f   UnicodeSupport.obj
 0001:00011b90       ?CreateSurfaceFromContextScreen@UnicodeSupport@@QAEPAUIDirectDrawSurface@@PAU_OFFSCREEN@@PAUIDirectDraw@@PAPAU2@@Z 10012b90 f   UnicodeSupport.obj
 0001:00011c40       ?NewSpecScreenSurface@UnicodeSupport@@AAEPAUtagSpecScreenSurface@@PAU_OFFSCREEN@@@Z 10012c40 f   UnicodeSupport.obj
 0001:00011d30       ?FreeSpecScreenSurface@UnicodeSupport@@AAEXPAUtagSpecScreenSurface@@@Z 10012d30 f   UnicodeSupport.obj
 0001:00011e10       ?GetSpecScreenSurface@UnicodeSupport@@AAEPAUtagSpecScreenSurface@@PAU_OFFSCREEN@@@Z 10012e10 f   UnicodeSupport.obj
 0001:00011ee0       ?UnicodeDrawTextA@UnicodeSupport@@QAEHPAU_OFFSCREEN@@PADPAUIDirectDraw@@HH@Z 10012ee0 f   UnicodeSupport.obj
 0001:000121c0       ?IsIDDrawLost@UnicodeSupport@@AAEHXZ 100131c0 f   UnicodeSupport.obj
 0001:000121f0       ?RestoreLocalSurf@UnicodeSupport@@AAEXXZ 100131f0 f   UnicodeSupport.obj
 0001:000122f0       ?Blt@UnicodeSupport@@QAE_NPAUIDirectDrawSurface@@@Z 100132f0 f   UnicodeSupport.obj
 0001:00012590       ?ReleaseCandidateList@UnicodeSupport@@AAEXXZ 10013590 f   UnicodeSupport.obj
 0001:00012680       ?DrawSeparator@UnicodeSupport@@AAEHPAUHDC__@@HPAH1PAUHBRUSH__@@@Z 10013680 f   UnicodeSupport.obj
 0001:000126f0       ?DrawALine_Ime@UnicodeSupport@@AAEXPAUHDC__@@PADPAH2@Z 100136f0 f   UnicodeSupport.obj
 0001:00012790       ?UpdateImeInput@UnicodeSupport@@AAE_NXZ 10013790 f   UnicodeSupport.obj
 0001:000129b0       ?UpdateImeFrame@UnicodeSupport@@AAE_NXZ 100139b0 f   UnicodeSupport.obj
 0001:00012db0       ?SetHDCFont@UnicodeSupport@@AAEXPAUHDC__@@PAUHFONT__@@@Z 10013db0 f   UnicodeSupport.obj
 0001:00012df0       ?SendStr@UnicodeSupport@@AAEXPAD@Z 10013df0 f   UnicodeSupport.obj
 0001:00012e40       ?Message@UnicodeSupport@@QAE_NPAUHWND__@@IIJ@Z 10013e40 f   UnicodeSupport.obj
 0001:000133a0       ?CopyToContextScreenMem@@YGXPAU_OFFSCREEN@@PAUtagSpecScreenSurface@@@Z 100143a0 f   UnicodeSupport.obj
 0001:00013420       ?CopyToSpecSurfaceMem@@YGXPAUtagSpecScreenSurface@@PAU_OFFSCREEN@@@Z 10014420 f   UnicodeSupport.obj
 0001:000134a0       ?USDrawTextInScreen_HookRouter@@YGHPAUtagInlineX86StackBuffer@@@Z 100144a0 f   UnicodeSupport.obj
 0001:000135d0       ?myValidChar@@YGHPAUtagInlineX86StackBuffer@@@Z 100145d0 f   UnicodeSupport.obj
 0001:00013730       ?myDeleteChar@@YGHPAUtagInlineX86StackBuffer@@@Z 10014730 f   UnicodeSupport.obj
 0001:00013810       ?Blt_BottomState0_Text@@YGHPAUtagInlineX86StackBuffer@@@Z 10014810 f   UnicodeSupport.obj
 0001:00013940       ?Blt_BottomState1_Text@@YGHPAUtagInlineX86StackBuffer@@@Z 10014940 f   UnicodeSupport.obj
 0001:00013a70       ?PopadState@@YGHPAUtagInlineX86StackBuffer@@@Z 10014a70 f   UnicodeSupport.obj
 0001:00013b20       ?GetStrExtent@@YGHPAUtagInlineX86StackBuffer@@@Z 10014b20 f   UnicodeSupport.obj
 0001:00013b80       ?GetTextExtent_AssignCharLen@@YGHPAUtagInlineX86StackBuffer@@@Z 10014b80 f   UnicodeSupport.obj
 0001:00013be0       ?pop_back@?$vector@PAVRegString@@V?$allocator@PAVRegString@@@std@@@std@@QAEXXZ 10014be0 f i TAConfig.obj
 0001:00013be0       ?pop_back@?$vector@PAVRegDword@@V?$allocator@PAVRegDword@@@std@@@std@@QAEXXZ 10014be0 f i TAConfig.obj
 0001:00013be0       ?pop_back@?$vector@PAVGraphicElement@@V?$allocator@PAVGraphicElement@@@std@@@std@@QAEXXZ 10014be0 f i ElementHandler.obj
 0001:00013be0       ?pop_back@?$vector@PADV?$allocator@PAD@std@@@std@@QAEXXZ 10014be0 f i UnicodeSupport.obj
 0001:00013c30       ?_Tidy@?$vector@PADV?$allocator@PAD@std@@@std@@IAEXXZ 10014c30 f i UnicodeSupport.obj
 0001:00013c30       ?_Tidy@?$vector@PAVGraphicElement@@V?$allocator@PAVGraphicElement@@@std@@@std@@IAEXXZ 10014c30 f i whiteboard.obj
 0001:00013c30       ?_Tidy@?$vector@PAVRegString@@V?$allocator@PAVRegString@@@std@@@std@@IAEXXZ 10014c30 f i TAConfig.obj
 0001:00013c30       ?_Tidy@?$vector@PAVRegDword@@V?$allocator@PAVRegDword@@@std@@@std@@IAEXXZ 10014c30 f i TAConfig.obj
 0001:00013c90       ??0LimitCrack@@QAE@XZ      10014c90 f   LimitCrack.obj
 0001:00014350       ??1LimitCrack@@QAE@XZ      10015350 f   LimitCrack.obj
 0001:000145b0       ??0IncreaseAISearchMapEntriesLimit@@QAE@K@Z 100155b0 f   LimitCrack.obj
 0001:00014650       ??1IncreaseAISearchMapEntriesLimit@@QAE@XZ 10015650 f   LimitCrack.obj
 0001:000146a0       ??0IncreaseWeaponTypeLimit@@QAE@K@Z 100156a0 f   LimitCrack.obj
 0001:000146d0       ?NewLimit@IncreaseWeaponTypeLimit@@AAEXK@Z 100156d0 f   LimitCrack.obj
 0001:00014810       ??1IncreaseWeaponTypeLimit@@QAE@XZ 10015810 f   LimitCrack.obj
 0001:00014a30       ?WriteWeaponAryPtr@IncreaseWeaponTypeLimit@@AAEPAXPAPAX@Z 10015a30 f   LimitCrack.obj
 0001:00014ba0       ?WriteWeaponAryLen@IncreaseWeaponTypeLimit@@AAEKK@Z 10015ba0 f   LimitCrack.obj
 0001:00014c70       ?WeaponType_IdLimit@IncreaseWeaponTypeLimit@@AAEXXZ 10015c70 f   LimitCrack.obj
 0001:00014dd0       ??0IncreaseUnitTypeLimit@@QAE@H@Z 10015dd0 f   LimitCrack.obj
 0001:00014df0       ??1IncreaseUnitTypeLimit@@QAE@XZ 10015df0 f   LimitCrack.obj
 0001:00015150       ?WriteNewLimit@IncreaseUnitTypeLimit@@AAEXK@Z 10016150 f   LimitCrack.obj
 0001:000158c0       ??0IncreaseCompositeBuf@@QAE@KK@Z 100168c0 f   LimitCrack.obj
 0001:000158e0       ??1IncreaseCompositeBuf@@QAE@XZ 100168e0 f   LimitCrack.obj
 0001:00015940       ?WriteNewLimit@IncreaseCompositeBuf@@AAEXKK@Z 10016940 f   LimitCrack.obj
 0001:00015a30       ?Sfx_mallocBufSizeRouter@@YGHPAUtagInlineX86StackBuffer@@@Z 10016a30 f   LimitCrack.obj
 0001:00015a50       ??0IncreaseSfxLimit@@QAE@K@Z 10016a50 f   LimitCrack.obj
 0001:00015a80       ??1IncreaseSfxLimit@@QAE@XZ 10016a80 f   LimitCrack.obj
 0001:00015b50       ?SetNewLimit@IncreaseSfxLimit@@AAEXKK@Z 10016b50 f   LimitCrack.obj
 0001:00015cb0       ??0UnitLimit@@QAE@K@Z      10016cb0 f   LimitCrack.obj
 0001:00015d00       ?NewUnitLimit@UnitLimit@@AAEXK@Z 10016d00 f   LimitCrack.obj
 0001:00015e90       ??0AlliesWhiteboard@@QAE@XZ 10016e90 f   whiteboard.obj
 0001:000160a0       ??1AlliesWhiteboard@@QAE@XZ 100170a0 f   whiteboard.obj
 0001:00016170       ?Blit@AlliesWhiteboard@@QAEXPAUIDirectDrawSurface@@@Z 10017170 f   whiteboard.obj
 0001:000161e0       ?LockBlit@AlliesWhiteboard@@QAEXPADH@Z 100171e0 f   whiteboard.obj
 0001:00016410       ?Message@AlliesWhiteboard@@QAE_NPAUHWND__@@IIJ@Z 10017410 f   whiteboard.obj
 0001:00016e90       ??0GraphicText@@QAE@HHPADD@Z 10017e90 f i whiteboard.obj
 0001:00016f60       ??1GraphicElement@@UAE@XZ  10017f60 f i whiteboard.obj
 0001:00016f80       ??_EGraphicText@@UAEPAXI@Z 10017f80 f i whiteboard.obj
 0001:00016f80       ??_GGraphicText@@UAEPAXI@Z 10017f80 f i whiteboard.obj
 0001:00016fd0       ?Set@AlliesWhiteboard@@QAEXH@Z 10017fd0 f   whiteboard.obj
 0001:00016ff0       ?DrawTextInput@AlliesWhiteboard@@AAEXPAUIDirectDrawSurface@@@Z 10017ff0 f   whiteboard.obj
 0001:00017210       ?TextInputKeyDown@AlliesWhiteboard@@AAEXH@Z 10018210 f   whiteboard.obj
 0001:000173d0       ??0GraphicTextEdited@@QAE@HHPADD@Z 100183d0 f i whiteboard.obj
 0001:000174a0       ??_GGraphicTextEdited@@UAEPAXI@Z 100184a0 f i whiteboard.obj
 0001:000174a0       ??_EGraphicTextEdited@@UAEPAXI@Z 100184a0 f i whiteboard.obj
 0001:000174f0       ?TextInputChar@AlliesWhiteboard@@AAEXD@Z 100184f0 f   whiteboard.obj
 0001:00017570       ?AddTextMarker@AlliesWhiteboard@@AAEXXZ 10018570 f   whiteboard.obj
 0001:000176c0       ?RestoreAll@AlliesWhiteboard@@AAEXXZ 100186c0 f   whiteboard.obj
 0001:00017730       ?DrawMarkers@AlliesWhiteboard@@AAEXPAUIDirectDrawSurface@@@Z 10018730 f   whiteboard.obj
 0001:000178b0       ?DrawMinimapMarkers@AlliesWhiteboard@@QAEXPADH_N@Z 100188b0 f   whiteboard.obj
 0001:00018080       ?GetMarkers@AlliesWhiteboard@@QAEXPAUMarkerArray@@@Z 10019080 f   whiteboard.obj
 0001:00018260       ?DrawTextMarker@AlliesWhiteboard@@AAEXPAUIDirectDrawSurface@@HHPADD@Z 10019260 f   whiteboard.obj
 0001:000183d0       ?DeleteMarker@AlliesWhiteboard@@AAEXHH@Z 100193d0 f   whiteboard.obj
 0001:00018470       ?EreaseArea@AlliesWhiteboard@@AAEXHH@Z 10019470 f   whiteboard.obj
 0001:00018540       ?MouseMove@AlliesWhiteboard@@AAEXHHHH@Z 10019540 f   whiteboard.obj
 0001:00018700       ??_GGraphicLine@@UAEPAXI@Z 10019700 f i whiteboard.obj
 0001:00018700       ??_GDeleteGraphic@@UAEPAXI@Z 10019700 f i whiteboard.obj
 0001:00018700       ??_EGraphicElement@@UAEPAXI@Z 10019700 f i whiteboard.obj
 0001:00018700       ??_GGraphicMoveText@@UAEPAXI@Z 10019700 f i whiteboard.obj
 0001:00018700       ??_GGraphicElement@@UAEPAXI@Z 10019700 f i whiteboard.obj
 0001:00018700       ??_EGraphicMoveText@@UAEPAXI@Z 10019700 f i whiteboard.obj
 0001:00018700       ??_EGraphicLine@@UAEPAXI@Z 10019700 f i whiteboard.obj
 0001:00018700       ??_EDeleteGraphic@@UAEPAXI@Z 10019700 f i whiteboard.obj
 0001:00018730       ?ReceiveMarkers@AlliesWhiteboard@@AAEXXZ 10019730 f   whiteboard.obj
 0001:00018bc0       ?SendMarkers@AlliesWhiteboard@@AAEXXZ 10019bc0 f   whiteboard.obj
 0001:000194b0       ?DrawLine@AlliesWhiteboard@@QAEXHHHHDPADH@Z 1001a4b0 f   whiteboard.obj
 0001:000195c0       ?DrawFreeLine@AlliesWhiteboard@@QAEXHHHHDPADH@Z 1001a5c0 f   whiteboard.obj
 0001:00019610       ?EchoMarker@AlliesWhiteboard@@AAEXPAD@Z 1001a610 f   whiteboard.obj
 0001:00019670       ?GetTextElementAt@AlliesWhiteboard@@AAEPAVGraphicElement@@HHH@Z 1001a670 f   whiteboard.obj
 0001:00019790       ?ScrollToCenter@AlliesWhiteboard@@QAEXHH@Z 1001a790 f   whiteboard.obj
 0001:00019850       ?DrawRotateRect@AlliesWhiteboard@@AAEXHHHPADH@Z 1001a850 f   whiteboard.obj
 0001:00019ac0       ?Clip_Line@AlliesWhiteboard@@QAEHAAH000@Z 1001aac0 f   whiteboard.obj
 0001:0001a590       ?Draw_Line@AlliesWhiteboard@@QAEHHHHHEPAEH@Z 1001b590 f   whiteboard.obj
 0001:0001a6d0       ?GenerateLookupTables@AlliesWhiteboard@@AAEXXZ 1001b6d0 f   whiteboard.obj
 0001:0001a760       ?push_back@?$deque@PAVGraphicElement@@V?$allocator@PAVGraphicElement@@@std@@@std@@QAEX$$QAPAVGraphicElement@@@Z 1001b760 f i whiteboard.obj
 0001:0001a840       ??1?$deque@PAVGraphicElement@@V?$allocator@PAVGraphicElement@@@std@@@std@@QAE@XZ 1001b840 f i whiteboard.obj
 0001:0001a8c0       ?pop_front@?$deque@PAVGraphicElement@@V?$allocator@PAVGraphicElement@@@std@@@std@@QAEXXZ 1001b8c0 f i whiteboard.obj
 0001:0001a980       ??1?$deque@UMMHS@AlliesWhiteboard@@V?$allocator@UMMHS@AlliesWhiteboard@@@std@@@std@@QAE@XZ 1001b980 f i whiteboard.obj
 0001:0001aa00       ?back@?$deque@UMMHS@AlliesWhiteboard@@V?$allocator@UMMHS@AlliesWhiteboard@@@std@@@std@@QAEAAUMMHS@AlliesWhiteboard@@XZ 1001ba00 f i whiteboard.obj
 0001:0001aa90       ?push_front@?$deque@UMMHS@AlliesWhiteboard@@V?$allocator@UMMHS@AlliesWhiteboard@@@std@@@std@@QAEXABUMMHS@AlliesWhiteboard@@@Z 1001ba90 f i whiteboard.obj
 0001:0001abb0       ?pop_back@?$deque@UMMHS@AlliesWhiteboard@@V?$allocator@UMMHS@AlliesWhiteboard@@@std@@@std@@QAEXXZ 1001bbb0 f i whiteboard.obj
 0001:0001ac60       ?begin@?$deque@UTAShareMemStruct@CDDDTA@@V?$allocator@UTAShareMemStruct@CDDDTA@@@std@@@std@@QAE?AV?$_Deque_iterator@UTAShareMemStruct@CDDDTA@@V?$allocator@UTAShareMemStruct@CDDDTA@@@std@@@2@XZ 1001bc60 f i dddta.obj
 0001:0001ac60       ?begin@?$deque@UMMHS@AlliesWhiteboard@@V?$allocator@UMMHS@AlliesWhiteboard@@@std@@@std@@QAE?AV?$_Deque_iterator@UMMHS@AlliesWhiteboard@@V?$allocator@UMMHS@AlliesWhiteboard@@@std@@@2@XZ 1001bc60 f i whiteboard.obj
 0001:0001ac60       ?begin@?$deque@PAVGraphicElement@@V?$allocator@PAVGraphicElement@@@std@@@std@@QAE?AV?$_Deque_iterator@PAVGraphicElement@@V?$allocator@PAVGraphicElement@@@std@@@2@XZ 1001bc60 f i whiteboard.obj
 0001:0001acc0       ?_Growmap@?$deque@PAVGraphicElement@@V?$allocator@PAVGraphicElement@@@std@@@std@@IAEXI@Z 1001bcc0 f i whiteboard.obj
 0001:0001b070       ?_Tidy@?$deque@PAVGraphicElement@@V?$allocator@PAVGraphicElement@@@std@@@std@@IAEXXZ 1001c070 f i whiteboard.obj
 0001:0001b140       ?end@?$deque@UMMHS@AlliesWhiteboard@@V?$allocator@UMMHS@AlliesWhiteboard@@@std@@@std@@QAE?AV?$_Deque_iterator@UMMHS@AlliesWhiteboard@@V?$allocator@UMMHS@AlliesWhiteboard@@@std@@@2@XZ 1001c140 f i whiteboard.obj
 0001:0001b1b0       ?_Growmap@?$deque@UMMHS@AlliesWhiteboard@@V?$allocator@UMMHS@AlliesWhiteboard@@@std@@@std@@IAEXI@Z 1001c1b0 f i whiteboard.obj
 0001:0001b550       ?_Tidy@?$deque@UMMHS@AlliesWhiteboard@@V?$allocator@UMMHS@AlliesWhiteboard@@@std@@@std@@IAEXXZ 1001c550 f i whiteboard.obj
 0001:0001b620       ??1?$_Deque_val@UTAShareMemStruct@CDDDTA@@V?$allocator@UTAShareMemStruct@CDDDTA@@@std@@@std@@QAE@XZ 1001c620 f i dddta.obj
 0001:0001b620       ??1?$_Deque_val@PAVGraphicElement@@V?$allocator@PAVGraphicElement@@@std@@@std@@QAE@XZ 1001c620 f i whiteboard.obj
 0001:0001b620       ??1?$_Deque_val@UMMHS@AlliesWhiteboard@@V?$allocator@UMMHS@AlliesWhiteboard@@@std@@@std@@QAE@XZ 1001c620 f i whiteboard.obj
 0001:0001b6a0       ?_Assign_rv@?$vector@PAVGraphicElement@@V?$allocator@PAVGraphicElement@@@std@@@std@@QAEX$$QAV12@@Z 1001c6a0 f i whiteboard.obj
 0001:0001b790       ??G?$_Deque_iterator@UMMHS@AlliesWhiteboard@@V?$allocator@UMMHS@AlliesWhiteboard@@@std@@@std@@QBE?AV01@H@Z 1001c790 f i whiteboard.obj
 0001:0001b840       ?pop_back@?$deque@PAVGraphicElement@@V?$allocator@PAVGraphicElement@@@std@@@std@@QAEXXZ 1001c840 f i whiteboard.obj
 0001:0001b8f0       ?push_back@?$vector@PADV?$allocator@PAD@std@@@std@@QAEX$$QAPAD@Z 1001c8f0 f i UnicodeSupport.obj
 0001:0001b8f0       ?push_back@?$vector@PAVGraphicElement@@V?$allocator@PAVGraphicElement@@@std@@@std@@QAEX$$QAPAVGraphicElement@@@Z 1001c8f0 f i whiteboard.obj
 0001:0001b9d0       ?clear@?$vector@PAVGraphicElement@@V?$allocator@PAVGraphicElement@@@std@@@std@@QAEXXZ 1001c9d0 f i whiteboard.obj
 0001:0001ba20       ??D?$_Deque_const_iterator@PAVGraphicElement@@V?$allocator@PAVGraphicElement@@@std@@@std@@QBEABQAVGraphicElement@@XZ 1001ca20 f i whiteboard.obj
 0001:0001baa0       ??D?$_Deque_const_iterator@UMMHS@AlliesWhiteboard@@V?$allocator@UMMHS@AlliesWhiteboard@@@std@@@std@@QBEABUMMHS@AlliesWhiteboard@@XZ 1001caa0 f i whiteboard.obj
 0001:0001bb20       ?erase@?$vector@PAVGraphicElement@@V?$allocator@PAVGraphicElement@@@std@@@std@@QAE?AV?$_Vector_iterator@V?$_Vector_val@PAVGraphicElement@@V?$allocator@PAVGraphicElement@@@std@@@std@@@2@V?$_Vector_const_iterator@V?$_Vector_val@PAVGraphicElement@@V?$allocator@PAVGraphicElement@@@std@@@std@@@2@0@Z 1001cb20 f i whiteboard.obj
 0001:0001bbd0       ??$_Cons_val@V?$allocator@UMMHS@AlliesWhiteboard@@@std@@UMMHS@AlliesWhiteboard@@ABU34@@std@@YGXAAV?$allocator@UMMHS@AlliesWhiteboard@@@0@PAUMMHS@AlliesWhiteboard@@ABU23@@Z 1001cbd0 f i whiteboard.obj
 0001:0001bc20       ??$_Allocate@U_Node@?$_List_nod@PAVGraphicElement@@V?$allocator@PAVGraphicElement@@@std@@@std@@@std@@YGPAU_Node@?$_List_nod@PAVGraphicElement@@V?$allocator@PAVGraphicElement@@@std@@@0@IPAU120@@Z 1001cc20 f i ElementHandler.obj
 0001:0001bc20       ??$_Allocate@UMMHS@AlliesWhiteboard@@@std@@YGPAUMMHS@AlliesWhiteboard@@IPAU12@@Z 1001cc20 f i whiteboard.obj
 0001:0001bc90       ??$_Allocate@PAVRegString@@@std@@YGPAPAVRegString@@IPAPAV1@@Z 1001cc90 f i TAConfig.obj
 0001:0001bc90       ??$_Allocate@PAPAVGraphicElement@@@std@@YGPAPAPAVGraphicElement@@IPAPAPAV1@@Z 1001cc90 f i whiteboard.obj
 0001:0001bc90       ??$_Allocate@PAUMMHS@AlliesWhiteboard@@@std@@YGPAPAUMMHS@AlliesWhiteboard@@IPAPAU12@@Z 1001cc90 f i whiteboard.obj
 0001:0001bc90       ??$_Allocate@PAD@std@@YGPAPADIPAPAD@Z 1001cc90 f i UnicodeSupport.obj
 0001:0001bc90       ??$_Allocate@PAVGraphicElement@@@std@@YGPAPAVGraphicElement@@IPAPAV1@@Z 1001cc90 f i whiteboard.obj
 0001:0001bc90       ??$_Allocate@PAVRegDword@@@std@@YGPAPAVRegDword@@IPAPAV1@@Z 1001cc90 f i TAConfig.obj
 0001:0001bc90       ??$_Allocate@PAUTAShareMemStruct@CDDDTA@@@std@@YGPAPAUTAShareMemStruct@CDDDTA@@IPAPAU12@@Z 1001cc90 f i dddta.obj
 0001:0001bd00       ??0PCX@@QAE@XZ             1001cd00 f   PCX.obj
 0001:0001bd40       ??1PCX@@QAE@XZ             1001cd40 f   PCX.obj
 0001:0001bd80       ?SetBuffer@PCX@@QAEPAEPAE@Z 1001cd80 f   PCX.obj
 0001:0001bdb0       ?WriteLine@PCX@@AAEPAEPAEK@Z 1001cdb0 f   PCX.obj
 0001:0001bf30       ?Save@PCX@@QAEHPBD@Z       1001cf30 f   PCX.obj
 0001:0001c220       ?NewBuffer@PCX@@QAEPAEFF@Z 1001d220 f   PCX.obj
 0001:0001c290       ?SetVisibleList@Dialog@@AAEXXZ 1001d290 f   dialog.obj
 0001:0001c290       ??1?$_Deque_iterator@PAVGraphicElement@@V?$allocator@PAVGraphicElement@@@std@@@std@@QAE@XZ 1001d290 f   whiteboard.obj
 0001:0001c290       ??1?$_Vector_val@PAVRegString@@V?$allocator@PAVRegString@@@std@@@std@@QAE@XZ 1001d290 f   TAConfig.obj
 0001:0001c290       ?Draw@GraphicText@@UAEXXZ  1001d290 f   whiteboard.obj
 0001:0001c290       ??1?$_Vector_val@PADV?$allocator@PAD@std@@@std@@QAE@XZ 1001d290 f   UnicodeSupport.obj
 0001:0001c290       ?Erase@PCX@@QAEXXZ         1001d290 f   PCX.obj
 0001:0001c290       ??1?$_Deque_iterator@UMMHS@AlliesWhiteboard@@V?$allocator@UMMHS@AlliesWhiteboard@@@std@@@std@@QAE@XZ 1001d290 f   whiteboard.obj
 0001:0001c290       ??1?$_Vector_val@PAVGraphicElement@@V?$allocator@PAVGraphicElement@@@std@@@std@@QAE@XZ 1001d290 f   whiteboard.obj
 0001:0001c290       ??1?$_Vector_val@PAVRegDword@@V?$allocator@PAVRegDword@@@std@@@std@@QAE@XZ 1001d290 f   TAConfig.obj
 0001:0001c290       ?Draw@GraphicElement@@UAEXXZ 1001d290 f   whiteboard.obj
 0001:0001c290       ??1CChangeQueue@@QAE@XZ    1001d290 f   changequeue.obj
 0001:0001c290       ??1_Container_base12@std@@QAE@XZ 1001d290 f   dddta.obj
 0001:0001c290       ?Draw@GraphicLine@@UAEXXZ  1001d290 f   whiteboard.obj
 0001:0001c290       ??1?$_Deque_iterator@UTAShareMemStruct@CDDDTA@@V?$allocator@UTAShareMemStruct@CDDDTA@@@std@@@std@@QAE@XZ 1001d290 f   dddta.obj
 0001:0001c2a0       ?CreateSurfPCXResource@@YGPAUIDirectDrawSurface@@G_N@Z 1001d2a0 f   pcxread.obj
 0001:0001c500       ?RestoreFromPCX@@YGXGPAUIDirectDrawSurface@@@Z 1001d500 f   pcxread.obj
 0001:0001c6c0       ?PCX2BitMap@@YGXPAEPAUpcx_picture_typ@@J@Z 1001d6c0 f   pcxread.obj
 0001:0001c8c0       _X86ShallToRedirect@20     1001d8c0 f   etc.obj
 0001:0001cb40       _X86RedirectOpcodeToNewBase@16 1001db40 f   etc.obj
 0001:0001cee0       _GetMinValidLenWithMatchOpcode@8 1001dee0 f   etc.obj
 0001:0001cf20       _MemWriteWithBackup@16     1001df20 f   etc.obj
 0001:0001d010       _GetOpCodeSize@4           1001e010 f   etc.obj
 0001:0001d2c0       _trim_crlf_@4              1001e2c0 f   etc.obj
 0001:0001d3b0       _RegReadData@24            1001e3b0 f   etc.obj
 0001:0001d450       _RegWriteData@24           1001e450 f   etc.obj
 0001:0001d4f0       _RegWriteDword@16          1001e4f0 f   etc.obj
 0001:0001d510       _RegWriteStr@20            1001e510 f   etc.obj
 0001:0001d540       _RegReadDword@16           1001e540 f   etc.obj
 0001:0001d560       _CalcCRC@8                 1001e560 f   etc.obj
 0001:0001d620       _duplicate_str@4           1001e620 f   etc.obj
 0001:0001d680       _getDBCSlen@4              1001e680 f   etc.obj
 0001:0001d700       _vkToStr@12                1001e700 f   etc.obj
 0001:0001e790       ??0SingleHook@@QAE@XZ      1001f790 f   Hook.obj
 0001:0001e7c0       ??0SingleHook@@QAE@IKHPAE@Z 1001f7c0 f   Hook.obj
 0001:0001e7c0       ??0SingleHook@@QAE@PAEKH0@Z 1001f7c0 f   Hook.obj
 0001:0001e800       ??1SingleHook@@QAE@XZ      1001f800 f   Hook.obj
 0001:0001e870       ?Hook@SingleHook@@UAEXXZ   1001f870 f   Hook.obj
 0001:0001e8b0       ?UnHook@SingleHook@@UAEXXZ 1001f8b0 f   Hook.obj
 0001:0001e8f0       ?AddrToHook@SingleHook@@UAEPAXPAX@Z 1001f8f0 f   Hook.obj
 0001:0001e910       ?ThisHookMode@SingleHook@@UAEHH@Z 1001f910 f   Hook.obj
 0001:0001e930       ?ThisHookMode@SingleHook@@UAE?BHXZ 1001f930 f   Hook.obj
 0001:0001e950       ?Value@RegDword@@QAEKXZ    1001f950 f   TAConfig.obj
 0001:0001e950       ?Str@RegString@@QAEPBDXZ   1001f950 f   TAConfig.obj
 0001:0001e950       ?AddrToHook@SingleHook@@UAEQAXXZ 1001f950 f   Hook.obj
 0001:0001e970       ?LenToHook@SingleHook@@UAEKK@Z 1001f970 f   Hook.obj
 0001:0001e990       ?InitHookClass@SingleHook@@UAEXPAEKH0@Z 1001f990 f   Hook.obj
 0001:0001eb10       ?X86InlineHookRouter@@YGXXZ 1001fb10 f   InlineHook.obj
 0001:0001ebe0       ?X86CurrentThreadStackBufferFixRtnAddr@@YGPAUtagInlineX86StackBuffer@@PAPAU1@@Z 1001fbe0 f   InlineHook.obj
 0001:0001ec90       ?X86CurrentThreadStackBuffer@@YGPAUtagInlineX86StackBuffer@@PAPAU1@@Z 1001fc90 f   InlineHook.obj
 0001:0001ed20       ??0InlineSingleHook@@QAE@IKHP6GHPAUtagInlineX86StackBuffer@@@Z@Z 1001fd20 f   InlineHook.obj
 0001:0001edb0       ??1InlineSingleHook@@QAE@XZ 1001fdb0 f   InlineHook.obj
 0001:0001eec0       ?InitHookClass@InlineSingleHook@@AAEXQAEKHPAX1@Z 1001fec0 f   InlineHook.obj
 0001:0001f1a0       ?Hook@InlineSingleHook@@UAEXXZ 100201a0 f   InlineHook.obj
 0001:0001f280       ?RtnAddrOfHook@InlineSingleHook@@QAEQAXXZ 10020280 f   InlineHook.obj
 0001:0001f2a0       ??0CElementHandler@@QAE@XZ 100202a0 f   ElementHandler.obj
 0001:0001f2e0       ??_GCElementHandler@@UAEPAXI@Z 100202e0 f i ElementHandler.obj
 0001:0001f2e0       ??_ECElementHandler@@UAEPAXI@Z 100202e0 f i ElementHandler.obj
 0001:0001f310       ??1CElementHandler@@UAE@XZ 10020310 f   ElementHandler.obj
 0001:0001f490       ?AddElement@CElementHandler@@QAEXPAVGraphicElement@@@Z 10020490 f   ElementHandler.obj
 0001:0001f500       ?DeleteOn@CElementHandler@@QAEXHH@Z 10020500 f   ElementHandler.obj
 0001:0001f540       ?DeleteBetween@CElementHandler@@QAEXHHHH@Z 10020540 f   ElementHandler.obj
 0001:0001f7b0       ?GetArea@CElementHandler@@QAE?AV?$vector@PAVGraphicElement@@V?$allocator@PAVGraphicElement@@@std@@@std@@HHHH@Z 100207b0 f   ElementHandler.obj
 0001:0001fa60       ?MoveTextElement@CElementHandler@@QAEPAVGraphicElement@@PAV2@HH@Z 10020a60 f   ElementHandler.obj
 0001:0001fbd0       ??0?$list@PAVGraphicElement@@V?$allocator@PAVGraphicElement@@@std@@@std@@QAE@XZ 10020bd0 f i ElementHandler.obj
 0001:0001fc30       ??1?$list@PAVGraphicElement@@V?$allocator@PAVGraphicElement@@@std@@@std@@QAE@XZ 10020c30 f i ElementHandler.obj
 0001:0001fca0       ?erase@?$list@PAVGraphicElement@@V?$allocator@PAVGraphicElement@@@std@@@std@@QAE?AV?$_List_iterator@V?$_List_val@PAVGraphicElement@@V?$allocator@PAVGraphicElement@@@std@@@std@@@2@V?$_List_const_iterator@V?$_List_val@PAVGraphicElement@@V?$allocator@PAVGraphicElement@@@std@@@std@@@2@@Z 10020ca0 f i ElementHandler.obj
 0001:0001fd30       ?remove@?$list@PAVGraphicElement@@V?$allocator@PAVGraphicElement@@@std@@@std@@QAEXABQAVGraphicElement@@@Z 10020d30 f i ElementHandler.obj
 0001:0001fdd0       ?back@?$vector@PAVGraphicElement@@V?$allocator@PAVGraphicElement@@@std@@@std@@QAEAAPAVGraphicElement@@XZ 10020dd0 f i ElementHandler.obj
 0001:0001fe10       ?push_back@?$vector@PAVGraphicElement@@V?$allocator@PAVGraphicElement@@@std@@@std@@QAEXABQAVGraphicElement@@@Z 10020e10 f i ElementHandler.obj
 0001:0001fe10       ?push_back@?$vector@PAVRegString@@V?$allocator@PAVRegString@@@std@@@std@@QAEXABQAVRegString@@@Z 10020e10 f i TAConfig.obj
 0001:0001fe10       ?push_back@?$vector@PAVRegDword@@V?$allocator@PAVRegDword@@@std@@@std@@QAEXABQAVRegDword@@@Z 10020e10 f i TAConfig.obj
 0001:0001fef0       ?_Insert@?$list@PAVGraphicElement@@V?$allocator@PAVGraphicElement@@@std@@@std@@QAEXV?$_List_const_iterator@V?$_List_val@PAVGraphicElement@@V?$allocator@PAVGraphicElement@@@std@@@std@@@2@ABQAVGraphicElement@@@Z 10020ef0 f i ElementHandler.obj
 0001:0001ff80       ??1?$_List_val@PAVGraphicElement@@V?$allocator@PAVGraphicElement@@@std@@@std@@QAE@XZ 10020f80 f i ElementHandler.obj
 0001:0001ffb0       ?clear@?$list@PAVGraphicElement@@V?$allocator@PAVGraphicElement@@@std@@@std@@QAEXXZ 10020fb0 f i ElementHandler.obj
 0001:00020030       ?_Buynode@?$_List_val@PAVGraphicElement@@V?$allocator@PAVGraphicElement@@@std@@@std@@QAEPAU_Node@?$_List_nod@PAVGraphicElement@@V?$allocator@PAVGraphicElement@@@std@@@2@PAU342@0ABQAVGraphicElement@@@Z 10021030 f i ElementHandler.obj
 0001:000200e0       ??_Elength_error@std@@UAEPAXI@Z 100210e0 f i xthrow.obj
 0001:000200e0       ??_Glogic_error@std@@UAEPAXI@Z 100210e0 f i xthrow.obj
 0001:000200e0       ??_Glength_error@std@@UAEPAXI@Z 100210e0 f i xthrow.obj
 0001:000200e0       ??_Elogic_error@std@@UAEPAXI@Z 100210e0 f i xthrow.obj
 0001:00020110       ??0logic_error@std@@QAE@ABV01@@Z 10021110 f i xthrow.obj
 0001:00020140       ?_Xlength_error@std@@YAXPBD@Z 10021140 f   xthrow.obj
 0001:00020180       ??1length_error@std@@UAE@XZ 10021180 f i xthrow.obj
 0001:000201a0       ??0length_error@std@@QAE@ABV01@@Z 100211a0 f i xthrow.obj
 0001:000201ce       _ImmAssociateContext@8     100211ce f   imm32:IMM32.dll
 0001:000201d4       _ImmGetCandidateListA@16   100211d4 f   imm32:IMM32.dll
 0001:000201da       _ImmGetCompositionStringA@16 100211da f   imm32:IMM32.dll
 0001:000201e0       _ImmEscapeA@16             100211e0 f   imm32:IMM32.dll
 0001:000201e6       _ImmIsIME@4                100211e6 f   imm32:IMM32.dll
 0001:000201ec       _ImmNotifyIME@16           100211ec f   imm32:IMM32.dll
 0001:000201f2       ??_U@YAPAXI@Z              100211f2 f   libcpmt:newaop.obj
 0001:000201fd       ??3@YAXPAX@Z               100211fd f   LIBCMT:delete.obj
 0001:00020208       ??2@YAPAXI@Z               10021208 f   LIBCMT:new.obj
 0001:00020288       ?_JumpToContinuation@@YGXPAXPAUEHRegistrationNode@@@Z 10021288 f   LIBCMT:_trnsctrl_.obj
 0001:000202ba       ?_CallMemberFunction2@@YGXPAX00H@Z 100212ba f   LIBCMT:_trnsctrl_.obj
 0001:000202ba       ?_CallMemberFunction0@@YGXPAX0@Z 100212ba f   LIBCMT:_trnsctrl_.obj
 0001:000202ba       ?_CallMemberFunction1@@YGXPAX00@Z 100212ba f   LIBCMT:_trnsctrl_.obj
 0001:000202c1       ?_UnwindNestedFrames@@YGXPAUEHRegistrationNode@@PAUEHExceptionRecord@@@Z 100212c1 f   LIBCMT:_trnsctrl_.obj
 0001:00020315       ___CxxFrameHandler3        10021315 f   LIBCMT:_trnsctrl_.obj
 0001:0002037e       ?_CallSETranslator@@YAHPAUEHExceptionRecord@@PAUEHRegistrationNode@@PAX2PBU_s_FuncInfo@@H1@Z 1002137e f   LIBCMT:_trnsctrl_.obj
 0001:000204f4       ?_GetRangeOfTrysToCheck@@YAPBU_s_TryBlockMapEntry@@PBU_s_FuncInfo@@HHPAI1@Z 100214f4 f   LIBCMT:_trnsctrl_.obj
 0001:00020567       __CreateFrameInfo          10021567 f   LIBCMT:_trnsctrl_.obj
 0001:00020593       __IsExceptionObjectToBeDestroyed 10021593 f   LIBCMT:_trnsctrl_.obj
 0001:000205ba       __FindAndUnlinkFrame       100215ba f   LIBCMT:_trnsctrl_.obj
 0001:0002060c       ?_CallCatchBlock2@@YAPAXPAUEHRegistrationNode@@PBU_s_FuncInfo@@PAXHK@Z 1002160c f   LIBCMT:_trnsctrl_.obj
 0001:0002066c       @__security_check_cookie@4 1002166c f   LIBCMT:secchk.obj
 0001:0002067b       __RTC_InitBase             1002167b f   LIBCMT:_init_.obj
 0001:000206a1       __RTC_Shutdown             100216a1 f   LIBCMT:_init_.obj
 0001:000206c0       _memset                    100216c0 f   LIBCMT:memset.obj
 0001:0002073a       @_RTC_Check_4_to_1@4       1002173a f   LIBCMT:_convert_.obj
 0001:00020762       @_RTC_Check_4_to_2@4       10021762 f   LIBCMT:_convert_.obj
 0001:00020790       __except_handler4          10021790 f   LIBCMT:chandler4.obj
 0001:0002091f       __cfltcvt_init             1002191f f   LIBCMT:_fpinit_.obj
 0001:0002097f       __fpmath                   1002197f f   LIBCMT:_fpinit_.obj
 0001:000209a0       _memcpy                    100219a0 f   LIBCMT:memcpy.obj
 0001:00020d01       _sprintf_s                 10021d01 f   LIBCMT:sprintf.obj
 0001:00020d1f       ??1type_info@@UAE@XZ       10021d1f f   LIBCMT:typinfo.obj
 0001:00020d2f       ??_Etype_info@@UAEPAXI@Z   10021d2f f i LIBCMT:typinfo.obj
 0001:00020d2f       ??_Gtype_info@@UAEPAXI@Z   10021d2f f i LIBCMT:typinfo.obj
 0001:00020d50       ??8type_info@@QBE_NABV0@@Z 10021d50 f   LIBCMT:typinfo.obj
 0001:00020d70       _strlen                    10021d70 f   LIBCMT:strlen.obj
 0001:00020dfb       ??0_LocaleUpdate@@QAE@PAUlocaleinfo_struct@@@Z 10021dfb f i LIBCMT:strftime.obj
 0001:00020e82       __freea                    10021e82 f i LIBCMT:strftime.obj
 0001:0002174f       __Strftime_l               1002274f f   LIBCMT:strftime.obj
 0001:000218db       _strftime                  100228db f   LIBCMT:strftime.obj
 0001:000218fa       __localtime64_s            100228fa f   LIBCMT:loctim64.obj
 0001:00021b82       __time64                   10022b82 f   LIBCMT:time64.obj
 0001:00021be0       _strstr                    10022be0 f   LIBCMT:strstr.obj
 0001:00021c80       _strchr                    10022c80 f   LIBCMT:strchr.obj
 0001:00021c86       ___from_strstr_to_strchr   10022c86     LIBCMT:strchr.obj
 0001:00021d3e       _memcmp                    10022d3e f   LIBCMT:memcmp.obj
 0001:00023292       __CxxThrowException@8      10024292 f   LIBCMT:throw.obj
 0001:000232e0       __ftol2_sse                100242e0 f   LIBCMT:ftol2.obj
 0001:000232e9       __ftol2_pentium4           100242e9 f   LIBCMT:ftol2.obj
 0001:000232fc       __ftol2_sse_excpt          100242fc f   LIBCMT:ftol2.obj
 0001:00023316       __ftol2                    10024316 f   LIBCMT:ftol2.obj
 0001:00023390       _memmove                   10024390 f   LIBCMT:memmove.obj
 0001:000236f1       ??0exception@std@@QAE@ABQBDH@Z 100246f1 f   LIBCMT:stdexcpt.obj
 0001:0002370e       ?what@exception@std@@UBEPBDXZ 1002470e f   LIBCMT:stdexcpt.obj
 0001:0002371b       ?_Copy_str@exception@std@@AAEXPBD@Z 1002471b f   LIBCMT:stdexcpt.obj
 0001:0002375b       ?_Tidy@exception@std@@AAEXXZ 1002475b f   LIBCMT:stdexcpt.obj
 0001:00023779       ??0exception@std@@QAE@ABQBD@Z 10024779 f   LIBCMT:stdexcpt.obj
 0001:000237a0       ??4exception@std@@QAEAAV01@ABV01@@Z 100247a0 f   LIBCMT:stdexcpt.obj
 0001:000237d5       ??1exception@std@@UAE@XZ   100247d5 f   LIBCMT:stdexcpt.obj
 0001:000237e0       ??_Gexception@std@@UAEPAXI@Z 100247e0 f i LIBCMT:stdexcpt.obj
 0001:000237e0       ??_Eexception@std@@UAEPAXI@Z 100247e0 f i LIBCMT:stdexcpt.obj
 0001:00023807       ??0exception@std@@QAE@ABV01@@Z 10024807 f   LIBCMT:stdexcpt.obj
 0001:0002382c       __vsnprintf_helper         1002482c f   LIBCMT:vsnprnc.obj
 0001:000238f6       __vsprintf_s_l             100248f6 f   LIBCMT:vsnprnc.obj
 0001:0002396d       _vsprintf_s                1002496d f   LIBCMT:vsnprnc.obj
 0001:0002398a       _atol                      1002498a f   LIBCMT:atox.obj
 0001:000239a0       _atoi                      100249a0 f   LIBCMT:atox.obj
 0001:000239ab       _strcpy_s                  100249ab f   LIBCMT:strcpy_s.obj
 0001:00023a0a       _strcat_s                  10024a0a f   LIBCMT:strcat_s.obj
 0001:00023a77       __splitpath_s              10024a77 f   LIBCMT:splitpath_s.obj
 0001:00023c74       ?_strlwr_s_l_stat@@YAHPADIPAUlocaleinfo_struct@@@Z 10024c74 f   LIBCMT:strlwr.obj
 0001:00023df2       __strlwr_s_l               10024df2 f   LIBCMT:strlwr.obj
 0001:00023e26       __strlwr_s                 10024e26 f   LIBCMT:strlwr.obj
 0001:00024068       _strtol                    10025068 f   LIBCMT:strtol.obj
 0001:00024093       __strtol_l                 10025093 f   LIBCMT:strtol.obj
 0001:000240b0       _strncmp                   100250b0 f   LIBCMT:strncmp.obj
 0001:000242e4       __strupr_s_l               100252e4 f   LIBCMT:strupr.obj
 0001:00024319       __strupr_s                 10025319 f   LIBCMT:strupr.obj
 0001:00024330       _strcmp                    10025330 f   LIBCMT:strcmp.obj
 0001:000243b8       _free                      100253b8 f   LIBCMT:free.obj
 0001:000243f2       _malloc                    100253f2 f   LIBCMT:malloc.obj
 0001:00024486       _memcpy_s                  10025486 f   LIBCMT:memcpy_s.obj
 0001:000244fb       _strnlen                   100254fb f   LIBCMT:strlen_s.obj
 0001:00024518       ??_V@YAXPAX@Z              10025518 f   LIBCMT:delete2.obj
 0001:00024523       _abs                       10025523 f   LIBCMT:abs.obj
 0001:00024540       _sin                       10025540 f   LIBCMT:_sin_.obj
 0001:00024580       __CIsin                    10025580 f   LIBCMT:_sin_.obj
 0001:000245bb       __CIsin_default            100255bb f   LIBCMT:_sin_.obj
 0001:000245cf       __sin_default              100255cf     LIBCMT:_sin_.obj
 0001:00024670       _cos                       10025670 f   LIBCMT:_cos_.obj
 0001:000246b0       __CIcos                    100256b0 f   LIBCMT:_cos_.obj
 0001:000246eb       __CIcos_default            100256eb f   LIBCMT:_cos_.obj
 0001:000246ff       __cos_default              100256ff     LIBCMT:_cos_.obj
 0001:00024799       ??_L@YGXPAXIHP6EX0@Z1@Z    10025799 f   LIBCMT:ehvecctr.obj
 0001:000247fe       ?__ArrayUnwind@@YGXPAXIHP6EX0@Z@Z 100257fe f   LIBCMT:ehvecdtr.obj
 0001:0002485c       ??_M@YGXPAXIHP6EX0@Z@Z     1002585c f   LIBCMT:ehvecdtr.obj
 0001:000248bf       __CRT_INIT@12              100258bf f   LIBCMT:dllcrt0.obj
 0001:00024b19       __DllMainCRTStartup@12     10025b19 f   LIBCMT:dllcrt0.obj
 0001:00024bf2       ___onexitinit              10025bf2 f   LIBCMT:onexit.obj
 0001:00024c23       __onexit                   10025c23 f   LIBCMT:onexit.obj
 0001:00024c5f       _atexit                    10025c5f f   LIBCMT:onexit.obj
 0001:00024c76       __initp_heap_handler       10025c76 f   LIBCMT:handler.obj
 0001:00024c85       __callnewh                 10025c85 f   LIBCMT:handler.obj
 0001:00024cad       ??1bad_exception@std@@UAE@XZ 10025cad f i LIBCMT:frame.obj
 0001:00024cb8       ??_Ebad_exception@std@@UAEPAXI@Z 10025cb8 f i LIBCMT:frame.obj
 0001:00024cb8       ??_Gbad_exception@std@@UAEPAXI@Z 10025cb8 f i LIBCMT:frame.obj
 0001:00024cdf       ___TypeMatch               10025cdf f   LIBCMT:frame.obj
 0001:00024d3e       ___FrameUnwindFilter       10025d3e f   LIBCMT:frame.obj
 0001:00024d8d       ___FrameUnwindToState      10025d8d f   LIBCMT:frame.obj
 0001:00024eae       ___DestructExceptionObject 10025eae f   LIBCMT:frame.obj
 0001:00024f03       ___AdjustPointer           10025f03 f   LIBCMT:frame.obj
 0001:0002518c       ___BuildCatchObjectHelper  1002618c f   LIBCMT:frame.obj
 0001:0002530b       ___BuildCatchObject        1002630b f   LIBCMT:frame.obj
 0001:00025887       ??0bad_exception@std@@QAE@ABV01@@Z 10026887 f i LIBCMT:frame.obj
 0001:000258a4       ___InternalCxxFrameHandler 100268a4 f   LIBCMT:frame.obj
 0001:0002598a       __encoded_null             1002698a f   LIBCMT:tidtable.obj
 0001:00025993       ___crtTlsAlloc@4           10026993 f   LIBCMT:tidtable.obj
 0001:0002599c       ___set_flsgetvalue         1002699c f   LIBCMT:tidtable.obj
 0001:000259d0       __mtterm                   100269d0 f   LIBCMT:tidtable.obj
 0001:00025a0d       __initptd                  10026a0d f   LIBCMT:tidtable.obj
 0001:00025ac1       __getptd_noexit            10026ac1 f   LIBCMT:tidtable.obj
 0001:00025b3a       __getptd                   10026b3a f   LIBCMT:tidtable.obj
 0001:00025b54       __freefls@4                10026b54 f   LIBCMT:tidtable.obj
 0001:00025c83       __freeptd                  10026c83 f   LIBCMT:tidtable.obj
 0001:00025cf1       __mtinit                   10026cf1 f   LIBCMT:tidtable.obj
 0001:00025e6c       ?terminate@@YAXXZ          10026e6c f   LIBCMT:hooks.obj
 0001:00025ea5       ?unexpected@@YAXXZ         10026ea5 f   LIBCMT:hooks.obj
 0001:00025eb8       ?_inconsistency@@YAXXZ     10026eb8 f   LIBCMT:hooks.obj
 0001:00025ef0       __initp_eh_hooks           10026ef0 f   LIBCMT:hooks.obj
 0001:00025f10       __CallSettingFrame@12      10026f10 f   LIBCMT:lowhelpr.obj
 0001:00025f37       __NLG_Return               10026f37     LIBCMT:lowhelpr.obj
 0001:00025f5c       ___report_gsfailure        10026f5c f   LIBCMT:gs_report.obj
 0001:00026062       __RTC_SetErrorFuncW        10027062 f   LIBCMT:_userapi_.obj
 0001:0002607e       ?_RTC_GetErrorFunc@@YAP6AHHPBDH00ZZPBX@Z 1002707e f   LIBCMT:_userapi_.obj
 0001:00026084       ?_RTC_GetErrorFuncW@@YAP6AHHPB_WH00ZZPBX@Z 10027084 f   LIBCMT:_userapi_.obj
 0001:0002608a       __VEC_memzero              1002708a f   LIBCMT:p4_memset.obj
 0001:00026144       ___sse2_available_init     10027144 f   LIBCMT:cpu_disp.obj
 0001:0002640c       ?_RTC_Failure@@YAXPAXH@Z   1002740c f   LIBCMT:_error_.obj
 0001:00026450       __local_unwind4            10027450 f   LIBCMT:exsup4.obj
 0001:00026526       __seh_longjmp_unwind4@4    10027526 f   LIBCMT:exsup4.obj
 0001:00026542       @_EH4_CallFilterFunc@8     10027542 f   LIBCMT:exsup4.obj
 0001:00026559       @_EH4_TransferToHandler@8  10027559 f   LIBCMT:exsup4.obj
 0001:00026572       @_EH4_GlobalUnwind2@8      10027572 f   LIBCMT:exsup4.obj
 0001:0002658b       @_EH4_LocalUnwind@16       1002758b f   LIBCMT:exsup4.obj
 0001:000265b0       __ValidateImageBase        100275b0 f   LIBCMT:pesect.obj
 0001:000265f0       __FindPESection            100275f0 f   LIBCMT:pesect.obj
 0001:00026640       __IsNonwritableInCurrentImage 10027640 f   LIBCMT:pesect.obj
 0001:000266fc       __forcdecpt_l              100276fc f   LIBCMT:cvt.obj
 0001:00026770       __cropzeros_l              10027770 f   LIBCMT:cvt.obj
 0001:000267f2       __positive                 100277f2 f   LIBCMT:cvt.obj
 0001:0002680e       __fassign_l                1002780e f   LIBCMT:cvt.obj
 0001:00026850       __fassign                  10027850 f   LIBCMT:cvt.obj
 0001:00026889       __forcdecpt                10027889 f   LIBCMT:cvt.obj
 0001:0002689c       __cropzeros                1002789c f   LIBCMT:cvt.obj
 0001:00026a10       __cftoe_l                  10027a10 f   LIBCMT:cvt.obj
 0001:00026ad7       __cftoe                    10027ad7 f   LIBCMT:cvt.obj
 0001:00026af7       __cftoa_l                  10027af7 f   LIBCMT:cvt.obj
 0001:00026f70       __cftof_l                  10027f70 f   LIBCMT:cvt.obj
 0001:00027031       __cftog_l                  10028031 f   LIBCMT:cvt.obj
 0001:0002711e       __cfltcvt_l                1002811e f   LIBCMT:cvt.obj
 0001:000271a6       __cfltcvt                  100281a6 f   LIBCMT:cvt.obj
 0001:000271c9       __initp_misc_cfltcvt_tab   100281c9 f   LIBCMT:cmiscdat.obj
 0001:000271ec       __setdefaultprecision      100281ec f   LIBCMT:fp8.obj
 0001:00027214       __VEC_memcpy               10028214 f   LIBCMT:p4_memcpy.obj
 0001:00027317       __flsbuf                   10028317 f   LIBCMT:_flsbuf.obj
 0001:0002747b       __initp_misc_invarg        1002847b f   LIBCMT:invarg.obj
 0001:0002748a       __call_reportfault         1002848a f   LIBCMT:invarg.obj
 0001:000275b3       __invoke_watson            100285b3 f   LIBCMT:invarg.obj
 0001:000275d8       __invalid_parameter        100285d8 f   LIBCMT:invarg.obj
 0001:00027605       __invalid_parameter_noinfo 10028605 f   LIBCMT:invarg.obj
 0001:00027615       __get_errno_from_oserr     10028615 f   LIBCMT:dosmap.obj
 0001:00027657       __errno                    10028657 f   LIBCMT:dosmap.obj
 0001:0002766a       ___doserrno                1002866a f   LIBCMT:dosmap.obj
 0001:0002767d       __dosmaperr                1002867d f   LIBCMT:dosmap.obj
 0001:000276a0       ?_Type_info_dtor@type_info@@CAXPAV1@@Z 100286a0 f   LIBCMT:typname.obj
 0001:00027933       ___updatetmbcinfo          10028933 f   LIBCMT:mbctype.obj
 0001:00027a53       __setmbcp_nolock           10028a53 f   LIBCMT:mbctype.obj
 0001:00027c3c       __setmbcp                  10028c3c f   LIBCMT:mbctype.obj
 0001:00027dd6       ___initmbctable            10028dd6 f   LIBCMT:mbctype.obj
 0001:00027df4       ___addlocaleref            10028df4 f   LIBCMT:localref.obj
 0001:00027e83       ___removelocaleref         10028e83 f   LIBCMT:localref.obj
 0001:00027f1c       ___freetlocinfo            10028f1c f   LIBCMT:localref.obj
 0001:00028067       __updatetlocinfoEx_nolock  10029067 f   LIBCMT:localref.obj
 0001:000280b4       ___updatetlocinfo          100290b4 f   LIBCMT:localref.obj
 0001:0002812d       __malloc_crt               1002912d f   LIBCMT:crtheap.obj
 0001:00028172       __calloc_crt               10029172 f   LIBCMT:crtheap.obj
 0001:000281be       __realloc_crt              100291be f   LIBCMT:crtheap.obj
 0001:0002820c       __recalloc_crt             1002920c f   LIBCMT:crtheap.obj
 0001:0002825e       __get_daylight             1002925e f   LIBCMT:timeset.obj
 0001:0002828b       __get_dstbias              1002928b f   LIBCMT:timeset.obj
 0001:000282b8       __get_timezone             100292b8 f   LIBCMT:timeset.obj
 0001:000282e5       ___daylight                100292e5 f   LIBCMT:timeset.obj
 0001:000282eb       ___dstbias                 100292eb f   LIBCMT:timeset.obj
 0001:000282f1       ___timezone                100292f1 f   LIBCMT:timeset.obj
 0001:000282f7       ___tzname                  100292f7 f   LIBCMT:timeset.obj
 0001:000289de       ___tzset                   100299de f   LIBCMT:tzset.obj
 0001:00028a2d       __isindst                  10029a2d f   LIBCMT:tzset.obj
 0001:00028a6e       ___ascii_stricmp           10029a6e f   LIBCMT:stricmp.obj
 0001:00028aa7       __isleadbyte_l             10029aa7 f i LIBCMT:_wctype.obj
 0001:00028adf       _isleadbyte                10029adf f i LIBCMT:_wctype.obj
 0001:00028b00       __alloca_probe_16          10029b00 f   LIBCMT:alloca16.obj
 0001:00028b16       __alloca_probe_8           10029b16     LIBCMT:alloca16.obj
 0001:00028b2c       __gmtime64_s               10029b2c f   LIBCMT:gmtime64.obj
 0001:00028d70       __alldiv                   10029d70 f   LIBCMT:lldiv.obj
 0001:00028e20       __allrem                   10029e20 f   LIBCMT:llrem.obj
 0001:00028ee0       __aulldiv                  10029ee0 f   LIBCMT:ulldiv.obj
 0001:00028fef       __output_s_l               10029fef f   LIBCMT:outputs.obj
 0001:00029c12       __ismbblead                1002ac12 f   LIBCMT:ismbbyte.obj
 0001:00029c2a       _strncpy_s                 1002ac2a f   LIBCMT:strncpy_s.obj
 0001:00029ec6       ___crtLCMapStringA         1002aec6 f   LIBCMT:a_map.obj
 0001:00029f0c       __isctype_l                1002af0c f   LIBCMT:isctype.obj
 0001:00029fc4       __heap_init                1002afc4 f   LIBCMT:heapinit.obj
 0001:00029fe2       __heap_term                1002afe2 f   LIBCMT:heapinit.obj
 0001:00029ff6       ___crtCorExitProcess       1002aff6 f   LIBCMT:crt0dat.obj
 0001:0002a021       ___crtExitProcess          1002b021 f   LIBCMT:crt0dat.obj
 0001:0002a039       __lockexit                 1002b039 f   LIBCMT:crt0dat.obj
 0001:0002a042       __unlockexit               1002b042 f   LIBCMT:crt0dat.obj
 0001:0002a04b       __init_pointers            1002b04b f   LIBCMT:crt0dat.obj
 0001:0002a07e       __initterm_e               1002b07e f   LIBCMT:crt0dat.obj
 0001:0002a0a2       __cinit                    1002b0a2 f   LIBCMT:crt0dat.obj
 0001:0002a279       __exit                     1002b279 f   LIBCMT:crt0dat.obj
 0001:0002a28f       __cexit                    1002b28f f   LIBCMT:crt0dat.obj
 0001:0002a29e       __amsg_exit                1002b29e f   LIBCMT:crt0dat.obj
 0001:0002a2bc       __GET_RTERRMSG             1002b2bc f   LIBCMT:crt0msg.obj
 0001:0002a2e2       __NMSG_WRITE               1002b2e2 f   LIBCMT:crt0msg.obj
 0001:0002a491       __FF_MSGBANNER             1002b491 f   LIBCMT:crt0msg.obj
 0001:0002a4ca       __sse2_mathfcns_init       1002b4ca f   LIBCMT:_mathfcns_.obj
 0001:0002a4e0       __CIsin_pentium4           1002b4e0 f   LIBCMT:_sin_pentium4_.obj
 0001:0002a4f8       __sin_pentium4             1002b4f8     LIBCMT:_sin_pentium4_.obj
 0001:0002a6b0       __trandisp1                1002b6b0 f   LIBCMT:_87disp_.obj
 0001:0002a717       __trandisp2                1002b717 f   LIBCMT:_87disp_.obj
 0001:0002a7a3       __rttospopde               1002b7a3     LIBCMT:_87disp_.obj
 0001:0002a7a8       __rttospop                 1002b7a8     LIBCMT:_87disp_.obj
 0001:0002a7aa       __rtnospop                 1002b7aa     LIBCMT:_87disp_.obj
 0001:0002a7ac       __rttosnpop                1002b7ac     LIBCMT:_87disp_.obj
 0001:0002a7ad       __rtnospopde               1002b7ad     LIBCMT:_87disp_.obj
 0001:0002a7b4       __rtzeropop                1002b7b4     LIBCMT:_87disp_.obj
 0001:0002a7b6       __rtzeronpop               1002b7b6     LIBCMT:_87disp_.obj
 0001:0002a7bb       __rtonepop                 1002b7bb     LIBCMT:_87disp_.obj
 0001:0002a7bd       __rtonenpop                1002b7bd     LIBCMT:_87disp_.obj
 0001:0002a7c2       __tosnan1                  1002b7c2     LIBCMT:_87disp_.obj
 0001:0002a7ed       __nosnan2                  1002b7ed     LIBCMT:_87disp_.obj
 0001:0002a7ef       __tosnan2                  1002b7ef     LIBCMT:_87disp_.obj
 0001:0002a817       __nan2                     1002b817     LIBCMT:_87disp_.obj
 0001:0002a856       __rtindfpop                1002b856     LIBCMT:_87disp_.obj
 0001:0002a858       __rtindfnpop               1002b858     LIBCMT:_87disp_.obj
 0001:0002a869       __rttosnpopde              1002b869     LIBCMT:_87disp_.obj
 0001:0002a873       __rtchsifneg               1002b873     LIBCMT:_87disp_.obj
 0001:0002a880       __twoToTOS                 1002b880 f   LIBCMT:_common_.obj
 0001:0002a895       __load_CW                  1002b895 f   LIBCMT:_common_.obj
 0001:0002a8ac       __convertTOStoQNaN         1002b8ac f   LIBCMT:_common_.obj
 0001:0002a8c5       __fload_withFB             1002b8c5 f   LIBCMT:_common_.obj
 0001:0002a908       __checkTOS_withFB          1002b908 f   LIBCMT:_common_.obj
 0001:0002a91e       __fast_exit                1002b91e f   LIBCMT:_common_.obj
[...]
 0001:00032330       __unwindfunclet$??1?$vector@PADV?$allocator@PAD@std@@@std@@QAE@XZ$0 10033330 f   TAConfig.obj
 0001:00032330       __unwindfunclet$??1?$vector@PAVRegString@@V?$allocator@PAVRegString@@@std@@@std@@QAE@XZ$0 10033330 f   TAConfig.obj
 0001:00032338       __ehhandler$??1?$vector@PAVRegDword@@V?$allocator@PAVRegDword@@@std@@@std@@QAE@XZ 10033338 f   TAConfig.obj
 0001:00032338       __ehhandler$??1?$vector@PAVGraphicElement@@V?$allocator@PAVGraphicElement@@@std@@@std@@QAE@XZ 10033338 f   TAConfig.obj
 0001:00032338       __ehhandler$??1?$vector@PADV?$allocator@PAD@std@@@std@@QAE@XZ 10033338 f   TAConfig.obj
 0001:00032338       __ehhandler$??1?$vector@PAVRegString@@V?$allocator@PAVRegString@@@std@@@std@@QAE@XZ 10033338 f   TAConfig.obj
 0001:00032360       __ehhandler$?reserve@?$vector@PAVRegString@@V?$allocator@PAVRegString@@@std@@@std@@QAEXI@Z 10033360 f   TAConfig.obj
 0001:00032360       __ehhandler$?reserve@?$vector@PADV?$allocator@PAD@std@@@std@@QAEXI@Z 10033360 f   TAConfig.obj
 0001:00032360       __ehhandler$?reserve@?$vector@PAVRegDword@@V?$allocator@PAVRegDword@@@std@@@std@@QAEXI@Z 10033360 f   TAConfig.obj
 0001:00032360       __ehhandler$?reserve@?$vector@PAVGraphicElement@@V?$allocator@PAVGraphicElement@@@std@@@std@@QAEXI@Z 10033360 f   TAConfig.obj
 0001:00032380       __unwindfunclet$??0UnicodeSupport@@QAE@PBDKK@Z$0 10033380 f   UnicodeSupport.obj
 0001:0003238e       __unwindfunclet$??0UnicodeSupport@@QAE@PBDKK@Z$1 1003338e f   UnicodeSupport.obj
 0001:00032399       __unwindfunclet$??0UnicodeSupport@@QAE@PBDKK@Z$2 10033399 f   UnicodeSupport.obj
 0001:000323a4       __unwindfunclet$??0UnicodeSupport@@QAE@PBDKK@Z$3 100333a4 f   UnicodeSupport.obj
 0001:000323af       __unwindfunclet$??0UnicodeSupport@@QAE@PBDKK@Z$4 100333af f   UnicodeSupport.obj
 0001:000323ba       __unwindfunclet$??0UnicodeSupport@@QAE@PBDKK@Z$5 100333ba f   UnicodeSupport.obj
 0001:000323c5       __unwindfunclet$??0UnicodeSupport@@QAE@PBDKK@Z$6 100333c5 f   UnicodeSupport.obj
 0001:000323d0       __unwindfunclet$??0UnicodeSupport@@QAE@PBDKK@Z$7 100333d0 f   UnicodeSupport.obj
 0001:000323db       __unwindfunclet$??0UnicodeSupport@@QAE@PBDKK@Z$8 100333db f   UnicodeSupport.obj
 0001:000323e6       __ehhandler$??0UnicodeSupport@@QAE@PBDKK@Z 100333e6 f   UnicodeSupport.obj
 0001:00032410       __unwindfunclet$??0LimitCrack@@QAE@XZ$0 10033410 f   LimitCrack.obj
 0001:0003241e       __unwindfunclet$??0LimitCrack@@QAE@XZ$1 1003341e f   LimitCrack.obj
 0001:0003242c       __unwindfunclet$??0LimitCrack@@QAE@XZ$2 1003342c f   LimitCrack.obj
 0001:0003243a       __unwindfunclet$??0LimitCrack@@QAE@XZ$3 1003343a f   LimitCrack.obj
 0001:00032448       __unwindfunclet$??0LimitCrack@@QAE@XZ$4 10033448 f   LimitCrack.obj
 0001:00032456       __unwindfunclet$??0LimitCrack@@QAE@XZ$5 10033456 f   LimitCrack.obj
 0001:00032464       __unwindfunclet$??0LimitCrack@@QAE@XZ$6 10033464 f   LimitCrack.obj
 0001:00032472       __unwindfunclet$??0LimitCrack@@QAE@XZ$7 10033472 f   LimitCrack.obj
 0001:00032480       __unwindfunclet$??0LimitCrack@@QAE@XZ$8 10033480 f   LimitCrack.obj
 0001:0003248e       __unwindfunclet$??0LimitCrack@@QAE@XZ$9 1003348e f   LimitCrack.obj
 0001:0003249c       __unwindfunclet$??0LimitCrack@@QAE@XZ$10 1003349c f   LimitCrack.obj
 0001:000324aa       __ehhandler$??0LimitCrack@@QAE@XZ 100334aa f   LimitCrack.obj
 0001:000324e0       __unwindfunclet$?WriteWeaponAryPtr@IncreaseWeaponTypeLimit@@AAEPAXPAPAX@Z$0 100334e0 f   LimitCrack.obj
 0001:000324eb       __unwindfunclet$?WriteWeaponAryPtr@IncreaseWeaponTypeLimit@@AAEPAXPAPAX@Z$1 100334eb f   LimitCrack.obj
 0001:000324f6       __ehhandler$?WriteWeaponAryPtr@IncreaseWeaponTypeLimit@@AAEPAXPAPAX@Z 100334f6 f   LimitCrack.obj
 0001:00032520       __unwindfunclet$?WriteWeaponAryLen@IncreaseWeaponTypeLimit@@AAEKK@Z$0 10033520 f   LimitCrack.obj
 0001:0003252b       __ehhandler$?WriteWeaponAryLen@IncreaseWeaponTypeLimit@@AAEKK@Z 1003352b f   LimitCrack.obj
 0001:00032550       __unwindfunclet$?WeaponType_IdLimit@IncreaseWeaponTypeLimit@@AAEXXZ$0 10033550 f   LimitCrack.obj
 0001:0003255b       __unwindfunclet$?WeaponType_IdLimit@IncreaseWeaponTypeLimit@@AAEXXZ$1 1003355b f   LimitCrack.obj
 0001:00032566       __ehhandler$?WeaponType_IdLimit@IncreaseWeaponTypeLimit@@AAEXXZ 10033566 f   LimitCrack.obj
 0001:00032590       __unwindfunclet$?WriteNewLimit@IncreaseUnitTypeLimit@@AAEXK@Z$0 10033590 f   LimitCrack.obj
 0001:0003259b       __unwindfunclet$?WriteNewLimit@IncreaseUnitTypeLimit@@AAEXK@Z$1 1003359b f   LimitCrack.obj
 0001:000325a9       __unwindfunclet$?WriteNewLimit@IncreaseUnitTypeLimit@@AAEXK@Z$2 100335a9 f   LimitCrack.obj
 0001:000325b7       __unwindfunclet$?WriteNewLimit@IncreaseUnitTypeLimit@@AAEXK@Z$3 100335b7 f   LimitCrack.obj
 0001:000325c5       __unwindfunclet$?WriteNewLimit@IncreaseUnitTypeLimit@@AAEXK@Z$4 100335c5 f   LimitCrack.obj
 0001:000325d3       __unwindfunclet$?WriteNewLimit@IncreaseUnitTypeLimit@@AAEXK@Z$5 100335d3 f   LimitCrack.obj
 0001:000325e1       __unwindfunclet$?WriteNewLimit@IncreaseUnitTypeLimit@@AAEXK@Z$6 100335e1 f   LimitCrack.obj
 0001:000325ef       __unwindfunclet$?WriteNewLimit@IncreaseUnitTypeLimit@@AAEXK@Z$7 100335ef f   LimitCrack.obj
 0001:000325fd       __unwindfunclet$?WriteNewLimit@IncreaseUnitTypeLimit@@AAEXK@Z$8 100335fd f   LimitCrack.obj
 0001:0003260b       __unwindfunclet$?WriteNewLimit@IncreaseUnitTypeLimit@@AAEXK@Z$9 1003360b f   LimitCrack.obj
 0001:00032619       __unwindfunclet$?WriteNewLimit@IncreaseUnitTypeLimit@@AAEXK@Z$10 10033619 f   LimitCrack.obj
 0001:00032627       __ehhandler$?WriteNewLimit@IncreaseUnitTypeLimit@@AAEXK@Z 10033627 f   LimitCrack.obj
 0001:00032650       __unwindfunclet$?WriteNewLimit@IncreaseCompositeBuf@@AAEXKK@Z$0 10033650 f   LimitCrack.obj
 0001:0003265b       __ehhandler$?WriteNewLimit@IncreaseCompositeBuf@@AAEXKK@Z 1003365b f   LimitCrack.obj
 0001:00032680       __unwindfunclet$?SetNewLimit@IncreaseSfxLimit@@AAEXKK@Z$0 10033680 f   LimitCrack.obj
 0001:0003268b       __unwindfunclet$?SetNewLimit@IncreaseSfxLimit@@AAEXKK@Z$1 1003368b f   LimitCrack.obj
 0001:00032696       __ehhandler$?SetNewLimit@IncreaseSfxLimit@@AAEXKK@Z 10033696 f   LimitCrack.obj
 0001:000326c0       __unwindfunclet$?NewUnitLimit@UnitLimit@@AAEXK@Z$0 100336c0 f   LimitCrack.obj
 0001:000326cb       __unwindfunclet$?NewUnitLimit@UnitLimit@@AAEXK@Z$1 100336cb f   LimitCrack.obj
 0001:000326d6       __unwindfunclet$?NewUnitLimit@UnitLimit@@AAEXK@Z$2 100336d6 f   LimitCrack.obj
 0001:000326e1       __unwindfunclet$?NewUnitLimit@UnitLimit@@AAEXK@Z$3 100336e1 f   LimitCrack.obj
 0001:000326ec       __ehhandler$?NewUnitLimit@UnitLimit@@AAEXK@Z 100336ec f   LimitCrack.obj
 0001:00032710       __unwindfunclet$??0AlliesWhiteboard@@QAE@XZ$0 10033710 f   whiteboard.obj
 0001:0003271e       __unwindfunclet$??0AlliesWhiteboard@@QAE@XZ$1 1003371e f   whiteboard.obj
 0001:0003272c       __unwindfunclet$??0AlliesWhiteboard@@QAE@XZ$2 1003372c f   whiteboard.obj
 0001:0003273a       __ehhandler$??0AlliesWhiteboard@@QAE@XZ 1003373a f   whiteboard.obj
 0001:00032760       __unwindfunclet$??1AlliesWhiteboard@@QAE@XZ$0 10033760 f   whiteboard.obj
 0001:0003276e       __unwindfunclet$??1AlliesWhiteboard@@QAE@XZ$1 1003376e f   whiteboard.obj
 0001:0003277c       __unwindfunclet$??1AlliesWhiteboard@@QAE@XZ$2 1003377c f   whiteboard.obj
 0001:0003278a       __ehhandler$??1AlliesWhiteboard@@QAE@XZ 1003378a f   whiteboard.obj
 0001:000327b0       __unwindfunclet$?LockBlit@AlliesWhiteboard@@QAEXPADH@Z$0 100337b0 f   whiteboard.obj
 0001:000327b8       __unwindfunclet$?LockBlit@AlliesWhiteboard@@QAEXPADH@Z$1 100337b8 f   whiteboard.obj
 0001:000327c0       __unwindfunclet$?LockBlit@AlliesWhiteboard@@QAEXPADH@Z$3 100337c0 f   whiteboard.obj
 0001:000327c8       __unwindfunclet$?LockBlit@AlliesWhiteboard@@QAEXPADH@Z$4 100337c8 f   whiteboard.obj
 0001:000327d0       __ehhandler$?LockBlit@AlliesWhiteboard@@QAEXPADH@Z 100337d0 f   whiteboard.obj
 0001:000327f0       __unwindfunclet$?Message@AlliesWhiteboard@@QAE_NPAUHWND__@@IIJ@Z$0 100337f0 f   whiteboard.obj
 0001:000327fb       __unwindfunclet$?Message@AlliesWhiteboard@@QAE_NPAUHWND__@@IIJ@Z$1 100337fb f   whiteboard.obj
 0001:00032806       __ehhandler$?Message@AlliesWhiteboard@@QAE_NPAUHWND__@@IIJ@Z 10033806 f   whiteboard.obj
 0001:00032830       __unwindfunclet$??0GraphicText@@QAE@HHPADD@Z$0 10033830 f   whiteboard.obj
 0001:00032830       __unwindfunclet$??0GraphicTextEdited@@QAE@HHPADD@Z$0 10033830 f   whiteboard.obj
 0001:00032838       __ehhandler$??0GraphicTextEdited@@QAE@HHPADD@Z 10033838 f   whiteboard.obj
 0001:00032838       __ehhandler$??0GraphicText@@QAE@HHPADD@Z 10033838 f   whiteboard.obj
 0001:00032860       __unwindfunclet$?TextInputKeyDown@AlliesWhiteboard@@AAEXH@Z$0 10033860 f   whiteboard.obj
 0001:0003286b       __ehhandler$?TextInputKeyDown@AlliesWhiteboard@@AAEXH@Z 1003386b f   whiteboard.obj
 0001:00032890       __unwindfunclet$?AddTextMarker@AlliesWhiteboard@@AAEXXZ$0 10033890 f   whiteboard.obj
 0001:0003289b       __unwindfunclet$?AddTextMarker@AlliesWhiteboard@@AAEXXZ$1 1003389b f   whiteboard.obj
 0001:000328a6       __ehhandler$?AddTextMarker@AlliesWhiteboard@@AAEXXZ 100338a6 f   whiteboard.obj
 0001:000328d0       __unwindfunclet$?DrawMarkers@AlliesWhiteboard@@AAEXPAUIDirectDrawSurface@@@Z$0 100338d0 f   whiteboard.obj
 0001:000328d8       __unwindfunclet$?DrawMarkers@AlliesWhiteboard@@AAEXPAUIDirectDrawSurface@@@Z$1 100338d8 f   whiteboard.obj
 0001:000328e0       __unwindfunclet$?DrawMarkers@AlliesWhiteboard@@AAEXPAUIDirectDrawSurface@@@Z$3 100338e0 f   whiteboard.obj
 0001:000328e8       __unwindfunclet$?DrawMarkers@AlliesWhiteboard@@AAEXPAUIDirectDrawSurface@@@Z$4 100338e8 f   whiteboard.obj
 0001:000328f0       __ehhandler$?DrawMarkers@AlliesWhiteboard@@AAEXPAUIDirectDrawSurface@@@Z 100338f0 f   whiteboard.obj
 0001:00032910       __unwindfunclet$?DrawMinimapMarkers@AlliesWhiteboard@@QAEXPADH_N@Z$0 10033910 f   whiteboard.obj
 0001:00032918       __unwindfunclet$?DrawMinimapMarkers@AlliesWhiteboard@@QAEXPADH_N@Z$1 10033918 f   whiteboard.obj
 0001:00032920       __unwindfunclet$?DrawMinimapMarkers@AlliesWhiteboard@@QAEXPADH_N@Z$6 10033920 f   whiteboard.obj
 0001:00032928       __unwindfunclet$?DrawMinimapMarkers@AlliesWhiteboard@@QAEXPADH_N@Z$7 10033928 f   whiteboard.obj
 0001:00032930       __unwindfunclet$?DrawMinimapMarkers@AlliesWhiteboard@@QAEXPADH_N@Z$12 10033930 f   whiteboard.obj
 0001:00032938       __unwindfunclet$?DrawMinimapMarkers@AlliesWhiteboard@@QAEXPADH_N@Z$13 10033938 f   whiteboard.obj
 0001:00032940       __unwindfunclet$?DrawMinimapMarkers@AlliesWhiteboard@@QAEXPADH_N@Z$18 10033940 f   whiteboard.obj
 0001:0003294b       __unwindfunclet$?DrawMinimapMarkers@AlliesWhiteboard@@QAEXPADH_N@Z$19 1003394b f   whiteboard.obj
 0001:00032956       __unwindfunclet$?DrawMinimapMarkers@AlliesWhiteboard@@QAEXPADH_N@Z$24 10033956 f   whiteboard.obj
 0001:00032961       __unwindfunclet$?DrawMinimapMarkers@AlliesWhiteboard@@QAEXPADH_N@Z$25 10033961 f   whiteboard.obj
 0001:0003296c       __unwindfunclet$?DrawMinimapMarkers@AlliesWhiteboard@@QAEXPADH_N@Z$30 1003396c f   whiteboard.obj
 0001:00032977       __unwindfunclet$?DrawMinimapMarkers@AlliesWhiteboard@@QAEXPADH_N@Z$31 10033977 f   whiteboard.obj
 0001:00032982       __unwindfunclet$?DrawMinimapMarkers@AlliesWhiteboard@@QAEXPADH_N@Z$36 10033982 f   whiteboard.obj
 0001:0003298d       __unwindfunclet$?DrawMinimapMarkers@AlliesWhiteboard@@QAEXPADH_N@Z$37 1003398d f   whiteboard.obj
 0001:00032998       __unwindfunclet$?DrawMinimapMarkers@AlliesWhiteboard@@QAEXPADH_N@Z$42 10033998 f   whiteboard.obj
 0001:000329a3       __unwindfunclet$?DrawMinimapMarkers@AlliesWhiteboard@@QAEXPADH_N@Z$43 100339a3 f   whiteboard.obj
 0001:000329ae       __unwindfunclet$?DrawMinimapMarkers@AlliesWhiteboard@@QAEXPADH_N@Z$48 100339ae f   whiteboard.obj
 0001:000329b9       __unwindfunclet$?DrawMinimapMarkers@AlliesWhiteboard@@QAEXPADH_N@Z$49 100339b9 f   whiteboard.obj
 0001:000329c4       __unwindfunclet$?DrawMinimapMarkers@AlliesWhiteboard@@QAEXPADH_N@Z$54 100339c4 f   whiteboard.obj
 0001:000329cf       __unwindfunclet$?DrawMinimapMarkers@AlliesWhiteboard@@QAEXPADH_N@Z$55 100339cf f   whiteboard.obj
 0001:000329da       __unwindfunclet$?DrawMinimapMarkers@AlliesWhiteboard@@QAEXPADH_N@Z$60 100339da f   whiteboard.obj
 0001:000329e5       __unwindfunclet$?DrawMinimapMarkers@AlliesWhiteboard@@QAEXPADH_N@Z$61 100339e5 f   whiteboard.obj
 0001:000329f0       __unwindfunclet$?DrawMinimapMarkers@AlliesWhiteboard@@QAEXPADH_N@Z$66 100339f0 f   whiteboard.obj
 0001:000329fb       __unwindfunclet$?DrawMinimapMarkers@AlliesWhiteboard@@QAEXPADH_N@Z$67 100339fb f   whiteboard.obj
 0001:00032a06       __ehhandler$?DrawMinimapMarkers@AlliesWhiteboard@@QAEXPADH_N@Z 10033a06 f   whiteboard.obj
 0001:00032a30       __unwindfunclet$?GetMarkers@AlliesWhiteboard@@QAEXPAUMarkerArray@@@Z$0 10033a30 f   whiteboard.obj
 0001:00032a38       __unwindfunclet$?GetMarkers@AlliesWhiteboard@@QAEXPAUMarkerArray@@@Z$1 10033a38 f   whiteboard.obj
 0001:00032a40       __unwindfunclet$?GetMarkers@AlliesWhiteboard@@QAEXPAUMarkerArray@@@Z$6 10033a40 f   whiteboard.obj
 0001:00032a48       __unwindfunclet$?GetMarkers@AlliesWhiteboard@@QAEXPAUMarkerArray@@@Z$7 10033a48 f   whiteboard.obj
 0001:00032a50       __ehhandler$?GetMarkers@AlliesWhiteboard@@QAEXPAUMarkerArray@@@Z 10033a50 f   whiteboard.obj
 0001:00032a70       __unwindfunclet$?ReceiveMarkers@AlliesWhiteboard@@AAEXXZ$0 10033a70 f   whiteboard.obj
 0001:00032a7b       __ehhandler$?ReceiveMarkers@AlliesWhiteboard@@AAEXXZ 10033a7b f   whiteboard.obj
 0001:00032ab0       __unwindfunclet$?SendMarkers@AlliesWhiteboard@@AAEXXZ$0 10033ab0 f   whiteboard.obj
 0001:00032abb       __unwindfunclet$?SendMarkers@AlliesWhiteboard@@AAEXXZ$3 10033abb f   whiteboard.obj
 0001:00032ac6       __unwindfunclet$?SendMarkers@AlliesWhiteboard@@AAEXXZ$6 10033ac6 f   whiteboard.obj
 0001:00032ad1       __unwindfunclet$?SendMarkers@AlliesWhiteboard@@AAEXXZ$9 10033ad1 f   whiteboard.obj
 0001:00032adc       __unwindfunclet$?SendMarkers@AlliesWhiteboard@@AAEXXZ$12 10033adc f   whiteboard.obj
 0001:00032ae7       __unwindfunclet$?SendMarkers@AlliesWhiteboard@@AAEXXZ$15 10033ae7 f   whiteboard.obj
 0001:00032af2       __unwindfunclet$?SendMarkers@AlliesWhiteboard@@AAEXXZ$18 10033af2 f   whiteboard.obj
 0001:00032afd       __unwindfunclet$?SendMarkers@AlliesWhiteboard@@AAEXXZ$21 10033afd f   whiteboard.obj
 0001:00032b08       __unwindfunclet$?SendMarkers@AlliesWhiteboard@@AAEXXZ$24 10033b08 f   whiteboard.obj
 0001:00032b13       __unwindfunclet$?SendMarkers@AlliesWhiteboard@@AAEXXZ$27 10033b13 f   whiteboard.obj
 0001:00032b1e       __unwindfunclet$?SendMarkers@AlliesWhiteboard@@AAEXXZ$30 10033b1e f   whiteboard.obj
 0001:00032b29       __unwindfunclet$?SendMarkers@AlliesWhiteboard@@AAEXXZ$33 10033b29 f   whiteboard.obj
 0001:00032b34       __ehhandler$?SendMarkers@AlliesWhiteboard@@AAEXXZ 10033b34 f   whiteboard.obj
 0001:00032b60       __unwindfunclet$?GetTextElementAt@AlliesWhiteboard@@AAEPAVGraphicElement@@HHH@Z$0 10033b60 f   whiteboard.obj
 0001:00032b68       __unwindfunclet$?GetTextElementAt@AlliesWhiteboard@@AAEPAVGraphicElement@@HHH@Z$1 10033b68 f   whiteboard.obj
 0001:00032b70       __unwindfunclet$?GetTextElementAt@AlliesWhiteboard@@AAEPAVGraphicElement@@HHH@Z$3 10033b70 f   whiteboard.obj
 0001:00032b78       __unwindfunclet$?GetTextElementAt@AlliesWhiteboard@@AAEPAVGraphicElement@@HHH@Z$4 10033b78 f   whiteboard.obj
 0001:00032b80       __ehhandler$?GetTextElementAt@AlliesWhiteboard@@AAEPAVGraphicElement@@HHH@Z 10033b80 f   whiteboard.obj
 0001:00032ba0       __unwindfunclet$?back@?$deque@UMMHS@AlliesWhiteboard@@V?$allocator@UMMHS@AlliesWhiteboard@@@std@@@std@@QAEAAUMMHS@AlliesWhiteboard@@XZ$0 10033ba0 f   whiteboard.obj
 0001:00032ba8       __unwindfunclet$?back@?$deque@UMMHS@AlliesWhiteboard@@V?$allocator@UMMHS@AlliesWhiteboard@@@std@@@std@@QAEAAUMMHS@AlliesWhiteboard@@XZ$1 10033ba8 f   whiteboard.obj
 0001:00032bb0       __ehhandler$?back@?$deque@UMMHS@AlliesWhiteboard@@V?$allocator@UMMHS@AlliesWhiteboard@@@std@@@std@@QAEAAUMMHS@AlliesWhiteboard@@XZ 10033bb0 f   whiteboard.obj
 0001:00032bd0       __unwindfunclet$??1?$_Deque_val@UTAShareMemStruct@CDDDTA@@V?$allocator@UTAShareMemStruct@CDDDTA@@@std@@@std@@QAE@XZ$0 10033bd0 f   whiteboard.obj
 0001:00032bd0       __unwindfunclet$??1?$_Deque_val@PAVGraphicElement@@V?$allocator@PAVGraphicElement@@@std@@@std@@QAE@XZ$0 10033bd0 f   whiteboard.obj
 0001:00032bd0       __unwindfunclet$??1?$_Deque_val@UMMHS@AlliesWhiteboard@@V?$allocator@UMMHS@AlliesWhiteboard@@@std@@@std@@QAE@XZ$0 10033bd0 f   whiteboard.obj
 0001:00032bd8       __ehhandler$??1?$_Deque_val@UMMHS@AlliesWhiteboard@@V?$allocator@UMMHS@AlliesWhiteboard@@@std@@@std@@QAE@XZ 10033bd8 f   whiteboard.obj
 0001:00032bd8       __ehhandler$??1?$_Deque_val@UTAShareMemStruct@CDDDTA@@V?$allocator@UTAShareMemStruct@CDDDTA@@@std@@@std@@QAE@XZ 10033bd8 f   whiteboard.obj
 0001:00032bd8       __ehhandler$??1?$_Deque_val@PAVGraphicElement@@V?$allocator@PAVGraphicElement@@@std@@@std@@QAE@XZ 10033bd8 f   whiteboard.obj
 0001:00032c00       __unwindfunclet$??1InlineSingleHook@@QAE@XZ$0 10033c00 f   InlineHook.obj
 0001:00032c08       __ehhandler$??1InlineSingleHook@@QAE@XZ 10033c08 f   InlineHook.obj
 0001:00032c30       __unwindfunclet$??1CElementHandler@@UAE@XZ$0 10033c30 f   ElementHandler.obj
 0001:00032c49       __ehhandler$??1CElementHandler@@UAE@XZ 10033c49 f   ElementHandler.obj
 0001:00032c70       __unwindfunclet$?DeleteBetween@CElementHandler@@QAEXHHHH@Z$0 10033c70 f   ElementHandler.obj
 0001:00032c78       __unwindfunclet$?DeleteBetween@CElementHandler@@QAEXHHHH@Z$2 10033c78 f   ElementHandler.obj
 0001:00032c80       __ehhandler$?DeleteBetween@CElementHandler@@QAEXHHHH@Z 10033c80 f   ElementHandler.obj
 0001:00032ca0       __unwindfunclet$?GetArea@CElementHandler@@QAE?AV?$vector@PAVGraphicElement@@V?$allocator@PAVGraphicElement@@@std@@@std@@HHHH@Z$0 10033ca0 f   ElementHandler.obj
 0001:00032ca8       __unwindfunclet$?GetArea@CElementHandler@@QAE?AV?$vector@PAVGraphicElement@@V?$allocator@PAVGraphicElement@@@std@@@std@@HHHH@Z$3 10033ca8 f   ElementHandler.obj
 0001:00032cb0       __unwindfunclet$?GetArea@CElementHandler@@QAE?AV?$vector@PAVGraphicElement@@V?$allocator@PAVGraphicElement@@@std@@@std@@HHHH@Z$1 10033cb0 f   ElementHandler.obj
 0001:00032cc9       __unwindfunclet$?GetArea@CElementHandler@@QAE?AV?$vector@PAVGraphicElement@@V?$allocator@PAVGraphicElement@@@std@@@std@@HHHH@Z$4 10033cc9 f   ElementHandler.obj
 0001:00032cd1       __ehhandler$?GetArea@CElementHandler@@QAE?AV?$vector@PAVGraphicElement@@V?$allocator@PAVGraphicElement@@@std@@@std@@HHHH@Z 10033cd1 f   ElementHandler.obj
 0001:00032cf0       __unwindfunclet$?MoveTextElement@CElementHandler@@QAEPAVGraphicElement@@PAV2@HH@Z$2 10033cf0 f   ElementHandler.obj
 0001:00032cfb       __ehhandler$?MoveTextElement@CElementHandler@@QAEPAVGraphicElement@@PAV2@HH@Z 10033cfb f   ElementHandler.obj
 0001:00032d20       __unwindfunclet$??1?$list@PAVGraphicElement@@V?$allocator@PAVGraphicElement@@@std@@@std@@QAE@XZ$0 10033d20 f   ElementHandler.obj
 0001:00032d28       __ehhandler$??1?$list@PAVGraphicElement@@V?$allocator@PAVGraphicElement@@@std@@@std@@QAE@XZ 10033d28 f   ElementHandler.obj
 0001:00032d50       __ehhandler$?_Buynode@?$_List_val@PAVGraphicElement@@V?$allocator@PAVGraphicElement@@@std@@@std@@QAEPAU_Node@?$_List_nod@PAVGraphicElement@@V?$allocator@PAVGraphicElement@@@std@@@2@PAU342@0ABQAVGraphicElement@@@Z 10033d50 f   ElementHandler.obj
 0001:00032d6b       __ehhandler$?CallUnexpected@@YAXPBU_s_ESTypeList@@@Z 10033d6b f   LIBCMT:frame.obj
 0001:00032d90       ??__Fnomem@?5???2@YAPAXI@Z@YAXXZ 10033d90 f   LIBCMT:new.obj
