 ddraw

 Timestamp is 4f70397b (Mon Mar 26 17:40:11 2012)

 Preferred load address is 10000000

 Start         Length     Name                   Class
 0001:00000000 00031c22H .text                   CODE
 0001:00031c30 000010d6H .text$x                 CODE
 0001:00032d10 00000000H .text$yc                CODE
 0001:00032d10 00000014H .text$yd                CODE
 0002:00000000 0000020cH .idata$5                DATA
 0002:0000020c 00000004H .CRT$XCA                DATA
 0002:00000210 00000000H .CRT$XCU                DATA
 0002:00000210 00000004H .CRT$XCZ                DATA
 0002:00000214 00000004H .CRT$XIA                DATA
 0002:00000218 00000014H .CRT$XIC                DATA
 0002:0000022c 00000004H .CRT$XIZ                DATA
 0002:00000230 00000004H .CRT$XPA                DATA
 0002:00000234 00000004H .CRT$XPX                DATA
 0002:00000238 00000004H .CRT$XPXA               DATA
 0002:0000023c 00000004H .CRT$XPZ                DATA
 0002:00000240 00000004H .CRT$XTA                DATA
 0002:00000244 00000004H .CRT$XTZ                DATA
 0002:00000250 00004ee8H .rdata                  DATA
 0002:00005138 0000063cH .rdata$r                DATA
 0002:00005780 000000fcH .rdata$sxdata           DATA
 0002:0000587c 00000004H .rtc$IAA                DATA
 0002:00005880 00000004H .rtc$IMZ                DATA
 0002:00005884 00000004H .rtc$IZZ                DATA
 0002:00005888 00000004H .rtc$TAA                DATA
 0002:0000588c 00000004H .rtc$TMZ                DATA
 0002:00005890 00000004H .rtc$TZZ                DATA
 0002:00005898 000017e4H .xdata$x                DATA
 0002:0000707c 00000064H .idata$2                DATA
 0002:000070e0 00000014H .idata$3                DATA
 0002:000070f4 0000020cH .idata$4                DATA
 0002:00007300 00000914H .idata$6                DATA
 0002:00007c20 0000004dH .edata                  DATA
 0003:00000000 00003af8H .data                   DATA
 0003:00003b00 000020a0H .bss                    DATA
 0004:00000000 00000310H .rsrc$01                DATA
 0004:00000310 0001d7a8H .rsrc$02                DATA

  Address         Publics by Value              Rva+Base       Lib:Object

 0000:00000000       __except_list              00000000     <absolute>
 0000:0000003f       ___safe_se_handler_count   0000003f     <absolute>
 0000:00000000       ___ImageBase               10000000     <linker-defined>
 0001:00000000       ?AddtionInit@@YGHPAUtagInlineX86StackBuffer@@@Z 10001000 f   ddraw.obj
 0001:000001a0       ?AddtionRelease@@YGXXZ     100011a0 f   ddraw.obj
 0001:000002d0       _DllMain@12                100012d0 f   ddraw.obj
 0001:00000410       ?GetSysDir@@YGXXZ          10001410 f   ddraw.obj
 0001:00000480       ?DirectDrawCreate@@YGJPAU_GUID@@PAPAUIDirectDraw@@PAUIUnknown@@@Z 10001480 f   ddraw.obj
 0001:00000570       ?SetupFileMap@@YG_NXZ      10001570 f   ddraw.obj
 0001:000005f0       ?SetupLocalFileMap@@YG_NXZ 100015f0 f   ddraw.obj
 0001:00000680       ?ShutdownLocalFileMap@@YGXXZ 10001680 f   ddraw.obj
 0001:000006b0       ?SetupTAHookFileMap@@YGXXZ 100016b0 f   ddraw.obj
 0001:00000710       ?ShutDownTAHookFileMap@@YGXXZ 10001710 f   ddraw.obj
 0001:00000740       ?EnableSound@@YGXXZ        10001740 f   ddraw.obj
 0001:00000770       ??0ExternQuickKey@@QAE@XZ  10001770 f   ExternQuickKey.obj
 0001:000008b0       ??1ExternQuickKey@@QAE@XZ  100018b0 f   ExternQuickKey.obj
 0001:00000950       ?Message@ExternQuickKey@@QAE_NPAUHWND__@@IIJ@Z 10001950 f   ExternQuickKey.obj
 0001:00000af0       ?SelectOnlyInScreenSameTypeUnit@ExternQuickKey@@AAEHH@Z 10001af0 f   ExternQuickKey.obj
 0001:00000d10       ?SelectOnlyInScreenWeaponUnit@ExternQuickKey@@AAEHI@Z 10001d10 f   ExternQuickKey.obj
 0001:00000e60       ?SetIDMaskInTypeAry@ExternQuickKey@@AAE_NGQAK@Z 10001e60 f   ExternQuickKey.obj
 0001:00000eb0       ?MatchInTypeAry@ExternQuickKey@@AAE_NGQAK@Z 10001eb0 f   ExternQuickKey.obj
 0001:00000ef0       ?FilterSelectedUnit@ExternQuickKey@@QAEHW4TAUnitType@@@Z 10001ef0 f   ExternQuickKey.obj
 0001:00001230       ?AddtionRoutine_CircleSelect@@YGHPAUtagInlineX86StackBuffer@@@Z 10002230 f   ExternQuickKey.obj
 0001:00001380       ?CreateSurfByGafFrame@@YGPAUIDirectDrawSurface@@PAU_GAFFrame@@_N@Z 10002380 f   gaf.obj
 0001:00001500       ?ViewPlayerLos_Replay@@YGHH@Z 10002500 f   HardCodeFunctions.obj
 0001:00001690       ?UpdateTAProcess@@YGHXZ    10002690 f   HardCodeFunctions.obj
 0001:00001700       ?AntiCheat@@YGHXZ          10002700 f   HardCodeFunctions.obj
 0001:00001770       ?GetUnitIDMaskAryByCategory@@YGPAKPAD@Z 10002770 f   HardCodeFunctions.obj
 0001:00001800       ?freeTAMem@@YGXPAX@Z       10002800 f   HardCodeFunctions.obj
 0001:00001880       ?UpdateSelectUnitEffect@@YGXXZ 10002880 f   HardCodeFunctions.obj
 0001:000018c0       ?ApplySelectUnitMenu_Wapper@@YGXXZ 100028c0 f   HardCodeFunctions.obj
 0001:000018f0       ?DeselectUnits@@YGXXZ      100028f0 f   HardCodeFunctions.obj
 0001:00001970       ??0ModifyHook@@QAE@IHKPAEKK@Z 10002970 f   ModifyHook.obj
 0001:00001970       ??0ModifyHook@@QAE@PAEHK0KK@Z 10002970 f   ModifyHook.obj
 0001:00001a30       ??1ModifyHook@@QAE@XZ      10002a30 f   ModifyHook.obj
 0001:00001b00       ?InitHookClass@ModifyHook@@AAEXPAEHK0KK@Z 10002b00 f   ModifyHook.obj
 0001:00001d60       ?Hook@ModifyHook@@UAEXXZ   10002d60 f   ModifyHook.obj
 0001:00001e80       ??0_TAHPI@@QAE@H@Z         10002e80 f   HPIfunc.obj
 0001:00001f60       ??1_TAHPI@@QAE@XZ          10002f60 f   HPIfunc.obj
 0001:00001fc0       ?readfile@_TAHPI@@QAEPADPADPAI@Z 10002fc0 f   HPIfunc.obj
 0001:00001fe0       ?free_readfile@_TAHPI@@QAEXPAD@Z 10002fe0 f   HPIfunc.obj
 0001:00002000       ?TADontInit@@YGHPAUtagInlineX86StackBuffer@@@Z 10003000 f   HPIfunc.obj
 0001:00002020       ??0IDDraw@@QAE@PAUIDirectDraw@@_N@Z 10003020 f   iddraw.obj
 0001:000020c0       ?QueryInterface@IDDraw@@UAGJABU_GUID@@PAPAX@Z 100030c0 f   iddraw.obj
 0001:000020f0       ?AddRef@IDDraw@@UAGKXZ     100030f0 f   iddraw.obj
 0001:00002120       ?Release@IDDraw@@UAGKXZ    10003120 f   iddraw.obj
 0001:00002170       ?Compact@IDDraw@@UAGJXZ    10003170 f   iddraw.obj
 0001:000021a0       ?CreateClipper@IDDraw@@UAGJKPAPAUIDirectDrawClipper@@PAUIUnknown@@@Z 100031a0 f   iddraw.obj
 0001:000021e0       ?CreatePalette@IDDraw@@UAGJKPAUtagPALETTEENTRY@@PAPAUIDirectDrawPalette@@PAUIUnknown@@@Z 100031e0 f   iddraw.obj
 0001:00002220       ?CreateSurface@IDDraw@@UAGJPAU_DDSURFACEDESC@@PAPAUIDirectDrawSurface@@PAUIUnknown@@@Z 10003220 f   iddraw.obj
 0001:00002300       ?DuplicateSurface@IDDraw@@UAGJPAUIDirectDrawSurface@@PAPAU2@@Z 10003300 f   iddraw.obj
 0001:00002330       ?EnumDisplayModes@IDDraw@@UAGJKPAU_DDSURFACEDESC@@PAXP6GJ01@Z@Z 10003330 f   iddraw.obj
 0001:00002370       ?EnumSurfaces@IDDraw@@UAGJKPAU_DDSURFACEDESC@@PAXP6GJPAUIDirectDrawSurface@@01@Z@Z 10003370 f   iddraw.obj
 0001:000023b0       ?FlipToGDISurface@IDDraw@@UAGJXZ 100033b0 f   iddraw.obj
 0001:000023e0       ?GetCaps@IDDraw@@UAGJPAU_DDCAPS_DX7@@0@Z 100033e0 f   iddraw.obj
 0001:00002410       ?GetDisplayMode@IDDraw@@UAGJPAU_DDSURFACEDESC@@@Z 10003410 f   iddraw.obj
 0001:00002440       ?GetFourCCCodes@IDDraw@@UAGJPAK0@Z 10003440 f   iddraw.obj
 0001:00002470       ?GetGDISurface@IDDraw@@UAGJPAPAUIDirectDrawSurface@@@Z 10003470 f   iddraw.obj
 0001:000024a0       ?GetMonitorFrequency@IDDraw@@UAGJPAK@Z 100034a0 f   iddraw.obj
 0001:000024d0       ?GetScanLine@IDDraw@@UAGJPAK@Z 100034d0 f   iddraw.obj
 0001:00002500       ?GetVerticalBlankStatus@IDDraw@@UAGJPAH@Z 10003500 f   iddraw.obj
 0001:00002530       ?Initialize@IDDraw@@UAGJPAU_GUID@@@Z 10003530 f   iddraw.obj
 0001:00002560       ?RestoreDisplayMode@IDDraw@@UAGJXZ 10003560 f   iddraw.obj
 0001:00002590       ?SetCooperativeLevel@IDDraw@@UAGJPAUHWND__@@K@Z 10003590 f   iddraw.obj
 0001:000025f0       ?SetDisplayMode@IDDraw@@UAGJKKK@Z 100035f0 f   iddraw.obj
 0001:00002660       ?WaitForVerticalBlank@IDDraw@@UAGJKPAX@Z 10003660 f   iddraw.obj
 0001:00002690       ??0IDDrawSurface@@QAE@PAUIDirectDrawSurface@@_NHH@Z 10003690 f   iddrawsurface.obj
 0001:00002ac0       ?QueryInterface@IDDrawSurface@@UAGJABU_GUID@@PAPAX@Z 10003ac0 f   iddrawsurface.obj
 0001:00002af0       ?AddRef@IDDrawSurface@@UAGKXZ 10003af0 f   iddrawsurface.obj
 0001:00002b20       ?Release@IDDrawSurface@@UAGKXZ 10003b20 f   iddrawsurface.obj
 0001:00002e30       ?AddOverlayDirtyRect@IDDrawSurface@@UAGJPAUtagRECT@@@Z 10003e30 f   iddrawsurface.obj
 0001:00002e60       ?AddAttachedSurface@IDDrawSurface@@UAGJPAUIDirectDrawSurface@@@Z 10003e60 f   iddrawsurface.obj
 0001:00002e90       ?Blt@IDDrawSurface@@UAGJPAUtagRECT@@PAUIDirectDrawSurface@@0KPAU_DDBLTFX@@@Z 10003e90 f   iddrawsurface.obj
 0001:00002ed0       ?BltBatch@IDDrawSurface@@UAGJPAU_DDBLTBATCH@@KK@Z 10003ed0 f   iddrawsurface.obj
 0001:00002f10       ?BltFast@IDDrawSurface@@UAGJKKPAUIDirectDrawSurface@@PAUtagRECT@@K@Z 10003f10 f   iddrawsurface.obj
 0001:00002f50       ?DeleteAttachedSurface@IDDrawSurface@@UAGJKPAUIDirectDrawSurface@@@Z 10003f50 f   iddrawsurface.obj
 0001:00002f80       ?EnumAttachedSurfaces@IDDrawSurface@@UAGJPAXP6GJPAUIDirectDrawSurface@@PAU_DDSURFACEDESC@@0@Z@Z 10003f80 f   iddrawsurface.obj
 0001:00002fb0       ?EnumOverlayZOrders@IDDrawSurface@@UAGJKPAXP6GJPAUIDirectDrawSurface@@PAU_DDSURFACEDESC@@0@Z@Z 10003fb0 f   iddrawsurface.obj
 0001:00002ff0       ?Flip@IDDrawSurface@@UAGJPAUIDirectDrawSurface@@K@Z 10003ff0 f   iddrawsurface.obj
 0001:00003020       ?GetAttachedSurface@IDDrawSurface@@UAGJPAU_DDSCAPS@@PAPAUIDirectDrawSurface@@@Z 10004020 f   iddrawsurface.obj
 0001:00003080       ?GetBltStatus@IDDrawSurface@@UAGJK@Z 10004080 f   iddrawsurface.obj
 0001:000030b0       ?GetCaps@IDDrawSurface@@UAGJPAU_DDSCAPS@@@Z 100040b0 f   iddrawsurface.obj
 0001:000030e0       ?GetClipper@IDDrawSurface@@UAGJPAPAUIDirectDrawClipper@@@Z 100040e0 f   iddrawsurface.obj
 0001:00003110       ?GetColorKey@IDDrawSurface@@UAGJKPAU_DDCOLORKEY@@@Z 10004110 f   iddrawsurface.obj
 0001:00003140       ?GetDC@IDDrawSurface@@UAGJPAPAUHDC__@@@Z 10004140 f   iddrawsurface.obj
 0001:00003170       ?GetFlipStatus@IDDrawSurface@@UAGJK@Z 10004170 f   iddrawsurface.obj
 0001:000031a0       ?GetOverlayPosition@IDDrawSurface@@UAGJPAJ0@Z 100041a0 f   iddrawsurface.obj
 0001:000031d0       ?GetPalette@IDDrawSurface@@UAGJPAPAUIDirectDrawPalette@@@Z 100041d0 f   iddrawsurface.obj
 0001:00003200       ?GetPixelFormat@IDDrawSurface@@UAGJPAU_DDPIXELFORMAT@@@Z 10004200 f   iddrawsurface.obj
 0001:00003230       ?GetSurfaceDesc@IDDrawSurface@@UAGJPAU_DDSURFACEDESC@@@Z 10004230 f   iddrawsurface.obj
 0001:00003260       ?Initialize@IDDrawSurface@@UAGJPAUIDirectDraw@@PAU_DDSURFACEDESC@@@Z 10004260 f   iddrawsurface.obj
 0001:00003290       ?IsLost@IDDrawSurface@@UAGJXZ 10004290 f   iddrawsurface.obj
 0001:000032c0       ?Lock@IDDrawSurface@@UAGJPAUtagRECT@@PAU_DDSURFACEDESC@@KPAX@Z 100042c0 f   iddrawsurface.obj
 0001:00003330       ?ReleaseDC@IDDrawSurface@@UAGJPAUHDC__@@@Z 10004330 f   iddrawsurface.obj
 0001:00003360       ?Restore@IDDrawSurface@@UAGJXZ 10004360 f   iddrawsurface.obj
 0001:00003390       ?SetClipper@IDDrawSurface@@UAGJPAUIDirectDrawClipper@@@Z 10004390 f   iddrawsurface.obj
 0001:000033c0       ?SetColorKey@IDDrawSurface@@UAGJKPAU_DDCOLORKEY@@@Z 100043c0 f   iddrawsurface.obj
 0001:000033f0       ?SetOverlayPosition@IDDrawSurface@@UAGJJJ@Z 100043f0 f   iddrawsurface.obj
 0001:00003420       ?SetPalette@IDDrawSurface@@UAGJPAUIDirectDrawPalette@@@Z 10004420 f   iddrawsurface.obj
 0001:00003460       ?Unlock@IDDrawSurface@@UAGJPAX@Z 10004460 f   iddrawsurface.obj
 0001:000037b0       ?UpdateOverlay@IDDrawSurface@@UAGJPAUtagRECT@@PAUIDirectDrawSurface@@0KPAU_DDOVERLAYFX@@@Z 100047b0 f   iddrawsurface.obj
 0001:000037f0       ?UpdateOverlayDisplay@IDDrawSurface@@UAGJK@Z 100047f0 f   iddrawsurface.obj
 0001:00003820       ?UpdateOverlayZOrder@IDDrawSurface@@UAGJKPAUIDirectDrawSurface@@@Z 10004820 f   iddrawsurface.obj
 0001:00003850       ?OutptTxt@IDDrawSurface@@SGXPAD@Z 10004850 f   iddrawsurface.obj
 0001:00003850       ?OutptInt@IDDrawSurface@@SGXH@Z 10004850 f   iddrawsurface.obj
 0001:00003860       ?Set@IDDrawSurface@@QAEX_N@Z 10004860 f   iddrawsurface.obj
 0001:00003880       ?CreateClipplist@IDDrawSurface@@QAEXXZ 10004880 f   iddrawsurface.obj
 0001:00003a60       ?ScreenShot@IDDrawSurface@@QAEXXZ 10004a60 f   iddrawsurface.obj
 0001:00003ce0       ?CreateFileName@IDDrawSurface@@AAEXPADH@Z 10004ce0 f   iddrawsurface.obj
 0001:00003f60       ?CreateDir@IDDrawSurface@@QAEXPAD@Z 10004f60 f   iddrawsurface.obj
 0001:00004020       ?CorrectName@IDDrawSurface@@QAEXPAD@Z 10005020 f   iddrawsurface.obj
 0001:00004080       ?DeInterlace@IDDrawSurface@@AAEXXZ 10005080 f   iddrawsurface.obj
 0001:00004130       ?WinProc@@YGJPAUHWND__@@IIJ@Z 10005130 f   iddrawsurface.obj
 0001:00004530       ??0MenuResolution@@QAE@H@Z 10005530 f   MenuResolution.obj
 0001:00004590       ??1MenuResolution@@QAE@XZ  10005590 f   MenuResolution.obj
 0001:000045b0       ?InstallHook@MenuResolution@@AAEXXZ 100055b0 f   MenuResolution.obj
 0001:000047f0       ?UninstallHook@MenuResolution@@AAEXXZ 100057f0 f   MenuResolution.obj
 0001:00004a00       ?sub_0049E91C@@YGHPAUtagInlineX86StackBuffer@@@Z 10005a00 f   MenuResolution.obj
 0001:00004a60       ?sub_0049E93B@@YGHPAUtagInlineX86StackBuffer@@@Z 10005a60 f   MenuResolution.obj
 0001:00004ac0       ?sub_00491A75@@YGHPAUtagInlineX86StackBuffer@@@Z 10005ac0 f   MenuResolution.obj
 0001:00004b50       ?sub_00491B01@@YGHPAUtagInlineX86StackBuffer@@@Z 10005b50 f   MenuResolution.obj
 0001:00004bd0       ??0ModifyWeaponPacket@@QAE@H@Z 10005bd0 f   MultiGameWeaponID.obj
 0001:00004c10       ?ModifyRoutine@ModifyWeaponPacket@@AAEXH@Z 10005c10 f   MultiGameWeaponID.obj
 0001:00004d20       ?EnsureDplayx@ModifyWeaponPacket@@AAEXH@Z 10005d20 f   MultiGameWeaponID.obj
 0001:000052e0       ?FeaturePacket@ModifyWeaponPacket@@AAEXH@Z 100062e0 f   MultiGameWeaponID.obj
 0001:000054a0       ??1ModifyWeaponPacket@@QAE@XZ 100064a0 f   MultiGameWeaponID.obj
 0001:000056e0       ??0CDDDTA@@QAE@XZ          100066e0 f   dddta.obj
 0001:000057d0       ??1CDDDTA@@QAE@XZ          100067d0 f   dddta.obj
 0001:00005860       ?DeInitDDDTA@CDDDTA@@QAEXXZ 10006860 f   dddta.obj
 0001:00005900       ?Blit@CDDDTA@@QAEXPAUIDirectDrawSurface@@@Z 10006900 f   dddta.obj
 0001:00005a50       ?InitDDDTA@CDDDTA@@AAEXXZ  10006a50 f   dddta.obj
 0001:00005df0       ?Message@CDDDTA@@QAE_NPAUHWND__@@IIJ@Z 10006df0 f   dddta.obj
 0001:00005ec0       ?FrameUpdate@CDDDTA@@QAEXXZ 10006ec0 f   dddta.obj
 0001:00006010       ?WriteUnits@CDDDTA@@AAEXXZ 10007010 f   dddta.obj
 0001:00006120       ?WriteProjectiles@CDDDTA@@AAEXXZ 10007120 f   dddta.obj
 0001:00006320       ?WriteExplosion@CDDDTA@@AAEXXZ 10007320 f   dddta.obj
 0001:00006690       ?WriteSmoke@CDDDTA@@AAEXXZ 10007690 f   dddta.obj
 0001:00006930       ?SetActiveUnit@CDDDTA@@AAEXPAUOwnUnitBegin@@PAUUnitStruct@@@Z 10007930 f i dddta.obj
 0001:00006a30       ?WriteSubPart@CDDDTA@@AAEXPAUSubPart@@PAUPrimitiveStruct@@@Z 10007a30 f   dddta.obj
 0001:00006b30       ?CheckMessages@CDDDTA@@AAEXXZ 10007b30 f   dddta.obj
 0001:00006c80       ?CreateSharedTAMem@CDDDTA@@AAEXHHPAD@Z 10007c80 f   dddta.obj
 0001:00006db0       ?RestoreAllSharedTAMem@CDDDTA@@AAEXXZ 10007db0 f   dddta.obj
 0001:00007110       ?SendTextToSpring@CDDDTA@@QAEXPBD@Z 10008110 f   dddta.obj
 0001:000071b0       ?ChatStrnCpy@@YAPADPADPBDI@Z 100081b0 f   dddta.obj
 0001:000071f0       ?DeleteMem@@YAXPAX@Z       100081f0 f   dddta.obj
 0001:00007220       ??1?$deque@UTAShareMemStruct@CDDDTA@@V?$allocator@UTAShareMemStruct@CDDDTA@@@std@@@std@@QAE@XZ 10008220 f i dddta.obj
 0001:000072a0       ?push_front@?$deque@UTAShareMemStruct@CDDDTA@@V?$allocator@UTAShareMemStruct@CDDDTA@@@std@@@std@@QAEXABUTAShareMemStruct@CDDDTA@@@Z 100082a0 f i dddta.obj
 0001:000073c0       ?_Growmap@?$deque@UTAShareMemStruct@CDDDTA@@V?$allocator@UTAShareMemStruct@CDDDTA@@@std@@@std@@IAEXI@Z 100083c0 f i dddta.obj
 0001:00007760       ?_Tidy@?$deque@UTAShareMemStruct@CDDDTA@@V?$allocator@UTAShareMemStruct@CDDDTA@@@std@@@std@@IAEXXZ 10008760 f i dddta.obj
 0001:00007830       ??0?$_Deque_val@UMMHS@AlliesWhiteboard@@V?$allocator@UMMHS@AlliesWhiteboard@@@std@@@std@@QAE@V?$allocator@UMMHS@AlliesWhiteboard@@@1@@Z 10008830 f i whiteboard.obj
 0001:00007830       ??0?$_Deque_val@UTAShareMemStruct@CDDDTA@@V?$allocator@UTAShareMemStruct@CDDDTA@@@std@@@std@@QAE@V?$allocator@UTAShareMemStruct@CDDDTA@@@1@@Z 10008830 f i dddta.obj
 0001:00007830       ??0?$_Deque_val@PAVGraphicElement@@V?$allocator@PAVGraphicElement@@@std@@@std@@QAE@V?$allocator@PAVGraphicElement@@@1@@Z 10008830 f i whiteboard.obj
 0001:000078f0       ??H?$_Deque_iterator@UTAShareMemStruct@CDDDTA@@V?$allocator@UTAShareMemStruct@CDDDTA@@@std@@@std@@QBE?AV01@H@Z 100088f0 f i dddta.obj
 0001:000078f0       ??H?$_Deque_iterator@UMMHS@AlliesWhiteboard@@V?$allocator@UMMHS@AlliesWhiteboard@@@std@@@std@@QBE?AV01@H@Z 100088f0 f i whiteboard.obj
 0001:000079a0       ?pop_back@?$deque@UTAShareMemStruct@CDDDTA@@V?$allocator@UTAShareMemStruct@CDDDTA@@@std@@@std@@QAEXXZ 100089a0 f i dddta.obj
 0001:00007a50       ??D?$_Deque_const_iterator@UTAShareMemStruct@CDDDTA@@V?$allocator@UTAShareMemStruct@CDDDTA@@@std@@@std@@QBEABUTAShareMemStruct@CDDDTA@@XZ 10008a50 f i dddta.obj
 0001:00007ad0       ??$_Cons_val@V?$allocator@UTAShareMemStruct@CDDDTA@@@std@@UTAShareMemStruct@CDDDTA@@ABU34@@std@@YGXAAV?$allocator@UTAShareMemStruct@CDDDTA@@@0@PAUTAShareMemStruct@CDDDTA@@ABU23@@Z 10008ad0 f i dddta.obj
 0001:00007b30       ??$_Dest_val@V?$allocator@PAD@std@@PAD@std@@YGXAAV?$allocator@PAD@0@PAPAD@Z 10008b30 f i UnicodeSupport.obj
 0001:00007b30       ??$_Dest_val@V?$allocator@PAUMMHS@AlliesWhiteboard@@@std@@PAUMMHS@AlliesWhiteboard@@@std@@YGXAAV?$allocator@PAUMMHS@AlliesWhiteboard@@@0@PAPAUMMHS@AlliesWhiteboard@@@Z 10008b30 f i whiteboard.obj
 0001:00007b30       ??$_Dest_val@V?$allocator@PAUTAShareMemStruct@CDDDTA@@@std@@PAUTAShareMemStruct@CDDDTA@@@std@@YGXAAV?$allocator@PAUTAShareMemStruct@CDDDTA@@@0@PAPAUTAShareMemStruct@CDDDTA@@@Z 10008b30 f i dddta.obj
 0001:00007b30       ??$_Dest_val@V?$allocator@U_Node@?$_List_nod@PAVGraphicElement@@V?$allocator@PAVGraphicElement@@@std@@@std@@@std@@U_Node@?$_List_nod@PAVGraphicElement@@V?$allocator@PAVGraphicElement@@@std@@@2@@std@@YGXAAV?$allocator@U_Node@?$_List_nod@PAVGraphicElement@@V?$allocator@PAVGraphicElement@@@std@@@std@@@0@PAU_Node@?$_List_nod@PAVGraphicElement@@V?$allocator@PAVGraphicElement@@@std@@@0@@Z 10008b30 f i ElementHandler.obj
 0001:00007b30       ??$_Dest_val@V?$allocator@PAVGraphicElement@@@std@@PAVGraphicElement@@@std@@YGXAAV?$allocator@PAVGraphicElement@@@0@PAPAVGraphicElement@@@Z 10008b30 f i whiteboard.obj
 0001:00007b30       ??$_Dest_val@V?$allocator@UMMHS@AlliesWhiteboard@@@std@@UMMHS@AlliesWhiteboard@@@std@@YGXAAV?$allocator@UMMHS@AlliesWhiteboard@@@0@PAUMMHS@AlliesWhiteboard@@@Z 10008b30 f i whiteboard.obj
 0001:00007b30       ??$_Dest_val@V?$allocator@U_Container_proxy@std@@@std@@U_Container_proxy@2@@std@@YGXAAV?$allocator@U_Container_proxy@std@@@0@PAU_Container_proxy@0@@Z 10008b30 f i dddta.obj
 0001:00007b30       ??$_Dest_val@V?$allocator@PAPAVGraphicElement@@@std@@PAPAVGraphicElement@@@std@@YGXAAV?$allocator@PAPAVGraphicElement@@@0@PAPAPAVGraphicElement@@@Z 10008b30 f i whiteboard.obj
 0001:00007b30       ??$_Dest_val@V?$allocator@UTAShareMemStruct@CDDDTA@@@std@@UTAShareMemStruct@CDDDTA@@@std@@YGXAAV?$allocator@UTAShareMemStruct@CDDDTA@@@0@PAUTAShareMemStruct@CDDDTA@@@Z 10008b30 f i dddta.obj
 0001:00007b30       ??$_Dest_val@V?$allocator@PAVRegString@@@std@@PAVRegString@@@std@@YGXAAV?$allocator@PAVRegString@@@0@PAPAVRegString@@@Z 10008b30 f i TAConfig.obj
 0001:00007b30       ??$_Dest_val@V?$allocator@PAVRegDword@@@std@@PAVRegDword@@@std@@YGXAAV?$allocator@PAVRegDword@@@0@PAPAVRegDword@@@Z 10008b30 f i TAConfig.obj
 0001:00007b40       ??$_Cons_val@V?$allocator@U_Container_proxy@std@@@std@@U_Container_proxy@2@U32@@std@@YGXAAV?$allocator@U_Container_proxy@std@@@0@PAU_Container_proxy@0@$$QAU20@@Z 10008b40 f i dddta.obj
 0001:00007b80       ??$_Allocate@UTAShareMemStruct@CDDDTA@@@std@@YGPAUTAShareMemStruct@CDDDTA@@IPAU12@@Z 10008b80 f i dddta.obj
 0001:00007bf0       ??1bad_alloc@std@@UAE@XZ   10008bf0 f i dddta.obj
 0001:00007c10       ??_Gbad_alloc@std@@UAEPAXI@Z 10008c10 f i dddta.obj
 0001:00007c10       ??_Ebad_alloc@std@@UAEPAXI@Z 10008c10 f i dddta.obj
 0001:00007c50       ??$_Allocate@U_Container_proxy@std@@@std@@YGPAU_Container_proxy@0@IPAU10@@Z 10008c50 f i dddta.obj
 0001:00007cc0       ??0bad_alloc@std@@QAE@ABV01@@Z 10008cc0 f i dddta.obj
 0001:00007cf0       ??0CChangeQueue@@QAE@XZ    10008cf0 f   changequeue.obj
 0001:00007d30       ??0CIncome@@QAE@XZ         10008d30 f   cinomce.obj
 0001:00007df0       ??1CIncome@@QAE@XZ         10008df0 f   cinomce.obj
 0001:00007e20       ?BlitIncome@CIncome@@QAEXPAUIDirectDrawSurface@@@Z 10008e20 f   cinomce.obj
 0001:00008110       ?ShowAllIncome@CIncome@@AAEHXZ 10009110 f   cinomce.obj
 0001:00008200       ?ShowAllyIncome@CIncome@@AAEHXZ 10009200 f   cinomce.obj
 0001:000082d0       ?ShowMyViewIncome@CIncome@@AAEXHH@Z 100092d0 f   cinomce.obj
 0001:000083a0       ?ShowPlayerIncome@CIncome@@AAEXHHH@Z 100093a0 f   cinomce.obj
 0001:000086a0       ?DrawStorageText@CIncome@@AAEHMHH@Z 100096a0 f   cinomce.obj
 0001:000087b0       ?DrawTextA@CIncome@@AAEXPADHHD@Z 100097b0 f   cinomce.obj
 0001:00008910       ?PaintStoragebar@CIncome@@AAEXHHHH@Z 10009910 f   cinomce.obj
 0001:00008ae0       ?FillRect@CIncome@@AAEXD@Z 10009ae0 f   cinomce.obj
 0001:00008b50       ?Set@CIncome@@QAEXH@Z      10009b50 f   cinomce.obj
 0001:00008b70       ?ReadPos@CIncome@@AAEXXZ   10009b70 f   cinomce.obj
 0001:00008c20       ?WritePos@CIncome@@AAEXXZ  10009c20 f   cinomce.obj
 0001:00008ca0       ?Message@CIncome@@QAE_NPAUHWND__@@IIJ@Z 10009ca0 f   cinomce.obj
 0001:000091c0       ?CorrectPos@CIncome@@AAEXXZ 1000a1c0 f   cinomce.obj
 0001:00009250       ?GetPlayerColor@CIncome@@AAEEH@Z 1000a250 f   cinomce.obj
 0001:000092e0       ?DrawPlayerRect@CIncome@@AAEXHHD@Z 1000a2e0 f   cinomce.obj
 0001:00009340       ??$sprintf_s@$0GE@@@YAHAAY0GE@DPBDZZ 1000a340 f i cinomce.obj
 0001:00009370       ??0CWarp@@QAE@XZ           1000a370 f   commanderwarp.obj
 0001:00009400       ??1CWarp@@QAE@XZ           1000a400 f   commanderwarp.obj
 0001:00009430       ?SetPos@CWarp@@AAEXHH@Z    1000a430 f   commanderwarp.obj
 0001:00009490       ?Message@CWarp@@QAE_NPAUHWND__@@IIJ@Z 1000a490 f   commanderwarp.obj
 0001:000096f0       ?Blit@CWarp@@QAEXPAUIDirectDrawSurface@@@Z 1000a6f0 f   commanderwarp.obj
 0001:00009820       ?WithinButton@CWarp@@AAE_NHH@Z 1000a820 f   commanderwarp.obj
 0001:00009870       ?BlitBtn@CWarp@@AAEXPAUIDirectDrawSurface@@@Z 1000a870 f   commanderwarp.obj
 0001:00009980       ??0Dialog@@QAE@XZ          1000a980 f   dialog.obj
 0001:00009d00       ??1Dialog@@QAE@XZ          1000ad00 f   dialog.obj
 0001:00009f20       ?ShowDialog@Dialog@@QAEXXZ 1000af20 f   dialog.obj
 0001:00009f80       ?HideDialog@Dialog@@QAEXXZ 1000af80 f   dialog.obj
 0001:00009fb0       ?BlitDialog@Dialog@@QAEXPAUIDirectDrawSurface@@@Z 1000afb0 f   dialog.obj
 0001:0000a0c0       ?RestoreCursor@Dialog@@AAEXXZ 1000b0c0 f   dialog.obj
 0001:0000a160       ?RestoreAll@Dialog@@AAEXXZ 1000b160 f   dialog.obj
 0001:0000a2f0       ?Message@Dialog@@QAE_NPAUHWND__@@IIJ@Z 1000b2f0 f   dialog.obj
 0001:0000b160       ?RenderDialog@Dialog@@AAEXXZ 1000c160 f   dialog.obj
 0001:0000b2b0       ?Inside@Dialog@@AAE_NHHH@Z 1000c2b0 f   dialog.obj
 0001:0000b4f0       ?DrawTextA@Dialog@@QAEXPAUIDirectDrawSurface@@HHPAD@Z 1000c4f0 f   dialog.obj
 0001:0000b7b0       ?DrawSmallText@Dialog@@QAEXPAUIDirectDrawSurface@@HHPAD@Z 1000c7b0 f   dialog.obj
 0001:0000ba70       ?SetAll@Dialog@@AAEXXZ     1000ca70 f   dialog.obj
 0001:0000bb30       ?ReadPos@Dialog@@AAEXXZ    1000cb30 f   dialog.obj
 0001:0000bbc0       ?WriteSettings@Dialog@@AAEXXZ 1000cbc0 f   dialog.obj
 0001:0000bd10       ?ReadSettings@Dialog@@AAEXXZ 1000cd10 f   dialog.obj
 0001:0000bf30       ?WritePos@Dialog@@AAEXXZ   1000cf30 f   dialog.obj
 0001:0000bfb0       ?CorrectPos@Dialog@@AAEXXZ 1000cfb0 f   dialog.obj
 0001:0000c040       ?DrawTinyText@Dialog@@AAEXPADHHD@Z 1000d040 f   dialog.obj
 0001:0000c130       ?FillRect@Dialog@@AAEXHHHHD@Z 1000d130 f   dialog.obj
 0001:0000c1a0       ?DrawBackgroundButton@Dialog@@AAEXXZ 1000d1a0 f   dialog.obj
 0001:0000c330       ?DrawKeyCode@Dialog@@AAEXXZ 1000d330 f   dialog.obj
 0001:0000c480       ?DrawShareBox@Dialog@@AAEXXZ 1000d480 f   dialog.obj
 0001:0000c7a0       ?DrawOptimizeDT@Dialog@@AAEXXZ 1000d7a0 f   dialog.obj
 0001:0000c880       ?DrawVSync@Dialog@@AAEXXZ  1000d880 f   dialog.obj
 0001:0000ca00       ?DrawFullRings@Dialog@@AAEXXZ 1000da00 f   dialog.obj
 0001:0000cae0       ?DrawWhiteboardKey@Dialog@@AAEXXZ 1000dae0 f   dialog.obj
 0001:0000cc30       ?BlitCursor@Dialog@@QAEXPAUIDirectDrawSurface@@HH@Z 1000dc30 f   dialog.obj
 0001:0000cdb0       ?EnterOption@@YGHPAUtagInlineX86StackBuffer@@@Z 1000ddb0 f   dialog.obj
 0001:0000cdd0       ?PressInOption@@YGHPAUtagInlineX86StackBuffer@@@Z 1000ddd0 f   dialog.obj
 0001:0000cdf0       ??0CIdleUnits@@QAE@XZ      1000ddf0 f   idlevillager.obj
 0001:0000ce20       ??1CIdleUnits@@QAE@XZ      1000de20 f   idlevillager.obj
 0001:0000ce40       ?FindIdleConst@CIdleUnits@@AAEXXZ 1000de40 f   idlevillager.obj
 0001:0000d090       ?ScrollToCenter@CIdleUnits@@AAEXHH@Z 1000e090 f   idlevillager.obj
 0001:0000d140       ?Message@CIdleUnits@@QAE_NPAUHWND__@@IIJ@Z 1000e140 f   idlevillager.obj
 0001:0000d220       ??0CMapRect@@QAE@XZ        1000e220 f   maprect.obj
 0001:0000d670       ??1CMapRect@@QAE@XZ        1000e670 f   maprect.obj
 0001:0000d6a0       ?LockBlit@CMapRect@@QAEXPADH@Z 1000e6a0 f   maprect.obj
 0001:0000da20       ?GetMapMaxX@CMapRect@@AAEHXZ 1000ea20 f   maprect.obj
 0001:0000da40       ?GetMapMaxY@CMapRect@@AAEHXZ 1000ea40 f   maprect.obj
 0001:0000da60       ?PaintRect@CMapRect@@AAEXXZ 1000ea60 f   maprect.obj
 0001:0000dc60       ?WorldToMiniX@CMapRect@@QAEHH@Z 1000ec60 f   maprect.obj
 0001:0000dc90       ?WorldToMiniY@CMapRect@@QAEHH@Z 1000ec90 f   maprect.obj
 0001:0000dcc0       ??0CMinimapHandler@@QAE@XZ 1000ecc0 f   MinimapHandler.obj
 0001:0000dd00       ??_GCMinimapHandler@@UAEPAXI@Z 1000ed00 f i MinimapHandler.obj
 0001:0000dd00       ??_ECMinimapHandler@@UAEPAXI@Z 1000ed00 f i MinimapHandler.obj
 0001:0000dd30       ??1CMinimapHandler@@UAE@XZ 1000ed30 f   MinimapHandler.obj
 0001:0000dd50       ??0TADRConfig@@QAE@XZ      1000ed50 f   TAConfig.obj
 0001:0000e0c0       ??1TADRConfig@@QAE@XZ      1000f0c0 f   TAConfig.obj
 0001:0000e290       ?GetIniBool@TADRConfig@@QAEHPBDH@Z 1000f290 f   TAConfig.obj
 0001:0000e340       ?GetIniInt@TADRConfig@@QAEHPBDH@Z 1000f340 f   TAConfig.obj
 0001:0000e370       ?GetIniStr@TADRConfig@@QAEHPBDPADK1@Z 1000f370 f   TAConfig.obj
 0001:0000e3a0       ?TARegPath_HKEY@TADRConfig@@AAEPAUHKEY__@@XZ 1000f3a0 f   TAConfig.obj
 0001:0000e400       ?WriteTAReg_Dword@TADRConfig@@QAEJPADK@Z 1000f400 f   TAConfig.obj
 0001:0000e440       ?WriteTAReg_Str@TADRConfig@@QAEJPADPBDK@Z 1000f440 f   TAConfig.obj
 0001:0000e490       ?ReadTAReg_Dword@TADRConfig@@QAEJPADPAK@Z 1000f490 f   TAConfig.obj
 0001:0000e4d0       ?LoadIniRegSetting@TADRConfig@@AAEXPAE@Z 1000f4d0 f   TAConfig.obj
 0001:0000ea80       ?strlwr_s@Checked@ATL@@YAXPADI@Z 1000fa80 f i TAConfig.obj
 0001:0000eb50       ?AtlThrowImpl@ATL@@YGXJ@Z  1000fb50 f i TAConfig.obj
 0001:0000eb80       ?strupr_s@Checked@ATL@@YAXPADI@Z 1000fb80 f i TAConfig.obj
 0001:0000ec50       ?EnumIniRegInfo_Begin@TADRConfig@@QAEHPAPAU_EnumRegInfo@@PAPBDPAPBX@Z 1000fc50 f   TAConfig.obj
 0001:0000ed20       ?EnumIniRegInfo_Next@TADRConfig@@QAEHPAPAU_EnumRegInfo@@PAPBDPAPBX@Z 1000fd20 f   TAConfig.obj
 0001:0000ee80       ?EnumIniRegInfo_End@TADRConfig@@QAEHPAPAU_EnumRegInfo@@@Z 1000fe80 f   TAConfig.obj
 0001:0000eef0       ?FindRegDword@TADRConfig@@QAEKPADK@Z 1000fef0 f   TAConfig.obj
 0001:0000ef80       ?GetIniCrc@TADRConfig@@QAEIXZ 1000ff80 f   TAConfig.obj
 0001:0000f060       ??0RegDword@@QAE@PADHK@Z   10010060 f   TAConfig.obj
 0001:0000f0d0       ??1RegDword@@QAE@XZ        100100d0 f   TAConfig.obj
 0001:0000f100       ?Name@RegDword@@QAEPBDXZ   10010100 f   TAConfig.obj
 0001:0000f100       ?Name@RegString@@QAEPBDXZ  10010100 f   TAConfig.obj
 0001:0000f110       ??0RegString@@QAE@PADH0H@Z 10010110 f   TAConfig.obj
 0001:0000f1b0       ??1RegString@@QAE@XZ       100101b0 f   TAConfig.obj
 0001:0000f200       ??1?$vector@PAVRegDword@@V?$allocator@PAVRegDword@@@std@@@std@@QAE@XZ 10010200 f i TAConfig.obj
 0001:0000f200       ??1?$vector@PAVRegString@@V?$allocator@PAVRegString@@@std@@@std@@QAE@XZ 10010200 f i TAConfig.obj
 0001:0000f200       ??1?$vector@PADV?$allocator@PAD@std@@@std@@QAE@XZ 10010200 f i UnicodeSupport.obj
 0001:0000f200       ??1?$vector@PAVGraphicElement@@V?$allocator@PAVGraphicElement@@@std@@@std@@QAE@XZ 10010200 f i whiteboard.obj
 0001:0000f250       ?back@?$vector@PAVRegString@@V?$allocator@PAVRegString@@@std@@@std@@QAEAAPAVRegString@@XZ 10010250 f i TAConfig.obj
 0001:0000f290       ?_Reserve@?$vector@PADV?$allocator@PAD@std@@@std@@IAEXI@Z 10010290 f i UnicodeSupport.obj
 0001:0000f290       ?_Reserve@?$vector@PAVRegString@@V?$allocator@PAVRegString@@@std@@@std@@IAEXI@Z 10010290 f i TAConfig.obj
 0001:0000f290       ?_Reserve@?$vector@PAVRegDword@@V?$allocator@PAVRegDword@@@std@@@std@@IAEXI@Z 10010290 f i TAConfig.obj
 0001:0000f290       ?_Reserve@?$vector@PAVGraphicElement@@V?$allocator@PAVGraphicElement@@@std@@@std@@IAEXI@Z 10010290 f i whiteboard.obj
 0001:0000f320       ?reserve@?$vector@PAVRegString@@V?$allocator@PAVRegString@@@std@@@std@@QAEXI@Z 10010320 f i TAConfig.obj
 0001:0000f320       ?reserve@?$vector@PADV?$allocator@PAD@std@@@std@@QAEXI@Z 10010320 f i UnicodeSupport.obj
 0001:0000f320       ?reserve@?$vector@PAVGraphicElement@@V?$allocator@PAVGraphicElement@@@std@@@std@@QAEXI@Z 10010320 f i whiteboard.obj
 0001:0000f320       ?reserve@?$vector@PAVRegDword@@V?$allocator@PAVRegDword@@@std@@@std@@QAEXI@Z 10010320 f i TAConfig.obj
 0001:0000f4a0       ?_Grow_to@?$vector@PAVRegDword@@V?$allocator@PAVRegDword@@@std@@@std@@IBEII@Z 100104a0 f i TAConfig.obj
 0001:0000f4a0       ?_Grow_to@?$vector@PADV?$allocator@PAD@std@@@std@@IBEII@Z 100104a0 f i UnicodeSupport.obj
 0001:0000f4a0       ?_Grow_to@?$vector@PAVRegString@@V?$allocator@PAVRegString@@@std@@@std@@IBEII@Z 100104a0 f i TAConfig.obj
 0001:0000f4a0       ?_Grow_to@?$vector@PAVGraphicElement@@V?$allocator@PAVGraphicElement@@@std@@@std@@IBEII@Z 100104a0 f i whiteboard.obj
 0001:0000f520       ??$_Cons_val@V?$allocator@PAVGraphicElement@@@std@@PAVGraphicElement@@ABQAV3@@std@@YGXAAV?$allocator@PAVGraphicElement@@@0@PAPAVGraphicElement@@ABQAV2@@Z 10010520 f i ElementHandler.obj
 0001:0000f520       ??$_Cons_val@V?$allocator@PAVRegString@@@std@@PAVRegString@@ABQAV3@@std@@YGXAAV?$allocator@PAVRegString@@@0@PAPAVRegString@@ABQAV2@@Z 10010520 f i TAConfig.obj
 0001:0000f520       ??$_Cons_val@V?$allocator@PAVRegDword@@@std@@PAVRegDword@@ABQAV3@@std@@YGXAAV?$allocator@PAVRegDword@@@0@PAPAVRegDword@@ABQAV2@@Z 10010520 f i TAConfig.obj
 0001:0000f560       ??$_Cons_val@V?$allocator@PAVRegDword@@@std@@PAVRegDword@@AAPAV3@@std@@YGXAAV?$allocator@PAVRegDword@@@0@PAPAVRegDword@@AAPAV2@@Z 10010560 f i TAConfig.obj
 0001:0000f560       ??$_Cons_val@V?$allocator@PAVGraphicElement@@@std@@PAVGraphicElement@@PAV3@@std@@YGXAAV?$allocator@PAVGraphicElement@@@0@PAPAVGraphicElement@@$$QAPAV2@@Z 10010560 f i whiteboard.obj
 0001:0000f560       ??$_Cons_val@V?$allocator@PAVRegString@@@std@@PAVRegString@@AAPAV3@@std@@YGXAAV?$allocator@PAVRegString@@@0@PAPAVRegString@@AAPAV2@@Z 10010560 f i TAConfig.obj
 0001:0000f560       ??$_Cons_val@V?$allocator@PAD@std@@PADPAD@std@@YGXAAV?$allocator@PAD@0@PAPAD$$QAPAD@Z 10010560 f i UnicodeSupport.obj
 0001:0000f560       ??$_Cons_val@V?$allocator@PAVGraphicElement@@@std@@PAVGraphicElement@@AAPAV3@@std@@YGXAAV?$allocator@PAVGraphicElement@@@0@PAPAVGraphicElement@@AAPAV2@@Z 10010560 f i ElementHandler.obj
 0001:0000f5a0       ??0CTAHook@@QAE@XZ         100105a0 f   tahook.obj
 0001:0000f860       ??1CTAHook@@QAE@XZ         10010860 f   tahook.obj
 0001:0000f8f0       ?Message@CTAHook@@QAE_NPAUHWND__@@IIJ@Z 100108f0 f   tahook.obj
 0001:00010250       ?Set@CTAHook@@QAEXHPAD_N1H@Z 10011250 f   tahook.obj
 0001:000102a0       ?WriteShareMacro@CTAHook@@QAEXXZ 100112a0 f   tahook.obj
 0001:000103f0       ?Blit@CTAHook@@QAEXPAUIDirectDrawSurface@@@Z 100113f0 f   tahook.obj
 0001:00010400       ?TABlit@CTAHook@@QAEXXZ    10011400 f   tahook.obj
 0001:00010450       ?WriteDTLine@CTAHook@@AAEXXZ 10011450 f   tahook.obj
 0001:000104f0       ?CalculateLine@CTAHook@@AAEXXZ 100114f0 f   tahook.obj
 0001:000107a0       ?UpdateSpacing@CTAHook@@AAEXXZ 100117a0 f   tahook.obj
 0001:000107e0       ?OptimizeDTRows@CTAHook@@AAEXXZ 100117e0 f   tahook.obj
 0001:00010b50       ?VisualizeRow@CTAHook@@AAEXXZ 10011b50 f   tahook.obj
 0001:00010c80       ?GetMaxScrollX@CTAHook@@SGHXZ 10011c80 f   tahook.obj
 0001:00010cc0       ?GetMaxScrollY@CTAHook@@SGHXZ 10011cc0 f   tahook.obj
 0001:00010d00       ?CalculateRing@CTAHook@@AAEXXZ 10011d00 f   tahook.obj
 0001:00010e00       ?CalculateRing@CTAHook@@AAEXHHHH@Z 10011e00 f   tahook.obj
 0001:00011190       ?ClickBuilding@CTAHook@@AAEXHH@Z 10012190 f   tahook.obj
 0001:00011200       ?GetFootX@CTAHook@@AAEFXZ  10012200 f   tahook.obj
 0001:00011230       ?GetFootY@CTAHook@@AAEFXZ  10012230 f   tahook.obj
 0001:00011260       ?DrawBuildRect@CTAHook@@AAEXHHHHH@Z 10012260 f   tahook.obj
 0001:00011450       ?EnableTABuildRect@CTAHook@@AAEXXZ 10012450 f   tahook.obj
 0001:00011480       ?DisableTABuildRect@CTAHook@@AAEXXZ 10012480 f   tahook.obj
 0001:000114b0       ?PaintMinimapRect@CTAHook@@AAEXXZ 100124b0 f   tahook.obj
 0001:000114e0       ??0UnicodeSupport@@QAE@PBDKK@Z 100124e0 f   UnicodeSupport.obj
 0001:00011b20       ?CreateSurfaceFromContextScreen@UnicodeSupport@@QAEPAUIDirectDrawSurface@@PAU_OFFSCREEN@@PAUIDirectDraw@@PAPAU2@@Z 10012b20 f   UnicodeSupport.obj
 0001:00011bd0       ?NewSpecScreenSurface@UnicodeSupport@@AAEPAUtagSpecScreenSurface@@PAU_OFFSCREEN@@@Z 10012bd0 f   UnicodeSupport.obj
 0001:00011cc0       ?FreeSpecScreenSurface@UnicodeSupport@@AAEXPAUtagSpecScreenSurface@@@Z 10012cc0 f   UnicodeSupport.obj
 0001:00011da0       ?GetSpecScreenSurface@UnicodeSupport@@AAEPAUtagSpecScreenSurface@@PAU_OFFSCREEN@@@Z 10012da0 f   UnicodeSupport.obj
 0001:00011e70       ?UnicodeDrawTextA@UnicodeSupport@@QAEHPAU_OFFSCREEN@@PADPAUIDirectDraw@@HH@Z 10012e70 f   UnicodeSupport.obj
 0001:00012150       ?IsIDDrawLost@UnicodeSupport@@AAEHXZ 10013150 f   UnicodeSupport.obj
 0001:00012180       ?RestoreLocalSurf@UnicodeSupport@@AAEXXZ 10013180 f   UnicodeSupport.obj
 0001:00012280       ?Blt@UnicodeSupport@@QAE_NPAUIDirectDrawSurface@@@Z 10013280 f   UnicodeSupport.obj
 0001:00012520       ?ReleaseCandidateList@UnicodeSupport@@AAEXXZ 10013520 f   UnicodeSupport.obj
 0001:00012610       ?DrawSeparator@UnicodeSupport@@AAEHPAUHDC__@@HPAH1PAUHBRUSH__@@@Z 10013610 f   UnicodeSupport.obj
 0001:00012680       ?DrawALine_Ime@UnicodeSupport@@AAEXPAUHDC__@@PADPAH2@Z 10013680 f   UnicodeSupport.obj
 0001:00012720       ?UpdateImeInput@UnicodeSupport@@AAE_NXZ 10013720 f   UnicodeSupport.obj
 0001:00012940       ?UpdateImeFrame@UnicodeSupport@@AAE_NXZ 10013940 f   UnicodeSupport.obj
 0001:00012d40       ?SetHDCFont@UnicodeSupport@@AAEXPAUHDC__@@PAUHFONT__@@@Z 10013d40 f   UnicodeSupport.obj
 0001:00012d80       ?SendStr@UnicodeSupport@@AAEXPAD@Z 10013d80 f   UnicodeSupport.obj
 0001:00012dd0       ?Message@UnicodeSupport@@QAE_NPAUHWND__@@IIJ@Z 10013dd0 f   UnicodeSupport.obj
 0001:00013330       ?CopyToContextScreenMem@@YGXPAU_OFFSCREEN@@PAUtagSpecScreenSurface@@@Z 10014330 f   UnicodeSupport.obj
 0001:000133b0       ?CopyToSpecSurfaceMem@@YGXPAUtagSpecScreenSurface@@PAU_OFFSCREEN@@@Z 100143b0 f   UnicodeSupport.obj
 0001:00013430       ?USDrawTextInScreen_HookRouter@@YGHPAUtagInlineX86StackBuffer@@@Z 10014430 f   UnicodeSupport.obj
 0001:00013560       ?myValidChar@@YGHPAUtagInlineX86StackBuffer@@@Z 10014560 f   UnicodeSupport.obj
 0001:000136c0       ?myDeleteChar@@YGHPAUtagInlineX86StackBuffer@@@Z 100146c0 f   UnicodeSupport.obj
 0001:000137a0       ?Blt_BottomState0_Text@@YGHPAUtagInlineX86StackBuffer@@@Z 100147a0 f   UnicodeSupport.obj
 0001:000138d0       ?Blt_BottomState1_Text@@YGHPAUtagInlineX86StackBuffer@@@Z 100148d0 f   UnicodeSupport.obj
 0001:00013a00       ?PopadState@@YGHPAUtagInlineX86StackBuffer@@@Z 10014a00 f   UnicodeSupport.obj
 0001:00013ab0       ?GetStrExtent@@YGHPAUtagInlineX86StackBuffer@@@Z 10014ab0 f   UnicodeSupport.obj
 0001:00013b10       ?GetTextExtent_AssignCharLen@@YGHPAUtagInlineX86StackBuffer@@@Z 10014b10 f   UnicodeSupport.obj
 0001:00013b70       ?pop_back@?$vector@PADV?$allocator@PAD@std@@@std@@QAEXXZ 10014b70 f i UnicodeSupport.obj
 0001:00013b70       ?pop_back@?$vector@PAVRegDword@@V?$allocator@PAVRegDword@@@std@@@std@@QAEXXZ 10014b70 f i TAConfig.obj
 0001:00013b70       ?pop_back@?$vector@PAVRegString@@V?$allocator@PAVRegString@@@std@@@std@@QAEXXZ 10014b70 f i TAConfig.obj
 0001:00013b70       ?pop_back@?$vector@PAVGraphicElement@@V?$allocator@PAVGraphicElement@@@std@@@std@@QAEXXZ 10014b70 f i ElementHandler.obj
 0001:00013bc0       ?_Tidy@?$vector@PAVGraphicElement@@V?$allocator@PAVGraphicElement@@@std@@@std@@IAEXXZ 10014bc0 f i whiteboard.obj
 0001:00013bc0       ?_Tidy@?$vector@PADV?$allocator@PAD@std@@@std@@IAEXXZ 10014bc0 f i UnicodeSupport.obj
 0001:00013bc0       ?_Tidy@?$vector@PAVRegDword@@V?$allocator@PAVRegDword@@@std@@@std@@IAEXXZ 10014bc0 f i TAConfig.obj
 0001:00013bc0       ?_Tidy@?$vector@PAVRegString@@V?$allocator@PAVRegString@@@std@@@std@@IAEXXZ 10014bc0 f i TAConfig.obj
 0001:00013c20       ??0LimitCrack@@QAE@XZ      10014c20 f   LimitCrack.obj
 0001:000142e0       ??1LimitCrack@@QAE@XZ      100152e0 f   LimitCrack.obj
 0001:00014540       ??0IncreaseAISearchMapEntriesLimit@@QAE@K@Z 10015540 f   LimitCrack.obj
 0001:000145e0       ??1IncreaseAISearchMapEntriesLimit@@QAE@XZ 100155e0 f   LimitCrack.obj
 0001:00014630       ??0IncreaseWeaponTypeLimit@@QAE@K@Z 10015630 f   LimitCrack.obj
 0001:00014660       ?NewLimit@IncreaseWeaponTypeLimit@@AAEXK@Z 10015660 f   LimitCrack.obj
 0001:000147a0       ??1IncreaseWeaponTypeLimit@@QAE@XZ 100157a0 f   LimitCrack.obj
 0001:000149c0       ?WriteWeaponAryPtr@IncreaseWeaponTypeLimit@@AAEPAXPAPAX@Z 100159c0 f   LimitCrack.obj
 0001:00014b30       ?WriteWeaponAryLen@IncreaseWeaponTypeLimit@@AAEKK@Z 10015b30 f   LimitCrack.obj
 0001:00014c00       ?WeaponType_IdLimit@IncreaseWeaponTypeLimit@@AAEXXZ 10015c00 f   LimitCrack.obj
 0001:00014d60       ??0IncreaseUnitTypeLimit@@QAE@H@Z 10015d60 f   LimitCrack.obj
 0001:00014d80       ??1IncreaseUnitTypeLimit@@QAE@XZ 10015d80 f   LimitCrack.obj
 0001:000150e0       ?WriteNewLimit@IncreaseUnitTypeLimit@@AAEXK@Z 100160e0 f   LimitCrack.obj
 0001:00015850       ??0IncreaseCompositeBuf@@QAE@KK@Z 10016850 f   LimitCrack.obj
 0001:00015870       ??1IncreaseCompositeBuf@@QAE@XZ 10016870 f   LimitCrack.obj
 0001:000158d0       ?WriteNewLimit@IncreaseCompositeBuf@@AAEXKK@Z 100168d0 f   LimitCrack.obj
 0001:000159c0       ?Sfx_mallocBufSizeRouter@@YGHPAUtagInlineX86StackBuffer@@@Z 100169c0 f   LimitCrack.obj
 0001:000159e0       ??0IncreaseSfxLimit@@QAE@K@Z 100169e0 f   LimitCrack.obj
 0001:00015a10       ??1IncreaseSfxLimit@@QAE@XZ 10016a10 f   LimitCrack.obj
 0001:00015ae0       ?SetNewLimit@IncreaseSfxLimit@@AAEXKK@Z 10016ae0 f   LimitCrack.obj
 0001:00015c40       ??0UnitLimit@@QAE@K@Z      10016c40 f   LimitCrack.obj
 0001:00015c90       ?NewUnitLimit@UnitLimit@@AAEXK@Z 10016c90 f   LimitCrack.obj
 0001:00015e20       ??0AlliesWhiteboard@@QAE@XZ 10016e20 f   whiteboard.obj
 0001:00016030       ??1AlliesWhiteboard@@QAE@XZ 10017030 f   whiteboard.obj
 0001:00016100       ?Blit@AlliesWhiteboard@@QAEXPAUIDirectDrawSurface@@@Z 10017100 f   whiteboard.obj
 0001:00016170       ?LockBlit@AlliesWhiteboard@@QAEXPADH@Z 10017170 f   whiteboard.obj
 0001:000163a0       ?Message@AlliesWhiteboard@@QAE_NPAUHWND__@@IIJ@Z 100173a0 f   whiteboard.obj
 0001:00016e20       ??0GraphicText@@QAE@HHPADD@Z 10017e20 f i whiteboard.obj
 0001:00016ef0       ??1GraphicElement@@UAE@XZ  10017ef0 f i whiteboard.obj
 0001:00016f10       ??_EGraphicText@@UAEPAXI@Z 10017f10 f i whiteboard.obj
 0001:00016f10       ??_GGraphicText@@UAEPAXI@Z 10017f10 f i whiteboard.obj
 0001:00016f60       ?Set@AlliesWhiteboard@@QAEXH@Z 10017f60 f   whiteboard.obj
 0001:00016f80       ?DrawTextInput@AlliesWhiteboard@@AAEXPAUIDirectDrawSurface@@@Z 10017f80 f   whiteboard.obj
 0001:000171a0       ?TextInputKeyDown@AlliesWhiteboard@@AAEXH@Z 100181a0 f   whiteboard.obj
 0001:00017360       ??0GraphicTextEdited@@QAE@HHPADD@Z 10018360 f i whiteboard.obj
 0001:00017430       ??_EGraphicTextEdited@@UAEPAXI@Z 10018430 f i whiteboard.obj
 0001:00017430       ??_GGraphicTextEdited@@UAEPAXI@Z 10018430 f i whiteboard.obj
 0001:00017480       ?TextInputChar@AlliesWhiteboard@@AAEXD@Z 10018480 f   whiteboard.obj
 0001:00017500       ?AddTextMarker@AlliesWhiteboard@@AAEXXZ 10018500 f   whiteboard.obj
 0001:00017650       ?RestoreAll@AlliesWhiteboard@@AAEXXZ 10018650 f   whiteboard.obj
 0001:000176c0       ?DrawMarkers@AlliesWhiteboard@@AAEXPAUIDirectDrawSurface@@@Z 100186c0 f   whiteboard.obj
 0001:00017840       ?DrawMinimapMarkers@AlliesWhiteboard@@QAEXPADH_N@Z 10018840 f   whiteboard.obj
 0001:00018010       ?GetMarkers@AlliesWhiteboard@@QAEXPAUMarkerArray@@@Z 10019010 f   whiteboard.obj
 0001:000181f0       ?DrawTextMarker@AlliesWhiteboard@@AAEXPAUIDirectDrawSurface@@HHPADD@Z 100191f0 f   whiteboard.obj
 0001:00018360       ?DeleteMarker@AlliesWhiteboard@@AAEXHH@Z 10019360 f   whiteboard.obj
 0001:00018400       ?EreaseArea@AlliesWhiteboard@@AAEXHH@Z 10019400 f   whiteboard.obj
 0001:000184d0       ?MouseMove@AlliesWhiteboard@@AAEXHHHH@Z 100194d0 f   whiteboard.obj
 0001:00018690       ??_GDeleteGraphic@@UAEPAXI@Z 10019690 f i whiteboard.obj
 0001:00018690       ??_GGraphicElement@@UAEPAXI@Z 10019690 f i whiteboard.obj
 0001:00018690       ??_EGraphicMoveText@@UAEPAXI@Z 10019690 f i whiteboard.obj
 0001:00018690       ??_EDeleteGraphic@@UAEPAXI@Z 10019690 f i whiteboard.obj
 0001:00018690       ??_EGraphicLine@@UAEPAXI@Z 10019690 f i whiteboard.obj
 0001:00018690       ??_GGraphicLine@@UAEPAXI@Z 10019690 f i whiteboard.obj
 0001:00018690       ??_GGraphicMoveText@@UAEPAXI@Z 10019690 f i whiteboard.obj
 0001:00018690       ??_EGraphicElement@@UAEPAXI@Z 10019690 f i whiteboard.obj
 0001:000186c0       ?ReceiveMarkers@AlliesWhiteboard@@AAEXXZ 100196c0 f   whiteboard.obj
 0001:00018b50       ?SendMarkers@AlliesWhiteboard@@AAEXXZ 10019b50 f   whiteboard.obj
 0001:00019440       ?DrawLine@AlliesWhiteboard@@QAEXHHHHDPADH@Z 1001a440 f   whiteboard.obj
 0001:00019550       ?DrawFreeLine@AlliesWhiteboard@@QAEXHHHHDPADH@Z 1001a550 f   whiteboard.obj
 0001:000195a0       ?EchoMarker@AlliesWhiteboard@@AAEXPAD@Z 1001a5a0 f   whiteboard.obj
 0001:00019600       ?GetTextElementAt@AlliesWhiteboard@@AAEPAVGraphicElement@@HHH@Z 1001a600 f   whiteboard.obj
 0001:00019720       ?ScrollToCenter@AlliesWhiteboard@@QAEXHH@Z 1001a720 f   whiteboard.obj
 0001:000197e0       ?DrawRotateRect@AlliesWhiteboard@@AAEXHHHPADH@Z 1001a7e0 f   whiteboard.obj
 0001:00019a50       ?Clip_Line@AlliesWhiteboard@@QAEHAAH000@Z 1001aa50 f   whiteboard.obj
 0001:0001a520       ?Draw_Line@AlliesWhiteboard@@QAEHHHHHEPAEH@Z 1001b520 f   whiteboard.obj
 0001:0001a660       ?GenerateLookupTables@AlliesWhiteboard@@AAEXXZ 1001b660 f   whiteboard.obj
 0001:0001a6f0       ?push_back@?$deque@PAVGraphicElement@@V?$allocator@PAVGraphicElement@@@std@@@std@@QAEX$$QAPAVGraphicElement@@@Z 1001b6f0 f i whiteboard.obj
 0001:0001a7d0       ??1?$deque@PAVGraphicElement@@V?$allocator@PAVGraphicElement@@@std@@@std@@QAE@XZ 1001b7d0 f i whiteboard.obj
 0001:0001a850       ?pop_front@?$deque@PAVGraphicElement@@V?$allocator@PAVGraphicElement@@@std@@@std@@QAEXXZ 1001b850 f i whiteboard.obj
 0001:0001a910       ??1?$deque@UMMHS@AlliesWhiteboard@@V?$allocator@UMMHS@AlliesWhiteboard@@@std@@@std@@QAE@XZ 1001b910 f i whiteboard.obj
 0001:0001a990       ?back@?$deque@UMMHS@AlliesWhiteboard@@V?$allocator@UMMHS@AlliesWhiteboard@@@std@@@std@@QAEAAUMMHS@AlliesWhiteboard@@XZ 1001b990 f i whiteboard.obj
 0001:0001aa20       ?push_front@?$deque@UMMHS@AlliesWhiteboard@@V?$allocator@UMMHS@AlliesWhiteboard@@@std@@@std@@QAEXABUMMHS@AlliesWhiteboard@@@Z 1001ba20 f i whiteboard.obj
 0001:0001ab40       ?pop_back@?$deque@UMMHS@AlliesWhiteboard@@V?$allocator@UMMHS@AlliesWhiteboard@@@std@@@std@@QAEXXZ 1001bb40 f i whiteboard.obj
 0001:0001abf0       ?begin@?$deque@UTAShareMemStruct@CDDDTA@@V?$allocator@UTAShareMemStruct@CDDDTA@@@std@@@std@@QAE?AV?$_Deque_iterator@UTAShareMemStruct@CDDDTA@@V?$allocator@UTAShareMemStruct@CDDDTA@@@std@@@2@XZ 1001bbf0 f i dddta.obj
 0001:0001abf0       ?begin@?$deque@UMMHS@AlliesWhiteboard@@V?$allocator@UMMHS@AlliesWhiteboard@@@std@@@std@@QAE?AV?$_Deque_iterator@UMMHS@AlliesWhiteboard@@V?$allocator@UMMHS@AlliesWhiteboard@@@std@@@2@XZ 1001bbf0 f i whiteboard.obj
 0001:0001abf0       ?begin@?$deque@PAVGraphicElement@@V?$allocator@PAVGraphicElement@@@std@@@std@@QAE?AV?$_Deque_iterator@PAVGraphicElement@@V?$allocator@PAVGraphicElement@@@std@@@2@XZ 1001bbf0 f i whiteboard.obj
 0001:0001ac50       ?_Growmap@?$deque@PAVGraphicElement@@V?$allocator@PAVGraphicElement@@@std@@@std@@IAEXI@Z 1001bc50 f i whiteboard.obj
 0001:0001b000       ?_Tidy@?$deque@PAVGraphicElement@@V?$allocator@PAVGraphicElement@@@std@@@std@@IAEXXZ 1001c000 f i whiteboard.obj
 0001:0001b0d0       ?end@?$deque@UMMHS@AlliesWhiteboard@@V?$allocator@UMMHS@AlliesWhiteboard@@@std@@@std@@QAE?AV?$_Deque_iterator@UMMHS@AlliesWhiteboard@@V?$allocator@UMMHS@AlliesWhiteboard@@@std@@@2@XZ 1001c0d0 f i whiteboard.obj
 0001:0001b140       ?_Growmap@?$deque@UMMHS@AlliesWhiteboard@@V?$allocator@UMMHS@AlliesWhiteboard@@@std@@@std@@IAEXI@Z 1001c140 f i whiteboard.obj
 0001:0001b4e0       ?_Tidy@?$deque@UMMHS@AlliesWhiteboard@@V?$allocator@UMMHS@AlliesWhiteboard@@@std@@@std@@IAEXXZ 1001c4e0 f i whiteboard.obj
 0001:0001b5b0       ??1?$_Deque_val@UMMHS@AlliesWhiteboard@@V?$allocator@UMMHS@AlliesWhiteboard@@@std@@@std@@QAE@XZ 1001c5b0 f i whiteboard.obj
 0001:0001b5b0       ??1?$_Deque_val@UTAShareMemStruct@CDDDTA@@V?$allocator@UTAShareMemStruct@CDDDTA@@@std@@@std@@QAE@XZ 1001c5b0 f i dddta.obj
 0001:0001b5b0       ??1?$_Deque_val@PAVGraphicElement@@V?$allocator@PAVGraphicElement@@@std@@@std@@QAE@XZ 1001c5b0 f i whiteboard.obj
 0001:0001b630       ?_Assign_rv@?$vector@PAVGraphicElement@@V?$allocator@PAVGraphicElement@@@std@@@std@@QAEX$$QAV12@@Z 1001c630 f i whiteboard.obj
 0001:0001b720       ??G?$_Deque_iterator@UMMHS@AlliesWhiteboard@@V?$allocator@UMMHS@AlliesWhiteboard@@@std@@@std@@QBE?AV01@H@Z 1001c720 f i whiteboard.obj
 0001:0001b7d0       ?pop_back@?$deque@PAVGraphicElement@@V?$allocator@PAVGraphicElement@@@std@@@std@@QAEXXZ 1001c7d0 f i whiteboard.obj
 0001:0001b880       ?push_back@?$vector@PAVGraphicElement@@V?$allocator@PAVGraphicElement@@@std@@@std@@QAEX$$QAPAVGraphicElement@@@Z 1001c880 f i whiteboard.obj
 0001:0001b880       ?push_back@?$vector@PADV?$allocator@PAD@std@@@std@@QAEX$$QAPAD@Z 1001c880 f i UnicodeSupport.obj
 0001:0001b960       ?clear@?$vector@PAVGraphicElement@@V?$allocator@PAVGraphicElement@@@std@@@std@@QAEXXZ 1001c960 f i whiteboard.obj
 0001:0001b9b0       ??D?$_Deque_const_iterator@PAVGraphicElement@@V?$allocator@PAVGraphicElement@@@std@@@std@@QBEABQAVGraphicElement@@XZ 1001c9b0 f i whiteboard.obj
 0001:0001ba30       ??D?$_Deque_const_iterator@UMMHS@AlliesWhiteboard@@V?$allocator@UMMHS@AlliesWhiteboard@@@std@@@std@@QBEABUMMHS@AlliesWhiteboard@@XZ 1001ca30 f i whiteboard.obj
 0001:0001bab0       ?erase@?$vector@PAVGraphicElement@@V?$allocator@PAVGraphicElement@@@std@@@std@@QAE?AV?$_Vector_iterator@V?$_Vector_val@PAVGraphicElement@@V?$allocator@PAVGraphicElement@@@std@@@std@@@2@V?$_Vector_const_iterator@V?$_Vector_val@PAVGraphicElement@@V?$allocator@PAVGraphicElement@@@std@@@std@@@2@0@Z 1001cab0 f i whiteboard.obj
 0001:0001bb60       ??$_Cons_val@V?$allocator@UMMHS@AlliesWhiteboard@@@std@@UMMHS@AlliesWhiteboard@@ABU34@@std@@YGXAAV?$allocator@UMMHS@AlliesWhiteboard@@@0@PAUMMHS@AlliesWhiteboard@@ABU23@@Z 1001cb60 f i whiteboard.obj
 0001:0001bbb0       ??$_Allocate@U_Node@?$_List_nod@PAVGraphicElement@@V?$allocator@PAVGraphicElement@@@std@@@std@@@std@@YGPAU_Node@?$_List_nod@PAVGraphicElement@@V?$allocator@PAVGraphicElement@@@std@@@0@IPAU120@@Z 1001cbb0 f i ElementHandler.obj
 0001:0001bbb0       ??$_Allocate@UMMHS@AlliesWhiteboard@@@std@@YGPAUMMHS@AlliesWhiteboard@@IPAU12@@Z 1001cbb0 f i whiteboard.obj
 0001:0001bc20       ??$_Allocate@PAPAVGraphicElement@@@std@@YGPAPAPAVGraphicElement@@IPAPAPAV1@@Z 1001cc20 f i whiteboard.obj
 0001:0001bc20       ??$_Allocate@PAUMMHS@AlliesWhiteboard@@@std@@YGPAPAUMMHS@AlliesWhiteboard@@IPAPAU12@@Z 1001cc20 f i whiteboard.obj
 0001:0001bc20       ??$_Allocate@PAVGraphicElement@@@std@@YGPAPAVGraphicElement@@IPAPAV1@@Z 1001cc20 f i whiteboard.obj
 0001:0001bc20       ??$_Allocate@PAVRegDword@@@std@@YGPAPAVRegDword@@IPAPAV1@@Z 1001cc20 f i TAConfig.obj
 0001:0001bc20       ??$_Allocate@PAUTAShareMemStruct@CDDDTA@@@std@@YGPAPAUTAShareMemStruct@CDDDTA@@IPAPAU12@@Z 1001cc20 f i dddta.obj
 0001:0001bc20       ??$_Allocate@PAD@std@@YGPAPADIPAPAD@Z 1001cc20 f i UnicodeSupport.obj
 0001:0001bc20       ??$_Allocate@PAVRegString@@@std@@YGPAPAVRegString@@IPAPAV1@@Z 1001cc20 f i TAConfig.obj
 0001:0001bc90       ??0PCX@@QAE@XZ             1001cc90 f   PCX.obj
 0001:0001bcd0       ??1PCX@@QAE@XZ             1001ccd0 f   PCX.obj
 0001:0001bd10       ?SetBuffer@PCX@@QAEPAEPAE@Z 1001cd10 f   PCX.obj
 0001:0001bd40       ?WriteLine@PCX@@AAEPAEPAEK@Z 1001cd40 f   PCX.obj
 0001:0001bec0       ?Save@PCX@@QAEHPBD@Z       1001cec0 f   PCX.obj
 0001:0001c1b0       ?NewBuffer@PCX@@QAEPAEFF@Z 1001d1b0 f   PCX.obj
 0001:0001c220       ??1?$_Vector_val@PAVRegDword@@V?$allocator@PAVRegDword@@@std@@@std@@QAE@XZ 1001d220 f   TAConfig.obj
 0001:0001c220       ?Erase@PCX@@QAEXXZ         1001d220 f   PCX.obj
 0001:0001c220       ?SetVisibleList@Dialog@@AAEXXZ 1001d220 f   dialog.obj
 0001:0001c220       ?Draw@GraphicLine@@UAEXXZ  1001d220 f   whiteboard.obj
 0001:0001c220       ??1?$_Deque_iterator@UTAShareMemStruct@CDDDTA@@V?$allocator@UTAShareMemStruct@CDDDTA@@@std@@@std@@QAE@XZ 1001d220 f   dddta.obj
 0001:0001c220       ??1?$_Vector_val@PAVRegString@@V?$allocator@PAVRegString@@@std@@@std@@QAE@XZ 1001d220 f   TAConfig.obj
 0001:0001c220       ??1?$_Vector_val@PAVGraphicElement@@V?$allocator@PAVGraphicElement@@@std@@@std@@QAE@XZ 1001d220 f   whiteboard.obj
 0001:0001c220       ??1_Container_base12@std@@QAE@XZ 1001d220 f   dddta.obj
 0001:0001c220       ??1?$_Deque_iterator@PAVGraphicElement@@V?$allocator@PAVGraphicElement@@@std@@@std@@QAE@XZ 1001d220 f   whiteboard.obj
 0001:0001c220       ??1CChangeQueue@@QAE@XZ    1001d220 f   changequeue.obj
 0001:0001c220       ??1?$_Deque_iterator@UMMHS@AlliesWhiteboard@@V?$allocator@UMMHS@AlliesWhiteboard@@@std@@@std@@QAE@XZ 1001d220 f   whiteboard.obj
 0001:0001c220       ??1?$_Vector_val@PADV?$allocator@PAD@std@@@std@@QAE@XZ 1001d220 f   UnicodeSupport.obj
 0001:0001c220       ?Draw@GraphicText@@UAEXXZ  1001d220 f   whiteboard.obj
 0001:0001c220       ?Draw@GraphicElement@@UAEXXZ 1001d220 f   whiteboard.obj
 0001:0001c230       ?CreateSurfPCXResource@@YGPAUIDirectDrawSurface@@G_N@Z 1001d230 f   pcxread.obj
 0001:0001c490       ?RestoreFromPCX@@YGXGPAUIDirectDrawSurface@@@Z 1001d490 f   pcxread.obj
 0001:0001c650       ?PCX2BitMap@@YGXPAEPAUpcx_picture_typ@@J@Z 1001d650 f   pcxread.obj
 0001:0001c850       _X86ShallToRedirect@20     1001d850 f   etc.obj
 0001:0001cad0       _X86RedirectOpcodeToNewBase@16 1001dad0 f   etc.obj
 0001:0001ce70       _GetMinValidLenWithMatchOpcode@8 1001de70 f   etc.obj
 0001:0001ceb0       _MemWriteWithBackup@16     1001deb0 f   etc.obj
 0001:0001cfa0       _GetOpCodeSize@4           1001dfa0 f   etc.obj
 0001:0001d250       _trim_crlf_@4              1001e250 f   etc.obj
 0001:0001d340       _RegReadData@24            1001e340 f   etc.obj
 0001:0001d3e0       _RegWriteData@24           1001e3e0 f   etc.obj
 0001:0001d480       _RegWriteDword@16          1001e480 f   etc.obj
 0001:0001d4a0       _RegWriteStr@20            1001e4a0 f   etc.obj
 0001:0001d4d0       _RegReadDword@16           1001e4d0 f   etc.obj
 0001:0001d4f0       _CalcCRC@8                 1001e4f0 f   etc.obj
 0001:0001d5b0       _duplicate_str@4           1001e5b0 f   etc.obj
 0001:0001d610       _getDBCSlen@4              1001e610 f   etc.obj
 0001:0001d680       _vkToStr@12                1001e680 f   etc.obj
 0001:0001e710       ??0SingleHook@@QAE@XZ      1001f710 f   Hook.obj
 0001:0001e740       ??0SingleHook@@QAE@IKHPAE@Z 1001f740 f   Hook.obj
 0001:0001e740       ??0SingleHook@@QAE@PAEKH0@Z 1001f740 f   Hook.obj
 0001:0001e780       ??1SingleHook@@QAE@XZ      1001f780 f   Hook.obj
 0001:0001e7f0       ?Hook@SingleHook@@UAEXXZ   1001f7f0 f   Hook.obj
 0001:0001e830       ?UnHook@SingleHook@@UAEXXZ 1001f830 f   Hook.obj
 0001:0001e870       ?AddrToHook@SingleHook@@UAEPAXPAX@Z 1001f870 f   Hook.obj
 0001:0001e890       ?ThisHookMode@SingleHook@@UAEHH@Z 1001f890 f   Hook.obj
 0001:0001e8b0       ?ThisHookMode@SingleHook@@UAE?BHXZ 1001f8b0 f   Hook.obj
 0001:0001e8d0       ?Value@RegDword@@QAEKXZ    1001f8d0 f   TAConfig.obj
 0001:0001e8d0       ?Str@RegString@@QAEPBDXZ   1001f8d0 f   TAConfig.obj
 0001:0001e8d0       ?AddrToHook@SingleHook@@UAEQAXXZ 1001f8d0 f   Hook.obj
 0001:0001e8f0       ?LenToHook@SingleHook@@UAEKK@Z 1001f8f0 f   Hook.obj
 0001:0001e910       ?InitHookClass@SingleHook@@UAEXPAEKH0@Z 1001f910 f   Hook.obj
 0001:0001ea90       ?X86InlineHookRouter@@YGXXZ 1001fa90 f   InlineHook.obj
 0001:0001eb60       ?X86CurrentThreadStackBufferFixRtnAddr@@YGPAUtagInlineX86StackBuffer@@PAPAU1@@Z 1001fb60 f   InlineHook.obj
 0001:0001ec10       ?X86CurrentThreadStackBuffer@@YGPAUtagInlineX86StackBuffer@@PAPAU1@@Z 1001fc10 f   InlineHook.obj
 0001:0001eca0       ??0InlineSingleHook@@QAE@IKHP6GHPAUtagInlineX86StackBuffer@@@Z@Z 1001fca0 f   InlineHook.obj
 0001:0001ed30       ??1InlineSingleHook@@QAE@XZ 1001fd30 f   InlineHook.obj
 0001:0001ee40       ?InitHookClass@InlineSingleHook@@AAEXQAEKHPAX1@Z 1001fe40 f   InlineHook.obj
 0001:0001f120       ?Hook@InlineSingleHook@@UAEXXZ 10020120 f   InlineHook.obj
 0001:0001f200       ?RtnAddrOfHook@InlineSingleHook@@QAEQAXXZ 10020200 f   InlineHook.obj
 0001:0001f220       ??0CElementHandler@@QAE@XZ 10020220 f   ElementHandler.obj
 0001:0001f260       ??_ECElementHandler@@UAEPAXI@Z 10020260 f i ElementHandler.obj
 0001:0001f260       ??_GCElementHandler@@UAEPAXI@Z 10020260 f i ElementHandler.obj
 0001:0001f290       ??1CElementHandler@@UAE@XZ 10020290 f   ElementHandler.obj
 0001:0001f410       ?AddElement@CElementHandler@@QAEXPAVGraphicElement@@@Z 10020410 f   ElementHandler.obj
 0001:0001f480       ?DeleteOn@CElementHandler@@QAEXHH@Z 10020480 f   ElementHandler.obj
 0001:0001f4c0       ?DeleteBetween@CElementHandler@@QAEXHHHH@Z 100204c0 f   ElementHandler.obj
 0001:0001f730       ?GetArea@CElementHandler@@QAE?AV?$vector@PAVGraphicElement@@V?$allocator@PAVGraphicElement@@@std@@@std@@HHHH@Z 10020730 f   ElementHandler.obj
 0001:0001f9e0       ?MoveTextElement@CElementHandler@@QAEPAVGraphicElement@@PAV2@HH@Z 100209e0 f   ElementHandler.obj
 0001:0001fb50       ??0?$list@PAVGraphicElement@@V?$allocator@PAVGraphicElement@@@std@@@std@@QAE@XZ 10020b50 f i ElementHandler.obj
 0001:0001fbb0       ??1?$list@PAVGraphicElement@@V?$allocator@PAVGraphicElement@@@std@@@std@@QAE@XZ 10020bb0 f i ElementHandler.obj
 0001:0001fc20       ?erase@?$list@PAVGraphicElement@@V?$allocator@PAVGraphicElement@@@std@@@std@@QAE?AV?$_List_iterator@V?$_List_val@PAVGraphicElement@@V?$allocator@PAVGraphicElement@@@std@@@std@@@2@V?$_List_const_iterator@V?$_List_val@PAVGraphicElement@@V?$allocator@PAVGraphicElement@@@std@@@std@@@2@@Z 10020c20 f i ElementHandler.obj
 0001:0001fcb0       ?remove@?$list@PAVGraphicElement@@V?$allocator@PAVGraphicElement@@@std@@@std@@QAEXABQAVGraphicElement@@@Z 10020cb0 f i ElementHandler.obj
 0001:0001fd50       ?back@?$vector@PAVGraphicElement@@V?$allocator@PAVGraphicElement@@@std@@@std@@QAEAAPAVGraphicElement@@XZ 10020d50 f i ElementHandler.obj
 0001:0001fd90       ?push_back@?$vector@PAVRegDword@@V?$allocator@PAVRegDword@@@std@@@std@@QAEXABQAVRegDword@@@Z 10020d90 f i TAConfig.obj
 0001:0001fd90       ?push_back@?$vector@PAVGraphicElement@@V?$allocator@PAVGraphicElement@@@std@@@std@@QAEXABQAVGraphicElement@@@Z 10020d90 f i ElementHandler.obj
 0001:0001fd90       ?push_back@?$vector@PAVRegString@@V?$allocator@PAVRegString@@@std@@@std@@QAEXABQAVRegString@@@Z 10020d90 f i TAConfig.obj
 0001:0001fe70       ?_Insert@?$list@PAVGraphicElement@@V?$allocator@PAVGraphicElement@@@std@@@std@@QAEXV?$_List_const_iterator@V?$_List_val@PAVGraphicElement@@V?$allocator@PAVGraphicElement@@@std@@@std@@@2@ABQAVGraphicElement@@@Z 10020e70 f i ElementHandler.obj
 0001:0001ff00       ??1?$_List_val@PAVGraphicElement@@V?$allocator@PAVGraphicElement@@@std@@@std@@QAE@XZ 10020f00 f i ElementHandler.obj
 0001:0001ff30       ?clear@?$list@PAVGraphicElement@@V?$allocator@PAVGraphicElement@@@std@@@std@@QAEXXZ 10020f30 f i ElementHandler.obj
 0001:0001ffb0       ?_Buynode@?$_List_val@PAVGraphicElement@@V?$allocator@PAVGraphicElement@@@std@@@std@@QAEPAU_Node@?$_List_nod@PAVGraphicElement@@V?$allocator@PAVGraphicElement@@@std@@@2@PAU342@0ABQAVGraphicElement@@@Z 10020fb0 f i ElementHandler.obj
 0001:00020060       ??_Elogic_error@std@@UAEPAXI@Z 10021060 f i xthrow.obj
 0001:00020060       ??_Elength_error@std@@UAEPAXI@Z 10021060 f i xthrow.obj
 0001:00020060       ??_Glength_error@std@@UAEPAXI@Z 10021060 f i xthrow.obj
 0001:00020060       ??_Glogic_error@std@@UAEPAXI@Z 10021060 f i xthrow.obj
 0001:00020090       ??0logic_error@std@@QAE@ABV01@@Z 10021090 f i xthrow.obj
 0001:000200c0       ?_Xlength_error@std@@YAXPBD@Z 100210c0 f   xthrow.obj
 0001:00020100       ??1length_error@std@@UAE@XZ 10021100 f i xthrow.obj
 0001:00020120       ??0length_error@std@@QAE@ABV01@@Z 10021120 f i xthrow.obj
 0001:0002014e       _ImmAssociateContext@8     1002114e f   imm32:IMM32.dll
 0001:00020154       _ImmGetCandidateListA@16   10021154 f   imm32:IMM32.dll
 0001:0002015a       _ImmGetCompositionStringA@16 1002115a f   imm32:IMM32.dll
 0001:00020160       _ImmEscapeA@16             10021160 f   imm32:IMM32.dll
 0001:00020166       _ImmIsIME@4                10021166 f   imm32:IMM32.dll
 0001:0002016c       _ImmNotifyIME@16           1002116c f   imm32:IMM32.dll
 0001:00020172       ??_U@YAPAXI@Z              10021172 f   libcpmt:newaop.obj
 0001:0002017d       ??3@YAXPAX@Z               1002117d f   LIBCMT:delete.obj
 0001:00020188       ??2@YAPAXI@Z               10021188 f   LIBCMT:new.obj
 0001:00020208       ?_JumpToContinuation@@YGXPAXPAUEHRegistrationNode@@@Z 10021208 f   LIBCMT:_trnsctrl_.obj
 0001:0002023a       ?_CallMemberFunction1@@YGXPAX00@Z 1002123a f   LIBCMT:_trnsctrl_.obj
 0001:0002023a       ?_CallMemberFunction0@@YGXPAX0@Z 1002123a f   LIBCMT:_trnsctrl_.obj
 0001:0002023a       ?_CallMemberFunction2@@YGXPAX00H@Z 1002123a f   LIBCMT:_trnsctrl_.obj
 0001:00020241       ?_UnwindNestedFrames@@YGXPAUEHRegistrationNode@@PAUEHExceptionRecord@@@Z 10021241 f   LIBCMT:_trnsctrl_.obj
 0001:00020295       ___CxxFrameHandler3        10021295 f   LIBCMT:_trnsctrl_.obj
 0001:000202fe       ?_CallSETranslator@@YAHPAUEHExceptionRecord@@PAUEHRegistrationNode@@PAX2PBU_s_FuncInfo@@H1@Z 100212fe f   LIBCMT:_trnsctrl_.obj
 0001:00020474       ?_GetRangeOfTrysToCheck@@YAPBU_s_TryBlockMapEntry@@PBU_s_FuncInfo@@HHPAI1@Z 10021474 f   LIBCMT:_trnsctrl_.obj
 0001:000204e7       __CreateFrameInfo          100214e7 f   LIBCMT:_trnsctrl_.obj
 0001:00020513       __IsExceptionObjectToBeDestroyed 10021513 f   LIBCMT:_trnsctrl_.obj
 0001:0002053a       __FindAndUnlinkFrame       1002153a f   LIBCMT:_trnsctrl_.obj
 0001:0002058c       ?_CallCatchBlock2@@YAPAXPAUEHRegistrationNode@@PBU_s_FuncInfo@@PAXHK@Z 1002158c f   LIBCMT:_trnsctrl_.obj
 0001:000205ec       @__security_check_cookie@4 100215ec f   LIBCMT:secchk.obj
 0001:000205fb       __RTC_InitBase             100215fb f   LIBCMT:_init_.obj
 0001:00020621       __RTC_Shutdown             10021621 f   LIBCMT:_init_.obj
 0001:00020640       _memset                    10021640 f   LIBCMT:memset.obj
 0001:000206ba       @_RTC_Check_4_to_1@4       100216ba f   LIBCMT:_convert_.obj
 0001:000206e2       @_RTC_Check_4_to_2@4       100216e2 f   LIBCMT:_convert_.obj
 0001:00020710       __except_handler4          10021710 f   LIBCMT:chandler4.obj
 0001:0002089f       __cfltcvt_init             1002189f f   LIBCMT:_fpinit_.obj
 0001:000208ff       __fpmath                   100218ff f   LIBCMT:_fpinit_.obj
 0001:00020920       _memcpy                    10021920 f   LIBCMT:memcpy.obj
 0001:00020c81       _sprintf_s                 10021c81 f   LIBCMT:sprintf.obj
 0001:00020c9f       ??1type_info@@UAE@XZ       10021c9f f   LIBCMT:typinfo.obj
 0001:00020caf       ??_Etype_info@@UAEPAXI@Z   10021caf f i LIBCMT:typinfo.obj
 0001:00020caf       ??_Gtype_info@@UAEPAXI@Z   10021caf f i LIBCMT:typinfo.obj
 0001:00020cd0       ??8type_info@@QBE_NABV0@@Z 10021cd0 f   LIBCMT:typinfo.obj
 0001:00020cf0       _strlen                    10021cf0 f   LIBCMT:strlen.obj
 0001:00020d7b       ??0_LocaleUpdate@@QAE@PAUlocaleinfo_struct@@@Z 10021d7b f i LIBCMT:strftime.obj
 0001:00020e02       __freea                    10021e02 f i LIBCMT:strftime.obj
 0001:000216cf       __Strftime_l               100226cf f   LIBCMT:strftime.obj
 0001:0002185b       _strftime                  1002285b f   LIBCMT:strftime.obj
 0001:0002187a       __localtime64_s            1002287a f   LIBCMT:loctim64.obj
 0001:00021b02       __time64                   10022b02 f   LIBCMT:time64.obj
 0001:00021b60       _strstr                    10022b60 f   LIBCMT:strstr.obj
 0001:00021c00       _strchr                    10022c00 f   LIBCMT:strchr.obj
 0001:00021c06       ___from_strstr_to_strchr   10022c06     LIBCMT:strchr.obj
 0001:00021cbe       _memcmp                    10022cbe f   LIBCMT:memcmp.obj
 0001:00023212       __CxxThrowException@8      10024212 f   LIBCMT:throw.obj
 0001:00023260       __ftol2_sse                10024260 f   LIBCMT:ftol2.obj
 0001:00023269       __ftol2_pentium4           10024269 f   LIBCMT:ftol2.obj
 0001:0002327c       __ftol2_sse_excpt          1002427c f   LIBCMT:ftol2.obj
 0001:00023296       __ftol2                    10024296 f   LIBCMT:ftol2.obj
 0001:00023310       _memmove                   10024310 f   LIBCMT:memmove.obj
 0001:00023671       ??0exception@std@@QAE@ABQBDH@Z 10024671 f   LIBCMT:stdexcpt.obj
 0001:0002368e       ?what@exception@std@@UBEPBDXZ 1002468e f   LIBCMT:stdexcpt.obj
 0001:0002369b       ?_Copy_str@exception@std@@AAEXPBD@Z 1002469b f   LIBCMT:stdexcpt.obj
 0001:000236db       ?_Tidy@exception@std@@AAEXXZ 100246db f   LIBCMT:stdexcpt.obj
 0001:000236f9       ??0exception@std@@QAE@ABQBD@Z 100246f9 f   LIBCMT:stdexcpt.obj
 0001:00023720       ??4exception@std@@QAEAAV01@ABV01@@Z 10024720 f   LIBCMT:stdexcpt.obj
 0001:00023755       ??1exception@std@@UAE@XZ   10024755 f   LIBCMT:stdexcpt.obj
 0001:00023760       ??_Gexception@std@@UAEPAXI@Z 10024760 f i LIBCMT:stdexcpt.obj
 0001:00023760       ??_Eexception@std@@UAEPAXI@Z 10024760 f i LIBCMT:stdexcpt.obj
 0001:00023787       ??0exception@std@@QAE@ABV01@@Z 10024787 f   LIBCMT:stdexcpt.obj
 0001:000237ac       __vsnprintf_helper         100247ac f   LIBCMT:vsnprnc.obj
 0001:00023876       __vsprintf_s_l             10024876 f   LIBCMT:vsnprnc.obj
 0001:000238ed       _vsprintf_s                100248ed f   LIBCMT:vsnprnc.obj
 0001:0002390a       _atol                      1002490a f   LIBCMT:atox.obj
 0001:00023920       _atoi                      10024920 f   LIBCMT:atox.obj
 0001:0002392b       _strcpy_s                  1002492b f   LIBCMT:strcpy_s.obj
 0001:0002398a       _strcat_s                  1002498a f   LIBCMT:strcat_s.obj
 0001:000239f7       __splitpath_s              100249f7 f   LIBCMT:splitpath_s.obj
 0001:00023bf4       ?_strlwr_s_l_stat@@YAHPADIPAUlocaleinfo_struct@@@Z 10024bf4 f   LIBCMT:strlwr.obj
 0001:00023d72       __strlwr_s_l               10024d72 f   LIBCMT:strlwr.obj
 0001:00023da6       __strlwr_s                 10024da6 f   LIBCMT:strlwr.obj
 0001:00023fe8       _strtol                    10024fe8 f   LIBCMT:strtol.obj
 0001:00024013       __strtol_l                 10025013 f   LIBCMT:strtol.obj
 0001:00024030       _strncmp                   10025030 f   LIBCMT:strncmp.obj
 0001:00024264       __strupr_s_l               10025264 f   LIBCMT:strupr.obj
 0001:00024299       __strupr_s                 10025299 f   LIBCMT:strupr.obj
 0001:000242b0       _strcmp                    100252b0 f   LIBCMT:strcmp.obj
 0001:00024338       _free                      10025338 f   LIBCMT:free.obj
 0001:00024372       _malloc                    10025372 f   LIBCMT:malloc.obj
 0001:00024406       _memcpy_s                  10025406 f   LIBCMT:memcpy_s.obj
 0001:0002447b       _strnlen                   1002547b f   LIBCMT:strlen_s.obj
 0001:00024498       ??_V@YAXPAX@Z              10025498 f   LIBCMT:delete2.obj
 0001:000244a3       _abs                       100254a3 f   LIBCMT:abs.obj
 0001:000244c0       _sin                       100254c0 f   LIBCMT:_sin_.obj
 0001:00024500       __CIsin                    10025500 f   LIBCMT:_sin_.obj
 0001:0002453b       __CIsin_default            1002553b f   LIBCMT:_sin_.obj
 0001:0002454f       __sin_default              1002554f     LIBCMT:_sin_.obj
 0001:000245f0       _cos                       100255f0 f   LIBCMT:_cos_.obj
 0001:00024630       __CIcos                    10025630 f   LIBCMT:_cos_.obj
 0001:0002466b       __CIcos_default            1002566b f   LIBCMT:_cos_.obj
 0001:0002467f       __cos_default              1002567f     LIBCMT:_cos_.obj
 0001:00024719       ??_L@YGXPAXIHP6EX0@Z1@Z    10025719 f   LIBCMT:ehvecctr.obj
 0001:0002477e       ?__ArrayUnwind@@YGXPAXIHP6EX0@Z@Z 1002577e f   LIBCMT:ehvecdtr.obj
 0001:000247dc       ??_M@YGXPAXIHP6EX0@Z@Z     100257dc f   LIBCMT:ehvecdtr.obj
 0001:0002483f       __CRT_INIT@12              1002583f f   LIBCMT:dllcrt0.obj
 0001:00024a99       __DllMainCRTStartup@12     10025a99 f   LIBCMT:dllcrt0.obj
 0001:00024b72       ___onexitinit              10025b72 f   LIBCMT:onexit.obj
 0001:00024ba3       __onexit                   10025ba3 f   LIBCMT:onexit.obj
 0001:00024bdf       _atexit                    10025bdf f   LIBCMT:onexit.obj
 0001:00024bf6       __initp_heap_handler       10025bf6 f   LIBCMT:handler.obj
 0001:00024c05       __callnewh                 10025c05 f   LIBCMT:handler.obj
 0001:00024c2d       ??1bad_exception@std@@UAE@XZ 10025c2d f i LIBCMT:frame.obj
 0001:00024c38       ??_Gbad_exception@std@@UAEPAXI@Z 10025c38 f i LIBCMT:frame.obj
 0001:00024c38       ??_Ebad_exception@std@@UAEPAXI@Z 10025c38 f i LIBCMT:frame.obj
 0001:00024c5f       ___TypeMatch               10025c5f f   LIBCMT:frame.obj
 0001:00024cbe       ___FrameUnwindFilter       10025cbe f   LIBCMT:frame.obj
 0001:00024d0d       ___FrameUnwindToState      10025d0d f   LIBCMT:frame.obj
 0001:00024e2e       ___DestructExceptionObject 10025e2e f   LIBCMT:frame.obj
 0001:00024e83       ___AdjustPointer           10025e83 f   LIBCMT:frame.obj
 0001:0002510c       ___BuildCatchObjectHelper  1002610c f   LIBCMT:frame.obj
 0001:0002528b       ___BuildCatchObject        1002628b f   LIBCMT:frame.obj
 0001:00025807       ??0bad_exception@std@@QAE@ABV01@@Z 10026807 f i LIBCMT:frame.obj
 0001:00025824       ___InternalCxxFrameHandler 10026824 f   LIBCMT:frame.obj
 0001:0002590a       __encoded_null             1002690a f   LIBCMT:tidtable.obj
 0001:00025913       ___crtTlsAlloc@4           10026913 f   LIBCMT:tidtable.obj
 0001:0002591c       ___set_flsgetvalue         1002691c f   LIBCMT:tidtable.obj
 0001:00025950       __mtterm                   10026950 f   LIBCMT:tidtable.obj
 0001:0002598d       __initptd                  1002698d f   LIBCMT:tidtable.obj
 0001:00025a41       __getptd_noexit            10026a41 f   LIBCMT:tidtable.obj
 0001:00025aba       __getptd                   10026aba f   LIBCMT:tidtable.obj
 0001:00025ad4       __freefls@4                10026ad4 f   LIBCMT:tidtable.obj
 0001:00025c03       __freeptd                  10026c03 f   LIBCMT:tidtable.obj
 0001:00025c71       __mtinit                   10026c71 f   LIBCMT:tidtable.obj
 0001:00025dec       ?terminate@@YAXXZ          10026dec f   LIBCMT:hooks.obj
 0001:00025e25       ?unexpected@@YAXXZ         10026e25 f   LIBCMT:hooks.obj
 0001:00025e38       ?_inconsistency@@YAXXZ     10026e38 f   LIBCMT:hooks.obj
 0001:00025e70       __initp_eh_hooks           10026e70 f   LIBCMT:hooks.obj
 0001:00025e90       __CallSettingFrame@12      10026e90 f   LIBCMT:lowhelpr.obj
 0001:00025eb7       __NLG_Return               10026eb7     LIBCMT:lowhelpr.obj
 0001:00025edc       ___report_gsfailure        10026edc f   LIBCMT:gs_report.obj
 0001:00025fe2       __RTC_SetErrorFuncW        10026fe2 f   LIBCMT:_userapi_.obj
 0001:00025fff       ?_RTC_GetErrorFunc@@YAP6AHHPBDH00ZZPBX@Z 10026fff f   LIBCMT:_userapi_.obj
 0001:00026005       ?_RTC_GetErrorFuncW@@YAP6AHHPB_WH00ZZPBX@Z 10027005 f   LIBCMT:_userapi_.obj
 0001:0002600b       __VEC_memzero              1002700b f   LIBCMT:p4_memset.obj
 0001:000260c5       ___sse2_available_init     100270c5 f   LIBCMT:cpu_disp.obj
 0001:0002638d       ?_RTC_Failure@@YAXPAXH@Z   1002738d f   LIBCMT:_error_.obj
 0001:000263d0       __local_unwind4            100273d0 f   LIBCMT:exsup4.obj
 0001:000264a6       __seh_longjmp_unwind4@4    100274a6 f   LIBCMT:exsup4.obj
 0001:000264c2       @_EH4_CallFilterFunc@8     100274c2 f   LIBCMT:exsup4.obj
 0001:000264d9       @_EH4_TransferToHandler@8  100274d9 f   LIBCMT:exsup4.obj
 0001:000264f2       @_EH4_GlobalUnwind2@8      100274f2 f   LIBCMT:exsup4.obj
 0001:0002650b       @_EH4_LocalUnwind@16       1002750b f   LIBCMT:exsup4.obj
 0001:00026530       __ValidateImageBase        10027530 f   LIBCMT:pesect.obj
 0001:00026570       __FindPESection            10027570 f   LIBCMT:pesect.obj
 0001:000265c0       __IsNonwritableInCurrentImage 100275c0 f   LIBCMT:pesect.obj
 0001:0002667c       __forcdecpt_l              1002767c f   LIBCMT:cvt.obj
 0001:000266f0       __cropzeros_l              100276f0 f   LIBCMT:cvt.obj
 0001:00026772       __positive                 10027772 f   LIBCMT:cvt.obj
 0001:0002678e       __fassign_l                1002778e f   LIBCMT:cvt.obj
 0001:000267d0       __fassign                  100277d0 f   LIBCMT:cvt.obj
 0001:00026809       __forcdecpt                10027809 f   LIBCMT:cvt.obj
 0001:0002681c       __cropzeros                1002781c f   LIBCMT:cvt.obj
 0001:00026990       __cftoe_l                  10027990 f   LIBCMT:cvt.obj
 0001:00026a57       __cftoe                    10027a57 f   LIBCMT:cvt.obj
 0001:00026a77       __cftoa_l                  10027a77 f   LIBCMT:cvt.obj
 0001:00026ef0       __cftof_l                  10027ef0 f   LIBCMT:cvt.obj
 0001:00026fb1       __cftog_l                  10027fb1 f   LIBCMT:cvt.obj
 0001:0002709e       __cfltcvt_l                1002809e f   LIBCMT:cvt.obj
 0001:00027126       __cfltcvt                  10028126 f   LIBCMT:cvt.obj
 0001:00027149       __initp_misc_cfltcvt_tab   10028149 f   LIBCMT:cmiscdat.obj
 0001:0002716c       __setdefaultprecision      1002816c f   LIBCMT:fp8.obj
 0001:00027194       __VEC_memcpy               10028194 f   LIBCMT:p4_memcpy.obj
 0001:00027297       __flsbuf                   10028297 f   LIBCMT:_flsbuf.obj
 0001:000273fb       __initp_misc_invarg        100283fb f   LIBCMT:invarg.obj
 0001:0002740a       __call_reportfault         1002840a f   LIBCMT:invarg.obj
 0001:00027533       __invoke_watson            10028533 f   LIBCMT:invarg.obj
 0001:00027558       __invalid_parameter        10028558 f   LIBCMT:invarg.obj
 0001:00027585       __invalid_parameter_noinfo 10028585 f   LIBCMT:invarg.obj
 0001:00027595       __get_errno_from_oserr     10028595 f   LIBCMT:dosmap.obj
 0001:000275d7       __errno                    100285d7 f   LIBCMT:dosmap.obj
 0001:000275ea       ___doserrno                100285ea f   LIBCMT:dosmap.obj
 0001:000275fd       __dosmaperr                100285fd f   LIBCMT:dosmap.obj
 0001:00027620       ?_Type_info_dtor@type_info@@CAXPAV1@@Z 10028620 f   LIBCMT:typname.obj
 0001:000278b3       ___updatetmbcinfo          100288b3 f   LIBCMT:mbctype.obj
 0001:000279d3       __setmbcp_nolock           100289d3 f   LIBCMT:mbctype.obj
 0001:00027bbc       __setmbcp                  10028bbc f   LIBCMT:mbctype.obj
 0001:00027d56       ___initmbctable            10028d56 f   LIBCMT:mbctype.obj
 0001:00027d74       ___addlocaleref            10028d74 f   LIBCMT:localref.obj
 0001:00027e03       ___removelocaleref         10028e03 f   LIBCMT:localref.obj
 0001:00027e9c       ___freetlocinfo            10028e9c f   LIBCMT:localref.obj
 0001:00027fe7       __updatetlocinfoEx_nolock  10028fe7 f   LIBCMT:localref.obj
 0001:00028034       ___updatetlocinfo          10029034 f   LIBCMT:localref.obj
 0001:000280ad       __malloc_crt               100290ad f   LIBCMT:crtheap.obj
 0001:000280f2       __calloc_crt               100290f2 f   LIBCMT:crtheap.obj
 0001:0002813e       __realloc_crt              1002913e f   LIBCMT:crtheap.obj
 0001:0002818c       __recalloc_crt             1002918c f   LIBCMT:crtheap.obj
 0001:000281de       __get_daylight             100291de f   LIBCMT:timeset.obj
 0001:0002820b       __get_dstbias              1002920b f   LIBCMT:timeset.obj
 0001:00028238       __get_timezone             10029238 f   LIBCMT:timeset.obj
 0001:00028265       ___daylight                10029265 f   LIBCMT:timeset.obj
 0001:0002826b       ___dstbias                 1002926b f   LIBCMT:timeset.obj
 0001:00028271       ___timezone                10029271 f   LIBCMT:timeset.obj
 0001:00028277       ___tzname                  10029277 f   LIBCMT:timeset.obj
 0001:0002895e       ___tzset                   1002995e f   LIBCMT:tzset.obj
 0001:000289ad       __isindst                  100299ad f   LIBCMT:tzset.obj
 0001:000289ee       ___ascii_stricmp           100299ee f   LIBCMT:stricmp.obj
 0001:00028a27       __isleadbyte_l             10029a27 f i LIBCMT:_wctype.obj
 0001:00028a5f       _isleadbyte                10029a5f f i LIBCMT:_wctype.obj
 0001:00028a80       __alloca_probe_16          10029a80 f   LIBCMT:alloca16.obj
 0001:00028a96       __alloca_probe_8           10029a96     LIBCMT:alloca16.obj
 0001:00028aac       __gmtime64_s               10029aac f   LIBCMT:gmtime64.obj
 0001:00028cf0       __alldiv                   10029cf0 f   LIBCMT:lldiv.obj
 0001:00028da0       __allrem                   10029da0 f   LIBCMT:llrem.obj
 0001:00028e60       __aulldiv                  10029e60 f   LIBCMT:ulldiv.obj
 0001:00028f6f       __output_s_l               10029f6f f   LIBCMT:outputs.obj
 0001:00029b92       __ismbblead                1002ab92 f   LIBCMT:ismbbyte.obj
 0001:00029baa       _strncpy_s                 1002abaa f   LIBCMT:strncpy_s.obj
 0001:00029e46       ___crtLCMapStringA         1002ae46 f   LIBCMT:a_map.obj
 0001:00029e8c       __isctype_l                1002ae8c f   LIBCMT:isctype.obj
 0001:00029f44       __heap_init                1002af44 f   LIBCMT:heapinit.obj
 0001:00029f62       __heap_term                1002af62 f   LIBCMT:heapinit.obj
 0001:00029f76       ___crtCorExitProcess       1002af76 f   LIBCMT:crt0dat.obj
 0001:00029fa1       ___crtExitProcess          1002afa1 f   LIBCMT:crt0dat.obj
 0001:00029fb9       __lockexit                 1002afb9 f   LIBCMT:crt0dat.obj
 0001:00029fc2       __unlockexit               1002afc2 f   LIBCMT:crt0dat.obj
 0001:00029fcb       __init_pointers            1002afcb f   LIBCMT:crt0dat.obj
 0001:00029ffe       __initterm_e               1002affe f   LIBCMT:crt0dat.obj
 0001:0002a022       __cinit                    1002b022 f   LIBCMT:crt0dat.obj
 0001:0002a1f9       __exit                     1002b1f9 f   LIBCMT:crt0dat.obj
 0001:0002a20f       __cexit                    1002b20f f   LIBCMT:crt0dat.obj
 0001:0002a21e       __amsg_exit                1002b21e f   LIBCMT:crt0dat.obj
 0001:0002a23c       __GET_RTERRMSG             1002b23c f   LIBCMT:crt0msg.obj
 0001:0002a262       __NMSG_WRITE               1002b262 f   LIBCMT:crt0msg.obj
 0001:0002a411       __FF_MSGBANNER             1002b411 f   LIBCMT:crt0msg.obj
 0001:0002a44a       __sse2_mathfcns_init       1002b44a f   LIBCMT:_mathfcns_.obj
 0001:0002a460       __CIsin_pentium4           1002b460 f   LIBCMT:_sin_pentium4_.obj
 0001:0002a478       __sin_pentium4             1002b478     LIBCMT:_sin_pentium4_.obj
 0001:0002a630       __trandisp1                1002b630 f   LIBCMT:_87disp_.obj
 0001:0002a697       __trandisp2                1002b697 f   LIBCMT:_87disp_.obj
 0001:0002a723       __rttospopde               1002b723     LIBCMT:_87disp_.obj
 0001:0002a728       __rttospop                 1002b728     LIBCMT:_87disp_.obj
 0001:0002a72a       __rtnospop                 1002b72a     LIBCMT:_87disp_.obj
 0001:0002a72c       __rttosnpop                1002b72c     LIBCMT:_87disp_.obj
 0001:0002a72d       __rtnospopde               1002b72d     LIBCMT:_87disp_.obj
 0001:0002a734       __rtzeropop                1002b734     LIBCMT:_87disp_.obj
 0001:0002a736       __rtzeronpop               1002b736     LIBCMT:_87disp_.obj
 0001:0002a73b       __rtonepop                 1002b73b     LIBCMT:_87disp_.obj
 0001:0002a73d       __rtonenpop                1002b73d     LIBCMT:_87disp_.obj
 0001:0002a742       __tosnan1                  1002b742     LIBCMT:_87disp_.obj
 0001:0002a76d       __nosnan2                  1002b76d     LIBCMT:_87disp_.obj
 0001:0002a76f       __tosnan2                  1002b76f     LIBCMT:_87disp_.obj
 0001:0002a797       __nan2                     1002b797     LIBCMT:_87disp_.obj
 0001:0002a7d6       __rtindfpop                1002b7d6     LIBCMT:_87disp_.obj
 0001:0002a7d8       __rtindfnpop               1002b7d8     LIBCMT:_87disp_.obj
 0001:0002a7e9       __rttosnpopde              1002b7e9     LIBCMT:_87disp_.obj
 0001:0002a7f3       __rtchsifneg               1002b7f3     LIBCMT:_87disp_.obj
 0001:0002a800       __twoToTOS                 1002b800 f   LIBCMT:_common_.obj
 0001:0002a815       __load_CW                  1002b815 f   LIBCMT:_common_.obj
 0001:0002a82c       __convertTOStoQNaN         1002b82c f   LIBCMT:_common_.obj
 0001:0002a845       __fload_withFB             1002b845 f   LIBCMT:_common_.obj
 0001:0002a888       __checkTOS_withFB          1002b888 f   LIBCMT:_common_.obj
 0001:0002a89e       __fast_exit                1002b89e f   LIBCMT:_common_.obj
[...]
 0001:000322b0       __unwindfunclet$??1?$vector@PADV?$allocator@PAD@std@@@std@@QAE@XZ$0 100332b0 f   TAConfig.obj
 0001:000322b0       __unwindfunclet$??1?$vector@PAVRegString@@V?$allocator@PAVRegString@@@std@@@std@@QAE@XZ$0 100332b0 f   TAConfig.obj
 0001:000322b8       __ehhandler$??1?$vector@PAVRegDword@@V?$allocator@PAVRegDword@@@std@@@std@@QAE@XZ 100332b8 f   TAConfig.obj
 0001:000322b8       __ehhandler$??1?$vector@PAVGraphicElement@@V?$allocator@PAVGraphicElement@@@std@@@std@@QAE@XZ 100332b8 f   TAConfig.obj
 0001:000322b8       __ehhandler$??1?$vector@PADV?$allocator@PAD@std@@@std@@QAE@XZ 100332b8 f   TAConfig.obj
 0001:000322b8       __ehhandler$??1?$vector@PAVRegString@@V?$allocator@PAVRegString@@@std@@@std@@QAE@XZ 100332b8 f   TAConfig.obj
 0001:000322e0       __ehhandler$?reserve@?$vector@PAVRegString@@V?$allocator@PAVRegString@@@std@@@std@@QAEXI@Z 100332e0 f   TAConfig.obj
 0001:000322e0       __ehhandler$?reserve@?$vector@PADV?$allocator@PAD@std@@@std@@QAEXI@Z 100332e0 f   TAConfig.obj
 0001:000322e0       __ehhandler$?reserve@?$vector@PAVRegDword@@V?$allocator@PAVRegDword@@@std@@@std@@QAEXI@Z 100332e0 f   TAConfig.obj
 0001:000322e0       __ehhandler$?reserve@?$vector@PAVGraphicElement@@V?$allocator@PAVGraphicElement@@@std@@@std@@QAEXI@Z 100332e0 f   TAConfig.obj
 0001:00032300       __unwindfunclet$??0UnicodeSupport@@QAE@PBDKK@Z$0 10033300 f   UnicodeSupport.obj
 0001:0003230e       __unwindfunclet$??0UnicodeSupport@@QAE@PBDKK@Z$1 1003330e f   UnicodeSupport.obj
 0001:00032319       __unwindfunclet$??0UnicodeSupport@@QAE@PBDKK@Z$2 10033319 f   UnicodeSupport.obj
 0001:00032324       __unwindfunclet$??0UnicodeSupport@@QAE@PBDKK@Z$3 10033324 f   UnicodeSupport.obj
 0001:0003232f       __unwindfunclet$??0UnicodeSupport@@QAE@PBDKK@Z$4 1003332f f   UnicodeSupport.obj
 0001:0003233a       __unwindfunclet$??0UnicodeSupport@@QAE@PBDKK@Z$5 1003333a f   UnicodeSupport.obj
 0001:00032345       __unwindfunclet$??0UnicodeSupport@@QAE@PBDKK@Z$6 10033345 f   UnicodeSupport.obj
 0001:00032350       __unwindfunclet$??0UnicodeSupport@@QAE@PBDKK@Z$7 10033350 f   UnicodeSupport.obj
 0001:0003235b       __unwindfunclet$??0UnicodeSupport@@QAE@PBDKK@Z$8 1003335b f   UnicodeSupport.obj
 0001:00032366       __ehhandler$??0UnicodeSupport@@QAE@PBDKK@Z 10033366 f   UnicodeSupport.obj
 0001:00032390       __unwindfunclet$??0LimitCrack@@QAE@XZ$0 10033390 f   LimitCrack.obj
 0001:0003239e       __unwindfunclet$??0LimitCrack@@QAE@XZ$1 1003339e f   LimitCrack.obj
 0001:000323ac       __unwindfunclet$??0LimitCrack@@QAE@XZ$2 100333ac f   LimitCrack.obj
 0001:000323ba       __unwindfunclet$??0LimitCrack@@QAE@XZ$3 100333ba f   LimitCrack.obj
 0001:000323c8       __unwindfunclet$??0LimitCrack@@QAE@XZ$4 100333c8 f   LimitCrack.obj
 0001:000323d6       __unwindfunclet$??0LimitCrack@@QAE@XZ$5 100333d6 f   LimitCrack.obj
 0001:000323e4       __unwindfunclet$??0LimitCrack@@QAE@XZ$6 100333e4 f   LimitCrack.obj
 0001:000323f2       __unwindfunclet$??0LimitCrack@@QAE@XZ$7 100333f2 f   LimitCrack.obj
 0001:00032400       __unwindfunclet$??0LimitCrack@@QAE@XZ$8 10033400 f   LimitCrack.obj
 0001:0003240e       __unwindfunclet$??0LimitCrack@@QAE@XZ$9 1003340e f   LimitCrack.obj
 0001:0003241c       __unwindfunclet$??0LimitCrack@@QAE@XZ$10 1003341c f   LimitCrack.obj
 0001:0003242a       __ehhandler$??0LimitCrack@@QAE@XZ 1003342a f   LimitCrack.obj
 0001:00032460       __unwindfunclet$?WriteWeaponAryPtr@IncreaseWeaponTypeLimit@@AAEPAXPAPAX@Z$0 10033460 f   LimitCrack.obj
 0001:0003246b       __unwindfunclet$?WriteWeaponAryPtr@IncreaseWeaponTypeLimit@@AAEPAXPAPAX@Z$1 1003346b f   LimitCrack.obj
 0001:00032476       __ehhandler$?WriteWeaponAryPtr@IncreaseWeaponTypeLimit@@AAEPAXPAPAX@Z 10033476 f   LimitCrack.obj
 0001:000324a0       __unwindfunclet$?WriteWeaponAryLen@IncreaseWeaponTypeLimit@@AAEKK@Z$0 100334a0 f   LimitCrack.obj
 0001:000324ab       __ehhandler$?WriteWeaponAryLen@IncreaseWeaponTypeLimit@@AAEKK@Z 100334ab f   LimitCrack.obj
 0001:000324d0       __unwindfunclet$?WeaponType_IdLimit@IncreaseWeaponTypeLimit@@AAEXXZ$0 100334d0 f   LimitCrack.obj
 0001:000324db       __unwindfunclet$?WeaponType_IdLimit@IncreaseWeaponTypeLimit@@AAEXXZ$1 100334db f   LimitCrack.obj
 0001:000324e6       __ehhandler$?WeaponType_IdLimit@IncreaseWeaponTypeLimit@@AAEXXZ 100334e6 f   LimitCrack.obj
 0001:00032510       __unwindfunclet$?WriteNewLimit@IncreaseUnitTypeLimit@@AAEXK@Z$0 10033510 f   LimitCrack.obj
 0001:0003251b       __unwindfunclet$?WriteNewLimit@IncreaseUnitTypeLimit@@AAEXK@Z$1 1003351b f   LimitCrack.obj
 0001:00032529       __unwindfunclet$?WriteNewLimit@IncreaseUnitTypeLimit@@AAEXK@Z$2 10033529 f   LimitCrack.obj
 0001:00032537       __unwindfunclet$?WriteNewLimit@IncreaseUnitTypeLimit@@AAEXK@Z$3 10033537 f   LimitCrack.obj
 0001:00032545       __unwindfunclet$?WriteNewLimit@IncreaseUnitTypeLimit@@AAEXK@Z$4 10033545 f   LimitCrack.obj
 0001:00032553       __unwindfunclet$?WriteNewLimit@IncreaseUnitTypeLimit@@AAEXK@Z$5 10033553 f   LimitCrack.obj
 0001:00032561       __unwindfunclet$?WriteNewLimit@IncreaseUnitTypeLimit@@AAEXK@Z$6 10033561 f   LimitCrack.obj
 0001:0003256f       __unwindfunclet$?WriteNewLimit@IncreaseUnitTypeLimit@@AAEXK@Z$7 1003356f f   LimitCrack.obj
 0001:0003257d       __unwindfunclet$?WriteNewLimit@IncreaseUnitTypeLimit@@AAEXK@Z$8 1003357d f   LimitCrack.obj
 0001:0003258b       __unwindfunclet$?WriteNewLimit@IncreaseUnitTypeLimit@@AAEXK@Z$9 1003358b f   LimitCrack.obj
 0001:00032599       __unwindfunclet$?WriteNewLimit@IncreaseUnitTypeLimit@@AAEXK@Z$10 10033599 f   LimitCrack.obj
 0001:000325a7       __ehhandler$?WriteNewLimit@IncreaseUnitTypeLimit@@AAEXK@Z 100335a7 f   LimitCrack.obj
 0001:000325d0       __unwindfunclet$?WriteNewLimit@IncreaseCompositeBuf@@AAEXKK@Z$0 100335d0 f   LimitCrack.obj
 0001:000325db       __ehhandler$?WriteNewLimit@IncreaseCompositeBuf@@AAEXKK@Z 100335db f   LimitCrack.obj
 0001:00032600       __unwindfunclet$?SetNewLimit@IncreaseSfxLimit@@AAEXKK@Z$0 10033600 f   LimitCrack.obj
 0001:0003260b       __unwindfunclet$?SetNewLimit@IncreaseSfxLimit@@AAEXKK@Z$1 1003360b f   LimitCrack.obj
 0001:00032616       __ehhandler$?SetNewLimit@IncreaseSfxLimit@@AAEXKK@Z 10033616 f   LimitCrack.obj
 0001:00032640       __unwindfunclet$?NewUnitLimit@UnitLimit@@AAEXK@Z$0 10033640 f   LimitCrack.obj
 0001:0003264b       __unwindfunclet$?NewUnitLimit@UnitLimit@@AAEXK@Z$1 1003364b f   LimitCrack.obj
 0001:00032656       __unwindfunclet$?NewUnitLimit@UnitLimit@@AAEXK@Z$2 10033656 f   LimitCrack.obj
 0001:00032661       __unwindfunclet$?NewUnitLimit@UnitLimit@@AAEXK@Z$3 10033661 f   LimitCrack.obj
 0001:0003266c       __ehhandler$?NewUnitLimit@UnitLimit@@AAEXK@Z 1003366c f   LimitCrack.obj
 0001:00032690       __unwindfunclet$??0AlliesWhiteboard@@QAE@XZ$0 10033690 f   whiteboard.obj
 0001:0003269e       __unwindfunclet$??0AlliesWhiteboard@@QAE@XZ$1 1003369e f   whiteboard.obj
 0001:000326ac       __unwindfunclet$??0AlliesWhiteboard@@QAE@XZ$2 100336ac f   whiteboard.obj
 0001:000326ba       __ehhandler$??0AlliesWhiteboard@@QAE@XZ 100336ba f   whiteboard.obj
 0001:000326e0       __unwindfunclet$??1AlliesWhiteboard@@QAE@XZ$0 100336e0 f   whiteboard.obj
 0001:000326ee       __unwindfunclet$??1AlliesWhiteboard@@QAE@XZ$1 100336ee f   whiteboard.obj
 0001:000326fc       __unwindfunclet$??1AlliesWhiteboard@@QAE@XZ$2 100336fc f   whiteboard.obj
 0001:0003270a       __ehhandler$??1AlliesWhiteboard@@QAE@XZ 1003370a f   whiteboard.obj
 0001:00032730       __unwindfunclet$?LockBlit@AlliesWhiteboard@@QAEXPADH@Z$0 10033730 f   whiteboard.obj
 0001:00032738       __unwindfunclet$?LockBlit@AlliesWhiteboard@@QAEXPADH@Z$1 10033738 f   whiteboard.obj
 0001:00032740       __unwindfunclet$?LockBlit@AlliesWhiteboard@@QAEXPADH@Z$3 10033740 f   whiteboard.obj
 0001:00032748       __unwindfunclet$?LockBlit@AlliesWhiteboard@@QAEXPADH@Z$4 10033748 f   whiteboard.obj
 0001:00032750       __ehhandler$?LockBlit@AlliesWhiteboard@@QAEXPADH@Z 10033750 f   whiteboard.obj
 0001:00032770       __unwindfunclet$?Message@AlliesWhiteboard@@QAE_NPAUHWND__@@IIJ@Z$0 10033770 f   whiteboard.obj
 0001:0003277b       __unwindfunclet$?Message@AlliesWhiteboard@@QAE_NPAUHWND__@@IIJ@Z$1 1003377b f   whiteboard.obj
 0001:00032786       __ehhandler$?Message@AlliesWhiteboard@@QAE_NPAUHWND__@@IIJ@Z 10033786 f   whiteboard.obj
 0001:000327b0       __unwindfunclet$??0GraphicText@@QAE@HHPADD@Z$0 100337b0 f   whiteboard.obj
 0001:000327b0       __unwindfunclet$??0GraphicTextEdited@@QAE@HHPADD@Z$0 100337b0 f   whiteboard.obj
 0001:000327b8       __ehhandler$??0GraphicTextEdited@@QAE@HHPADD@Z 100337b8 f   whiteboard.obj
 0001:000327b8       __ehhandler$??0GraphicText@@QAE@HHPADD@Z 100337b8 f   whiteboard.obj
 0001:000327e0       __unwindfunclet$?TextInputKeyDown@AlliesWhiteboard@@AAEXH@Z$0 100337e0 f   whiteboard.obj
 0001:000327eb       __ehhandler$?TextInputKeyDown@AlliesWhiteboard@@AAEXH@Z 100337eb f   whiteboard.obj
 0001:00032810       __unwindfunclet$?AddTextMarker@AlliesWhiteboard@@AAEXXZ$0 10033810 f   whiteboard.obj
 0001:0003281b       __unwindfunclet$?AddTextMarker@AlliesWhiteboard@@AAEXXZ$1 1003381b f   whiteboard.obj
 0001:00032826       __ehhandler$?AddTextMarker@AlliesWhiteboard@@AAEXXZ 10033826 f   whiteboard.obj
 0001:00032850       __unwindfunclet$?DrawMarkers@AlliesWhiteboard@@AAEXPAUIDirectDrawSurface@@@Z$0 10033850 f   whiteboard.obj
 0001:00032858       __unwindfunclet$?DrawMarkers@AlliesWhiteboard@@AAEXPAUIDirectDrawSurface@@@Z$1 10033858 f   whiteboard.obj
 0001:00032860       __unwindfunclet$?DrawMarkers@AlliesWhiteboard@@AAEXPAUIDirectDrawSurface@@@Z$3 10033860 f   whiteboard.obj
 0001:00032868       __unwindfunclet$?DrawMarkers@AlliesWhiteboard@@AAEXPAUIDirectDrawSurface@@@Z$4 10033868 f   whiteboard.obj
 0001:00032870       __ehhandler$?DrawMarkers@AlliesWhiteboard@@AAEXPAUIDirectDrawSurface@@@Z 10033870 f   whiteboard.obj
 0001:00032890       __unwindfunclet$?DrawMinimapMarkers@AlliesWhiteboard@@QAEXPADH_N@Z$0 10033890 f   whiteboard.obj
 0001:00032898       __unwindfunclet$?DrawMinimapMarkers@AlliesWhiteboard@@QAEXPADH_N@Z$1 10033898 f   whiteboard.obj
 0001:000328a0       __unwindfunclet$?DrawMinimapMarkers@AlliesWhiteboard@@QAEXPADH_N@Z$6 100338a0 f   whiteboard.obj
 0001:000328a8       __unwindfunclet$?DrawMinimapMarkers@AlliesWhiteboard@@QAEXPADH_N@Z$7 100338a8 f   whiteboard.obj
 0001:000328b0       __unwindfunclet$?DrawMinimapMarkers@AlliesWhiteboard@@QAEXPADH_N@Z$12 100338b0 f   whiteboard.obj
 0001:000328b8       __unwindfunclet$?DrawMinimapMarkers@AlliesWhiteboard@@QAEXPADH_N@Z$13 100338b8 f   whiteboard.obj
 0001:000328c0       __unwindfunclet$?DrawMinimapMarkers@AlliesWhiteboard@@QAEXPADH_N@Z$18 100338c0 f   whiteboard.obj
 0001:000328cb       __unwindfunclet$?DrawMinimapMarkers@AlliesWhiteboard@@QAEXPADH_N@Z$19 100338cb f   whiteboard.obj
 0001:000328d6       __unwindfunclet$?DrawMinimapMarkers@AlliesWhiteboard@@QAEXPADH_N@Z$24 100338d6 f   whiteboard.obj
 0001:000328e1       __unwindfunclet$?DrawMinimapMarkers@AlliesWhiteboard@@QAEXPADH_N@Z$25 100338e1 f   whiteboard.obj
 0001:000328ec       __unwindfunclet$?DrawMinimapMarkers@AlliesWhiteboard@@QAEXPADH_N@Z$30 100338ec f   whiteboard.obj
 0001:000328f7       __unwindfunclet$?DrawMinimapMarkers@AlliesWhiteboard@@QAEXPADH_N@Z$31 100338f7 f   whiteboard.obj
 0001:00032902       __unwindfunclet$?DrawMinimapMarkers@AlliesWhiteboard@@QAEXPADH_N@Z$36 10033902 f   whiteboard.obj
 0001:0003290d       __unwindfunclet$?DrawMinimapMarkers@AlliesWhiteboard@@QAEXPADH_N@Z$37 1003390d f   whiteboard.obj
 0001:00032918       __unwindfunclet$?DrawMinimapMarkers@AlliesWhiteboard@@QAEXPADH_N@Z$42 10033918 f   whiteboard.obj
 0001:00032923       __unwindfunclet$?DrawMinimapMarkers@AlliesWhiteboard@@QAEXPADH_N@Z$43 10033923 f   whiteboard.obj
 0001:0003292e       __unwindfunclet$?DrawMinimapMarkers@AlliesWhiteboard@@QAEXPADH_N@Z$48 1003392e f   whiteboard.obj
 0001:00032939       __unwindfunclet$?DrawMinimapMarkers@AlliesWhiteboard@@QAEXPADH_N@Z$49 10033939 f   whiteboard.obj
 0001:00032944       __unwindfunclet$?DrawMinimapMarkers@AlliesWhiteboard@@QAEXPADH_N@Z$54 10033944 f   whiteboard.obj
 0001:0003294f       __unwindfunclet$?DrawMinimapMarkers@AlliesWhiteboard@@QAEXPADH_N@Z$55 1003394f f   whiteboard.obj
 0001:0003295a       __unwindfunclet$?DrawMinimapMarkers@AlliesWhiteboard@@QAEXPADH_N@Z$60 1003395a f   whiteboard.obj
 0001:00032965       __unwindfunclet$?DrawMinimapMarkers@AlliesWhiteboard@@QAEXPADH_N@Z$61 10033965 f   whiteboard.obj
 0001:00032970       __unwindfunclet$?DrawMinimapMarkers@AlliesWhiteboard@@QAEXPADH_N@Z$66 10033970 f   whiteboard.obj
 0001:0003297b       __unwindfunclet$?DrawMinimapMarkers@AlliesWhiteboard@@QAEXPADH_N@Z$67 1003397b f   whiteboard.obj
 0001:00032986       __ehhandler$?DrawMinimapMarkers@AlliesWhiteboard@@QAEXPADH_N@Z 10033986 f   whiteboard.obj
 0001:000329b0       __unwindfunclet$?GetMarkers@AlliesWhiteboard@@QAEXPAUMarkerArray@@@Z$0 100339b0 f   whiteboard.obj
 0001:000329b8       __unwindfunclet$?GetMarkers@AlliesWhiteboard@@QAEXPAUMarkerArray@@@Z$1 100339b8 f   whiteboard.obj
 0001:000329c0       __unwindfunclet$?GetMarkers@AlliesWhiteboard@@QAEXPAUMarkerArray@@@Z$6 100339c0 f   whiteboard.obj
 0001:000329c8       __unwindfunclet$?GetMarkers@AlliesWhiteboard@@QAEXPAUMarkerArray@@@Z$7 100339c8 f   whiteboard.obj
 0001:000329d0       __ehhandler$?GetMarkers@AlliesWhiteboard@@QAEXPAUMarkerArray@@@Z 100339d0 f   whiteboard.obj
 0001:000329f0       __unwindfunclet$?ReceiveMarkers@AlliesWhiteboard@@AAEXXZ$0 100339f0 f   whiteboard.obj
 0001:000329fb       __ehhandler$?ReceiveMarkers@AlliesWhiteboard@@AAEXXZ 100339fb f   whiteboard.obj
 0001:00032a30       __unwindfunclet$?SendMarkers@AlliesWhiteboard@@AAEXXZ$0 10033a30 f   whiteboard.obj
 0001:00032a3b       __unwindfunclet$?SendMarkers@AlliesWhiteboard@@AAEXXZ$3 10033a3b f   whiteboard.obj
 0001:00032a46       __unwindfunclet$?SendMarkers@AlliesWhiteboard@@AAEXXZ$6 10033a46 f   whiteboard.obj
 0001:00032a51       __unwindfunclet$?SendMarkers@AlliesWhiteboard@@AAEXXZ$9 10033a51 f   whiteboard.obj
 0001:00032a5c       __unwindfunclet$?SendMarkers@AlliesWhiteboard@@AAEXXZ$12 10033a5c f   whiteboard.obj
 0001:00032a67       __unwindfunclet$?SendMarkers@AlliesWhiteboard@@AAEXXZ$15 10033a67 f   whiteboard.obj
 0001:00032a72       __unwindfunclet$?SendMarkers@AlliesWhiteboard@@AAEXXZ$18 10033a72 f   whiteboard.obj
 0001:00032a7d       __unwindfunclet$?SendMarkers@AlliesWhiteboard@@AAEXXZ$21 10033a7d f   whiteboard.obj
 0001:00032a88       __unwindfunclet$?SendMarkers@AlliesWhiteboard@@AAEXXZ$24 10033a88 f   whiteboard.obj
 0001:00032a93       __unwindfunclet$?SendMarkers@AlliesWhiteboard@@AAEXXZ$27 10033a93 f   whiteboard.obj
 0001:00032a9e       __unwindfunclet$?SendMarkers@AlliesWhiteboard@@AAEXXZ$30 10033a9e f   whiteboard.obj
 0001:00032aa9       __unwindfunclet$?SendMarkers@AlliesWhiteboard@@AAEXXZ$33 10033aa9 f   whiteboard.obj
 0001:00032ab4       __ehhandler$?SendMarkers@AlliesWhiteboard@@AAEXXZ 10033ab4 f   whiteboard.obj
 0001:00032ae0       __unwindfunclet$?GetTextElementAt@AlliesWhiteboard@@AAEPAVGraphicElement@@HHH@Z$0 10033ae0 f   whiteboard.obj
 0001:00032ae8       __unwindfunclet$?GetTextElementAt@AlliesWhiteboard@@AAEPAVGraphicElement@@HHH@Z$1 10033ae8 f   whiteboard.obj
 0001:00032af0       __unwindfunclet$?GetTextElementAt@AlliesWhiteboard@@AAEPAVGraphicElement@@HHH@Z$3 10033af0 f   whiteboard.obj
 0001:00032af8       __unwindfunclet$?GetTextElementAt@AlliesWhiteboard@@AAEPAVGraphicElement@@HHH@Z$4 10033af8 f   whiteboard.obj
 0001:00032b00       __ehhandler$?GetTextElementAt@AlliesWhiteboard@@AAEPAVGraphicElement@@HHH@Z 10033b00 f   whiteboard.obj
 0001:00032b20       __unwindfunclet$?back@?$deque@UMMHS@AlliesWhiteboard@@V?$allocator@UMMHS@AlliesWhiteboard@@@std@@@std@@QAEAAUMMHS@AlliesWhiteboard@@XZ$0 10033b20 f   whiteboard.obj
 0001:00032b28       __unwindfunclet$?back@?$deque@UMMHS@AlliesWhiteboard@@V?$allocator@UMMHS@AlliesWhiteboard@@@std@@@std@@QAEAAUMMHS@AlliesWhiteboard@@XZ$1 10033b28 f   whiteboard.obj
 0001:00032b30       __ehhandler$?back@?$deque@UMMHS@AlliesWhiteboard@@V?$allocator@UMMHS@AlliesWhiteboard@@@std@@@std@@QAEAAUMMHS@AlliesWhiteboard@@XZ 10033b30 f   whiteboard.obj
 0001:00032b50       __unwindfunclet$??1?$_Deque_val@UTAShareMemStruct@CDDDTA@@V?$allocator@UTAShareMemStruct@CDDDTA@@@std@@@std@@QAE@XZ$0 10033b50 f   whiteboard.obj
 0001:00032b50       __unwindfunclet$??1?$_Deque_val@PAVGraphicElement@@V?$allocator@PAVGraphicElement@@@std@@@std@@QAE@XZ$0 10033b50 f   whiteboard.obj
 0001:00032b50       __unwindfunclet$??1?$_Deque_val@UMMHS@AlliesWhiteboard@@V?$allocator@UMMHS@AlliesWhiteboard@@@std@@@std@@QAE@XZ$0 10033b50 f   whiteboard.obj
 0001:00032b58       __ehhandler$??1?$_Deque_val@UMMHS@AlliesWhiteboard@@V?$allocator@UMMHS@AlliesWhiteboard@@@std@@@std@@QAE@XZ 10033b58 f   whiteboard.obj
 0001:00032b58       __ehhandler$??1?$_Deque_val@UTAShareMemStruct@CDDDTA@@V?$allocator@UTAShareMemStruct@CDDDTA@@@std@@@std@@QAE@XZ 10033b58 f   whiteboard.obj
 0001:00032b58       __ehhandler$??1?$_Deque_val@PAVGraphicElement@@V?$allocator@PAVGraphicElement@@@std@@@std@@QAE@XZ 10033b58 f   whiteboard.obj
 0001:00032b80       __unwindfunclet$??1InlineSingleHook@@QAE@XZ$0 10033b80 f   InlineHook.obj
 0001:00032b88       __ehhandler$??1InlineSingleHook@@QAE@XZ 10033b88 f   InlineHook.obj
 0001:00032bb0       __unwindfunclet$??1CElementHandler@@UAE@XZ$0 10033bb0 f   ElementHandler.obj
 0001:00032bc9       __ehhandler$??1CElementHandler@@UAE@XZ 10033bc9 f   ElementHandler.obj
 0001:00032bf0       __unwindfunclet$?DeleteBetween@CElementHandler@@QAEXHHHH@Z$0 10033bf0 f   ElementHandler.obj
 0001:00032bf8       __unwindfunclet$?DeleteBetween@CElementHandler@@QAEXHHHH@Z$2 10033bf8 f   ElementHandler.obj
 0001:00032c00       __ehhandler$?DeleteBetween@CElementHandler@@QAEXHHHH@Z 10033c00 f   ElementHandler.obj
 0001:00032c20       __unwindfunclet$?GetArea@CElementHandler@@QAE?AV?$vector@PAVGraphicElement@@V?$allocator@PAVGraphicElement@@@std@@@std@@HHHH@Z$0 10033c20 f   ElementHandler.obj
 0001:00032c28       __unwindfunclet$?GetArea@CElementHandler@@QAE?AV?$vector@PAVGraphicElement@@V?$allocator@PAVGraphicElement@@@std@@@std@@HHHH@Z$3 10033c28 f   ElementHandler.obj
 0001:00032c30       __unwindfunclet$?GetArea@CElementHandler@@QAE?AV?$vector@PAVGraphicElement@@V?$allocator@PAVGraphicElement@@@std@@@std@@HHHH@Z$1 10033c30 f   ElementHandler.obj
 0001:00032c49       __unwindfunclet$?GetArea@CElementHandler@@QAE?AV?$vector@PAVGraphicElement@@V?$allocator@PAVGraphicElement@@@std@@@std@@HHHH@Z$4 10033c49 f   ElementHandler.obj
 0001:00032c51       __ehhandler$?GetArea@CElementHandler@@QAE?AV?$vector@PAVGraphicElement@@V?$allocator@PAVGraphicElement@@@std@@@std@@HHHH@Z 10033c51 f   ElementHandler.obj
 0001:00032c70       __unwindfunclet$?MoveTextElement@CElementHandler@@QAEPAVGraphicElement@@PAV2@HH@Z$2 10033c70 f   ElementHandler.obj
 0001:00032c7b       __ehhandler$?MoveTextElement@CElementHandler@@QAEPAVGraphicElement@@PAV2@HH@Z 10033c7b f   ElementHandler.obj
 0001:00032ca0       __unwindfunclet$??1?$list@PAVGraphicElement@@V?$allocator@PAVGraphicElement@@@std@@@std@@QAE@XZ$0 10033ca0 f   ElementHandler.obj
 0001:00032ca8       __ehhandler$??1?$list@PAVGraphicElement@@V?$allocator@PAVGraphicElement@@@std@@@std@@QAE@XZ 10033ca8 f   ElementHandler.obj
 0001:00032cd0       __ehhandler$?_Buynode@?$_List_val@PAVGraphicElement@@V?$allocator@PAVGraphicElement@@@std@@@std@@QAEPAU_Node@?$_List_nod@PAVGraphicElement@@V?$allocator@PAVGraphicElement@@@std@@@2@PAU342@0ABQAVGraphicElement@@@Z 10033cd0 f   ElementHandler.obj
 0001:00032ceb       __ehhandler$?CallUnexpected@@YAXPBU_s_ESTypeList@@@Z 10033ceb f   LIBCMT:frame.obj
 0001:00032d10       ??__Fnomem@?5???2@YAPAXI@Z@YAXXZ 10033d10 f   LIBCMT:new.obj
