 ddraw

 Timestamp is 4f53cb5d (Mon Mar 05 04:06:53 2012)

 Preferred load address is 10000000

 Start         Length     Name                   Class
 0001:00000000 00027e18H .text                   CODE
 0001:00027e20 00000b76H .text$x                 CODE
 0001:00028996 00000014H .text$yd                CODE
 0002:00000000 000001bcH .idata$5                DATA
 0002:000001bc 00000004H .CRT$XCA                DATA
 0002:000001c0 00000004H .CRT$XCZ                DATA
 0002:000001c4 00000004H .CRT$XIA                DATA
 0002:000001c8 00000014H .CRT$XIC                DATA
 0002:000001dc 00000004H .CRT$XIZ                DATA
 0002:000001e0 00000004H .CRT$XPA                DATA
 0002:000001e4 00000004H .CRT$XPX                DATA
 0002:000001e8 00000004H .CRT$XPXA               DATA
 0002:000001ec 00000004H .CRT$XPZ                DATA
 0002:000001f0 00000004H .CRT$XTA                DATA
 0002:000001f4 00000004H .CRT$XTZ                DATA
 0002:00000200 00004570H .rdata                  DATA
 0002:00004770 0000063cH .rdata$r                DATA
 0002:00004db0 000000bcH .rdata$sxdata           DATA
 0002:00004e6c 00000004H .rtc$IAA                DATA
 0002:00004e70 00000004H .rtc$IMZ                DATA
 0002:00004e74 00000004H .rtc$IZZ                DATA
 0002:00004e78 00000004H .rtc$TAA                DATA
 0002:00004e7c 00000004H .rtc$TMZ                DATA
 0002:00004e80 00000004H .rtc$TZZ                DATA
 0002:00004e88 000011fcH .xdata$x                DATA
 0002:00006084 00000064H .idata$2                DATA
 0002:000060e8 00000014H .idata$3                DATA
 0002:000060fc 000001bcH .idata$4                DATA
 0002:000062b8 000007b0H .idata$6                DATA
 0002:00006a70 0000004dH .edata                  DATA
 0003:00000000 000031f0H .data                   DATA
 0003:00003200 000020a0H .bss                    DATA
 0004:00000000 00000310H .rsrc$01                DATA
 0004:00000310 0001d7b0H .rsrc$02                DATA

  Address         Publics by Value              Rva+Base       Lib:Object

 0000:00000000       __except_list              00000000     <absolute>
 0000:0000002f       ___safe_se_handler_count   0000002f     <absolute>
 0000:00000000       ___ImageBase               10000000     <linker-defined>
 0001:00000000       _DllMain@12                10001000 f   ddraw.obj
 0001:000004a0       ?GetSysDir@@YGXXZ          100014a0 f   ddraw.obj
 0001:00000510       ?DirectDrawCreate@@YGJPAU_GUID@@PAPAUIDirectDraw@@PAUIUnknown@@@Z 10001510 f   ddraw.obj
 0001:00000600       ?OutptTxt@@YGXPAD@Z        10001600 f   ddraw.obj
 0001:00000600       ?OutptTxt@IDDrawSurface@@SGXPAD@Z 10001600 f   iddrawsurface.obj
 0001:00000600       ?OutptInt@IDDrawSurface@@SGXH@Z 10001600 f   iddrawsurface.obj
 0001:00000610       ?SetupFileMap@@YG_NXZ      10001610 f   ddraw.obj
 0001:00000690       ?SetupLocalFileMap@@YG_NXZ 10001690 f   ddraw.obj
 0001:00000720       ?ShutdownLocalFileMap@@YGXXZ 10001720 f   ddraw.obj
 0001:00000750       ?SetupTAHookFileMap@@YGXXZ 10001750 f   ddraw.obj
 0001:000007b0       ?ShutDownTAHookFileMap@@YGXXZ 100017b0 f   ddraw.obj
 0001:000007e0       ?EnableSound@@YGXXZ        100017e0 f   ddraw.obj
 0001:00000810       ??0ExternQuickKey@@QAE@XZ  10001810 f   ExternQuickKey.obj
 0001:00000880       ??1ExternQuickKey@@QAE@XZ  10001880 f   ExternQuickKey.obj
 0001:000008d0       ?Message@ExternQuickKey@@QAE_NPAUHWND__@@IIJ@Z 100018d0 f   ExternQuickKey.obj
 0001:00000a60       ?SelectOnlyInScreenSameTypeUnit@ExternQuickKey@@AAEHH@Z 10001a60 f   ExternQuickKey.obj
 0001:00000c80       ?SelectOnlyInScreenWeaponUnit@ExternQuickKey@@AAEHI@Z 10001c80 f   ExternQuickKey.obj
 0001:00000dd0       ?SetIDMaskInTypeAry@ExternQuickKey@@AAE_NGQAK@Z 10001dd0 f   ExternQuickKey.obj
 0001:00000e20       ?MatchInTypeAry@ExternQuickKey@@AAE_NGQAK@Z 10001e20 f   ExternQuickKey.obj
 0001:00000e60       ?FilterSelectedUnit@ExternQuickKey@@QAEHW4TAUnitType@@@Z 10001e60 f   ExternQuickKey.obj
 0001:00001130       ?AddtionRoutine_CircleSelect@@YGHPAUtagInlineX86StackBuffer@@@Z 10002130 f   ExternQuickKey.obj
 0001:00001270       ?ViewPlayerLos_Replay@@YGHH@Z 10002270 f   HardCodeFunctions.obj
 0001:000013f0       ?UpdateTAProcess@@YGHXZ    100023f0 f   HardCodeFunctions.obj
 0001:00001470       ?GetUnitIDMaskAryByCategory@@YGPAKPAD@Z 10002470 f   HardCodeFunctions.obj
 0001:00001500       ?UpdateSelectUnitEffect@@YGXXZ 10002500 f   HardCodeFunctions.obj
 0001:00001540       ?ApplySelectUnitMenu_Wapper@@YGXXZ 10002540 f   HardCodeFunctions.obj
 0001:00001570       ?DeselectUnits@@YGXXZ      10002570 f   HardCodeFunctions.obj
 0001:000015f0       ??_EModifyHook@@UAEPAXI@Z  100025f0 f i ModifyHook.obj
 0001:000015f0       ??_GModifyHook@@UAEPAXI@Z  100025f0 f i ModifyHook.obj
 0001:00001620       ??0ModifyHook@@QAE@IHKPAEKK@Z 10002620 f   ModifyHook.obj
 0001:000016e0       ??1ModifyHook@@UAE@XZ      100026e0 f   ModifyHook.obj
 0001:000017b0       ?InitHookClass@ModifyHook@@AAEXPAEHK0KK@Z 100027b0 f   ModifyHook.obj
 0001:000019e0       ?Hook@ModifyHook@@UAEXXZ   100029e0 f   ModifyHook.obj
 0001:00001b00       ??0IDDraw@@QAE@PAUIDirectDraw@@_N@Z 10002b00 f   iddraw.obj
 0001:00001ba0       ?QueryInterface@IDDraw@@UAGJABU_GUID@@PAPAX@Z 10002ba0 f   iddraw.obj
 0001:00001bd0       ?AddRef@IDDraw@@UAGKXZ     10002bd0 f   iddraw.obj
 0001:00001c00       ?Release@IDDraw@@UAGKXZ    10002c00 f   iddraw.obj
 0001:00001c50       ?Compact@IDDraw@@UAGJXZ    10002c50 f   iddraw.obj
 0001:00001c80       ?CreateClipper@IDDraw@@UAGJKPAPAUIDirectDrawClipper@@PAUIUnknown@@@Z 10002c80 f   iddraw.obj
 0001:00001cc0       ?CreatePalette@IDDraw@@UAGJKPAUtagPALETTEENTRY@@PAPAUIDirectDrawPalette@@PAUIUnknown@@@Z 10002cc0 f   iddraw.obj
 0001:00001d00       ?CreateSurface@IDDraw@@UAGJPAU_DDSURFACEDESC@@PAPAUIDirectDrawSurface@@PAUIUnknown@@@Z 10002d00 f   iddraw.obj
 0001:00001de0       ?DuplicateSurface@IDDraw@@UAGJPAUIDirectDrawSurface@@PAPAU2@@Z 10002de0 f   iddraw.obj
 0001:00001e10       ?EnumDisplayModes@IDDraw@@UAGJKPAU_DDSURFACEDESC@@PAXP6GJ01@Z@Z 10002e10 f   iddraw.obj
 0001:00001e50       ?EnumSurfaces@IDDraw@@UAGJKPAU_DDSURFACEDESC@@PAXP6GJPAUIDirectDrawSurface@@01@Z@Z 10002e50 f   iddraw.obj
 0001:00001e90       ?FlipToGDISurface@IDDraw@@UAGJXZ 10002e90 f   iddraw.obj
 0001:00001ec0       ?GetCaps@IDDraw@@UAGJPAU_DDCAPS_DX7@@0@Z 10002ec0 f   iddraw.obj
 0001:00001ef0       ?GetDisplayMode@IDDraw@@UAGJPAU_DDSURFACEDESC@@@Z 10002ef0 f   iddraw.obj
 0001:00001f20       ?GetFourCCCodes@IDDraw@@UAGJPAK0@Z 10002f20 f   iddraw.obj
 0001:00001f50       ?GetGDISurface@IDDraw@@UAGJPAPAUIDirectDrawSurface@@@Z 10002f50 f   iddraw.obj
 0001:00001f80       ?GetMonitorFrequency@IDDraw@@UAGJPAK@Z 10002f80 f   iddraw.obj
 0001:00001fb0       ?GetScanLine@IDDraw@@UAGJPAK@Z 10002fb0 f   iddraw.obj
 0001:00001fe0       ?GetVerticalBlankStatus@IDDraw@@UAGJPAH@Z 10002fe0 f   iddraw.obj
 0001:00002010       ?Initialize@IDDraw@@UAGJPAU_GUID@@@Z 10003010 f   iddraw.obj
 0001:00002040       ?RestoreDisplayMode@IDDraw@@UAGJXZ 10003040 f   iddraw.obj
 0001:00002070       ?SetCooperativeLevel@IDDraw@@UAGJPAUHWND__@@K@Z 10003070 f   iddraw.obj
 0001:000020d0       ?SetDisplayMode@IDDraw@@UAGJKKK@Z 100030d0 f   iddraw.obj
 0001:00002140       ?WaitForVerticalBlank@IDDraw@@UAGJKPAX@Z 10003140 f   iddraw.obj
 0001:00002170       ??0IDDrawSurface@@QAE@PAUIDirectDrawSurface@@_NHH@Z 10003170 f   iddrawsurface.obj
 0001:00002600       ?QueryInterface@IDDrawSurface@@UAGJABU_GUID@@PAPAX@Z 10003600 f   iddrawsurface.obj
 0001:00002630       ?AddRef@IDDrawSurface@@UAGKXZ 10003630 f   iddrawsurface.obj
 0001:00002660       ?Release@IDDrawSurface@@UAGKXZ 10003660 f   iddrawsurface.obj
 0001:000029c0       ?AddAttachedSurface@IDDrawSurface@@UAGJPAUIDirectDrawSurface@@@Z 100039c0 f   iddrawsurface.obj
 0001:000029f0       ?AddOverlayDirtyRect@IDDrawSurface@@UAGJPAUtagRECT@@@Z 100039f0 f   iddrawsurface.obj
 0001:00002a20       ?Blt@IDDrawSurface@@UAGJPAUtagRECT@@PAUIDirectDrawSurface@@0KPAU_DDBLTFX@@@Z 10003a20 f   iddrawsurface.obj
 0001:00002a60       ?BltBatch@IDDrawSurface@@UAGJPAU_DDBLTBATCH@@KK@Z 10003a60 f   iddrawsurface.obj
 0001:00002aa0       ?BltFast@IDDrawSurface@@UAGJKKPAUIDirectDrawSurface@@PAUtagRECT@@K@Z 10003aa0 f   iddrawsurface.obj
 0001:00002ae0       ?DeleteAttachedSurface@IDDrawSurface@@UAGJKPAUIDirectDrawSurface@@@Z 10003ae0 f   iddrawsurface.obj
 0001:00002b10       ?EnumAttachedSurfaces@IDDrawSurface@@UAGJPAXP6GJPAUIDirectDrawSurface@@PAU_DDSURFACEDESC@@0@Z@Z 10003b10 f   iddrawsurface.obj
 0001:00002b40       ?EnumOverlayZOrders@IDDrawSurface@@UAGJKPAXP6GJPAUIDirectDrawSurface@@PAU_DDSURFACEDESC@@0@Z@Z 10003b40 f   iddrawsurface.obj
 0001:00002b80       ?Flip@IDDrawSurface@@UAGJPAUIDirectDrawSurface@@K@Z 10003b80 f   iddrawsurface.obj
 0001:00002bb0       ?GetAttachedSurface@IDDrawSurface@@UAGJPAU_DDSCAPS@@PAPAUIDirectDrawSurface@@@Z 10003bb0 f   iddrawsurface.obj
 0001:00002c10       ?GetBltStatus@IDDrawSurface@@UAGJK@Z 10003c10 f   iddrawsurface.obj
 0001:00002c40       ?GetCaps@IDDrawSurface@@UAGJPAU_DDSCAPS@@@Z 10003c40 f   iddrawsurface.obj
 0001:00002c70       ?GetClipper@IDDrawSurface@@UAGJPAPAUIDirectDrawClipper@@@Z 10003c70 f   iddrawsurface.obj
 0001:00002ca0       ?GetColorKey@IDDrawSurface@@UAGJKPAU_DDCOLORKEY@@@Z 10003ca0 f   iddrawsurface.obj
 0001:00002cd0       ?GetDC@IDDrawSurface@@UAGJPAPAUHDC__@@@Z 10003cd0 f   iddrawsurface.obj
 0001:00002d00       ?GetFlipStatus@IDDrawSurface@@UAGJK@Z 10003d00 f   iddrawsurface.obj
 0001:00002d30       ?GetOverlayPosition@IDDrawSurface@@UAGJPAJ0@Z 10003d30 f   iddrawsurface.obj
 0001:00002d60       ?GetPalette@IDDrawSurface@@UAGJPAPAUIDirectDrawPalette@@@Z 10003d60 f   iddrawsurface.obj
 0001:00002d90       ?GetPixelFormat@IDDrawSurface@@UAGJPAU_DDPIXELFORMAT@@@Z 10003d90 f   iddrawsurface.obj
 0001:00002dc0       ?GetSurfaceDesc@IDDrawSurface@@UAGJPAU_DDSURFACEDESC@@@Z 10003dc0 f   iddrawsurface.obj
 0001:00002df0       ?Initialize@IDDrawSurface@@UAGJPAUIDirectDraw@@PAU_DDSURFACEDESC@@@Z 10003df0 f   iddrawsurface.obj
 0001:00002e20       ?IsLost@IDDrawSurface@@UAGJXZ 10003e20 f   iddrawsurface.obj
 0001:00002e50       ?Lock@IDDrawSurface@@UAGJPAUtagRECT@@PAU_DDSURFACEDESC@@KPAX@Z 10003e50 f   iddrawsurface.obj
 0001:00002ec0       ?ReleaseDC@IDDrawSurface@@UAGJPAUHDC__@@@Z 10003ec0 f   iddrawsurface.obj
 0001:00002ef0       ?Restore@IDDrawSurface@@UAGJXZ 10003ef0 f   iddrawsurface.obj
 0001:00002f20       ?SetClipper@IDDrawSurface@@UAGJPAUIDirectDrawClipper@@@Z 10003f20 f   iddrawsurface.obj
 0001:00002f50       ?SetColorKey@IDDrawSurface@@UAGJKPAU_DDCOLORKEY@@@Z 10003f50 f   iddrawsurface.obj
 0001:00002f80       ?SetOverlayPosition@IDDrawSurface@@UAGJJJ@Z 10003f80 f   iddrawsurface.obj
 0001:00002fb0       ?SetPalette@IDDrawSurface@@UAGJPAUIDirectDrawPalette@@@Z 10003fb0 f   iddrawsurface.obj
 0001:00002ff0       ?Unlock@IDDrawSurface@@UAGJPAX@Z 10003ff0 f   iddrawsurface.obj
 0001:00003320       ?UpdateOverlay@IDDrawSurface@@UAGJPAUtagRECT@@PAUIDirectDrawSurface@@0KPAU_DDOVERLAYFX@@@Z 10004320 f   iddrawsurface.obj
 0001:00003360       ?UpdateOverlayDisplay@IDDrawSurface@@UAGJK@Z 10004360 f   iddrawsurface.obj
 0001:00003390       ?UpdateOverlayZOrder@IDDrawSurface@@UAGJKPAUIDirectDrawSurface@@@Z 10004390 f   iddrawsurface.obj
 0001:000033c0       ?ReplaceTAProc@IDDrawSurface@@AAEXXZ 100043c0 f   iddrawsurface.obj
 0001:000033f0       ?Set@IDDrawSurface@@QAEX_N@Z 100043f0 f   iddrawsurface.obj
 0001:00003410       ?CreateClipplist@IDDrawSurface@@QAEXXZ 10004410 f   iddrawsurface.obj
 0001:000035f0       ?ScreenShot@IDDrawSurface@@QAEXXZ 100045f0 f   iddrawsurface.obj
 0001:00003870       ?CreateFileName@IDDrawSurface@@AAEXPADH@Z 10004870 f   iddrawsurface.obj
 0001:00003af0       ?CreateDir@IDDrawSurface@@QAEXPAD@Z 10004af0 f   iddrawsurface.obj
 0001:00003bb0       ?CorrectName@IDDrawSurface@@QAEXPAD@Z 10004bb0 f   iddrawsurface.obj
 0001:00003c10       ?DeInterlace@IDDrawSurface@@AAEXXZ 10004c10 f   iddrawsurface.obj
 0001:00003cc0       ?WinProc@@YGJPAUHWND__@@IIJ@Z 10004cc0 f   iddrawsurface.obj
 0001:00004030       ??0CDDDTA@@QAE@XZ          10005030 f   dddta.obj
 0001:00004120       ??1CDDDTA@@QAE@XZ          10005120 f   dddta.obj
 0001:000041b0       ?DeInitDDDTA@CDDDTA@@QAEXXZ 100051b0 f   dddta.obj
 0001:00004250       ?Blit@CDDDTA@@QAEXPAUIDirectDrawSurface@@@Z 10005250 f   dddta.obj
 0001:000043a0       ?InitDDDTA@CDDDTA@@AAEXXZ  100053a0 f   dddta.obj
 0001:00004740       ?Message@CDDDTA@@QAE_NPAUHWND__@@IIJ@Z 10005740 f   dddta.obj
 0001:00004810       ?FrameUpdate@CDDDTA@@QAEXXZ 10005810 f   dddta.obj
 0001:00004960       ?WriteUnits@CDDDTA@@AAEXXZ 10005960 f   dddta.obj
 0001:00004a70       ?WriteProjectiles@CDDDTA@@AAEXXZ 10005a70 f   dddta.obj
 0001:00004c70       ?WriteExplosion@CDDDTA@@AAEXXZ 10005c70 f   dddta.obj
 0001:00004fe0       ?WriteSmoke@CDDDTA@@AAEXXZ 10005fe0 f   dddta.obj
 0001:00005280       ?SetActiveUnit@CDDDTA@@AAEXPAUOwnUnitBegin@@PAUUnitStruct@@@Z 10006280 f i dddta.obj
 0001:00005380       ?WriteSubPart@CDDDTA@@AAEXPAUSubPart@@PAUPrimitiveStruct@@@Z 10006380 f   dddta.obj
 0001:00005480       ?CheckMessages@CDDDTA@@AAEXXZ 10006480 f   dddta.obj
 0001:000055d0       ?CreateSharedTAMem@CDDDTA@@AAEXHHPAD@Z 100065d0 f   dddta.obj
 0001:00005700       ?RestoreAllSharedTAMem@CDDDTA@@AAEXXZ 10006700 f   dddta.obj
 0001:00005a60       ?SendTextToSpring@CDDDTA@@QAEXPBD@Z 10006a60 f   dddta.obj
 0001:00005b00       ?ChatStrnCpy@@YAPADPADPBDI@Z 10006b00 f   dddta.obj
 0001:00005b40       ?DeleteMem@@YAXPAX@Z       10006b40 f   dddta.obj
 0001:00005b70       ??1?$deque@UTAShareMemStruct@CDDDTA@@V?$allocator@UTAShareMemStruct@CDDDTA@@@std@@@std@@QAE@XZ 10006b70 f i dddta.obj
 0001:00005bf0       ?push_front@?$deque@UTAShareMemStruct@CDDDTA@@V?$allocator@UTAShareMemStruct@CDDDTA@@@std@@@std@@QAEXABUTAShareMemStruct@CDDDTA@@@Z 10006bf0 f i dddta.obj
 0001:00005d10       ?_Growmap@?$deque@UTAShareMemStruct@CDDDTA@@V?$allocator@UTAShareMemStruct@CDDDTA@@@std@@@std@@IAEXI@Z 10006d10 f i dddta.obj
 0001:000060b0       ?_Tidy@?$deque@UTAShareMemStruct@CDDDTA@@V?$allocator@UTAShareMemStruct@CDDDTA@@@std@@@std@@IAEXXZ 100070b0 f i dddta.obj
 0001:00006180       ?pop_back@?$deque@UTAShareMemStruct@CDDDTA@@V?$allocator@UTAShareMemStruct@CDDDTA@@@std@@@std@@QAEXXZ 10007180 f i dddta.obj
 0001:00006230       ??D?$_Deque_const_iterator@UTAShareMemStruct@CDDDTA@@V?$allocator@UTAShareMemStruct@CDDDTA@@@std@@@std@@QBEABUTAShareMemStruct@CDDDTA@@XZ 10007230 f i dddta.obj
 0001:000062b0       ??$_Cons_val@V?$allocator@UTAShareMemStruct@CDDDTA@@@std@@UTAShareMemStruct@CDDDTA@@ABU34@@std@@YGXAAV?$allocator@UTAShareMemStruct@CDDDTA@@@0@PAUTAShareMemStruct@CDDDTA@@ABU23@@Z 100072b0 f i dddta.obj
 0001:00006310       ??$_Cons_val@V?$allocator@U_Container_proxy@std@@@std@@U_Container_proxy@2@U32@@std@@YGXAAV?$allocator@U_Container_proxy@std@@@0@PAU_Container_proxy@0@$$QAU20@@Z 10007310 f i dddta.obj
 0001:00006350       ??$_Allocate@UTAShareMemStruct@CDDDTA@@@std@@YGPAUTAShareMemStruct@CDDDTA@@IPAU12@@Z 10007350 f i dddta.obj
 0001:000063c0       ??1bad_alloc@std@@UAE@XZ   100073c0 f i dddta.obj
 0001:000063e0       ??_Gbad_alloc@std@@UAEPAXI@Z 100073e0 f i dddta.obj
 0001:000063e0       ??_Ebad_alloc@std@@UAEPAXI@Z 100073e0 f i dddta.obj
 0001:00006420       ??$_Allocate@U_Container_proxy@std@@@std@@YGPAU_Container_proxy@0@IPAU10@@Z 10007420 f i dddta.obj
 0001:00006490       ??0bad_alloc@std@@QAE@ABV01@@Z 10007490 f i dddta.obj
 0001:000064c0       ??0CChangeQueue@@QAE@XZ    100074c0 f   changequeue.obj
 0001:00006500       ??0CIncome@@QAE@XZ         10007500 f   cinomce.obj
 0001:000065b0       ??1CIncome@@QAE@XZ         100075b0 f   cinomce.obj
 0001:000065e0       ?BlitIncome@CIncome@@QAEXPAUIDirectDrawSurface@@@Z 100075e0 f   cinomce.obj
 0001:000068a0       ?ShowAllIncome@CIncome@@AAEHXZ 100078a0 f   cinomce.obj
 0001:00006990       ?ShowAllyIncome@CIncome@@AAEHXZ 10007990 f   cinomce.obj
 0001:00006a60       ?ShowMyViewIncome@CIncome@@AAEXHH@Z 10007a60 f   cinomce.obj
 0001:00006b30       ?ShowPlayerIncome@CIncome@@AAEXHHH@Z 10007b30 f   cinomce.obj
 0001:00006e30       ?DrawStorageText@CIncome@@AAEHMHH@Z 10007e30 f   cinomce.obj
 0001:00006f40       ?DrawTextA@CIncome@@AAEXPADHHD@Z 10007f40 f   cinomce.obj
 0001:000070a0       ?PaintStoragebar@CIncome@@AAEXHHHH@Z 100080a0 f   cinomce.obj
 0001:00007270       ?FillRect@CIncome@@AAEXD@Z 10008270 f   cinomce.obj
 0001:000072e0       ?Set@CIncome@@QAEXH@Z      100082e0 f   cinomce.obj
 0001:00007300       ?ReadPos@CIncome@@AAEXXZ   10008300 f   cinomce.obj
 0001:000073b0       ?WritePos@CIncome@@AAEXXZ  100083b0 f   cinomce.obj
 0001:00007430       ?Message@CIncome@@QAE_NPAUHWND__@@IIJ@Z 10008430 f   cinomce.obj
 0001:00007890       ?CorrectPos@CIncome@@AAEXXZ 10008890 f   cinomce.obj
 0001:00007920       ?GetPlayerColor@CIncome@@AAEEH@Z 10008920 f   cinomce.obj
 0001:000079b0       ?DrawPlayerRect@CIncome@@AAEXHHD@Z 100089b0 f   cinomce.obj
 0001:00007a10       ??$sprintf_s@$0GE@@@YAHAAY0GE@DPBDZZ 10008a10 f i cinomce.obj
 0001:00007a40       ??0CWarp@@QAE@XZ           10008a40 f   commanderwarp.obj
 0001:00007ad0       ??1CWarp@@QAE@XZ           10008ad0 f   commanderwarp.obj
 0001:00007b00       ?SetPos@CWarp@@AAEXHH@Z    10008b00 f   commanderwarp.obj
 0001:00007b60       ?Message@CWarp@@QAE_NPAUHWND__@@IIJ@Z 10008b60 f   commanderwarp.obj
 0001:00007dc0       ?Blit@CWarp@@QAEXPAUIDirectDrawSurface@@@Z 10008dc0 f   commanderwarp.obj
 0001:00007ef0       ?WithinButton@CWarp@@AAE_NHH@Z 10008ef0 f   commanderwarp.obj
 0001:00007f40       ?BlitBtn@CWarp@@AAEXPAUIDirectDrawSurface@@@Z 10008f40 f   commanderwarp.obj
 0001:00008050       ??0Dialog@@QAE@XZ          10009050 f   dialog.obj
 0001:00008200       ??1Dialog@@QAE@XZ          10009200 f   dialog.obj
 0001:00008390       ?ShowDialog@Dialog@@QAEXXZ 10009390 f   dialog.obj
 0001:000083d0       ?HideDialog@Dialog@@QAEXXZ 100093d0 f   dialog.obj
 0001:00008400       ?BlitDialog@Dialog@@QAEXPAUIDirectDrawSurface@@@Z 10009400 f   dialog.obj
 0001:00008510       ?RestoreAll@Dialog@@AAEXXZ 10009510 f   dialog.obj
 0001:000086b0       ?Message@Dialog@@QAE_NPAUHWND__@@IIJ@Z 100096b0 f   dialog.obj
 0001:00009520       ?RenderDialog@Dialog@@AAEXXZ 1000a520 f   dialog.obj
 0001:00009670       ?Inside@Dialog@@AAE_NHHH@Z 1000a670 f   dialog.obj
 0001:000098b0       ?DrawTextA@Dialog@@QAEXPAUIDirectDrawSurface@@HHPAD@Z 1000a8b0 f   dialog.obj
 0001:00009b70       ?DrawSmallText@Dialog@@QAEXPAUIDirectDrawSurface@@HHPAD@Z 1000ab70 f   dialog.obj
 0001:00009e30       ?SetAll@Dialog@@AAEXXZ     1000ae30 f   dialog.obj
 0001:00009ef0       ?ReadPos@Dialog@@AAEXXZ    1000aef0 f   dialog.obj
 0001:00009f80       ?WriteSettings@Dialog@@AAEXXZ 1000af80 f   dialog.obj
 0001:0000a0d0       ?ReadSettings@Dialog@@AAEXXZ 1000b0d0 f   dialog.obj
 0001:0000a2f0       ?WritePos@Dialog@@AAEXXZ   1000b2f0 f   dialog.obj
 0001:0000a370       ?CorrectPos@Dialog@@AAEXXZ 1000b370 f   dialog.obj
 0001:0000a400       ?DrawTinyText@Dialog@@AAEXPADHHD@Z 1000b400 f   dialog.obj
 0001:0000a4f0       ?FillRect@Dialog@@AAEXHHHHD@Z 1000b4f0 f   dialog.obj
 0001:0000a560       ?DrawBackgroundButton@Dialog@@AAEXXZ 1000b560 f   dialog.obj
 0001:0000a6f0       ?DrawKeyCode@Dialog@@AAEXXZ 1000b6f0 f   dialog.obj
 0001:0000a840       ?DrawShareBox@Dialog@@AAEXXZ 1000b840 f   dialog.obj
 0001:0000ab60       ?DrawOptimizeDT@Dialog@@AAEXXZ 1000bb60 f   dialog.obj
 0001:0000ac40       ?DrawVSync@Dialog@@AAEXXZ  1000bc40 f   dialog.obj
 0001:0000adc0       ?DrawFullRings@Dialog@@AAEXXZ 1000bdc0 f   dialog.obj
 0001:0000aea0       ?DrawWhiteboardKey@Dialog@@AAEXXZ 1000bea0 f   dialog.obj
 0001:0000aff0       ?BlitCursor@Dialog@@QAEXPAUIDirectDrawSurface@@HH@Z 1000bff0 f   dialog.obj
 0001:0000b0b0       ?Draw@GraphicLine@@UAEXXZ  1000c0b0 f   whiteboard.obj
 0001:0000b0b0       ??1?$_Deque_iterator@UMMHS@AlliesWhiteboard@@V?$allocator@UMMHS@AlliesWhiteboard@@@std@@@std@@QAE@XZ 1000c0b0 f   whiteboard.obj
 0001:0000b0b0       ?Erase@PCX@@QAEXXZ         1000c0b0 f   PCX.obj
 0001:0000b0b0       ??1_Container_base12@std@@QAE@XZ 1000c0b0 f   dddta.obj
 0001:0000b0b0       ??1?$_Deque_iterator@UTAShareMemStruct@CDDDTA@@V?$allocator@UTAShareMemStruct@CDDDTA@@@std@@@std@@QAE@XZ 1000c0b0 f   dddta.obj
 0001:0000b0b0       ??1?$_Vector_val@PAVGraphicElement@@V?$allocator@PAVGraphicElement@@@std@@@std@@QAE@XZ 1000c0b0 f   whiteboard.obj
 0001:0000b0b0       ?Draw@GraphicElement@@UAEXXZ 1000c0b0 f   whiteboard.obj
 0001:0000b0b0       ??1?$_Deque_iterator@PAVGraphicElement@@V?$allocator@PAVGraphicElement@@@std@@@std@@QAE@XZ 1000c0b0 f   whiteboard.obj
 0001:0000b0b0       ?SetVisibleList@Dialog@@AAEXXZ 1000c0b0 f   dialog.obj
 0001:0000b0b0       ??1CChangeQueue@@QAE@XZ    1000c0b0 f   changequeue.obj
 0001:0000b0b0       ?Draw@GraphicText@@UAEXXZ  1000c0b0 f   whiteboard.obj
 0001:0000b0c0       ??0CIdleUnits@@QAE@XZ      1000c0c0 f   idlevillager.obj
 0001:0000b100       ??1CIdleUnits@@QAE@XZ      1000c100 f   idlevillager.obj
 0001:0000b120       ?FindIdleConst@CIdleUnits@@AAEXXZ 1000c120 f   idlevillager.obj
 0001:0000b350       ?ScrollToCenter@AlliesWhiteboard@@QAEXHH@Z 1000c350 f   whiteboard.obj
 0001:0000b350       ?ScrollToCenter@CIdleUnits@@AAEXHH@Z 1000c350 f   idlevillager.obj
 0001:0000b410       ?Message@CIdleUnits@@QAE_NPAUHWND__@@IIJ@Z 1000c410 f   idlevillager.obj
 0001:0000b4f0       ??0CMapRect@@QAE@XZ        1000c4f0 f   maprect.obj
 0001:0000b940       ??1CMapRect@@QAE@XZ        1000c940 f   maprect.obj
 0001:0000b970       ?LockBlit@CMapRect@@QAEXPADH@Z 1000c970 f   maprect.obj
 0001:0000bcf0       ?GetMapMaxX@CMapRect@@AAEHXZ 1000ccf0 f   maprect.obj
 0001:0000bd10       ?GetMapMaxY@CMapRect@@AAEHXZ 1000cd10 f   maprect.obj
 0001:0000bd30       ?PaintRect@CMapRect@@AAEXXZ 1000cd30 f   maprect.obj
 0001:0000bf30       ?WorldToMiniX@CMapRect@@QAEHH@Z 1000cf30 f   maprect.obj
 0001:0000bf60       ?WorldToMiniY@CMapRect@@QAEHH@Z 1000cf60 f   maprect.obj
 0001:0000bf90       ??0CMinimapHandler@@QAE@XZ 1000cf90 f   MinimapHandler.obj
 0001:0000bfd0       ??_GCMinimapHandler@@UAEPAXI@Z 1000cfd0 f i MinimapHandler.obj
 0001:0000bfd0       ??_ECMinimapHandler@@UAEPAXI@Z 1000cfd0 f i MinimapHandler.obj
 0001:0000c000       ??1CMinimapHandler@@UAE@XZ 1000d000 f   MinimapHandler.obj
 0001:0000c020       ??0CTAHook@@QAE@XZ         1000d020 f   tahook.obj
 0001:0000c2f0       ??1CTAHook@@QAE@XZ         1000d2f0 f   tahook.obj
 0001:0000c380       ?Message@CTAHook@@QAE_NPAUHWND__@@IIJ@Z 1000d380 f   tahook.obj
 0001:0000cce0       ?Set@CTAHook@@QAEXHPAD_N1H@Z 1000dce0 f   tahook.obj
 0001:0000cd30       ?WriteShareMacro@CTAHook@@QAEXXZ 1000dd30 f   tahook.obj
 0001:0000ce80       ?OutptTxt@IDDraw@@AAEXPAD@Z 1000de80 f   iddraw.obj
 0001:0000ce80       ?Blit@CTAHook@@QAEXPAUIDirectDrawSurface@@@Z 1000de80 f   tahook.obj
 0001:0000ce90       ?TABlit@CTAHook@@QAEXXZ    1000de90 f   tahook.obj
 0001:0000cee0       ?WriteDTLine@CTAHook@@AAEXXZ 1000dee0 f   tahook.obj
 0001:0000cf80       ?CalculateLine@CTAHook@@AAEXXZ 1000df80 f   tahook.obj
 0001:0000d230       ?UpdateSpacing@CTAHook@@AAEXXZ 1000e230 f   tahook.obj
 0001:0000d270       ?OptimizeDTRows@CTAHook@@AAEXXZ 1000e270 f   tahook.obj
 0001:0000d5e0       ?VisualizeRow@CTAHook@@AAEXXZ 1000e5e0 f   tahook.obj
 0001:0000d710       ?GetMaxScrollX@CTAHook@@SGHXZ 1000e710 f   tahook.obj
 0001:0000d750       ?GetMaxScrollY@CTAHook@@SGHXZ 1000e750 f   tahook.obj
 0001:0000d790       ?CalculateRing@CTAHook@@AAEXXZ 1000e790 f   tahook.obj
 0001:0000d890       ?CalculateRing@CTAHook@@AAEXHHHH@Z 1000e890 f   tahook.obj
 0001:0000dc20       ?ClickBuilding@CTAHook@@AAEXHH@Z 1000ec20 f   tahook.obj
 0001:0000dc90       ?GetFootX@CTAHook@@AAEFXZ  1000ec90 f   tahook.obj
 0001:0000dcc0       ?GetFootY@CTAHook@@AAEFXZ  1000ecc0 f   tahook.obj
 0001:0000dcf0       ?DrawBuildRect@CTAHook@@AAEXHHHHH@Z 1000ecf0 f   tahook.obj
 0001:0000dee0       ?EnableTABuildRect@CTAHook@@AAEXXZ 1000eee0 f   tahook.obj
 0001:0000df10       ?DisableTABuildRect@CTAHook@@AAEXXZ 1000ef10 f   tahook.obj
 0001:0000df40       ?PaintMinimapRect@CTAHook@@AAEXXZ 1000ef40 f   tahook.obj
 0001:0000df70       ??0IncreaseAISearchMapEntriesLimit@@QAE@K@Z 1000ef70 f   LimitCrack.obj
 0001:0000e010       ??1IncreaseAISearchMapEntriesLimit@@QAE@XZ 1000f010 f   LimitCrack.obj
 0001:0000e050       ??0IncreaseWeaponTypeLimit@@QAE@K@Z 1000f050 f   LimitCrack.obj
 0001:0000e080       ?NewLimit@IncreaseWeaponTypeLimit@@AAEXK@Z 1000f080 f   LimitCrack.obj
 0001:0000e100       ??1IncreaseWeaponTypeLimit@@QAE@XZ 1000f100 f   LimitCrack.obj
 0001:0000e1b0       ?WriteWeaponAryPtr@IncreaseWeaponTypeLimit@@AAEPAXPAPAX@Z 1000f1b0 f   LimitCrack.obj
 0001:0000e280       ?WriteWeaponAryLen@IncreaseWeaponTypeLimit@@AAEKK@Z 1000f280 f   LimitCrack.obj
 0001:0000e350       ??0IncreaseUnitTypeLimit@@QAE@H@Z 1000f350 f   LimitCrack.obj
 0001:0000e3d0       ??1IncreaseUnitTypeLimit@@QAE@XZ 1000f3d0 f   LimitCrack.obj
 0001:0000e5c0       ?WriteNewLimit@IncreaseUnitTypeLimit@@AAEXK@Z 1000f5c0 f   LimitCrack.obj
 0001:0000ec00       ??0IncreaseCompositeBuf@@QAE@KK@Z 1000fc00 f   LimitCrack.obj
 0001:0000ec20       ??1IncreaseCompositeBuf@@QAE@XZ 1000fc20 f   LimitCrack.obj
 0001:0000ec60       ?WriteNewLimit@IncreaseCompositeBuf@@AAEXKK@Z 1000fc60 f   LimitCrack.obj
 0001:0000ed40       ??0IncreaseMixingBuffers@@QAE@K@Z 1000fd40 f   LimitCrack.obj
 0001:0000edb0       ??0AlliesWhiteboard@@QAE@XZ 1000fdb0 f   whiteboard.obj
 0001:0000efc0       ??1AlliesWhiteboard@@QAE@XZ 1000ffc0 f   whiteboard.obj
 0001:0000f090       ?Blit@AlliesWhiteboard@@QAEXPAUIDirectDrawSurface@@@Z 10010090 f   whiteboard.obj
 0001:0000f100       ?LockBlit@AlliesWhiteboard@@QAEXPADH@Z 10010100 f   whiteboard.obj
 0001:0000f330       ?Message@AlliesWhiteboard@@QAE_NPAUHWND__@@IIJ@Z 10010330 f   whiteboard.obj
 0001:0000fdb0       ??_EGraphicLine@@UAEPAXI@Z 10010db0 f i whiteboard.obj
 0001:0000fdb0       ??_EDeleteGraphic@@UAEPAXI@Z 10010db0 f i whiteboard.obj
 0001:0000fdb0       ??_GGraphicMoveText@@UAEPAXI@Z 10010db0 f i whiteboard.obj
 0001:0000fdb0       ??_GGraphicElement@@UAEPAXI@Z 10010db0 f i whiteboard.obj
 0001:0000fdb0       ??_EGraphicMoveText@@UAEPAXI@Z 10010db0 f i whiteboard.obj
 0001:0000fdb0       ??_GDeleteGraphic@@UAEPAXI@Z 10010db0 f i whiteboard.obj
 0001:0000fdb0       ??_EGraphicElement@@UAEPAXI@Z 10010db0 f i whiteboard.obj
 0001:0000fdb0       ??_GGraphicLine@@UAEPAXI@Z 10010db0 f i whiteboard.obj
 0001:0000fde0       ??0GraphicText@@QAE@HHPADD@Z 10010de0 f i whiteboard.obj
 0001:0000feb0       ??1GraphicElement@@UAE@XZ  10010eb0 f i whiteboard.obj
 0001:0000fed0       ??_EGraphicText@@UAEPAXI@Z 10010ed0 f i whiteboard.obj
 0001:0000fed0       ??_GGraphicText@@UAEPAXI@Z 10010ed0 f i whiteboard.obj
 0001:0000ff20       ?Set@AlliesWhiteboard@@QAEXH@Z 10010f20 f   whiteboard.obj
 0001:0000ff40       ?DrawTextInput@AlliesWhiteboard@@AAEXPAUIDirectDrawSurface@@@Z 10010f40 f   whiteboard.obj
 0001:00010160       ?TextInputKeyDown@AlliesWhiteboard@@AAEXH@Z 10011160 f   whiteboard.obj
 0001:00010320       ??0GraphicTextEdited@@QAE@HHPADD@Z 10011320 f i whiteboard.obj
 0001:000103f0       ??_EGraphicTextEdited@@UAEPAXI@Z 100113f0 f i whiteboard.obj
 0001:000103f0       ??_GGraphicTextEdited@@UAEPAXI@Z 100113f0 f i whiteboard.obj
 0001:00010440       ?TextInputChar@AlliesWhiteboard@@AAEXD@Z 10011440 f   whiteboard.obj
 0001:000104c0       ?AddTextMarker@AlliesWhiteboard@@AAEXXZ 100114c0 f   whiteboard.obj
 0001:00010610       ?RestoreAll@AlliesWhiteboard@@AAEXXZ 10011610 f   whiteboard.obj
 0001:00010680       ?DrawMarkers@AlliesWhiteboard@@AAEXPAUIDirectDrawSurface@@@Z 10011680 f   whiteboard.obj
 0001:00010800       ?DrawMinimapMarkers@AlliesWhiteboard@@QAEXPADH_N@Z 10011800 f   whiteboard.obj
 0001:00010fd0       ?GetMarkers@AlliesWhiteboard@@QAEXPAUMarkerArray@@@Z 10011fd0 f   whiteboard.obj
 0001:000111b0       ?DrawTextMarker@AlliesWhiteboard@@AAEXPAUIDirectDrawSurface@@HHPADD@Z 100121b0 f   whiteboard.obj
 0001:00011320       ?DeleteMarker@AlliesWhiteboard@@AAEXHH@Z 10012320 f   whiteboard.obj
 0001:000113c0       ?EreaseArea@AlliesWhiteboard@@AAEXHH@Z 100123c0 f   whiteboard.obj
 0001:00011490       ?MouseMove@AlliesWhiteboard@@AAEXHHHH@Z 10012490 f   whiteboard.obj
 0001:00011650       ?ReceiveMarkers@AlliesWhiteboard@@AAEXXZ 10012650 f   whiteboard.obj
 0001:00011ae0       ?SendMarkers@AlliesWhiteboard@@AAEXXZ 10012ae0 f   whiteboard.obj
 0001:000123d0       ?DrawLine@AlliesWhiteboard@@QAEXHHHHDPADH@Z 100133d0 f   whiteboard.obj
 0001:000124e0       ?DrawFreeLine@AlliesWhiteboard@@QAEXHHHHDPADH@Z 100134e0 f   whiteboard.obj
 0001:00012530       ?EchoMarker@AlliesWhiteboard@@AAEXPAD@Z 10013530 f   whiteboard.obj
 0001:00012590       ?GetTextElementAt@AlliesWhiteboard@@AAEPAVGraphicElement@@HHH@Z 10013590 f   whiteboard.obj
 0001:000126b0       ?DrawRotateRect@AlliesWhiteboard@@AAEXHHHPADH@Z 100136b0 f   whiteboard.obj
 0001:00012920       ?Clip_Line@AlliesWhiteboard@@QAEHAAH000@Z 10013920 f   whiteboard.obj
 0001:000133f0       ?Draw_Line@AlliesWhiteboard@@QAEHHHHHEPAEH@Z 100143f0 f   whiteboard.obj
 0001:00013530       ?GenerateLookupTables@AlliesWhiteboard@@AAEXXZ 10014530 f   whiteboard.obj
 0001:000135c0       ?push_back@?$deque@PAVGraphicElement@@V?$allocator@PAVGraphicElement@@@std@@@std@@QAEX$$QAPAVGraphicElement@@@Z 100145c0 f i whiteboard.obj
 0001:000136a0       ??1?$deque@PAVGraphicElement@@V?$allocator@PAVGraphicElement@@@std@@@std@@QAE@XZ 100146a0 f i whiteboard.obj
 0001:00013720       ?pop_front@?$deque@PAVGraphicElement@@V?$allocator@PAVGraphicElement@@@std@@@std@@QAEXXZ 10014720 f i whiteboard.obj
 0001:000137e0       ??1?$deque@UMMHS@AlliesWhiteboard@@V?$allocator@UMMHS@AlliesWhiteboard@@@std@@@std@@QAE@XZ 100147e0 f i whiteboard.obj
 0001:00013860       ?back@?$deque@UMMHS@AlliesWhiteboard@@V?$allocator@UMMHS@AlliesWhiteboard@@@std@@@std@@QAEAAUMMHS@AlliesWhiteboard@@XZ 10014860 f i whiteboard.obj
 0001:000138f0       ?push_front@?$deque@UMMHS@AlliesWhiteboard@@V?$allocator@UMMHS@AlliesWhiteboard@@@std@@@std@@QAEXABUMMHS@AlliesWhiteboard@@@Z 100148f0 f i whiteboard.obj
 0001:00013a10       ?pop_back@?$deque@UMMHS@AlliesWhiteboard@@V?$allocator@UMMHS@AlliesWhiteboard@@@std@@@std@@QAEXXZ 10014a10 f i whiteboard.obj
 0001:00013ac0       ??1?$vector@PAVGraphicElement@@V?$allocator@PAVGraphicElement@@@std@@@std@@QAE@XZ 10014ac0 f i whiteboard.obj
 0001:00013b10       ?_Growmap@?$deque@PAVGraphicElement@@V?$allocator@PAVGraphicElement@@@std@@@std@@IAEXI@Z 10014b10 f i whiteboard.obj
 0001:00013ec0       ?_Tidy@?$deque@PAVGraphicElement@@V?$allocator@PAVGraphicElement@@@std@@@std@@IAEXXZ 10014ec0 f i whiteboard.obj
 0001:00013f90       ??0?$_Deque_val@UMMHS@AlliesWhiteboard@@V?$allocator@UMMHS@AlliesWhiteboard@@@std@@@std@@QAE@V?$allocator@UMMHS@AlliesWhiteboard@@@1@@Z 10014f90 f i whiteboard.obj
 0001:00013f90       ??0?$_Deque_val@UTAShareMemStruct@CDDDTA@@V?$allocator@UTAShareMemStruct@CDDDTA@@@std@@@std@@QAE@V?$allocator@UTAShareMemStruct@CDDDTA@@@1@@Z 10014f90 f i dddta.obj
 0001:00013f90       ??0?$_Deque_val@PAVGraphicElement@@V?$allocator@PAVGraphicElement@@@std@@@std@@QAE@V?$allocator@PAVGraphicElement@@@1@@Z 10014f90 f i whiteboard.obj
 0001:00014050       ??1?$_Deque_val@PAVGraphicElement@@V?$allocator@PAVGraphicElement@@@std@@@std@@QAE@XZ 10015050 f i whiteboard.obj
 0001:00014050       ??1?$_Deque_val@UMMHS@AlliesWhiteboard@@V?$allocator@UMMHS@AlliesWhiteboard@@@std@@@std@@QAE@XZ 10015050 f i whiteboard.obj
 0001:00014050       ??1?$_Deque_val@UTAShareMemStruct@CDDDTA@@V?$allocator@UTAShareMemStruct@CDDDTA@@@std@@@std@@QAE@XZ 10015050 f i dddta.obj
 0001:000140d0       ?begin@?$deque@PAVGraphicElement@@V?$allocator@PAVGraphicElement@@@std@@@std@@QAE?AV?$_Deque_iterator@PAVGraphicElement@@V?$allocator@PAVGraphicElement@@@std@@@2@XZ 100150d0 f i whiteboard.obj
 0001:000140d0       ?begin@?$deque@UMMHS@AlliesWhiteboard@@V?$allocator@UMMHS@AlliesWhiteboard@@@std@@@std@@QAE?AV?$_Deque_iterator@UMMHS@AlliesWhiteboard@@V?$allocator@UMMHS@AlliesWhiteboard@@@std@@@2@XZ 100150d0 f i whiteboard.obj
 0001:000140d0       ?begin@?$deque@UTAShareMemStruct@CDDDTA@@V?$allocator@UTAShareMemStruct@CDDDTA@@@std@@@std@@QAE?AV?$_Deque_iterator@UTAShareMemStruct@CDDDTA@@V?$allocator@UTAShareMemStruct@CDDDTA@@@std@@@2@XZ 100150d0 f i dddta.obj
 0001:00014130       ?end@?$deque@UMMHS@AlliesWhiteboard@@V?$allocator@UMMHS@AlliesWhiteboard@@@std@@@std@@QAE?AV?$_Deque_iterator@UMMHS@AlliesWhiteboard@@V?$allocator@UMMHS@AlliesWhiteboard@@@std@@@2@XZ 10015130 f i whiteboard.obj
 0001:000141a0       ?_Growmap@?$deque@UMMHS@AlliesWhiteboard@@V?$allocator@UMMHS@AlliesWhiteboard@@@std@@@std@@IAEXI@Z 100151a0 f i whiteboard.obj
 0001:00014540       ?_Tidy@?$deque@UMMHS@AlliesWhiteboard@@V?$allocator@UMMHS@AlliesWhiteboard@@@std@@@std@@IAEXXZ 10015540 f i whiteboard.obj
 0001:00014610       ?_Assign_rv@?$vector@PAVGraphicElement@@V?$allocator@PAVGraphicElement@@@std@@@std@@QAEX$$QAV12@@Z 10015610 f i whiteboard.obj
 0001:00014700       ?_Tidy@?$vector@PAVGraphicElement@@V?$allocator@PAVGraphicElement@@@std@@@std@@IAEXXZ 10015700 f i whiteboard.obj
 0001:00014760       ??H?$_Deque_iterator@UMMHS@AlliesWhiteboard@@V?$allocator@UMMHS@AlliesWhiteboard@@@std@@@std@@QBE?AV01@H@Z 10015760 f i whiteboard.obj
 0001:00014760       ??H?$_Deque_iterator@UTAShareMemStruct@CDDDTA@@V?$allocator@UTAShareMemStruct@CDDDTA@@@std@@@std@@QBE?AV01@H@Z 10015760 f i dddta.obj
 0001:00014810       ??G?$_Deque_iterator@UMMHS@AlliesWhiteboard@@V?$allocator@UMMHS@AlliesWhiteboard@@@std@@@std@@QBE?AV01@H@Z 10015810 f i whiteboard.obj
 0001:000148c0       ?pop_back@?$deque@PAVGraphicElement@@V?$allocator@PAVGraphicElement@@@std@@@std@@QAEXXZ 100158c0 f i whiteboard.obj
 0001:00014970       ?push_back@?$vector@PAVGraphicElement@@V?$allocator@PAVGraphicElement@@@std@@@std@@QAEX$$QAPAVGraphicElement@@@Z 10015970 f i whiteboard.obj
 0001:00014a50       ?clear@?$vector@PAVGraphicElement@@V?$allocator@PAVGraphicElement@@@std@@@std@@QAEXXZ 10015a50 f i whiteboard.obj
 0001:00014aa0       ??D?$_Deque_const_iterator@PAVGraphicElement@@V?$allocator@PAVGraphicElement@@@std@@@std@@QBEABQAVGraphicElement@@XZ 10015aa0 f i whiteboard.obj
 0001:00014b20       ??D?$_Deque_const_iterator@UMMHS@AlliesWhiteboard@@V?$allocator@UMMHS@AlliesWhiteboard@@@std@@@std@@QBEABUMMHS@AlliesWhiteboard@@XZ 10015b20 f i whiteboard.obj
 0001:00014ba0       ?erase@?$vector@PAVGraphicElement@@V?$allocator@PAVGraphicElement@@@std@@@std@@QAE?AV?$_Vector_iterator@V?$_Vector_val@PAVGraphicElement@@V?$allocator@PAVGraphicElement@@@std@@@std@@@2@V?$_Vector_const_iterator@V?$_Vector_val@PAVGraphicElement@@V?$allocator@PAVGraphicElement@@@std@@@std@@@2@0@Z 10015ba0 f i whiteboard.obj
 0001:00014c50       ?_Reserve@?$vector@PAVGraphicElement@@V?$allocator@PAVGraphicElement@@@std@@@std@@IAEXI@Z 10015c50 f i whiteboard.obj
 0001:00014ce0       ?reserve@?$vector@PAVGraphicElement@@V?$allocator@PAVGraphicElement@@@std@@@std@@QAEXI@Z 10015ce0 f i whiteboard.obj
 0001:00014e60       ?_Grow_to@?$vector@PAVGraphicElement@@V?$allocator@PAVGraphicElement@@@std@@@std@@IBEII@Z 10015e60 f i whiteboard.obj
 0001:00014ee0       ??$_Cons_val@V?$allocator@PAVGraphicElement@@@std@@PAVGraphicElement@@AAPAV3@@std@@YGXAAV?$allocator@PAVGraphicElement@@@0@PAPAVGraphicElement@@AAPAV2@@Z 10015ee0 f i ElementHandler.obj
 0001:00014ee0       ??$_Cons_val@V?$allocator@PAVGraphicElement@@@std@@PAVGraphicElement@@PAV3@@std@@YGXAAV?$allocator@PAVGraphicElement@@@0@PAPAVGraphicElement@@$$QAPAV2@@Z 10015ee0 f i whiteboard.obj
 0001:00014f20       ??$_Cons_val@V?$allocator@UMMHS@AlliesWhiteboard@@@std@@UMMHS@AlliesWhiteboard@@ABU34@@std@@YGXAAV?$allocator@UMMHS@AlliesWhiteboard@@@0@PAUMMHS@AlliesWhiteboard@@ABU23@@Z 10015f20 f i whiteboard.obj
 0001:00014f70       ??$_Dest_val@V?$allocator@PAVGraphicElement@@@std@@PAVGraphicElement@@@std@@YGXAAV?$allocator@PAVGraphicElement@@@0@PAPAVGraphicElement@@@Z 10015f70 f i whiteboard.obj
 0001:00014f70       ??$_Dest_val@V?$allocator@UMMHS@AlliesWhiteboard@@@std@@UMMHS@AlliesWhiteboard@@@std@@YGXAAV?$allocator@UMMHS@AlliesWhiteboard@@@0@PAUMMHS@AlliesWhiteboard@@@Z 10015f70 f i whiteboard.obj
 0001:00014f70       ??$_Dest_val@V?$allocator@PAPAVGraphicElement@@@std@@PAPAVGraphicElement@@@std@@YGXAAV?$allocator@PAPAVGraphicElement@@@0@PAPAPAVGraphicElement@@@Z 10015f70 f i whiteboard.obj
 0001:00014f70       ??$_Dest_val@V?$allocator@PAUTAShareMemStruct@CDDDTA@@@std@@PAUTAShareMemStruct@CDDDTA@@@std@@YGXAAV?$allocator@PAUTAShareMemStruct@CDDDTA@@@0@PAPAUTAShareMemStruct@CDDDTA@@@Z 10015f70 f i dddta.obj
 0001:00014f70       ??$_Dest_val@V?$allocator@UTAShareMemStruct@CDDDTA@@@std@@UTAShareMemStruct@CDDDTA@@@std@@YGXAAV?$allocator@UTAShareMemStruct@CDDDTA@@@0@PAUTAShareMemStruct@CDDDTA@@@Z 10015f70 f i dddta.obj
 0001:00014f70       ??$_Dest_val@V?$allocator@PAUMMHS@AlliesWhiteboard@@@std@@PAUMMHS@AlliesWhiteboard@@@std@@YGXAAV?$allocator@PAUMMHS@AlliesWhiteboard@@@0@PAPAUMMHS@AlliesWhiteboard@@@Z 10015f70 f i whiteboard.obj
 0001:00014f70       ??$_Dest_val@V?$allocator@U_Container_proxy@std@@@std@@U_Container_proxy@2@@std@@YGXAAV?$allocator@U_Container_proxy@std@@@0@PAU_Container_proxy@0@@Z 10015f70 f i dddta.obj
 0001:00014f70       ??$_Dest_val@V?$allocator@U_Node@?$_List_nod@PAVGraphicElement@@V?$allocator@PAVGraphicElement@@@std@@@std@@@std@@U_Node@?$_List_nod@PAVGraphicElement@@V?$allocator@PAVGraphicElement@@@std@@@2@@std@@YGXAAV?$allocator@U_Node@?$_List_nod@PAVGraphicElement@@V?$allocator@PAVGraphicElement@@@std@@@std@@@0@PAU_Node@?$_List_nod@PAVGraphicElement@@V?$allocator@PAVGraphicElement@@@std@@@0@@Z 10015f70 f i ElementHandler.obj
 0001:00014f80       ??$_Allocate@PAUTAShareMemStruct@CDDDTA@@@std@@YGPAPAUTAShareMemStruct@CDDDTA@@IPAPAU12@@Z 10015f80 f i dddta.obj
 0001:00014f80       ??$_Allocate@PAPAVGraphicElement@@@std@@YGPAPAPAVGraphicElement@@IPAPAPAV1@@Z 10015f80 f i whiteboard.obj
 0001:00014f80       ??$_Allocate@PAUMMHS@AlliesWhiteboard@@@std@@YGPAPAUMMHS@AlliesWhiteboard@@IPAPAU12@@Z 10015f80 f i whiteboard.obj
 0001:00014f80       ??$_Allocate@PAVGraphicElement@@@std@@YGPAPAVGraphicElement@@IPAPAV1@@Z 10015f80 f i whiteboard.obj
 0001:00014ff0       ??0PCX@@QAE@XZ             10015ff0 f   PCX.obj
 0001:00015030       ??1PCX@@QAE@XZ             10016030 f   PCX.obj
 0001:00015070       ?SetBuffer@PCX@@QAEPAEPAE@Z 10016070 f   PCX.obj
 0001:000150a0       ?WriteLine@PCX@@AAEPAEPAEK@Z 100160a0 f   PCX.obj
 0001:00015220       ?Save@PCX@@QAEHPBD@Z       10016220 f   PCX.obj
 0001:00015510       ?NewBuffer@PCX@@QAEPAEFF@Z 10016510 f   PCX.obj
 0001:00015580       ?CreateSurfPCXResource@@YGPAUIDirectDrawSurface@@G_N@Z 10016580 f   pcxread.obj
 0001:000157d0       ?RestoreFromPCX@@YGXGPAUIDirectDrawSurface@@@Z 100167d0 f   pcxread.obj
 0001:00015990       ?PCX2BitMap@@YGXPAEPAUpcx_picture_typ@@J@Z 10016990 f   pcxread.obj
 0001:00015b90       _X86ShallToRedirect@20     10016b90 f   etc.obj
 0001:00015e10       _X86RedirectOpcodeToNewBase@16 10016e10 f   etc.obj
 0001:000161b0       _GetMinValidLenWithMatchOpcode@8 100171b0 f   etc.obj
 0001:000161f0       _MemWriteWithBackup@16     100171f0 f   etc.obj
 0001:000162e0       _GetOpCodeSize@4           100172e0 f   etc.obj
 0001:00016590       ??0SingleHook@@QAE@XZ      10017590 f   Hook.obj
 0001:000165c0       ??_ESingleHook@@UAEPAXI@Z  100175c0 f i Hook.obj
 0001:000165c0       ??_GSingleHook@@UAEPAXI@Z  100175c0 f i Hook.obj
 0001:000165f0       ??0SingleHook@@QAE@PAEKH0@Z 100175f0 f   Hook.obj
 0001:000165f0       ??0SingleHook@@QAE@IKHPAE@Z 100175f0 f   Hook.obj
 0001:00016630       ??1SingleHook@@UAE@XZ      10017630 f   Hook.obj
 0001:00016680       ?Hook@SingleHook@@UAEXXZ   10017680 f   Hook.obj
 0001:000166c0       ?UnHook@SingleHook@@UAEXXZ 100176c0 f   Hook.obj
 0001:00016700       ?AddrToHook@SingleHook@@UAEPAXPAX@Z 10017700 f   Hook.obj
 0001:00016720       ?ThisHookMode@SingleHook@@UAEHH@Z 10017720 f   Hook.obj
 0001:00016740       ?ThisHookMode@SingleHook@@UAE?BHXZ 10017740 f   Hook.obj
 0001:00016760       ?AddrToHook@SingleHook@@UAEQAXXZ 10017760 f   Hook.obj
 0001:00016780       ?LenToHook@SingleHook@@UAEKK@Z 10017780 f   Hook.obj
 0001:000167a0       ?InitHookClass@SingleHook@@UAEXPAEKH0@Z 100177a0 f   Hook.obj
 0001:00016850       ?X86InlineHookRouter@@YGXXZ 10017850 f   InlineHook.obj
 0001:00016920       ?X86CurrentThreadStackBufferFixRtnAddr@@YGPAUtagInlineX86StackBuffer@@PAPAU1@@Z 10017920 f   InlineHook.obj
 0001:000169d0       ?X86CurrentThreadStackBuffer@@YGPAUtagInlineX86StackBuffer@@PAPAU1@@Z 100179d0 f   InlineHook.obj
 0001:00016a60       ??_GInlineSingleHook@@UAEPAXI@Z 10017a60 f i InlineHook.obj
 0001:00016a60       ??_EInlineSingleHook@@UAEPAXI@Z 10017a60 f i InlineHook.obj
 0001:00016a90       ??0InlineSingleHook@@QAE@IKHP6GHPAUtagInlineX86StackBuffer@@@Z@Z 10017a90 f   InlineHook.obj
 0001:00016b20       ??1InlineSingleHook@@UAE@XZ 10017b20 f   InlineHook.obj
 0001:00016c20       ?InitHookClass@InlineSingleHook@@AAEXQAEKHPAX1@Z 10017c20 f   InlineHook.obj
 0001:00016f00       ?Hook@InlineSingleHook@@UAEXXZ 10017f00 f   InlineHook.obj
 0001:00016fe0       ?RtnAddrOfHook@InlineSingleHook@@QAEQAXXZ 10017fe0 f   InlineHook.obj
 0001:00017000       ??0CElementHandler@@QAE@XZ 10018000 f   ElementHandler.obj
 0001:00017040       ??_ECElementHandler@@UAEPAXI@Z 10018040 f i ElementHandler.obj
 0001:00017040       ??_GCElementHandler@@UAEPAXI@Z 10018040 f i ElementHandler.obj
 0001:00017070       ??1CElementHandler@@UAE@XZ 10018070 f   ElementHandler.obj
 0001:000171f0       ?AddElement@CElementHandler@@QAEXPAVGraphicElement@@@Z 100181f0 f   ElementHandler.obj
 0001:00017260       ?DeleteOn@CElementHandler@@QAEXHH@Z 10018260 f   ElementHandler.obj
 0001:000172a0       ?DeleteBetween@CElementHandler@@QAEXHHHH@Z 100182a0 f   ElementHandler.obj
 0001:00017510       ?GetArea@CElementHandler@@QAE?AV?$vector@PAVGraphicElement@@V?$allocator@PAVGraphicElement@@@std@@@std@@HHHH@Z 10018510 f   ElementHandler.obj
 0001:000177c0       ?MoveTextElement@CElementHandler@@QAEPAVGraphicElement@@PAV2@HH@Z 100187c0 f   ElementHandler.obj
 0001:00017930       ??0?$list@PAVGraphicElement@@V?$allocator@PAVGraphicElement@@@std@@@std@@QAE@XZ 10018930 f i ElementHandler.obj
 0001:00017990       ??1?$list@PAVGraphicElement@@V?$allocator@PAVGraphicElement@@@std@@@std@@QAE@XZ 10018990 f i ElementHandler.obj
 0001:00017a00       ?erase@?$list@PAVGraphicElement@@V?$allocator@PAVGraphicElement@@@std@@@std@@QAE?AV?$_List_iterator@V?$_List_val@PAVGraphicElement@@V?$allocator@PAVGraphicElement@@@std@@@std@@@2@V?$_List_const_iterator@V?$_List_val@PAVGraphicElement@@V?$allocator@PAVGraphicElement@@@std@@@std@@@2@@Z 10018a00 f i ElementHandler.obj
 0001:00017a90       ?remove@?$list@PAVGraphicElement@@V?$allocator@PAVGraphicElement@@@std@@@std@@QAEXABQAVGraphicElement@@@Z 10018a90 f i ElementHandler.obj
 0001:00017b30       ?back@?$vector@PAVGraphicElement@@V?$allocator@PAVGraphicElement@@@std@@@std@@QAEAAPAVGraphicElement@@XZ 10018b30 f i ElementHandler.obj
 0001:00017b70       ?push_back@?$vector@PAVGraphicElement@@V?$allocator@PAVGraphicElement@@@std@@@std@@QAEXABQAVGraphicElement@@@Z 10018b70 f i ElementHandler.obj
 0001:00017c50       ?pop_back@?$vector@PAVGraphicElement@@V?$allocator@PAVGraphicElement@@@std@@@std@@QAEXXZ 10018c50 f i ElementHandler.obj
 0001:00017ca0       ?_Insert@?$list@PAVGraphicElement@@V?$allocator@PAVGraphicElement@@@std@@@std@@QAEXV?$_List_const_iterator@V?$_List_val@PAVGraphicElement@@V?$allocator@PAVGraphicElement@@@std@@@std@@@2@ABQAVGraphicElement@@@Z 10018ca0 f i ElementHandler.obj
 0001:00017d30       ??1?$_List_val@PAVGraphicElement@@V?$allocator@PAVGraphicElement@@@std@@@std@@QAE@XZ 10018d30 f i ElementHandler.obj
 0001:00017d60       ?clear@?$list@PAVGraphicElement@@V?$allocator@PAVGraphicElement@@@std@@@std@@QAEXXZ 10018d60 f i ElementHandler.obj
 0001:00017de0       ?_Buynode@?$_List_val@PAVGraphicElement@@V?$allocator@PAVGraphicElement@@@std@@@std@@QAEPAU_Node@?$_List_nod@PAVGraphicElement@@V?$allocator@PAVGraphicElement@@@std@@@2@PAU342@0ABQAVGraphicElement@@@Z 10018de0 f i ElementHandler.obj
 0001:00017e90       ??$_Cons_val@V?$allocator@PAVGraphicElement@@@std@@PAVGraphicElement@@ABQAV3@@std@@YGXAAV?$allocator@PAVGraphicElement@@@0@PAPAVGraphicElement@@ABQAV2@@Z 10018e90 f i ElementHandler.obj
 0001:00017ed0       ??$_Allocate@U_Node@?$_List_nod@PAVGraphicElement@@V?$allocator@PAVGraphicElement@@@std@@@std@@@std@@YGPAU_Node@?$_List_nod@PAVGraphicElement@@V?$allocator@PAVGraphicElement@@@std@@@0@IPAU120@@Z 10018ed0 f i ElementHandler.obj
 0001:00017ed0       ??$_Allocate@UMMHS@AlliesWhiteboard@@@std@@YGPAUMMHS@AlliesWhiteboard@@IPAU12@@Z 10018ed0 f i whiteboard.obj
 0001:00017f40       ??0logic_error@std@@QAE@ABV01@@Z 10018f40 f i xthrow.obj
 0001:00017f70       ?_Xlength_error@std@@YAXPBD@Z 10018f70 f   xthrow.obj
 0001:00017fb0       ??_Elogic_error@std@@UAEPAXI@Z 10018fb0 f i xthrow.obj
 0001:00017fb0       ??_Elength_error@std@@UAEPAXI@Z 10018fb0 f i xthrow.obj
 0001:00017fb0       ??_Glength_error@std@@UAEPAXI@Z 10018fb0 f i xthrow.obj
 0001:00017fb0       ??_Glogic_error@std@@UAEPAXI@Z 10018fb0 f i xthrow.obj
 0001:00017fe0       ??1length_error@std@@UAE@XZ 10018fe0 f i xthrow.obj
 0001:00018000       ??0length_error@std@@QAE@ABV01@@Z 10019000 f i xthrow.obj
 0001:0001802e       _ImmAssociateContext@8     1001902e f   imm32:IMM32.dll
 0001:00018034       ??3@YAXPAX@Z               10019034 f   LIBCMT:delete.obj
 0001:0001803f       ??2@YAPAXI@Z               1001903f f   LIBCMT:new.obj
 0001:000180bf       ?_JumpToContinuation@@YGXPAXPAUEHRegistrationNode@@@Z 100190bf f   LIBCMT:_trnsctrl_.obj
 0001:000180f1       ?_CallMemberFunction2@@YGXPAX00H@Z 100190f1 f   LIBCMT:_trnsctrl_.obj
 0001:000180f1       ?_CallMemberFunction0@@YGXPAX0@Z 100190f1 f   LIBCMT:_trnsctrl_.obj
 0001:000180f1       ?_CallMemberFunction1@@YGXPAX00@Z 100190f1 f   LIBCMT:_trnsctrl_.obj
 0001:000180f8       ?_UnwindNestedFrames@@YGXPAUEHRegistrationNode@@PAUEHExceptionRecord@@@Z 100190f8 f   LIBCMT:_trnsctrl_.obj
 0001:0001814c       ___CxxFrameHandler3        1001914c f   LIBCMT:_trnsctrl_.obj
 0001:000181b5       ?_CallSETranslator@@YAHPAUEHExceptionRecord@@PAUEHRegistrationNode@@PAX2PBU_s_FuncInfo@@H1@Z 100191b5 f   LIBCMT:_trnsctrl_.obj
 0001:0001832b       ?_GetRangeOfTrysToCheck@@YAPBU_s_TryBlockMapEntry@@PBU_s_FuncInfo@@HHPAI1@Z 1001932b f   LIBCMT:_trnsctrl_.obj
 0001:0001839e       __CreateFrameInfo          1001939e f   LIBCMT:_trnsctrl_.obj
 0001:000183ca       __IsExceptionObjectToBeDestroyed 100193ca f   LIBCMT:_trnsctrl_.obj
 0001:000183f1       __FindAndUnlinkFrame       100193f1 f   LIBCMT:_trnsctrl_.obj
 0001:00018443       ?_CallCatchBlock2@@YAPAXPAUEHRegistrationNode@@PBU_s_FuncInfo@@PAXHK@Z 10019443 f   LIBCMT:_trnsctrl_.obj
 0001:000184a3       @__security_check_cookie@4 100194a3 f   LIBCMT:secchk.obj
 0001:000184b2       __RTC_InitBase             100194b2 f   LIBCMT:_init_.obj
 0001:000184d8       __RTC_Shutdown             100194d8 f   LIBCMT:_init_.obj
 0001:000184f0       _memset                    100194f0 f   LIBCMT:memset.obj
 0001:0001856a       @_RTC_Check_4_to_1@4       1001956a f   LIBCMT:_convert_.obj
 0001:00018592       @_RTC_Check_4_to_2@4       10019592 f   LIBCMT:_convert_.obj
 0001:000185c0       __except_handler4          100195c0 f   LIBCMT:chandler4.obj
 0001:0001874f       __cfltcvt_init             1001974f f   LIBCMT:_fpinit_.obj
 0001:000187af       __fpmath                   100197af f   LIBCMT:_fpinit_.obj
 0001:000187c8       _sprintf_s                 100197c8 f   LIBCMT:sprintf.obj
 0001:000187e6       ??1type_info@@UAE@XZ       100197e6 f   LIBCMT:typinfo.obj
 0001:000187f6       ??_Gtype_info@@UAEPAXI@Z   100197f6 f i LIBCMT:typinfo.obj
 0001:000187f6       ??_Etype_info@@UAEPAXI@Z   100197f6 f i LIBCMT:typinfo.obj
 0001:00018817       ??8type_info@@QBE_NABV0@@Z 10019817 f   LIBCMT:typinfo.obj
 0001:00018840       _memcpy                    10019840 f   LIBCMT:memcpy.obj
 0001:00018ba1       ??_U@YAPAXI@Z              10019ba1 f   LIBCMT:new2.obj
 0001:00018bb0       _strlen                    10019bb0 f   LIBCMT:strlen.obj
 0001:00018c3b       ??0_LocaleUpdate@@QAE@PAUlocaleinfo_struct@@@Z 10019c3b f i LIBCMT:strftime.obj
 0001:00018cc2       __freea                    10019cc2 f i LIBCMT:strftime.obj
 0001:0001958f       __Strftime_l               1001a58f f   LIBCMT:strftime.obj
 0001:0001971b       _strftime                  1001a71b f   LIBCMT:strftime.obj
 0001:0001973a       __localtime64_s            1001a73a f   LIBCMT:loctim64.obj
 0001:000199c2       __time64                   1001a9c2 f   LIBCMT:time64.obj
 0001:00019a20       _strstr                    1001aa20 f   LIBCMT:strstr.obj
 0001:00019ac0       _strchr                    1001aac0 f   LIBCMT:strchr.obj
 0001:00019ac6       ___from_strstr_to_strchr   1001aac6     LIBCMT:strchr.obj
 0001:00019b7e       __CxxThrowException@8      1001ab7e f   LIBCMT:throw.obj
 0001:00019bd0       __ftol2_sse                1001abd0 f   LIBCMT:ftol2.obj
 0001:00019bd9       __ftol2_pentium4           1001abd9 f   LIBCMT:ftol2.obj
 0001:00019bec       __ftol2_sse_excpt          1001abec f   LIBCMT:ftol2.obj
 0001:00019c06       __ftol2                    1001ac06 f   LIBCMT:ftol2.obj
 0001:00019c80       _memmove                   1001ac80 f   LIBCMT:memmove.obj
 0001:00019fe1       ??0exception@std@@QAE@ABQBDH@Z 1001afe1 f   LIBCMT:stdexcpt.obj
 0001:00019ffe       ?what@exception@std@@UBEPBDXZ 1001affe f   LIBCMT:stdexcpt.obj
 0001:0001a00b       ?_Copy_str@exception@std@@AAEXPBD@Z 1001b00b f   LIBCMT:stdexcpt.obj
 0001:0001a04b       ?_Tidy@exception@std@@AAEXXZ 1001b04b f   LIBCMT:stdexcpt.obj
 0001:0001a069       ??0exception@std@@QAE@ABQBD@Z 1001b069 f   LIBCMT:stdexcpt.obj
 0001:0001a090       ??4exception@std@@QAEAAV01@ABV01@@Z 1001b090 f   LIBCMT:stdexcpt.obj
 0001:0001a0c5       ??1exception@std@@UAE@XZ   1001b0c5 f   LIBCMT:stdexcpt.obj
 0001:0001a0d0       ??_Eexception@std@@UAEPAXI@Z 1001b0d0 f i LIBCMT:stdexcpt.obj
 0001:0001a0d0       ??_Gexception@std@@UAEPAXI@Z 1001b0d0 f i LIBCMT:stdexcpt.obj
 0001:0001a0f7       ??0exception@std@@QAE@ABV01@@Z 1001b0f7 f   LIBCMT:stdexcpt.obj
 0001:0001a11c       __vsnprintf_helper         1001b11c f   LIBCMT:vsnprnc.obj
 0001:0001a1e6       __vsprintf_s_l             1001b1e6 f   LIBCMT:vsnprnc.obj
 0001:0001a25d       _vsprintf_s                1001b25d f   LIBCMT:vsnprnc.obj
 0001:0001a27a       _atol                      1001b27a f   LIBCMT:atox.obj
 0001:0001a290       _atoi                      1001b290 f   LIBCMT:atox.obj
 0001:0001a2a0       _strcmp                    1001b2a0 f   LIBCMT:strcmp.obj
 0001:0001a328       _malloc                    1001b328 f   LIBCMT:malloc.obj
 0001:0001a3bc       _strcpy_s                  1001b3bc f   LIBCMT:strcpy_s.obj
 0001:0001a41b       ??_V@YAXPAX@Z              1001b41b f   LIBCMT:delete2.obj
 0001:0001a426       _abs                       1001b426 f   LIBCMT:abs.obj
 0001:0001a440       _sin                       1001b440 f   LIBCMT:_sin_.obj
 0001:0001a480       __CIsin                    1001b480 f   LIBCMT:_sin_.obj
 0001:0001a4bb       __CIsin_default            1001b4bb f   LIBCMT:_sin_.obj
 0001:0001a4cf       __sin_default              1001b4cf     LIBCMT:_sin_.obj
 0001:0001a570       _cos                       1001b570 f   LIBCMT:_cos_.obj
 0001:0001a5b0       __CIcos                    1001b5b0 f   LIBCMT:_cos_.obj
 0001:0001a5eb       __CIcos_default            1001b5eb f   LIBCMT:_cos_.obj
 0001:0001a5ff       __cos_default              1001b5ff     LIBCMT:_cos_.obj
 0001:0001a699       ??_L@YGXPAXIHP6EX0@Z1@Z    1001b699 f   LIBCMT:ehvecctr.obj
 0001:0001a6fe       ?__ArrayUnwind@@YGXPAXIHP6EX0@Z@Z 1001b6fe f   LIBCMT:ehvecdtr.obj
 0001:0001a75c       ??_M@YGXPAXIHP6EX0@Z@Z     1001b75c f   LIBCMT:ehvecdtr.obj
 0001:0001a7bf       __CRT_INIT@12              1001b7bf f   LIBCMT:dllcrt0.obj
 0001:0001aa19       __DllMainCRTStartup@12     1001ba19 f   LIBCMT:dllcrt0.obj
 0001:0001aa3c       _free                      1001ba3c f   LIBCMT:free.obj
 0001:0001ab2c       ___onexitinit              1001bb2c f   LIBCMT:onexit.obj
 0001:0001ab5d       __onexit                   1001bb5d f   LIBCMT:onexit.obj
 0001:0001ab99       _atexit                    1001bb99 f   LIBCMT:onexit.obj
 0001:0001abb0       __initp_heap_handler       1001bbb0 f   LIBCMT:handler.obj
 0001:0001abbf       __callnewh                 1001bbbf f   LIBCMT:handler.obj
 0001:0001abe7       ??1bad_exception@std@@UAE@XZ 1001bbe7 f i LIBCMT:frame.obj
 0001:0001abf2       ??_Gbad_exception@std@@UAEPAXI@Z 1001bbf2 f i LIBCMT:frame.obj
 0001:0001abf2       ??_Ebad_exception@std@@UAEPAXI@Z 1001bbf2 f i LIBCMT:frame.obj
 0001:0001ac19       ___TypeMatch               1001bc19 f   LIBCMT:frame.obj
 0001:0001ac78       ___FrameUnwindFilter       1001bc78 f   LIBCMT:frame.obj
 0001:0001acc7       ___FrameUnwindToState      1001bcc7 f   LIBCMT:frame.obj
 0001:0001ade8       ___DestructExceptionObject 1001bde8 f   LIBCMT:frame.obj
 0001:0001ae3d       ___AdjustPointer           1001be3d f   LIBCMT:frame.obj
 0001:0001b0c6       ___BuildCatchObjectHelper  1001c0c6 f   LIBCMT:frame.obj
 0001:0001b245       ___BuildCatchObject        1001c245 f   LIBCMT:frame.obj
 0001:0001b7c1       ??0bad_exception@std@@QAE@ABV01@@Z 1001c7c1 f i LIBCMT:frame.obj
 0001:0001b7de       ___InternalCxxFrameHandler 1001c7de f   LIBCMT:frame.obj
 0001:0001b8c4       __encoded_null             1001c8c4 f   LIBCMT:tidtable.obj
 0001:0001b8cd       ___crtTlsAlloc@4           1001c8cd f   LIBCMT:tidtable.obj
 0001:0001b8d6       ___set_flsgetvalue         1001c8d6 f   LIBCMT:tidtable.obj
 0001:0001b90a       __mtterm                   1001c90a f   LIBCMT:tidtable.obj
 0001:0001b947       __initptd                  1001c947 f   LIBCMT:tidtable.obj
 0001:0001b9fb       __getptd_noexit            1001c9fb f   LIBCMT:tidtable.obj
 0001:0001ba74       __getptd                   1001ca74 f   LIBCMT:tidtable.obj
 0001:0001ba8e       __freefls@4                1001ca8e f   LIBCMT:tidtable.obj
 0001:0001bbbd       __freeptd                  1001cbbd f   LIBCMT:tidtable.obj
 0001:0001bc2b       __mtinit                   1001cc2b f   LIBCMT:tidtable.obj
 0001:0001bda6       ?terminate@@YAXXZ          1001cda6 f   LIBCMT:hooks.obj
 0001:0001bddf       ?unexpected@@YAXXZ         1001cddf f   LIBCMT:hooks.obj
 0001:0001bdf2       ?_inconsistency@@YAXXZ     1001cdf2 f   LIBCMT:hooks.obj
 0001:0001be2a       __initp_eh_hooks           1001ce2a f   LIBCMT:hooks.obj
 0001:0001be40       __CallSettingFrame@12      1001ce40 f   LIBCMT:lowhelpr.obj
 0001:0001be67       __NLG_Return               1001ce67     LIBCMT:lowhelpr.obj
 0001:0001be8c       ___report_gsfailure        1001ce8c f   LIBCMT:gs_report.obj
 0001:0001bf92       __RTC_SetErrorFuncW        1001cf92 f   LIBCMT:_userapi_.obj
 0001:0001bfae       ?_RTC_GetErrorFunc@@YAP6AHHPBDH00ZZPBX@Z 1001cfae f   LIBCMT:_userapi_.obj
 0001:0001bfb4       ?_RTC_GetErrorFuncW@@YAP6AHHPB_WH00ZZPBX@Z 1001cfb4 f   LIBCMT:_userapi_.obj
 0001:0001bfba       __matherr                  1001cfba f   LIBCMT:_matherr_.obj
 0001:0001bfba       __CRT_RTC_INITW            1001cfba f   LIBCMT:chkesp.obj
 0001:0001bfbd       __VEC_memzero              1001cfbd f   LIBCMT:p4_memset.obj
 0001:0001c077       ___sse2_available_init     1001d077 f   LIBCMT:cpu_disp.obj
 0001:0001c33f       ?_RTC_Failure@@YAXPAXH@Z   1001d33f f   LIBCMT:_error_.obj
 0001:0001c380       __local_unwind4            1001d380 f   LIBCMT:exsup4.obj
 0001:0001c456       __seh_longjmp_unwind4@4    1001d456 f   LIBCMT:exsup4.obj
 0001:0001c472       @_EH4_CallFilterFunc@8     1001d472 f   LIBCMT:exsup4.obj
 0001:0001c489       @_EH4_TransferToHandler@8  1001d489 f   LIBCMT:exsup4.obj
 0001:0001c4a2       @_EH4_GlobalUnwind2@8      1001d4a2 f   LIBCMT:exsup4.obj
 0001:0001c4bb       @_EH4_LocalUnwind@16       1001d4bb f   LIBCMT:exsup4.obj
 0001:0001c4e0       __ValidateImageBase        1001d4e0 f   LIBCMT:pesect.obj
 0001:0001c520       __FindPESection            1001d520 f   LIBCMT:pesect.obj
 0001:0001c570       __IsNonwritableInCurrentImage 1001d570 f   LIBCMT:pesect.obj
 0001:0001c62c       __forcdecpt_l              1001d62c f   LIBCMT:cvt.obj
 0001:0001c6a0       __cropzeros_l              1001d6a0 f   LIBCMT:cvt.obj
 0001:0001c722       __positive                 1001d722 f   LIBCMT:cvt.obj
 0001:0001c73e       __fassign_l                1001d73e f   LIBCMT:cvt.obj
 0001:0001c780       __fassign                  1001d780 f   LIBCMT:cvt.obj
 0001:0001c7b9       __forcdecpt                1001d7b9 f   LIBCMT:cvt.obj
 0001:0001c7cc       __cropzeros                1001d7cc f   LIBCMT:cvt.obj
 0001:0001c940       __cftoe_l                  1001d940 f   LIBCMT:cvt.obj
 0001:0001ca07       __cftoe                    1001da07 f   LIBCMT:cvt.obj
 0001:0001ca27       __cftoa_l                  1001da27 f   LIBCMT:cvt.obj
 0001:0001cea0       __cftof_l                  1001dea0 f   LIBCMT:cvt.obj
 0001:0001cf61       __cftog_l                  1001df61 f   LIBCMT:cvt.obj
 0001:0001d04e       __cfltcvt_l                1001e04e f   LIBCMT:cvt.obj
 0001:0001d0d6       __cfltcvt                  1001e0d6 f   LIBCMT:cvt.obj
 0001:0001d0f9       __initp_misc_cfltcvt_tab   1001e0f9 f   LIBCMT:cmiscdat.obj
 0001:0001d11c       __setdefaultprecision      1001e11c f   LIBCMT:fp8.obj
 0001:0001d144       __flsbuf                   1001e144 f   LIBCMT:_flsbuf.obj
 0001:0001d2a8       __initp_misc_invarg        1001e2a8 f   LIBCMT:invarg.obj
 0001:0001d2b7       __call_reportfault         1001e2b7 f   LIBCMT:invarg.obj
 0001:0001d3e0       __invoke_watson            1001e3e0 f   LIBCMT:invarg.obj
 0001:0001d405       __invalid_parameter        1001e405 f   LIBCMT:invarg.obj
 0001:0001d432       __invalid_parameter_noinfo 1001e432 f   LIBCMT:invarg.obj
 0001:0001d442       __get_errno_from_oserr     1001e442 f   LIBCMT:dosmap.obj
 0001:0001d484       __errno                    1001e484 f   LIBCMT:dosmap.obj
 0001:0001d497       ___doserrno                1001e497 f   LIBCMT:dosmap.obj
 0001:0001d4aa       __dosmaperr                1001e4aa f   LIBCMT:dosmap.obj
 0001:0001d4cd       ?_Type_info_dtor@type_info@@CAXPAV1@@Z 1001e4cd f   LIBCMT:typname.obj
 0001:0001d53d       __VEC_memcpy               1001e53d f   LIBCMT:p4_memcpy.obj
 0001:0001d863       ___updatetmbcinfo          1001e863 f   LIBCMT:mbctype.obj
 0001:0001d983       __setmbcp_nolock           1001e983 f   LIBCMT:mbctype.obj
 0001:0001db6c       __setmbcp                  1001eb6c f   LIBCMT:mbctype.obj
 0001:0001dd06       ___initmbctable            1001ed06 f   LIBCMT:mbctype.obj
 0001:0001dd24       ___addlocaleref            1001ed24 f   LIBCMT:localref.obj
 0001:0001ddb3       ___removelocaleref         1001edb3 f   LIBCMT:localref.obj
 0001:0001de4c       ___freetlocinfo            1001ee4c f   LIBCMT:localref.obj
 0001:0001df97       __updatetlocinfoEx_nolock  1001ef97 f   LIBCMT:localref.obj
 0001:0001dfe4       ___updatetlocinfo          1001efe4 f   LIBCMT:localref.obj
 0001:0001e05d       __malloc_crt               1001f05d f   LIBCMT:crtheap.obj
 0001:0001e0a2       __calloc_crt               1001f0a2 f   LIBCMT:crtheap.obj
 0001:0001e0ee       __realloc_crt              1001f0ee f   LIBCMT:crtheap.obj
 0001:0001e13c       __recalloc_crt             1001f13c f   LIBCMT:crtheap.obj
 0001:0001e18e       __get_daylight             1001f18e f   LIBCMT:timeset.obj
 0001:0001e1bb       __get_dstbias              1001f1bb f   LIBCMT:timeset.obj
 0001:0001e1e8       __get_timezone             1001f1e8 f   LIBCMT:timeset.obj
 0001:0001e215       ___daylight                1001f215 f   LIBCMT:timeset.obj
 0001:0001e21b       ___dstbias                 1001f21b f   LIBCMT:timeset.obj
 0001:0001e221       ___timezone                1001f221 f   LIBCMT:timeset.obj
 0001:0001e227       ___tzname                  1001f227 f   LIBCMT:timeset.obj
 0001:0001e90e       ___tzset                   1001f90e f   LIBCMT:tzset.obj
 0001:0001e95d       __isindst                  1001f95d f   LIBCMT:tzset.obj
 0001:0001e99e       ___ascii_stricmp           1001f99e f   LIBCMT:stricmp.obj
 0001:0001e9d7       __isleadbyte_l             1001f9d7 f i LIBCMT:_wctype.obj
 0001:0001ea0f       _isleadbyte                1001fa0f f i LIBCMT:_wctype.obj
 0001:0001ea30       __alloca_probe_16          1001fa30 f   LIBCMT:alloca16.obj
 0001:0001ea46       __alloca_probe_8           1001fa46     LIBCMT:alloca16.obj
 0001:0001ea5c       __gmtime64_s               1001fa5c f   LIBCMT:gmtime64.obj
 0001:0001eca0       __alldiv                   1001fca0 f   LIBCMT:lldiv.obj
 0001:0001ed50       __allrem                   1001fd50 f   LIBCMT:llrem.obj
 0001:0001ee10       __aulldiv                  1001fe10 f   LIBCMT:ulldiv.obj
 0001:0001ef1f       __output_s_l               1001ff1f f   LIBCMT:outputs.obj
 0001:0001fd1a       _strtol                    10020d1a f   LIBCMT:strtol.obj
 0001:0001fd45       ___crtCorExitProcess       10020d45 f   LIBCMT:crt0dat.obj
 0001:0001fd70       ___crtExitProcess          10020d70 f   LIBCMT:crt0dat.obj
 0001:0001fd88       __lockexit                 10020d88 f   LIBCMT:crt0dat.obj
 0001:0001fd91       __unlockexit               10020d91 f   LIBCMT:crt0dat.obj
 0001:0001fd9a       __init_pointers            10020d9a f   LIBCMT:crt0dat.obj
 0001:0001fdcd       __initterm_e               10020dcd f   LIBCMT:crt0dat.obj
 0001:0001fdf1       __cinit                    10020df1 f   LIBCMT:crt0dat.obj
 0001:0001ffc8       __exit                     10020fc8 f   LIBCMT:crt0dat.obj
 0001:0001ffde       __cexit                    10020fde f   LIBCMT:crt0dat.obj
 0001:0001ffed       __amsg_exit                10020fed f   LIBCMT:crt0dat.obj
 0001:0002000b       __GET_RTERRMSG             1002100b f   LIBCMT:crt0msg.obj
 0001:00020031       __NMSG_WRITE               10021031 f   LIBCMT:crt0msg.obj
 0001:000201e0       __FF_MSGBANNER             100211e0 f   LIBCMT:crt0msg.obj
 0001:00020219       __heap_init                10021219 f   LIBCMT:heapinit.obj
 0001:00020237       __heap_term                10021237 f   LIBCMT:heapinit.obj
 0001:0002024b       __sse2_mathfcns_init       1002124b f   LIBCMT:_mathfcns_.obj
 0001:00020260       __CIsin_pentium4           10021260 f   LIBCMT:_sin_pentium4_.obj
 0001:00020278       __sin_pentium4             10021278     LIBCMT:_sin_pentium4_.obj
 0001:00020430       __trandisp1                10021430 f   LIBCMT:_87disp_.obj
 0001:00020497       __trandisp2                10021497 f   LIBCMT:_87disp_.obj
 0001:00020523       __rttospopde               10021523     LIBCMT:_87disp_.obj
 0001:00020528       __rttospop                 10021528     LIBCMT:_87disp_.obj
 0001:0002052a       __rtnospop                 1002152a     LIBCMT:_87disp_.obj
 0001:0002052c       __rttosnpop                1002152c     LIBCMT:_87disp_.obj
 0001:0002052d       __rtnospopde               1002152d     LIBCMT:_87disp_.obj
 0001:00020534       __rtzeropop                10021534     LIBCMT:_87disp_.obj
 0001:00020536       __rtzeronpop               10021536     LIBCMT:_87disp_.obj
 0001:0002053b       __rtonepop                 1002153b     LIBCMT:_87disp_.obj
 0001:0002053d       __rtonenpop                1002153d     LIBCMT:_87disp_.obj
 0001:00020542       __tosnan1                  10021542     LIBCMT:_87disp_.obj
 0001:0002056d       __nosnan2                  1002156d     LIBCMT:_87disp_.obj
 0001:0002056f       __tosnan2                  1002156f     LIBCMT:_87disp_.obj
 0001:00020597       __nan2                     10021597     LIBCMT:_87disp_.obj
 0001:000205d6       __rtindfpop                100215d6     LIBCMT:_87disp_.obj
 0001:000205d8       __rtindfnpop               100215d8     LIBCMT:_87disp_.obj
 0001:000205e9       __rttosnpopde              100215e9     LIBCMT:_87disp_.obj
 0001:000205f3       __rtchsifneg               100215f3     LIBCMT:_87disp_.obj
 0001:00020600       __twoToTOS                 10021600 f   LIBCMT:_common_.obj
 0001:00020615       __load_CW                  10021615 f   LIBCMT:_common_.obj
 0001:0002062c       __convertTOStoQNaN         1002162c f   LIBCMT:_common_.obj
 0001:00020645       __fload_withFB             10021645 f   LIBCMT:_common_.obj
 0001:00020688       __checkTOS_withFB          10021688 f   LIBCMT:_common_.obj
 0001:0002069e       __fast_exit                1002169e f   LIBCMT:_common_.obj
 0001:000206ab       __math_exit                100216ab f   LIBCMT:_common_.obj
 0001:000206d5       __check_overflow_exit      100216d5 f   LIBCMT:_common_.obj
 0001:000206e9       __check_range_exit         100216e9 f   LIBCMT:_common_.obj
 0001:00020790       __startTwoArgErrorHandling 10021790 f   LIBCMT:_genexcep_.obj
 0001:000207a7       __startOneArgErrorHandling 100217a7 f   LIBCMT:_genexcep_.obj
 0001:000207f0       __CIcos_pentium4           100217f0 f   LIBCMT:_cos_pentium4_.obj
 0001:00020808       __cos_pentium4             10021808     LIBCMT:_cos_pentium4_.obj
 0001:000209a0       __SEH_prolog4              100219a0 f   LIBCMT:sehprolg4.obj
 0001:000209e5       __SEH_epilog4              100219e5 f   LIBCMT:sehprolg4.obj
 0001:000209f9       __ioinit                   100219f9 f   LIBCMT:ioinit.obj
 0001:00020c3e       __ioterm                   10021c3e f   LIBCMT:ioinit.obj
 0001:00020c91       __setenvp                  10021c91 f   LIBCMT:stdenvp.obj
 0001:00020f07       __setargv                  10021f07 f   LIBCMT:stdargv.obj
 0001:00020fc2       ___crtGetEnvironmentStringsA 10021fc2 f   LIBCMT:a_env.obj
 0001:00021059       __RTC_Initialize           10022059 f   LIBCMT:_initsect_.obj
 0001:0002107f       __RTC_Terminate            1002207f f   LIBCMT:_initsect_.obj
 0001:000210a5       __XcptFilter               100220a5 f   LIBCMT:winxfltr.obj
 0001:000211ef       ___CppXcptFilter           100221ef f   LIBCMT:winxfltr.obj
 0001:0002120f       ___security_init_cookie    1002220f f   LIBCMT:gs_support.obj
 0001:000212aa       __msize                    100222aa f   LIBCMT:msize.obj
 0001:000212dd       __mtinitlocks              100222dd f   LIBCMT:mlock.obj
 0001:00021327       __mtdeletelocks            10022327 f   LIBCMT:mlock.obj
 0001:0002137e       __unlock                   1002237e f   LIBCMT:mlock.obj
 0001:00021395       __mtinitlocknum            10022395 f   LIBCMT:mlock.obj
 0001:00021457       __lock                     10022457 f   LIBCMT:mlock.obj
 0001:0002148a       __EH_prolog3_catch         1002248a f   LIBCMT:ehprolg3.obj
 0001:000214c0       ?_ValidateWrite@@YAHPAXI@Z 100224c0 f   LIBCMT:validate.obj
 0001:000214c0       ?_ValidateRead@@YAHPBXI@Z  100224c0 f   LIBCMT:validate.obj
 0001:000214c0       ?_ValidateExecute@@YAHP6GHXZ@Z 100224c0 f   LIBCMT:validate.obj
 0001:000214d2       _abort                     100224d2 f   LIBCMT:abort.obj
 0001:00021510       __global_unwind2           10022510 f   LIBCMT:exsup.obj
 0001:00021575       __local_unwind2            10022575 f   LIBCMT:exsup.obj
 0001:000215f9       __abnormal_termination     100225f9 f   LIBCMT:exsup.obj
 0001:0002161c       __NLG_Notify1              1002261c f   LIBCMT:exsup.obj
 0001:00021625       __NLG_Notify               10022625 f   LIBCMT:exsup.obj
 0001:0002163c       __NLG_Dispatch             1002263c     LIBCMT:exsup.obj
 0001:0002163c       __NLG_Dispatch2            1002263c     LIBCMT:exsup.obj
 0001:00021644       __NLG_Call                 10022644 f   LIBCMT:exsup.obj
 0001:00021646       __NLG_Return2              10022646     LIBCMT:exsup.obj
 0001:00021647       __crt_debugger_hook        10022647 f   LIBCMT:dbghook.obj
 0001:000217db       ?_RTC_GetSrcLine@@YAHPAEPA_WKPAH1K@Z 100227db f   LIBCMT:_pdblkup_.obj
 0001:00021a60       _strrchr                   10022a60 f   LIBCMT:strrchr.obj
 0001:00021a8d       __isdigit_l                10022a8d f i LIBCMT:_ctype.obj
 0001:00021ade       _isdigit                   10022ade f i LIBCMT:_ctype.obj
 0001:00021b0c       __tolower_l                10022b0c f   LIBCMT:tolower.obj
 0001:00021c21       _tolower                   10022c21 f   LIBCMT:tolower.obj
 0001:00021c4d       __atodbl_l                 10022c4d f   LIBCMT:atodbl.obj
 0001:00021cf5       __atoflt_l                 10022cf5 f   LIBCMT:atodbl.obj
 0001:00021d9d       __fptostr                  10022d9d f   LIBCMT:_fptostr.obj
 0001:00021e50       ___dtold                   10022e50 f   LIBCMT:_cfout_.obj
 0001:00021f03       __fltout2                  10022f03 f   LIBCMT:_cfout_.obj
 0001:00021fa0       __alldvrm                  10022fa0 f   LIBCMT:lldvrm.obj
 0001:00022080       __aullshr                  10023080 f   LIBCMT:ullshr.obj
 0001:0002209f       __fptrap                   1002309f f   LIBCMT:crt0fp.obj
 0001:000220a8       __controlfp_s              100230a8 f   LIBCMT:_contrlfp_.obj
 0001:00022107       __lseeki64_nolock          10023107 f   LIBCMT:lseeki64.obj
 0001:0002218c       __lseeki64                 1002318c f   LIBCMT:lseeki64.obj
 0001:00022276       __write_nolock             10023276 f   LIBCMT:write.obj
 0001:00022973       __write                    10023973 f   LIBCMT:write.obj
 0001:00022a47       __getbuf                   10023a47 f   LIBCMT:_getbuf.obj
 0001:00022a90       __isatty                   10023a90 f   LIBCMT:isatty.obj
 0001:00022ae6       ___iob_func                10023ae6 f   LIBCMT:_file.obj
 0001:00022aec       ___initstdio               10023aec f   LIBCMT:_file.obj
 0001:00022b9d       ___endstdio                10023b9d f   LIBCMT:_file.obj
 0001:00022bbd       __lock_file                10023bbd f   LIBCMT:_file.obj
 0001:00022bfe       __lock_file2               10023bfe f   LIBCMT:_file.obj
 0001:00022c30       __unlock_file              10023c30 f   LIBCMT:_file.obj
 0001:00022c6c       __unlock_file2             10023c6c f   LIBCMT:_file.obj
 0001:00022c9b       __fileno                   10023c9b f   LIBCMT:fileno.obj
 0001:00022cc1       __get_printf_count_output  10023cc1 f   LIBCMT:printf.obj
 0001:00022cd7       __wctomb_s_l               10023cd7 f   LIBCMT:wctomb.obj
 0001:00022e2c       _wctomb_s                  10023e2c f   LIBCMT:wctomb.obj
 0001:00022e50       __aulldvrm                 10023e50 f   LIBCMT:ulldvrm.obj
 0001:000230cc       ___crtLCMapStringA         100240cc f   LIBCMT:a_map.obj
 0001:000231f9       ___crtGetStringTypeA       100241f9 f   LIBCMT:a_str.obj
 0001:00023239       ___free_lc_time            10024239 f   LIBCMT:inittime.obj
 0001:000235b0       ___free_lconv_num          100245b0 f   LIBCMT:initnum.obj
 0001:00023619       ___free_lconv_mon          10024619 f   LIBCMT:initmon.obj
 0001:00023717       __calloc_impl              10024717 f   LIBCMT:calloc_impl.obj
 0001:00023799       _realloc                   10024799 f   LIBCMT:realloc.obj
 0001:00023846       __recalloc                 10024846 f   LIBCMT:recalloc.obj
 0001:000238b4       _strncpy_s                 100248b4 f   LIBCMT:strncpy_s.obj
 0001:00023969       __getenv_helper_nolock     10024969 f   LIBCMT:getenv.obj
 0001:000239f0       ____lc_codepage_func       100249f0 f   LIBCMT:initctyp.obj
 0001:00023a20       __alloca_probe             10024a20     LIBCMT:chkstk.obj
 0001:00023a20       __chkstk                   10024a20 f   LIBCMT:chkstk.obj
 0001:00023a50       __allmul                   10024a50 f   LIBCMT:llmul.obj
 0001:00023a84       __isctype_l                10024a84 f   LIBCMT:isctype.obj
 0001:00023b3c       __initp_misc_winsig        10024b3c f   LIBCMT:winsig.obj
 0001:00023b91       ___get_sigabrt             10024b91 f   LIBCMT:winsig.obj
 0001:00023b9e       _raise                     10024b9e f   LIBCMT:winsig.obj
 0001:00023d41       __initp_misc_rand_s        10024d41 f   LIBCMT:rand_s.obj
 0001:00023d50       __initp_misc_purevirt      10024d50 f   LIBCMT:inithelp.obj
 0001:00023d5f       ___crtMessageBoxW          10024d5f f   LIBCMT:crtmboxw.obj
 0001:00023ecb       _wcscat_s                  10024ecb f   LIBCMT:wcscat_s.obj
 0001:00023f40       _wcsncpy_s                 10024f40 f   LIBCMT:wcsncpy_s.obj
 0001:0002400d       _wcslen                    1002500d f   LIBCMT:wcslen.obj
 0001:00024028       _wcscpy_s                  10025028 f   LIBCMT:wcscpy_s.obj
 0001:0002408b       __set_error_mode           1002508b f   LIBCMT:errmode.obj
 0001:000240ca       __87except                 100250ca f   LIBCMT:_87except_.obj
 0001:0002425c       __ismbblead                1002525c f   LIBCMT:ismbbyte.obj
 0001:00024274       __ld12tod                  10025274 f   LIBCMT:_intrncvt_.obj
 0001:000247c5       __ld12tof                  100257c5 f   LIBCMT:_intrncvt_.obj
 0001:00024d16       ___strgtold12_l            10025d16 f   LIBCMT:_strgtold_.obj
 0001:000253f2       _$I10_OUTPUT               100263f2 f   LIBCMT:_x10fout_.obj
 0001:00025e18       __control87                10026e18 f i LIBCMT:_ieee87_.obj
 0001:0002612a       __free_osfhnd              1002712a f   LIBCMT:osfinfo.obj
 0001:000261b0       __get_osfhandle            100271b0 f   LIBCMT:osfinfo.obj
 0001:00026219       ___lock_fhandle            10027219 f   LIBCMT:osfinfo.obj
 0001:000262b8       __unlock_fhandle           100272b8 f   LIBCMT:osfinfo.obj
 0001:000262df       __putwch_nolock            100272df f   LIBCMT:putwch.obj
 0001:00026321       __mbtowc_l                 10027321 f   LIBCMT:mbtowc.obj
 0001:00026437       _mbtowc                    10027437 f   LIBCMT:mbtowc.obj
 0001:00026451       __fcloseall                10027451 f   LIBCMT:closeall.obj
 0001:000264ed       __flush                    100274ed f   LIBCMT:fflush.obj
 0001:00026555       __fflush_nolock            10027555 f   LIBCMT:fflush.obj
 0001:00026677       __flushall                 10027677 f   LIBCMT:fflush.obj
 0001:00026680       __mbsnbicoll_l             10027680 f   LIBCMT:mbsnbico.obj
 0001:0002675e       __mbsnbicoll               1002775e f   LIBCMT:mbsnbico.obj
 0001:00026778       ___wtomb_environ           10027778 f   LIBCMT:wtombenv.obj
 0001:00026810       _strcspn                   10027810 f   LIBCMT:strcspn.obj
 0001:00026860       _strpbrk                   10027860 f   LIBCMT:strpbrk.obj
 0001:000268a0       __raise_exc_ex             100278a0 f   LIBCMT:_fpexcept_.obj
 0001:00026b7c       __raise_exc                10027b7c f   LIBCMT:_fpexcept_.obj
 0001:00026b9f       __handle_exc               10027b9f f   LIBCMT:_fpexcept_.obj
 0001:00026d83       __set_errno_from_matherr   10027d83 f   LIBCMT:_fpexcept_.obj
 0001:00026db0       __statfp                   10027db0 f   LIBCMT:_fpctrl_.obj
 0001:00026dc0       __clrfp                    10027dc0 f   LIBCMT:_fpctrl_.obj
 0001:00026dd1       __ctrlfp                   10027dd1 f   LIBCMT:_fpctrl_.obj
 0001:00026dfc       __set_statfp               10027dfc f   LIBCMT:_fpctrl_.obj
 0001:00026e54       ___set_fpsr_sse2           10027e54 f   LIBCMT:_fpctrl_.obj
 0001:00026ec6       ___mtold12                 10027ec6 f   LIBCMT:_mantold_.obj
 0001:000270aa       ___initconout              100280aa f   LIBCMT:initcon.obj
 0001:000270c9       ___termconout              100280c9 f   LIBCMT:initcon.obj
 0001:000270e0       __fclose_nolock            100280e0 f   LIBCMT:fclose.obj
 0001:0002714d       _fclose                    1002814d f   LIBCMT:fclose.obj
 0001:000271c1       __commit                   100281c1 f   LIBCMT:commit.obj
 0001:00027508       ___crtCompareStringA       10028508 f   LIBCMT:a_cmp.obj
 0001:0002754a       __strnicoll_l              1002854a f   LIBCMT:strnicol.obj
 0001:000276e6       ___crtsetenv               100286e6 f   LIBCMT:setenv.obj
 0001:00027928       __strnicmp_l               10028928 f   LIBCMT:strnicmp.obj
 0001:00027a0a       __set_exp                  10028a0a f   LIBCMT:_util_.obj
 0001:00027a37       __decomp                   10028a37 f   LIBCMT:_util_.obj
 0001:00027afa       __close_nolock             10028afa f   LIBCMT:close.obj
 0001:00027b96       __close                    10028b96 f   LIBCMT:close.obj
 0001:00027c5a       __freebuf                  10028c5a f   LIBCMT:_freebuf.obj
 0001:00027c8b       __strdup                   10028c8b f   LIBCMT:strdup.obj
 0001:00027cdd       __mbschr_l                 10028cdd f   LIBCMT:mbschr.obj
 0001:00027d8d       __mbschr                   10028d8d f   LIBCMT:mbschr.obj
 0001:00027db0       ___ascii_strnicmp          10028db0 f   LIBCMT:_strnicm.obj
 0001:00027e12       _RtlUnwind@16              10028e12 f   kernel32:KERNEL32.dll
 0002:00000000       __imp__RegCloseKey@4       1002a000     advapi32:ADVAPI32.dll
 0002:00000004       __imp__RegSetKeyValueA@24  1002a004     advapi32:ADVAPI32.dll
 0002:00000008       __imp__RegCreateKeyExA@36  1002a008     advapi32:ADVAPI32.dll
 0002:0000000c       __imp__RegQueryValueExA@24 1002a00c     advapi32:ADVAPI32.dll
 0002:00000010       __imp__RegSetValueExA@24   1002a010     advapi32:ADVAPI32.dll
 0002:00000014       \177ADVAPI32_NULL_THUNK_DATA 1002a014     advapi32:ADVAPI32.dll
 0002:00000018       __imp__TextOutA@20         1002a018     gdi32:GDI32.dll
 0002:0000001c       \177GDI32_NULL_THUNK_DATA  1002a01c     gdi32:GDI32.dll
 0002:00000020       __imp__ImmAssociateContext@8 1002a020     imm32:IMM32.dll
 0002:00000024       \177IMM32_NULL_THUNK_DATA  1002a024     imm32:IMM32.dll
 0002:00000028       __imp__LoadLibraryA@4      1002a028     kernel32:KERNEL32.dll
 0002:0000002c       __imp__lstrcatA@8          1002a02c     kernel32:KERNEL32.dll
 0002:00000030       __imp__lstrcpyA@8          1002a030     kernel32:KERNEL32.dll
 0002:00000034       __imp__GetSystemDirectoryA@8 1002a034     kernel32:KERNEL32.dll
 0002:00000038       __imp__GetProcAddress@8    1002a038     kernel32:KERNEL32.dll
 0002:0000003c       __imp__MapViewOfFile@20    1002a03c     kernel32:KERNEL32.dll
 0002:00000040       __imp__GetLastError@0      1002a040     kernel32:KERNEL32.dll
 0002:00000044       __imp__CreateFileMappingA@24 1002a044     kernel32:KERNEL32.dll
 0002:00000048       __imp__CloseHandle@4       1002a048     kernel32:KERNEL32.dll
 0002:0000004c       __imp__UnmapViewOfFile@4   1002a04c     kernel32:KERNEL32.dll
 0002:00000050       __imp__WriteProcessMemory@20 1002a050     kernel32:KERNEL32.dll
 0002:00000054       __imp__GetCurrentProcess@0 1002a054     kernel32:KERNEL32.dll
 0002:00000058       __imp__CreateSemaphoreA@16 1002a058     kernel32:KERNEL32.dll
 0002:0000005c       __imp__ReleaseSemaphore@12 1002a05c     kernel32:KERNEL32.dll
 0002:00000060       __imp__FreeLibrary@4       1002a060     kernel32:KERNEL32.dll
 0002:00000064       __imp__FindClose@4         1002a064     kernel32:KERNEL32.dll
 0002:00000068       __imp__FindFirstFileA@8    1002a068     kernel32:KERNEL32.dll
 0002:0000006c       __imp__CreateDirectoryA@8  1002a06c     kernel32:KERNEL32.dll
 0002:00000070       __imp__lstrcmpiA@8         1002a070     kernel32:KERNEL32.dll
[...]
 0001:00028026       __ehhandler$??0CDDDTA@@QAE@XZ 10029026 f   dddta.obj
 0001:00028050       __unwindfunclet$??1CDDDTA@@QAE@XZ$0 10029050 f   dddta.obj
 0001:0002805b       __ehhandler$??1CDDDTA@@QAE@XZ 1002905b f   dddta.obj
 0001:00028080       __ehhandler$?InitDDDTA@CDDDTA@@AAEXXZ 10029080 f   dddta.obj
 0001:000280a0       __unwindfunclet$?RestoreAllSharedTAMem@CDDDTA@@AAEXXZ$0 100290a0 f   dddta.obj
 0001:000280a8       __unwindfunclet$?RestoreAllSharedTAMem@CDDDTA@@AAEXXZ$1 100290a8 f   dddta.obj
 0001:000280b0       __unwindfunclet$?RestoreAllSharedTAMem@CDDDTA@@AAEXXZ$6 100290b0 f   dddta.obj
 0001:000280b8       __unwindfunclet$?RestoreAllSharedTAMem@CDDDTA@@AAEXXZ$7 100290b8 f   dddta.obj
 0001:000280c0       __unwindfunclet$?RestoreAllSharedTAMem@CDDDTA@@AAEXXZ$12 100290c0 f   dddta.obj
 0001:000280c8       __unwindfunclet$?RestoreAllSharedTAMem@CDDDTA@@AAEXXZ$13 100290c8 f   dddta.obj
 0001:000280d0       __unwindfunclet$?RestoreAllSharedTAMem@CDDDTA@@AAEXXZ$18 100290d0 f   dddta.obj
 0001:000280db       __unwindfunclet$?RestoreAllSharedTAMem@CDDDTA@@AAEXXZ$19 100290db f   dddta.obj
 0001:000280e6       __unwindfunclet$?RestoreAllSharedTAMem@CDDDTA@@AAEXXZ$24 100290e6 f   dddta.obj
 0001:000280f1       __unwindfunclet$?RestoreAllSharedTAMem@CDDDTA@@AAEXXZ$25 100290f1 f   dddta.obj
 0001:000280fc       __unwindfunclet$?RestoreAllSharedTAMem@CDDDTA@@AAEXXZ$30 100290fc f   dddta.obj
 0001:00028107       __unwindfunclet$?RestoreAllSharedTAMem@CDDDTA@@AAEXXZ$31 10029107 f   dddta.obj
 0001:00028112       __ehhandler$?RestoreAllSharedTAMem@CDDDTA@@AAEXXZ 10029112 f   dddta.obj
 0001:00028130       __unwindfunclet$??1?$deque@UTAShareMemStruct@CDDDTA@@V?$allocator@UTAShareMemStruct@CDDDTA@@@std@@@std@@QAE@XZ$0 10029130 f   dddta.obj
 0001:00028130       __unwindfunclet$??1?$deque@UMMHS@AlliesWhiteboard@@V?$allocator@UMMHS@AlliesWhiteboard@@@std@@@std@@QAE@XZ$0 10029130 f   dddta.obj
 0001:00028130       __unwindfunclet$??1?$deque@PAVGraphicElement@@V?$allocator@PAVGraphicElement@@@std@@@std@@QAE@XZ$0 10029130 f   dddta.obj
 0001:00028138       __unwindfunclet$??1?$deque@UMMHS@AlliesWhiteboard@@V?$allocator@UMMHS@AlliesWhiteboard@@@std@@@std@@QAE@XZ$1 10029138 f   dddta.obj
 0001:00028138       __unwindfunclet$??1?$deque@PAVGraphicElement@@V?$allocator@PAVGraphicElement@@@std@@@std@@QAE@XZ$1 10029138 f   dddta.obj
 0001:00028138       __unwindfunclet$??1?$deque@UTAShareMemStruct@CDDDTA@@V?$allocator@UTAShareMemStruct@CDDDTA@@@std@@@std@@QAE@XZ$1 10029138 f   dddta.obj
 0001:00028140       __ehhandler$??1?$deque@UTAShareMemStruct@CDDDTA@@V?$allocator@UTAShareMemStruct@CDDDTA@@@std@@@std@@QAE@XZ 10029140 f   dddta.obj
 0001:00028140       __ehhandler$??1?$deque@UMMHS@AlliesWhiteboard@@V?$allocator@UMMHS@AlliesWhiteboard@@@std@@@std@@QAE@XZ 10029140 f   dddta.obj
 0001:00028140       __ehhandler$??1?$deque@PAVGraphicElement@@V?$allocator@PAVGraphicElement@@@std@@@std@@QAE@XZ 10029140 f   dddta.obj
 0001:00028160       __unwindfunclet$??0IncreaseAISearchMapEntriesLimit@@QAE@K@Z$0 10029160 f   LimitCrack.obj
 0001:0002816b       __ehhandler$??0IncreaseAISearchMapEntriesLimit@@QAE@K@Z 1002916b f   LimitCrack.obj
 0001:00028190       __unwindfunclet$?WriteWeaponAryLen@IncreaseWeaponTypeLimit@@AAEKK@Z$0 10029190 f   LimitCrack.obj
 0001:00028190       __unwindfunclet$?WriteWeaponAryPtr@IncreaseWeaponTypeLimit@@AAEPAXPAPAX@Z$0 10029190 f   LimitCrack.obj
 0001:0002819b       __ehhandler$?WriteWeaponAryPtr@IncreaseWeaponTypeLimit@@AAEPAXPAPAX@Z 1002919b f   LimitCrack.obj
 0001:0002819b       __ehhandler$?WriteWeaponAryLen@IncreaseWeaponTypeLimit@@AAEKK@Z 1002919b f   LimitCrack.obj
 0001:000281c0       __unwindfunclet$?WriteNewLimit@IncreaseUnitTypeLimit@@AAEXK@Z$0 100291c0 f   LimitCrack.obj
 0001:000281cb       __unwindfunclet$?WriteNewLimit@IncreaseUnitTypeLimit@@AAEXK@Z$1 100291cb f   LimitCrack.obj
 0001:000281d6       __unwindfunclet$?WriteNewLimit@IncreaseUnitTypeLimit@@AAEXK@Z$2 100291d6 f   LimitCrack.obj
 0001:000281e4       __unwindfunclet$?WriteNewLimit@IncreaseUnitTypeLimit@@AAEXK@Z$3 100291e4 f   LimitCrack.obj
 0001:000281f2       __unwindfunclet$?WriteNewLimit@IncreaseUnitTypeLimit@@AAEXK@Z$4 100291f2 f   LimitCrack.obj
 0001:00028200       __unwindfunclet$?WriteNewLimit@IncreaseUnitTypeLimit@@AAEXK@Z$5 10029200 f   LimitCrack.obj
 0001:0002820e       __unwindfunclet$?WriteNewLimit@IncreaseUnitTypeLimit@@AAEXK@Z$6 1002920e f   LimitCrack.obj
 0001:0002821c       __unwindfunclet$?WriteNewLimit@IncreaseUnitTypeLimit@@AAEXK@Z$7 1002921c f   LimitCrack.obj
 0001:0002822a       __unwindfunclet$?WriteNewLimit@IncreaseUnitTypeLimit@@AAEXK@Z$8 1002922a f   LimitCrack.obj
 0001:00028238       __unwindfunclet$?WriteNewLimit@IncreaseUnitTypeLimit@@AAEXK@Z$9 10029238 f   LimitCrack.obj
 0001:00028246       __ehhandler$?WriteNewLimit@IncreaseUnitTypeLimit@@AAEXK@Z 10029246 f   LimitCrack.obj
 0001:00028270       __unwindfunclet$?WriteNewLimit@IncreaseCompositeBuf@@AAEXKK@Z$0 10029270 f   LimitCrack.obj
 0001:0002827b       __ehhandler$?WriteNewLimit@IncreaseCompositeBuf@@AAEXKK@Z 1002927b f   LimitCrack.obj
 0001:000282a0       __unwindfunclet$??0AlliesWhiteboard@@QAE@XZ$0 100292a0 f   whiteboard.obj
 0001:000282ae       __unwindfunclet$??0AlliesWhiteboard@@QAE@XZ$1 100292ae f   whiteboard.obj
 0001:000282bc       __unwindfunclet$??0AlliesWhiteboard@@QAE@XZ$2 100292bc f   whiteboard.obj
 0001:000282ca       __ehhandler$??0AlliesWhiteboard@@QAE@XZ 100292ca f   whiteboard.obj
 0001:000282f0       __unwindfunclet$??1AlliesWhiteboard@@QAE@XZ$0 100292f0 f   whiteboard.obj
 0001:000282fe       __unwindfunclet$??1AlliesWhiteboard@@QAE@XZ$1 100292fe f   whiteboard.obj
 0001:0002830c       __unwindfunclet$??1AlliesWhiteboard@@QAE@XZ$2 1002930c f   whiteboard.obj
 0001:0002831a       __ehhandler$??1AlliesWhiteboard@@QAE@XZ 1002931a f   whiteboard.obj
 0001:00028340       __unwindfunclet$?LockBlit@AlliesWhiteboard@@QAEXPADH@Z$0 10029340 f   whiteboard.obj
 0001:00028348       __unwindfunclet$?LockBlit@AlliesWhiteboard@@QAEXPADH@Z$1 10029348 f   whiteboard.obj
 0001:00028350       __unwindfunclet$?LockBlit@AlliesWhiteboard@@QAEXPADH@Z$3 10029350 f   whiteboard.obj
 0001:00028358       __unwindfunclet$?LockBlit@AlliesWhiteboard@@QAEXPADH@Z$4 10029358 f   whiteboard.obj
 0001:00028360       __ehhandler$?LockBlit@AlliesWhiteboard@@QAEXPADH@Z 10029360 f   whiteboard.obj
 0001:00028380       __unwindfunclet$?Message@AlliesWhiteboard@@QAE_NPAUHWND__@@IIJ@Z$0 10029380 f   whiteboard.obj
 0001:0002838b       __unwindfunclet$?Message@AlliesWhiteboard@@QAE_NPAUHWND__@@IIJ@Z$1 1002938b f   whiteboard.obj
 0001:00028396       __ehhandler$?Message@AlliesWhiteboard@@QAE_NPAUHWND__@@IIJ@Z 10029396 f   whiteboard.obj
 0001:000283c0       __unwindfunclet$?TextInputKeyDown@AlliesWhiteboard@@AAEXH@Z$0 100293c0 f   whiteboard.obj
 0001:000283cb       __ehhandler$?TextInputKeyDown@AlliesWhiteboard@@AAEXH@Z 100293cb f   whiteboard.obj
 0001:000283f0       __unwindfunclet$??0GraphicText@@QAE@HHPADD@Z$0 100293f0 f   whiteboard.obj
 0001:000283f0       __unwindfunclet$??0GraphicTextEdited@@QAE@HHPADD@Z$0 100293f0 f   whiteboard.obj
 0001:000283f8       __ehhandler$??0GraphicTextEdited@@QAE@HHPADD@Z 100293f8 f   whiteboard.obj
 0001:000283f8       __ehhandler$??0GraphicText@@QAE@HHPADD@Z 100293f8 f   whiteboard.obj
 0001:00028420       __unwindfunclet$?AddTextMarker@AlliesWhiteboard@@AAEXXZ$0 10029420 f   whiteboard.obj
 0001:0002842b       __unwindfunclet$?AddTextMarker@AlliesWhiteboard@@AAEXXZ$1 1002942b f   whiteboard.obj
 0001:00028436       __ehhandler$?AddTextMarker@AlliesWhiteboard@@AAEXXZ 10029436 f   whiteboard.obj
 0001:00028460       __unwindfunclet$?DrawMarkers@AlliesWhiteboard@@AAEXPAUIDirectDrawSurface@@@Z$0 10029460 f   whiteboard.obj
 0001:00028468       __unwindfunclet$?DrawMarkers@AlliesWhiteboard@@AAEXPAUIDirectDrawSurface@@@Z$1 10029468 f   whiteboard.obj
 0001:00028470       __unwindfunclet$?DrawMarkers@AlliesWhiteboard@@AAEXPAUIDirectDrawSurface@@@Z$3 10029470 f   whiteboard.obj
 0001:00028478       __unwindfunclet$?DrawMarkers@AlliesWhiteboard@@AAEXPAUIDirectDrawSurface@@@Z$4 10029478 f   whiteboard.obj
 0001:00028480       __ehhandler$?DrawMarkers@AlliesWhiteboard@@AAEXPAUIDirectDrawSurface@@@Z 10029480 f   whiteboard.obj
 0001:000284a0       __unwindfunclet$?DrawMinimapMarkers@AlliesWhiteboard@@QAEXPADH_N@Z$0 100294a0 f   whiteboard.obj
 0001:000284a8       __unwindfunclet$?DrawMinimapMarkers@AlliesWhiteboard@@QAEXPADH_N@Z$1 100294a8 f   whiteboard.obj
 0001:000284b0       __unwindfunclet$?DrawMinimapMarkers@AlliesWhiteboard@@QAEXPADH_N@Z$6 100294b0 f   whiteboard.obj
 0001:000284b8       __unwindfunclet$?DrawMinimapMarkers@AlliesWhiteboard@@QAEXPADH_N@Z$7 100294b8 f   whiteboard.obj
 0001:000284c0       __unwindfunclet$?DrawMinimapMarkers@AlliesWhiteboard@@QAEXPADH_N@Z$12 100294c0 f   whiteboard.obj
 0001:000284c8       __unwindfunclet$?DrawMinimapMarkers@AlliesWhiteboard@@QAEXPADH_N@Z$13 100294c8 f   whiteboard.obj
 0001:000284d0       __unwindfunclet$?DrawMinimapMarkers@AlliesWhiteboard@@QAEXPADH_N@Z$18 100294d0 f   whiteboard.obj
 0001:000284db       __unwindfunclet$?DrawMinimapMarkers@AlliesWhiteboard@@QAEXPADH_N@Z$19 100294db f   whiteboard.obj
 0001:000284e6       __unwindfunclet$?DrawMinimapMarkers@AlliesWhiteboard@@QAEXPADH_N@Z$24 100294e6 f   whiteboard.obj
 0001:000284f1       __unwindfunclet$?DrawMinimapMarkers@AlliesWhiteboard@@QAEXPADH_N@Z$25 100294f1 f   whiteboard.obj
 0001:000284fc       __unwindfunclet$?DrawMinimapMarkers@AlliesWhiteboard@@QAEXPADH_N@Z$30 100294fc f   whiteboard.obj
 0001:00028507       __unwindfunclet$?DrawMinimapMarkers@AlliesWhiteboard@@QAEXPADH_N@Z$31 10029507 f   whiteboard.obj
 0001:00028512       __unwindfunclet$?DrawMinimapMarkers@AlliesWhiteboard@@QAEXPADH_N@Z$36 10029512 f   whiteboard.obj
 0001:0002851d       __unwindfunclet$?DrawMinimapMarkers@AlliesWhiteboard@@QAEXPADH_N@Z$37 1002951d f   whiteboard.obj
 0001:00028528       __unwindfunclet$?DrawMinimapMarkers@AlliesWhiteboard@@QAEXPADH_N@Z$42 10029528 f   whiteboard.obj
 0001:00028533       __unwindfunclet$?DrawMinimapMarkers@AlliesWhiteboard@@QAEXPADH_N@Z$43 10029533 f   whiteboard.obj
 0001:0002853e       __unwindfunclet$?DrawMinimapMarkers@AlliesWhiteboard@@QAEXPADH_N@Z$48 1002953e f   whiteboard.obj
 0001:00028549       __unwindfunclet$?DrawMinimapMarkers@AlliesWhiteboard@@QAEXPADH_N@Z$49 10029549 f   whiteboard.obj
 0001:00028554       __unwindfunclet$?DrawMinimapMarkers@AlliesWhiteboard@@QAEXPADH_N@Z$54 10029554 f   whiteboard.obj
 0001:0002855f       __unwindfunclet$?DrawMinimapMarkers@AlliesWhiteboard@@QAEXPADH_N@Z$55 1002955f f   whiteboard.obj
 0001:0002856a       __unwindfunclet$?DrawMinimapMarkers@AlliesWhiteboard@@QAEXPADH_N@Z$60 1002956a f   whiteboard.obj
 0001:00028575       __unwindfunclet$?DrawMinimapMarkers@AlliesWhiteboard@@QAEXPADH_N@Z$61 10029575 f   whiteboard.obj
 0001:00028580       __unwindfunclet$?DrawMinimapMarkers@AlliesWhiteboard@@QAEXPADH_N@Z$66 10029580 f   whiteboard.obj
 0001:0002858b       __unwindfunclet$?DrawMinimapMarkers@AlliesWhiteboard@@QAEXPADH_N@Z$67 1002958b f   whiteboard.obj
 0001:00028596       __ehhandler$?DrawMinimapMarkers@AlliesWhiteboard@@QAEXPADH_N@Z 10029596 f   whiteboard.obj
 0001:000285c0       __unwindfunclet$?GetMarkers@AlliesWhiteboard@@QAEXPAUMarkerArray@@@Z$0 100295c0 f   whiteboard.obj
 0001:000285c8       __unwindfunclet$?GetMarkers@AlliesWhiteboard@@QAEXPAUMarkerArray@@@Z$1 100295c8 f   whiteboard.obj
 0001:000285d0       __unwindfunclet$?GetMarkers@AlliesWhiteboard@@QAEXPAUMarkerArray@@@Z$6 100295d0 f   whiteboard.obj
 0001:000285d8       __unwindfunclet$?GetMarkers@AlliesWhiteboard@@QAEXPAUMarkerArray@@@Z$7 100295d8 f   whiteboard.obj
 0001:000285e0       __ehhandler$?GetMarkers@AlliesWhiteboard@@QAEXPAUMarkerArray@@@Z 100295e0 f   whiteboard.obj
 0001:00028600       __unwindfunclet$?ReceiveMarkers@AlliesWhiteboard@@AAEXXZ$0 10029600 f   whiteboard.obj
 0001:0002860b       __ehhandler$?ReceiveMarkers@AlliesWhiteboard@@AAEXXZ 1002960b f   whiteboard.obj
 0001:00028640       __unwindfunclet$?SendMarkers@AlliesWhiteboard@@AAEXXZ$0 10029640 f   whiteboard.obj
 0001:0002864b       __unwindfunclet$?SendMarkers@AlliesWhiteboard@@AAEXXZ$3 1002964b f   whiteboard.obj
 0001:00028656       __unwindfunclet$?SendMarkers@AlliesWhiteboard@@AAEXXZ$6 10029656 f   whiteboard.obj
 0001:00028661       __unwindfunclet$?SendMarkers@AlliesWhiteboard@@AAEXXZ$9 10029661 f   whiteboard.obj
 0001:0002866c       __unwindfunclet$?SendMarkers@AlliesWhiteboard@@AAEXXZ$12 1002966c f   whiteboard.obj
 0001:00028677       __unwindfunclet$?SendMarkers@AlliesWhiteboard@@AAEXXZ$15 10029677 f   whiteboard.obj
 0001:00028682       __unwindfunclet$?SendMarkers@AlliesWhiteboard@@AAEXXZ$18 10029682 f   whiteboard.obj
 0001:0002868d       __unwindfunclet$?SendMarkers@AlliesWhiteboard@@AAEXXZ$21 1002968d f   whiteboard.obj
 0001:00028698       __unwindfunclet$?SendMarkers@AlliesWhiteboard@@AAEXXZ$24 10029698 f   whiteboard.obj
 0001:000286a3       __unwindfunclet$?SendMarkers@AlliesWhiteboard@@AAEXXZ$27 100296a3 f   whiteboard.obj
 0001:000286ae       __unwindfunclet$?SendMarkers@AlliesWhiteboard@@AAEXXZ$30 100296ae f   whiteboard.obj
 0001:000286b9       __unwindfunclet$?SendMarkers@AlliesWhiteboard@@AAEXXZ$33 100296b9 f   whiteboard.obj
 0001:000286c4       __ehhandler$?SendMarkers@AlliesWhiteboard@@AAEXXZ 100296c4 f   whiteboard.obj
 0001:000286f0       __unwindfunclet$?GetTextElementAt@AlliesWhiteboard@@AAEPAVGraphicElement@@HHH@Z$0 100296f0 f   whiteboard.obj
 0001:000286f8       __unwindfunclet$?GetTextElementAt@AlliesWhiteboard@@AAEPAVGraphicElement@@HHH@Z$1 100296f8 f   whiteboard.obj
 0001:00028700       __unwindfunclet$?GetTextElementAt@AlliesWhiteboard@@AAEPAVGraphicElement@@HHH@Z$3 10029700 f   whiteboard.obj
 0001:00028708       __unwindfunclet$?GetTextElementAt@AlliesWhiteboard@@AAEPAVGraphicElement@@HHH@Z$4 10029708 f   whiteboard.obj
 0001:00028710       __ehhandler$?GetTextElementAt@AlliesWhiteboard@@AAEPAVGraphicElement@@HHH@Z 10029710 f   whiteboard.obj
 0001:00028730       __unwindfunclet$?back@?$deque@UMMHS@AlliesWhiteboard@@V?$allocator@UMMHS@AlliesWhiteboard@@@std@@@std@@QAEAAUMMHS@AlliesWhiteboard@@XZ$0 10029730 f   whiteboard.obj
 0001:00028738       __unwindfunclet$?back@?$deque@UMMHS@AlliesWhiteboard@@V?$allocator@UMMHS@AlliesWhiteboard@@@std@@@std@@QAEAAUMMHS@AlliesWhiteboard@@XZ$1 10029738 f   whiteboard.obj
 0001:00028740       __ehhandler$?back@?$deque@UMMHS@AlliesWhiteboard@@V?$allocator@UMMHS@AlliesWhiteboard@@@std@@@std@@QAEAAUMMHS@AlliesWhiteboard@@XZ 10029740 f   whiteboard.obj
 0001:00028760       __unwindfunclet$??1?$vector@PAVGraphicElement@@V?$allocator@PAVGraphicElement@@@std@@@std@@QAE@XZ$0 10029760 f   whiteboard.obj
 0001:00028768       __ehhandler$??1?$vector@PAVGraphicElement@@V?$allocator@PAVGraphicElement@@@std@@@std@@QAE@XZ 10029768 f   whiteboard.obj
 0001:00028790       __unwindfunclet$??0?$_Deque_val@UMMHS@AlliesWhiteboard@@V?$allocator@UMMHS@AlliesWhiteboard@@@std@@@std@@QAE@V?$allocator@UMMHS@AlliesWhiteboard@@@1@@Z$0 10029790 f   whiteboard.obj
 0001:00028790       __unwindfunclet$??0?$_Deque_val@UTAShareMemStruct@CDDDTA@@V?$allocator@UTAShareMemStruct@CDDDTA@@@std@@@std@@QAE@V?$allocator@UTAShareMemStruct@CDDDTA@@@1@@Z$0 10029790 f   whiteboard.obj
 0001:00028790       __unwindfunclet$??0?$_Deque_val@PAVGraphicElement@@V?$allocator@PAVGraphicElement@@@std@@@std@@QAE@V?$allocator@PAVGraphicElement@@@1@@Z$0 10029790 f   whiteboard.obj
 0001:00028798       __ehhandler$??0?$_Deque_val@UTAShareMemStruct@CDDDTA@@V?$allocator@UTAShareMemStruct@CDDDTA@@@std@@@std@@QAE@V?$allocator@UTAShareMemStruct@CDDDTA@@@1@@Z 10029798 f   whiteboard.obj
 0001:00028798       __ehhandler$??0?$_Deque_val@PAVGraphicElement@@V?$allocator@PAVGraphicElement@@@std@@@std@@QAE@V?$allocator@PAVGraphicElement@@@1@@Z 10029798 f   whiteboard.obj
 0001:00028798       __ehhandler$??0?$_Deque_val@UMMHS@AlliesWhiteboard@@V?$allocator@UMMHS@AlliesWhiteboard@@@std@@@std@@QAE@V?$allocator@UMMHS@AlliesWhiteboard@@@1@@Z 10029798 f   whiteboard.obj
 0001:000287c0       __unwindfunclet$??1?$_Deque_val@UMMHS@AlliesWhiteboard@@V?$allocator@UMMHS@AlliesWhiteboard@@@std@@@std@@QAE@XZ$0 100297c0 f   whiteboard.obj
 0001:000287c0       __unwindfunclet$??1?$_Deque_val@PAVGraphicElement@@V?$allocator@PAVGraphicElement@@@std@@@std@@QAE@XZ$0 100297c0 f   whiteboard.obj
 0001:000287c0       __unwindfunclet$??1?$_Deque_val@UTAShareMemStruct@CDDDTA@@V?$allocator@UTAShareMemStruct@CDDDTA@@@std@@@std@@QAE@XZ$0 100297c0 f   whiteboard.obj
 0001:000287c8       __ehhandler$??1?$_Deque_val@PAVGraphicElement@@V?$allocator@PAVGraphicElement@@@std@@@std@@QAE@XZ 100297c8 f   whiteboard.obj
 0001:000287c8       __ehhandler$??1?$_Deque_val@UTAShareMemStruct@CDDDTA@@V?$allocator@UTAShareMemStruct@CDDDTA@@@std@@@std@@QAE@XZ 100297c8 f   whiteboard.obj
 0001:000287c8       __ehhandler$??1?$_Deque_val@UMMHS@AlliesWhiteboard@@V?$allocator@UMMHS@AlliesWhiteboard@@@std@@@std@@QAE@XZ 100297c8 f   whiteboard.obj
 0001:000287f0       __ehhandler$?reserve@?$vector@PAVGraphicElement@@V?$allocator@PAVGraphicElement@@@std@@@std@@QAEXI@Z 100297f0 f   whiteboard.obj
 0001:00028810       __unwindfunclet$??1InlineSingleHook@@UAE@XZ$0 10029810 f   InlineHook.obj
 0001:00028818       __ehhandler$??1InlineSingleHook@@UAE@XZ 10029818 f   InlineHook.obj
 0001:00028840       __unwindfunclet$??1CElementHandler@@UAE@XZ$0 10029840 f   ElementHandler.obj
 0001:00028859       __ehhandler$??1CElementHandler@@UAE@XZ 10029859 f   ElementHandler.obj
 0001:00028880       __unwindfunclet$?DeleteBetween@CElementHandler@@QAEXHHHH@Z$0 10029880 f   ElementHandler.obj
 0001:00028888       __unwindfunclet$?DeleteBetween@CElementHandler@@QAEXHHHH@Z$2 10029888 f   ElementHandler.obj
 0001:00028890       __ehhandler$?DeleteBetween@CElementHandler@@QAEXHHHH@Z 10029890 f   ElementHandler.obj
 0001:000288b0       __unwindfunclet$?GetArea@CElementHandler@@QAE?AV?$vector@PAVGraphicElement@@V?$allocator@PAVGraphicElement@@@std@@@std@@HHHH@Z$0 100298b0 f   ElementHandler.obj
 0001:000288b8       __unwindfunclet$?GetArea@CElementHandler@@QAE?AV?$vector@PAVGraphicElement@@V?$allocator@PAVGraphicElement@@@std@@@std@@HHHH@Z$3 100298b8 f   ElementHandler.obj
 0001:000288c0       __unwindfunclet$?GetArea@CElementHandler@@QAE?AV?$vector@PAVGraphicElement@@V?$allocator@PAVGraphicElement@@@std@@@std@@HHHH@Z$1 100298c0 f   ElementHandler.obj
 0001:000288d9       __unwindfunclet$?GetArea@CElementHandler@@QAE?AV?$vector@PAVGraphicElement@@V?$allocator@PAVGraphicElement@@@std@@@std@@HHHH@Z$4 100298d9 f   ElementHandler.obj
 0001:000288e1       __ehhandler$?GetArea@CElementHandler@@QAE?AV?$vector@PAVGraphicElement@@V?$allocator@PAVGraphicElement@@@std@@@std@@HHHH@Z 100298e1 f   ElementHandler.obj
 0001:00028900       __unwindfunclet$?MoveTextElement@CElementHandler@@QAEPAVGraphicElement@@PAV2@HH@Z$2 10029900 f   ElementHandler.obj
 0001:0002890b       __ehhandler$?MoveTextElement@CElementHandler@@QAEPAVGraphicElement@@PAV2@HH@Z 1002990b f   ElementHandler.obj
 0001:00028930       __unwindfunclet$??1?$list@PAVGraphicElement@@V?$allocator@PAVGraphicElement@@@std@@@std@@QAE@XZ$0 10029930 f   ElementHandler.obj
 0001:00028938       __ehhandler$??1?$list@PAVGraphicElement@@V?$allocator@PAVGraphicElement@@@std@@@std@@QAE@XZ 10029938 f   ElementHandler.obj
 0001:00028960       __ehhandler$?_Buynode@?$_List_val@PAVGraphicElement@@V?$allocator@PAVGraphicElement@@@std@@@std@@QAEPAU_Node@?$_List_nod@PAVGraphicElement@@V?$allocator@PAVGraphicElement@@@std@@@2@PAU342@0ABQAVGraphicElement@@@Z 10029960 f   ElementHandler.obj
 0001:0002897b       __ehhandler$?CallUnexpected@@YAXPBU_s_ESTypeList@@@Z 1002997b f   LIBCMT:frame.obj
 0001:00028996       ??__Fnomem@?5???2@YAPAXI@Z@YAXXZ 10029996 f   LIBCMT:new.obj
